217.119.24.234 - - [28/Jan/2019:14:01:20 +0700] "GET /tracking.gif?email=strojnov%40live.ru&mailing=373 HTTP/1.0" 200 197 "-" "Mozilla/5.0 (Linux; Android 7.0; HUAWEI CAN-L12 Build/HUAWEICAN-L12; wv) AppleWebKit/537.36 (KHTML, like Gecko) Version/4.0 Chrome/71.0.3578.99 Mobile Safari/537.36"
66.102.9.20 - - [28/Jan/2019:14:01:26 +0700] "GET /unsubscribe/?email=strojnov%40live.ru&mailing=373 HTTP/1.0" 200 982 "-" "Mozilla/5.0 (Linux; Android 7.0; HUAWEI CAN-L12) AppleWebKit/537.36 (KHTML, like Gecko) Chrome/71.0.3578.99 Mobile Safari/537.36"
66.102.9.17 - - [28/Jan/2019:14:01:30 +0700] "GET /img/popcorn.svg HTTP/1.0" 200 1187 "http://mailing.etobilet.ru/css/main.css" "Mozilla/5.0 (Linux; Android 7.0; HUAWEI CAN-L12) AppleWebKit/537.36 (KHTML, like Gecko) Chrome/71.0.3578.99 Mobile Safari/537.36"
66.102.9.20 - - [28/Jan/2019:14:01:34 +0700] "GET /unsubscribe/?email=strojnov%40live.ru&mailing=373&confirmed=1 HTTP/1.0" 200 753 "http://mailing.etobilet.ru/unsubscribe/?email=strojnov%40live.ru&mailing=373" "Mozilla/5.0 (Linux; Android 7.0; HUAWEI CAN-L12) AppleWebKit/537.36 (KHTML, like Gecko) Chrome/71.0.3578.99 Mobile Safari/537.36"
188.93.56.127 - - [28/Jan/2019:14:04:28 +0700] "GET /tracking.gif?email=alinchik.2016%40bk.ru&mailing=378 HTTP/1.0" 200 197 "-" "Mozilla/5.0 (X11; Linux x86_64) AppleWebKit/537.36 (KHTML, like Gecko)"
5.255.241.244 - - [28/Jan/2019:14:05:31 +0700] "GET /tracking.gif?email=O.v.gaidukova%40yandex.ru&mailing=384 HTTP/1.0" 200 197 "-" "Mozilla/5.0 (compatible; YandexImageResizer/2.0; +http://yandex.com/bots)"
188.93.56.129 - - [28/Jan/2019:14:05:34 +0700] "GET /tracking.gif?email=natasha3789%40mail.ru&mailing=375 HTTP/1.0" 200 197 "-" "Mozilla/5.0 (X11; Linux x86_64) AppleWebKit/537.36 (KHTML, like Gecko)"
66.102.9.17 - - [28/Jan/2019:14:05:39 +0700] "GET /unsubscribe/?email=O.v.gaidukova%40yandex.ru&mailing=384 HTTP/1.0" 200 990 "-" "Mozilla/5.0 (Linux; Android 8.0.0; G3412) AppleWebKit/537.36 (KHTML, like Gecko) Chrome/71.0.3578.99 Mobile Safari/537.36"
66.102.9.20 - - [28/Jan/2019:14:05:41 +0700] "GET /img/popcorn.svg HTTP/1.0" 200 1187 "http://mailing.etobilet.ru/css/main.css" "Mozilla/5.0 (Linux; Android 8.0.0; G3412) AppleWebKit/537.36 (KHTML, like Gecko) Chrome/71.0.3578.99 Mobile Safari/537.36"
66.102.9.17 - - [28/Jan/2019:14:05:47 +0700] "GET /unsubscribe/?email=O.v.gaidukova%40yandex.ru&mailing=384&confirmed=1 HTTP/1.0" 200 747 "http://mailing.etobilet.ru/unsubscribe/?email=O.v.gaidukova%40yandex.ru&mailing=384" "Mozilla/5.0 (Linux; Android 8.0.0; G3412) AppleWebKit/537.36 (KHTML, like Gecko) Chrome/71.0.3578.99 Mobile Safari/537.36"
188.93.56.127 - - [28/Jan/2019:14:06:05 +0700] "GET /tracking.gif?email=Ernstas%40mail.ru&mailing=373 HTTP/1.0" 200 197 "-" "Mozilla/5.0 (X11; Linux x86_64) AppleWebKit/537.36 (KHTML, like Gecko)"
93.158.130.176 - - [28/Jan/2019:14:06:39 +0700] "GET /tracking.gif?email=ekabannova%40yandex.ru&mailing=384 HTTP/1.0" 200 197 "-" "Mozilla/5.0 (compatible; YandexImageResizer/2.0; +http://yandex.com/bots)"
213.87.122.14 - - [28/Jan/2019:14:08:37 +0700] "GET /tracking.gif?email=Valeriyapn%40mail.ru&mailing=384 HTTP/1.0" 200 197 "-" "Mozilla/5.0 (iPhone; CPU iPhone OS 11_4_1 like Mac OS X) AppleWebKit/605.1.15 (KHTML, like Gecko) Mobile/15G77"
188.93.56.122 - - [28/Jan/2019:14:09:10 +0700] "GET /tracking.gif?email=tmt09%40mail.ru&mailing=384 HTTP/1.0" 200 197 "-" "Mozilla/5.0 (X11; Linux x86_64) AppleWebKit/537.36 (KHTML, like Gecko)"
188.93.56.127 - - [28/Jan/2019:14:09:33 +0700] "GET /tracking.gif?email=apg115%40mail.ru&mailing=375 HTTP/1.0" 200 197 "-" "Mozilla/5.0 (X11; Linux x86_64) AppleWebKit/537.36 (KHTML, like Gecko)"
188.93.56.121 - - [28/Jan/2019:14:09:37 +0700] "GET /tracking.gif?email=Ernstas%40mail.ru&mailing=373 HTTP/1.0" 200 197 "-" "Mozilla/5.0 (X11; Linux x86_64) AppleWebKit/537.36 (KHTML, like Gecko)"
5.255.241.229 - - [28/Jan/2019:14:11:24 +0700] "GET /tracking.gif?email=sampo-holder%40ya.ru&mailing=384 HTTP/1.0" 200 197 "-" "Mozilla/5.0 (compatible; YandexImageResizer/2.0; +http://yandex.com/bots)"
188.93.56.129 - - [28/Jan/2019:14:11:28 +0700] "GET /tracking.gif?email=kiv67.08%40mail.ru&mailing=384 HTTP/1.0" 200 197 "-" "Mozilla/5.0 (X11; Linux x86_64) AppleWebKit/537.36 (KHTML, like Gecko)"
37.9.65.76 - - [28/Jan/2019:14:11:38 +0700] "GET /tracking.gif?email=klief%40yandex.ru&mailing=384 HTTP/1.0" 200 197 "-" "Mozilla/5.0 (compatible; YandexImageResizer/2.0; +http://yandex.com/bots)"
46.236.142.30 - - [28/Jan/2019:14:11:52 +0700] "GET /unsubscribe/?email=sampo-holder%40ya.ru&mailing=384 HTTP/1.0" 200 980 "-" "Mozilla/5.0 (Windows NT 6.1; Win64; x64) AppleWebKit/537.36 (KHTML, like Gecko) Chrome/64.0.3282.140 Safari/537.36"
46.236.142.30 - - [28/Jan/2019:14:11:53 +0700] "GET /img/popcorn.svg HTTP/1.0" 200 1187 "http://mailing.etobilet.ru/css/main.css" "Mozilla/5.0 (Windows NT 6.1; Win64; x64) AppleWebKit/537.36 (KHTML, like Gecko) Chrome/64.0.3282.140 Safari/537.36"
46.236.142.30 - - [28/Jan/2019:14:11:54 +0700] "GET /unsubscribe/?email=sampo-holder%40ya.ru&mailing=384&confirmed=1 HTTP/1.0" 200 747 "http://mailing.etobilet.ru/unsubscribe/?email=sampo-holder%40ya.ru&mailing=384" "Mozilla/5.0 (Windows NT 6.1; Win64; x64) AppleWebKit/537.36 (KHTML, like Gecko) Chrome/64.0.3282.140 Safari/537.36"
188.93.56.128 - - [28/Jan/2019:14:12:38 +0700] "GET /tracking.gif?email=tanita1402%40mail.ru&mailing=330 HTTP/1.0" 200 197 "-" "Mozilla/5.0 (X11; Linux x86_64) AppleWebKit/537.36 (KHTML, like Gecko)"
90.188.142.253 - - [28/Jan/2019:14:12:56 +0700] "GET /tracking.gif?email=pisma.di%40list.ru&mailing=375 HTTP/1.0" 200 197 "-" "Microsoft Office/16.0 (Microsoft Outlook 16.0.11029; Pro)"
37.9.65.71 - - [28/Jan/2019:14:15:10 +0700] "GET /tracking.gif?email=sintatiana%40yandex.ru&mailing=384 HTTP/1.0" 200 197 "-" "Mozilla/5.0 (compatible; YandexImageResizer/2.0; +http://yandex.com/bots)"
5.255.241.232 - - [28/Jan/2019:14:17:55 +0700] "GET /tracking.gif?email=novikovamv8%40yandex.ru&mailing=339 HTTP/1.0" 200 197 "-" "Mozilla/5.0 (compatible; YandexImageResizer/2.0; +http://yandex.com/bots)"
188.93.56.126 - - [28/Jan/2019:14:18:04 +0700] "GET /tracking.gif?email=alexandrshevyrin%40mail.ru&mailing=384 HTTP/1.0" 200 197 "-" "Mozilla/5.0 (X11; Linux x86_64) AppleWebKit/537.36 (KHTML, like Gecko)"
46.233.222.100 - - [28/Jan/2019:14:18:35 +0700] "GET /tracking.gif?email=azyulikov%40icloud.com&mailing=375 HTTP/1.0" 200 197 "-" "Mozilla/5.0 (Macintosh; Intel Mac OS X 10_14_2) AppleWebKit/605.1.15 (KHTML, like Gecko)"
5.255.241.231 - - [28/Jan/2019:14:18:52 +0700] "GET /tracking.gif?email=cyber.paw%40ya.ru&mailing=394 HTTP/1.0" 200 197 "-" "Mozilla/5.0 (compatible; YandexImageResizer/2.0; +http://yandex.com/bots)"
5.255.241.243 - - [28/Jan/2019:14:19:59 +0700] "GET /tracking.gif?email=zheka-5%40yandex.ru&mailing=370 HTTP/1.0" 200 197 "-" "Mozilla/5.0 (compatible; YandexImageResizer/2.0; +http://yandex.com/bots)"
188.93.56.128 - - [28/Jan/2019:14:19:59 +0700] "GET /tracking.gif?email=natasha-lexx%40mail.ru&mailing=378 HTTP/1.0" 200 197 "-" "Mozilla/5.0 (X11; Linux x86_64) AppleWebKit/537.36 (KHTML, like Gecko)"
62.68.141.57 - - [28/Jan/2019:14:20:02 +0700] "GET /tracking.gif?email=out%40caaat.pro&mailing=394 HTTP/1.0" 200 197 "-" "Mozilla/5.0 (compatible; MSIE 10.0; Windows NT 10.0; WOW64; Trident/8.0; Microsoft Outlook 16.0.11126; ms-office; MSOffice 16)"
188.93.56.128 - - [28/Jan/2019:14:21:10 +0700] "GET /tracking.gif?email=marenich_sveta%40mail.ru&mailing=384 HTTP/1.0" 200 197 "-" "Mozilla/5.0 (X11; Linux x86_64) AppleWebKit/537.36 (KHTML, like Gecko)"
188.93.56.122 - - [28/Jan/2019:14:21:11 +0700] "GET /tracking.gif?email=sidorov_ev%40list.ru&mailing=384 HTTP/1.0" 200 197 "-" "Mozilla/5.0 (X11; Linux x86_64) AppleWebKit/537.36 (KHTML, like Gecko)"
188.93.56.128 - - [28/Jan/2019:14:23:38 +0700] "GET /tracking.gif?email=Ernstas%40mail.ru&mailing=373 HTTP/1.0" 200 197 "-" "Mozilla/5.0 (X11; Linux x86_64) AppleWebKit/537.36 (KHTML, like Gecko)"
188.93.56.126 - - [28/Jan/2019:14:24:41 +0700] "GET /tracking.gif?email=pacherskih%40bk.ru&mailing=370 HTTP/1.0" 200 197 "-" "Mozilla/5.0 (X11; Linux x86_64) AppleWebKit/537.36 (KHTML, like Gecko)"
93.158.130.167 - - [28/Jan/2019:14:26:34 +0700] "GET /tracking.gif?email=s.e.krivosheina%40tomsk.etagi.com&mailing=384 HTTP/1.0" 200 197 "-" "Mozilla/5.0 (compatible; YandexImageResizer/2.0; +http://yandex.com/bots)"
5.255.241.225 - - [28/Jan/2019:14:27:18 +0700] "GET /tracking.gif?email=svtlguljaeva%40yandex.ru&mailing=384 HTTP/1.0" 200 197 "-" "Mozilla/5.0 (compatible; YandexImageResizer/2.0; +http://yandex.com/bots)"
188.93.56.122 - - [28/Jan/2019:14:29:12 +0700] "GET /tracking.gif?email=bannikova14.76%40mail.ru&mailing=384 HTTP/1.0" 200 197 "-" "Mozilla/5.0 (X11; Linux x86_64) AppleWebKit/537.36 (KHTML, like Gecko)"
188.93.56.127 - - [28/Jan/2019:14:32:40 +0700] "GET /tracking.gif?email=Shchan75%40mail.ru&mailing=380 HTTP/1.0" 200 197 "-" "Mozilla/5.0 (X11; Linux x86_64) AppleWebKit/537.36 (KHTML, like Gecko)"
188.93.56.121 - - [28/Jan/2019:14:33:24 +0700] "GET /tracking.gif?email=Ahmetzyanova_iv%40bk.ru&mailing=377 HTTP/1.0" 200 197 "-" "Mozilla/5.0 (X11; Linux x86_64) AppleWebKit/537.36 (KHTML, like Gecko)"
188.93.56.121 - - [28/Jan/2019:14:33:58 +0700] "GET /tracking.gif?email=Ahmetzyanova_iv%40bk.ru&mailing=339 HTTP/1.0" 200 197 "-" "Mozilla/5.0 (X11; Linux x86_64) AppleWebKit/537.36 (KHTML, like Gecko)"
188.93.56.121 - - [28/Jan/2019:14:35:37 +0700] "GET /tracking.gif?email=Ahmetzyanova_iv%40bk.ru&mailing=279 HTTP/1.0" 200 197 "-" "Mozilla/5.0 (X11; Linux x86_64) AppleWebKit/537.36 (KHTML, like Gecko)"
188.93.56.121 - - [28/Jan/2019:14:36:07 +0700] "GET /tracking.gif?email=Ahmetzyanova_iv%40bk.ru&mailing=252 HTTP/1.0" 200 197 "-" "Mozilla/5.0 (X11; Linux x86_64) AppleWebKit/537.36 (KHTML, like Gecko)"
188.93.56.130 - - [28/Jan/2019:14:36:52 +0700] "GET /tracking.gif?email=fal_con%40inbox.ru&mailing=375 HTTP/1.0" 200 197 "-" "Mozilla/5.0 (X11; Linux x86_64) AppleWebKit/537.36 (KHTML, like Gecko)"
62.68.141.42 - - [28/Jan/2019:14:37:37 +0700] "GET /tracking.gif?email=vka%40nikolas.ru&mailing=394 HTTP/1.0" 200 197 "-" "Mozilla/4.0 (compatible; MSIE 7.0; Windows NT 10.0; Win64; x64; Trident/7.0; .NET4.0C; .NET4.0E; Microsoft Outlook 16.0.4573; ms-office; MSOffice 16)"
5.255.241.235 - - [28/Jan/2019:14:37:49 +0700] "GET /tracking.gif?email=olga.postavka2016%40yandex.ru&mailing=345 HTTP/1.0" 200 197 "-" "Mozilla/5.0 (compatible; YandexImageResizer/2.0; +http://yandex.com/bots)"
188.93.56.130 - - [28/Jan/2019:14:38:50 +0700] "GET /tracking.gif?email=Polshakov-denis%40mail.ru&mailing=377 HTTP/1.0" 200 197 "-" "Mozilla/5.0 (X11; Linux x86_64) AppleWebKit/537.36 (KHTML, like Gecko)"
188.93.56.128 - - [28/Jan/2019:14:39:27 +0700] "GET /tracking.gif?email=matskevih%40mail.ru&mailing=375 HTTP/1.0" 200 197 "-" "Mozilla/5.0 (X11; Linux x86_64) AppleWebKit/537.36 (KHTML, like Gecko)"
62.68.141.42 - - [28/Jan/2019:14:40:04 +0700] "GET /tracking.gif?email=vka%40nikolas.ru&mailing=394 HTTP/1.0" 200 197 "-" "Mozilla/4.0 (compatible; MSIE 7.0; Windows NT 10.0; Win64; x64; Trident/7.0; .NET4.0C; .NET4.0E; Microsoft Outlook 16.0.4573; ms-office; MSOffice 16)"
5.255.241.241 - - [28/Jan/2019:14:41:07 +0700] "GET /tracking.gif?email=ksu.vlasenko%40yandex.ru&mailing=394 HTTP/1.0" 200 197 "-" "Mozilla/5.0 (compatible; YandexImageResizer/2.0; +http://yandex.com/bots)"
188.93.56.123 - - [28/Jan/2019:14:43:01 +0700] "GET /tracking.gif?email=ylanovska_23%40mail.ru&mailing=378 HTTP/1.0" 200 197 "-" "Mozilla/5.0 (X11; Linux x86_64) AppleWebKit/537.36 (KHTML, like Gecko)"
176.59.130.191 - - [28/Jan/2019:14:44:14 +0700] "GET /tracking.gif?email=Svetlana.ustina%40mail.ru&mailing=384 HTTP/1.0" 200 197 "-" "Mozilla/5.0 (iPhone; CPU iPhone OS 12_1_2 like Mac OS X) AppleWebKit/605.1.15 (KHTML, like Gecko) Mobile/16C101"
5.255.241.226 - - [28/Jan/2019:14:44:38 +0700] "GET /tracking.gif?email=ksu.vlasenko%40yandex.ru&mailing=395 HTTP/1.0" 200 197 "-" "Mozilla/5.0 (compatible; YandexImageResizer/2.0; +http://yandex.com/bots)"
213.87.224.175 - - [28/Jan/2019:14:48:08 +0700] "GET /tracking.gif?email=oa_liga%40outlook.com&mailing=343 HTTP/1.0" 200 197 "-" "Microsoft Office/16.0 (Microsoft Outlook 16.0.11029; Pro)"
46.242.67.131 - - [28/Jan/2019:14:48:46 +0700] "GET /tracking.gif?email=the-eagle%40yandex.ru&mailing=384 HTTP/1.0" 200 197 "-" "Mozilla/5.0 (iPhone; CPU iPhone OS 12_1 like Mac OS X) AppleWebKit/605.1.15 (KHTML, like Gecko) Mobile/16B92"
31.173.242.182 - - [28/Jan/2019:14:49:33 +0700] "GET /tracking.gif?email=evgenseu%40mail.ru&mailing=343 HTTP/1.0" 200 197 "-" "Mozilla/5.0 (Linux; Android 6.0.1; SM-A500F Build/MMB29M; wv) AppleWebKit/537.36 (KHTML, like Gecko) Version/4.0 Chrome/71.0.3578.99 Mobile Safari/537.36"
213.87.225.155 - - [28/Jan/2019:14:52:15 +0700] "GET /tracking.gif?email=valeragol%40rambler.ru&mailing=384 HTTP/1.0" 200 197 "-" "Mozilla/5.0 (Linux; Android 6.0.1; SM-G900F Build/MMB29M; wv) AppleWebKit/537.36 (KHTML, like Gecko) Version/4.0 Chrome/55.0.2883.91 Mobile Safari/537.36"
188.93.56.126 - - [28/Jan/2019:14:52:52 +0700] "GET /tracking.gif?email=mikhailov_44%40mail.ru&mailing=370 HTTP/1.0" 200 197 "-" "Mozilla/5.0 (X11; Linux x86_64) AppleWebKit/537.36 (KHTML, like Gecko)"
5.255.241.247 - - [28/Jan/2019:14:53:44 +0700] "GET /tracking.gif?email=tvmetlenkina%40yandex.ru&mailing=384 HTTP/1.0" 200 197 "-" "Mozilla/5.0 (compatible; YandexImageResizer/2.0; +http://yandex.com/bots)"
188.93.56.124 - - [28/Jan/2019:14:55:20 +0700] "GET /tracking.gif?email=Ruslan.zhuravlev.1996%40mail.ru&mailing=378 HTTP/1.0" 200 197 "-" "Mozilla/5.0 (X11; Linux x86_64) AppleWebKit/537.36 (KHTML, like Gecko)"
176.59.193.143 - - [28/Jan/2019:14:59:50 +0700] "GET /tracking.gif?email=zaksenova95%40icloud.com&mailing=378 HTTP/1.0" 200 197 "-" "Mozilla/5.0 (iPhone; CPU iPhone OS 10_3_3 like Mac OS X) AppleWebKit/603.3.8 (KHTML, like Gecko) Mobile/14G60"
188.93.56.128 - - [28/Jan/2019:15:03:17 +0700] "GET /tracking.gif?email=kvm7728%40mail.ru&mailing=384 HTTP/1.0" 200 197 "-" "Mozilla/5.0 (X11; Linux x86_64) AppleWebKit/537.36 (KHTML, like Gecko)"
31.211.67.214 - - [28/Jan/2019:15:04:00 +0700] "GET /unsubscribe/?email=aes%40nlstar.com&mailing=384 HTTP/1.0" 200 747 "-" "Mozilla/5.0 (iPhone; CPU iPhone OS 12_1_2 like Mac OS X) AppleWebKit/605.1.15 (KHTML, like Gecko) Version/12.0 Mobile/15E148 Safari/604.1"
188.93.56.122 - - [28/Jan/2019:15:04:32 +0700] "GET /tracking.gif?email=p_a_a86%40mail.ru&mailing=384 HTTP/1.0" 200 197 "-" "Mozilla/5.0 (X11; Linux x86_64) AppleWebKit/537.36 (KHTML, like Gecko)"
188.93.56.128 - - [28/Jan/2019:15:05:37 +0700] "GET /tracking.gif?email=burykina.d%40mail.ru&mailing=345 HTTP/1.0" 200 197 "-" "Mozilla/5.0 (X11; Linux x86_64) AppleWebKit/537.36 (KHTML, like Gecko)"
93.158.130.177 - - [28/Jan/2019:15:06:57 +0700] "GET /tracking.gif?email=em011%40yandex.ru&mailing=384 HTTP/1.0" 200 197 "-" "Mozilla/5.0 (compatible; YandexImageResizer/2.0; +http://yandex.com/bots)"
31.173.241.95 - - [28/Jan/2019:15:07:01 +0700] "GET /tracking.gif?email=coolalex%40ngs.ru&mailing=384 HTTP/1.0" 200 197 "http://mobile-mail.google.com/-31802288/-2748641552874720097" "Mozilla/5.0 (Linux; Android 8.1.0; Redmi Note 5 Build/OPM1.171019.011; wv) AppleWebKit/537.36 (KHTML, like Gecko) Version/4.0 Chrome/71.0.3578.99 Mobile Safari/537.36"
188.93.56.130 - - [28/Jan/2019:15:07:54 +0700] "GET /tracking.gif?email=olesya.osychenko%40mail.ru&mailing=375 HTTP/1.0" 200 197 "-" "Mozilla/5.0 (X11; Linux x86_64) AppleWebKit/537.36 (KHTML, like Gecko)"
188.93.56.129 - - [28/Jan/2019:15:10:28 +0700] "GET /tracking.gif?email=kazmin.a.a%40mail.ru&mailing=370 HTTP/1.0" 200 197 "-" "Mozilla/5.0 (X11; Linux x86_64) AppleWebKit/537.36 (KHTML, like Gecko)"
213.87.224.231 - - [28/Jan/2019:15:12:23 +0700] "GET /tracking.gif?email=san0870rus%40mail.ru&mailing=384 HTTP/1.0" 200 197 "-" "Mozilla/5.0 (iPhone; CPU iPhone OS 12_1_2 like Mac OS X) AppleWebKit/605.1.15 (KHTML, like Gecko) Mobile/16C101"
188.93.56.125 - - [28/Jan/2019:15:12:47 +0700] "GET /tracking.gif?email=malisch.16%40mail.ru&mailing=375 HTTP/1.0" 200 197 "-" "Mozilla/5.0 (X11; Linux x86_64) AppleWebKit/537.36 (KHTML, like Gecko)"
188.93.56.128 - - [28/Jan/2019:15:14:16 +0700] "GET /tracking.gif?email=alena-kazimirska%40mail.ru&mailing=330 HTTP/1.0" 200 197 "-" "Mozilla/5.0 (X11; Linux x86_64) AppleWebKit/537.36 (KHTML, like Gecko)"
188.93.56.123 - - [28/Jan/2019:15:21:40 +0700] "GET /tracking.gif?email=dragon_89%40mail.ru&mailing=370 HTTP/1.0" 200 197 "-" "Mozilla/5.0 (X11; Linux x86_64) AppleWebKit/537.36 (KHTML, like Gecko)"
188.93.56.129 - - [28/Jan/2019:15:22:09 +0700] "GET /tracking.gif?email=dragon_89%40mail.ru&mailing=370 HTTP/1.0" 200 197 "-" "Mozilla/5.0 (X11; Linux x86_64) AppleWebKit/537.36 (KHTML, like Gecko)"
188.93.56.123 - - [28/Jan/2019:15:23:13 +0700] "GET /tracking.gif?email=ksushaa1991%40mail.ru&mailing=384 HTTP/1.0" 200 197 "-" "Mozilla/5.0 (X11; Linux x86_64) AppleWebKit/537.36 (KHTML, like Gecko)"
188.93.56.127 - - [28/Jan/2019:15:24:07 +0700] "GET /tracking.gif?email=astaxov-97-97%40mail.ru&mailing=384 HTTP/1.0" 200 197 "-" "Mozilla/5.0 (X11; Linux x86_64) AppleWebKit/537.36 (KHTML, like Gecko)"
188.93.56.130 - - [28/Jan/2019:15:25:22 +0700] "GET /tracking.gif?email=mdwork%40mail.ru&mailing=384 HTTP/1.0" 200 197 "-" "Mozilla/5.0 (X11; Linux x86_64) AppleWebKit/537.36 (KHTML, like Gecko)"
188.93.56.125 - - [28/Jan/2019:15:25:49 +0700] "GET /tracking.gif?email=marinochka13_09%40mail.ru&mailing=375 HTTP/1.0" 200 197 "-" "Mozilla/5.0 (X11; Linux x86_64) AppleWebKit/537.36 (KHTML, like Gecko)"
188.93.56.128 - - [28/Jan/2019:15:28:06 +0700] "GET /tracking.gif?email=Anzelika1589%40mail.ru&mailing=375 HTTP/1.0" 200 197 "-" "Mozilla/5.0 (X11; Linux x86_64) AppleWebKit/537.36 (KHTML, like Gecko)"
188.93.56.124 - - [28/Jan/2019:15:30:44 +0700] "GET /tracking.gif?email=sahnov-d%40mail.ru&mailing=375 HTTP/1.0" 200 197 "-" "Mozilla/5.0 (X11; Linux x86_64) AppleWebKit/537.36 (KHTML, like Gecko)"
37.9.65.78 - - [28/Jan/2019:15:31:52 +0700] "GET /tracking.gif?email=verkhozina.marja%40yandex.ru&mailing=370 HTTP/1.0" 200 197 "-" "Mozilla/5.0 (compatible; YandexImageResizer/2.0; +http://yandex.com/bots)"
188.93.56.127 - - [28/Jan/2019:15:32:29 +0700] "GET /tracking.gif?email=nskhvey%40mail.ru&mailing=383 HTTP/1.0" 200 197 "-" "Mozilla/5.0 (X11; Linux x86_64) AppleWebKit/537.36 (KHTML, like Gecko)"
188.93.56.125 - - [28/Jan/2019:15:33:38 +0700] "GET /tracking.gif?email=smirnovgranit%40mail.ru&mailing=384 HTTP/1.0" 200 197 "-" "Mozilla/5.0 (X11; Linux x86_64) AppleWebKit/537.36 (KHTML, like Gecko)"
5.59.222.19 - - [28/Jan/2019:15:33:47 +0700] "GET /tracking.gif?email=Awlas%40mail.ru&mailing=377 HTTP/1.0" 200 197 "-" "Mozilla/5.0 (Linux; Android 8.0.0; DUK-L09 Build/HUAWEIDUK-L09; wv) AppleWebKit/537.36 (KHTML, like Gecko) Version/4.0 Chrome/71.0.3578.99 Mobile Safari/537.36"
92.126.204.19 - - [28/Jan/2019:15:34:11 +0700] "GET /tracking.gif?email=ivan.k%40agro-master.ru&mailing=375 HTTP/1.0" 200 197 "-" "Mozilla/5.0 (Windows NT 6.1; WOW64; rv:60.0) Gecko/20100101 Thunderbird/60.4.0"
93.158.130.181 - - [28/Jan/2019:15:34:54 +0700] "GET /tracking.gif?email=jilanova%40yandex.ru&mailing=384 HTTP/1.0" 200 197 "-" "Mozilla/5.0 (compatible; YandexImageResizer/2.0; +http://yandex.com/bots)"
176.59.128.126 - - [28/Jan/2019:15:34:58 +0700] "GET /tracking.gif?email=654-695%40mail.ru&mailing=380 HTTP/1.0" 200 197 "-" "Mozilla/5.0 (iPhone; CPU iPhone OS 12_1_2 like Mac OS X) AppleWebKit/605.1.15 (KHTML, like Gecko) Mobile/16C101"
81.19.78.160 - - [28/Jan/2019:15:39:23 +0700] "GET /tracking.gif?email=tataval09%40rambler.ru&mailing=377 HTTP/1.0" 200 197 "https://mail.rambler.ru/?utm_source=head&utm_campaign=self_promo&utm_medium=widget&utm_content=mail&utm_term=inbox" "RamblerMail/6.0 (incompatible; ImageProxy/6.0)"
188.93.56.121 - - [28/Jan/2019:15:41:10 +0700] "GET /tracking.gif?email=kyznecova_tatjana%40mail.ru&mailing=343 HTTP/1.0" 200 197 "-" "Mozilla/5.0 (X11; Linux x86_64) AppleWebKit/537.36 (KHTML, like Gecko)"
188.93.56.121 - - [28/Jan/2019:15:41:16 +0700] "GET /tracking.gif?email=lyubashkakir%40mail.ru&mailing=375 HTTP/1.0" 200 197 "-" "Mozilla/5.0 (X11; Linux x86_64) AppleWebKit/537.36 (KHTML, like Gecko)"
62.68.141.42 - - [28/Jan/2019:15:43:17 +0700] "GET /tracking.gif?email=vka%40nikolas.ru&mailing=394 HTTP/1.0" 200 197 "-" "Mozilla/4.0 (compatible; MSIE 7.0; Windows NT 10.0; Win64; x64; Trident/7.0; .NET4.0C; .NET4.0E; Microsoft Outlook 16.0.4573; ms-office; MSOffice 16)"
93.158.130.161 - - [28/Jan/2019:15:44:37 +0700] "GET /tracking.gif?email=Tomsk%40abatnsk.ru&mailing=384 HTTP/1.0" 200 197 "-" "Mozilla/5.0 (compatible; YandexImageResizer/2.0; +http://yandex.com/bots)"
66.102.9.14 - - [28/Jan/2019:15:52:24 +0700] "GET /tracking.gif?email=stazar%40gmail.com&mailing=384 HTTP/1.0" 200 197 "-" "Mozilla/5.0 (Windows NT 5.1; rv:11.0) Gecko Firefox/11.0 (via ggpht.com GoogleImageProxy)"
188.93.56.125 - - [28/Jan/2019:15:52:30 +0700] "GET /tracking.gif?email=ekaterina.guseva.96%40list.ru&mailing=384 HTTP/1.0" 200 197 "-" "Mozilla/5.0 (X11; Linux x86_64) AppleWebKit/537.36 (KHTML, like Gecko)"
188.93.56.125 - - [28/Jan/2019:15:52:59 +0700] "GET /tracking.gif?email=galina.shakhoval.70%40mail.ru&mailing=375 HTTP/1.0" 200 197 "-" "Mozilla/5.0 (X11; Linux x86_64) AppleWebKit/537.36 (KHTML, like Gecko)"
66.102.9.14 - - [28/Jan/2019:15:53:04 +0700] "GET /tracking.gif?email=stazar%40gmail.com&mailing=343 HTTP/1.0" 200 197 "-" "Mozilla/5.0 (Windows NT 5.1; rv:11.0) Gecko Firefox/11.0 (via ggpht.com GoogleImageProxy)"
188.93.56.129 - - [28/Jan/2019:15:54:10 +0700] "GET /tracking.gif?email=rcg2rosla%40mail.ru&mailing=384 HTTP/1.0" 200 197 "-" "Mozilla/5.0 (X11; Linux x86_64) AppleWebKit/537.36 (KHTML, like Gecko)"
5.255.241.246 - - [28/Jan/2019:15:56:36 +0700] "GET /tracking.gif?email=smirnova.valka-66%40ya.ru&mailing=384 HTTP/1.0" 200 197 "-" "Mozilla/5.0 (compatible; YandexImageResizer/2.0; +http://yandex.com/bots)"
66.102.9.14 - - [28/Jan/2019:15:58:46 +0700] "GET /tracking.gif?email=fujibujijiu%40gmail.com&mailing=377 HTTP/1.0" 200 197 "-" "Mozilla/5.0 (Windows NT 5.1; rv:11.0) Gecko Firefox/11.0 (via ggpht.com GoogleImageProxy)"
188.93.56.123 - - [28/Jan/2019:15:58:58 +0700] "GET /tracking.gif?email=s-alymova%40mail.ru&mailing=375 HTTP/1.0" 200 197 "-" "Mozilla/5.0 (X11; Linux x86_64) AppleWebKit/537.36 (KHTML, like Gecko)"
54.175.85.43 - - [28/Jan/2019:16:01:36 +0700] "GET /browse/?email=Samodelkin921%40gmeil.com&mailing=384 HTTP/1.0" 200 57754 "-" "Mozilla/5.0 (Windows NT 6.1; WOW64) AppleWebKit/537.36 (KHTML, like Gecko) Chrome/57.0.2987.98 Safari/537.36"
54.175.85.43 - - [28/Jan/2019:16:01:37 +0700] "GET /tracking.gif?email=Samodelkin921%40gmeil.com&mailing=384 HTTP/1.0" 200 197 "http://mailing.etobilet.ru/browse/?email=Samodelkin921%40gmeil.com&mailing=384" "Mozilla/5.0 (Windows NT 6.1; WOW64) AppleWebKit/537.36 (KHTML, like Gecko) Chrome/57.0.2987.98 Safari/537.36"
188.93.56.124 - - [28/Jan/2019:16:02:09 +0700] "GET /tracking.gif?email=Mr.dzhadov%40mail.ru&mailing=375 HTTP/1.0" 200 197 "-" "Mozilla/5.0 (X11; Linux x86_64) AppleWebKit/537.36 (KHTML, like Gecko)"
188.93.56.121 - - [28/Jan/2019:16:02:37 +0700] "GET /tracking.gif?email=fish-202%40mail.ru&mailing=373 HTTP/1.0" 200 197 "-" "Mozilla/5.0 (X11; Linux x86_64) AppleWebKit/537.36 (KHTML, like Gecko)"
37.9.65.82 - - [28/Jan/2019:16:02:41 +0700] "GET /tracking.gif?email=cyber.paw%40ya.ru&mailing=396 HTTP/1.0" 200 197 "-" "Mozilla/5.0 (compatible; YandexImageResizer/2.0; +http://yandex.com/bots)"
188.93.56.129 - - [28/Jan/2019:16:03:01 +0700] "GET /tracking.gif?email=fish-202%40mail.ru&mailing=378 HTTP/1.0" 200 197 "-" "Mozilla/5.0 (X11; Linux x86_64) AppleWebKit/537.36 (KHTML, like Gecko)"
188.93.56.125 - - [28/Jan/2019:16:03:09 +0700] "GET /tracking.gif?email=sander021%40mail.ru&mailing=370 HTTP/1.0" 200 197 "-" "Mozilla/5.0 (X11; Linux x86_64) AppleWebKit/537.36 (KHTML, like Gecko)"
62.68.141.57 - - [28/Jan/2019:16:03:14 +0700] "GET /tracking.gif?email=out%40caaat.pro&mailing=396 HTTP/1.0" 200 197 "-" "Mozilla/5.0 (compatible; MSIE 10.0; Windows NT 10.0; WOW64; Trident/8.0; Microsoft Outlook 16.0.11126; ms-office; MSOffice 16)"
62.68.141.57 - - [28/Jan/2019:16:04:25 +0700] "GET /tracking.gif?email=out%40caaat.pro&mailing=377 HTTP/1.0" 200 197 "-" "Mozilla/5.0 (compatible; MSIE 10.0; Windows NT 10.0; WOW64; Trident/8.0; Microsoft Outlook 16.0.11126; ms-office; MSOffice 16)"
62.68.141.57 - - [28/Jan/2019:16:04:26 +0700] "GET /tracking.gif?email=out%40caaat.pro&mailing=377 HTTP/1.0" 200 197 "-" "Mozilla/5.0 (compatible; MSIE 10.0; Windows NT 10.0; WOW64; Trident/8.0; Microsoft Outlook 16.0.11126; ms-office; MSOffice 16)"
62.68.141.57 - - [28/Jan/2019:16:04:29 +0700] "GET /tracking.gif?email=out%40caaat.pro&mailing=396 HTTP/1.0" 200 197 "-" "Mozilla/5.0 (compatible; MSIE 10.0; Windows NT 10.0; WOW64; Trident/8.0; Microsoft Outlook 16.0.11126; ms-office; MSOffice 16)"
62.68.141.57 - - [28/Jan/2019:16:04:33 +0700] "GET /tracking.gif?email=out%40caaat.pro&mailing=396 HTTP/1.0" 200 197 "-" "Mozilla/5.0 (compatible; MSIE 10.0; Windows NT 10.0; WOW64; Trident/8.0; Microsoft Outlook 16.0.11126; ms-office; MSOffice 16)"
188.93.56.125 - - [28/Jan/2019:16:05:50 +0700] "GET /tracking.gif?email=vpodkorytov55%40mail.ru&mailing=375 HTTP/1.0" 200 197 "-" "Mozilla/5.0 (X11; Linux x86_64) AppleWebKit/537.36 (KHTML, like Gecko)"
62.68.141.57 - - [28/Jan/2019:16:06:03 +0700] "GET /tracking.gif?email=out%40caaat.pro&mailing=396 HTTP/1.0" 200 197 "-" "Mozilla/5.0 (compatible; MSIE 10.0; Windows NT 10.0; WOW64; Trident/8.0; Microsoft Outlook 16.0.11126; ms-office; MSOffice 16)"
66.102.9.17 - - [28/Jan/2019:16:07:35 +0700] "GET /tracking.gif?email=givan101%40gmail.com&mailing=375 HTTP/1.0" 200 197 "-" "Mozilla/5.0 (Windows NT 5.1; rv:11.0) Gecko Firefox/11.0 (via ggpht.com GoogleImageProxy)"
31.173.242.51 - - [28/Jan/2019:16:08:28 +0700] "GET /tracking.gif?email=qurert%40yandex.ru&mailing=375 HTTP/1.0" 200 197 "-" "Outlook-iOS/700.1459625.prod.iphone (3.6.2)"
188.93.56.125 - - [28/Jan/2019:16:08:59 +0700] "GET /tracking.gif?email=ms.fialka.1966%40mail.ru&mailing=384 HTTP/1.0" 200 197 "-" "Mozilla/5.0 (X11; Linux x86_64) AppleWebKit/537.36 (KHTML, like Gecko)"
188.93.56.121 - - [28/Jan/2019:16:10:32 +0700] "GET /tracking.gif?email=yulesik_80%40mail.ru&mailing=384 HTTP/1.0" 200 197 "-" "Mozilla/5.0 (X11; Linux x86_64) AppleWebKit/537.36 (KHTML, like Gecko)"
78.140.11.211 - - [28/Jan/2019:16:11:01 +0700] "GET /tracking.gif?email=501610%40mail.ru&mailing=384 HTTP/1.0" 200 197 "-" "Mozilla/4.0 (compatible; MSIE 6.0; Windows NT 5.1; SV1; Mozilla/4.0 (compatible; MSIE 6.0; Windows NT 5.1; SV1) ; .NET4.0C; .NET4.0E)"
78.140.11.211 - - [28/Jan/2019:16:11:02 +0700] "GET /tracking.gif?email=501610%40mail.ru&mailing=384 HTTP/1.0" 200 197 "-" "Mozilla/4.0 (compatible; MSIE 6.0; Windows NT 5.1; SV1; Mozilla/4.0 (compatible; MSIE 6.0; Windows NT 5.1; SV1) ; .NET4.0C; .NET4.0E)"
188.93.56.121 - - [28/Jan/2019:16:12:16 +0700] "GET /tracking.gif?email=yulesik_80%40mail.ru&mailing=384 HTTP/1.0" 200 197 "-" "Mozilla/5.0 (X11; Linux x86_64) AppleWebKit/537.36 (KHTML, like Gecko)"
188.93.56.129 - - [28/Jan/2019:16:14:49 +0700] "GET /tracking.gif?email=sveta38388397%40mail.ru&mailing=343 HTTP/1.0" 200 197 "-" "Mozilla/5.0 (X11; Linux x86_64) AppleWebKit/537.36 (KHTML, like Gecko)"
188.93.56.130 - - [28/Jan/2019:16:15:19 +0700] "GET /tracking.gif?email=sistem2020%40mail.ru&mailing=377 HTTP/1.0" 200 197 "-" "Mozilla/5.0 (X11; Linux x86_64) AppleWebKit/537.36 (KHTML, like Gecko)"
188.93.56.121 - - [28/Jan/2019:16:15:44 +0700] "GET /tracking.gif?email=idelnova%40mail.ru&mailing=280 HTTP/1.0" 200 197 "-" "Mozilla/5.0 (X11; Linux x86_64) AppleWebKit/537.36 (KHTML, like Gecko)"
188.93.56.128 - - [28/Jan/2019:16:19:02 +0700] "GET /tracking.gif?email=mdo1996%40mail.ru&mailing=384 HTTP/1.0" 200 197 "-" "Mozilla/5.0 (X11; Linux x86_64) AppleWebKit/537.36 (KHTML, like Gecko)"
188.93.56.127 - - [28/Jan/2019:16:20:14 +0700] "GET /tracking.gif?email=elen_81%40mail.ru&mailing=384 HTTP/1.0" 200 197 "-" "Mozilla/5.0 (X11; Linux x86_64) AppleWebKit/537.36 (KHTML, like Gecko)"
62.68.141.42 - - [28/Jan/2019:16:28:22 +0700] "GET /tracking.gif?email=vka%40nikolas.ru&mailing=394 HTTP/1.0" 200 197 "-" "Mozilla/4.0 (compatible; MSIE 7.0; Windows NT 10.0; Win64; x64; Trident/7.0; .NET4.0C; .NET4.0E; Microsoft Outlook 16.0.4573; ms-office; MSOffice 16)"
188.93.56.124 - - [28/Jan/2019:16:28:53 +0700] "GET /tracking.gif?email=rustambek.marlinov.98%40bk.ru&mailing=384 HTTP/1.0" 200 197 "-" "Mozilla/5.0 (X11; Linux x86_64) AppleWebKit/537.36 (KHTML, like Gecko)"
188.93.56.125 - - [28/Jan/2019:16:29:42 +0700] "GET /tracking.gif?email=masha12_04%40mail.ru&mailing=383 HTTP/1.0" 200 197 "-" "Mozilla/5.0 (X11; Linux x86_64) AppleWebKit/537.36 (KHTML, like Gecko)"
92.126.204.19 - - [28/Jan/2019:16:33:04 +0700] "GET /tracking.gif?email=ivan.k%40agro-master.ru&mailing=375 HTTP/1.0" 200 197 "-" "Mozilla/5.0 (Windows NT 6.1; WOW64; rv:60.0) Gecko/20100101 Thunderbird/60.4.0"
176.209.172.236 - - [28/Jan/2019:16:39:33 +0700] "GET /tracking.gif?email=terehowa.2016%40yandex.ru&mailing=384 HTTP/1.0" 200 197 "-" "Mozilla/5.0 (iPhone; CPU iPhone OS 12_1 like Mac OS X) AppleWebKit/605.1.15 (KHTML, like Gecko) Mobile/16B92"
62.68.141.61 - - [28/Jan/2019:16:40:59 +0700] "GET /tracking.gif?email=[%VAR%20RCPT.EMAIL%20ESCAPE=URL%]&mailing=[%VAR%20MAILING.ID%] HTTP/1.0" 200 197 "-" "Mozilla/5.0 (Macintosh; Intel Mac OS X 10_14_3) AppleWebKit/537.36 (KHTML, like Gecko) Chrome/71.0.3578.98 Safari/537.36"
188.93.56.123 - - [28/Jan/2019:16:44:21 +0700] "GET /tracking.gif?email=dvsmed%40mail.ru&mailing=375 HTTP/1.0" 200 197 "-" "Mozilla/5.0 (X11; Linux x86_64) AppleWebKit/537.36 (KHTML, like Gecko)"
188.93.56.122 - - [28/Jan/2019:16:44:22 +0700] "GET /tracking.gif?email=nikolaeva.y80%40mail.ru&mailing=384 HTTP/1.0" 200 197 "-" "Mozilla/5.0 (X11; Linux x86_64) AppleWebKit/537.36 (KHTML, like Gecko)"
81.19.78.161 - - [28/Jan/2019:16:44:55 +0700] "GET /tracking.gif?email=tomsktph%40rambler.ru&mailing=384 HTTP/1.0" 200 197 "http://mail.rambler.ru/" "RamblerMail/6.0 (incompatible; ImageProxy/6.0)"
188.93.56.130 - - [28/Jan/2019:16:46:31 +0700] "GET /tracking.gif?email=vyazov-kolya%40mail.ru&mailing=384 HTTP/1.0" 200 197 "-" "Mozilla/5.0 (X11; Linux x86_64) AppleWebKit/537.36 (KHTML, like Gecko)"
62.68.141.61 - - [28/Jan/2019:16:46:48 +0700] "GET /tracking.gif?email=[%VAR%20RCPT.EMAIL%20ESCAPE=URL%]&mailing=[%VAR%20MAILING.ID%] HTTP/1.0" 200 197 "-" "Mozilla/5.0 (Macintosh; Intel Mac OS X 10_14_3) AppleWebKit/537.36 (KHTML, like Gecko) Chrome/71.0.3578.98 Safari/537.36"
188.93.56.129 - - [28/Jan/2019:16:46:52 +0700] "GET /tracking.gif?email=tomskieopory%40mail.ru&mailing=384 HTTP/1.0" 200 197 "-" "Mozilla/5.0 (X11; Linux x86_64) AppleWebKit/537.36 (KHTML, like Gecko)"
188.93.56.125 - - [28/Jan/2019:16:49:27 +0700] "GET /tracking.gif?email=alex.krp%40mail.ru&mailing=384 HTTP/1.0" 200 197 "-" "Mozilla/5.0 (X11; Linux x86_64) AppleWebKit/537.36 (KHTML, like Gecko)"
62.68.141.61 - - [28/Jan/2019:16:49:51 +0700] "GET /tracking.gif?email=[%VAR%20RCPT.EMAIL%20ESCAPE=URL%]&mailing=[%VAR%20MAILING.ID%] HTTP/1.0" 200 197 "-" "Mozilla/5.0 (Macintosh; Intel Mac OS X 10_14_3) AppleWebKit/537.36 (KHTML, like Gecko) Chrome/71.0.3578.98 Safari/537.36"
62.68.141.61 - - [28/Jan/2019:16:49:52 +0700] "GET /tracking.gif?email=[%VAR%20RCPT.EMAIL%20ESCAPE=URL%]&mailing=[%VAR%20MAILING.ID%] HTTP/1.0" 200 197 "-" "Mozilla/5.0 (Macintosh; Intel Mac OS X 10_14_3) AppleWebKit/537.36 (KHTML, like Gecko) Chrome/71.0.3578.98 Safari/537.36"
62.68.141.61 - - [28/Jan/2019:16:50:21 +0700] "GET /tracking.gif?email=[%VAR%20RCPT.EMAIL%20ESCAPE=URL%]&mailing=[%VAR%20MAILING.ID%] HTTP/1.0" 200 197 "-" "Mozilla/5.0 (Macintosh; Intel Mac OS X 10_14_3) AppleWebKit/537.36 (KHTML, like Gecko) Chrome/71.0.3578.98 Safari/537.36"
62.68.141.61 - - [28/Jan/2019:16:50:22 +0700] "GET /tracking.gif?email=[%VAR%20RCPT.EMAIL%20ESCAPE=URL%]&mailing=[%VAR%20MAILING.ID%] HTTP/1.0" 200 197 "-" "Mozilla/5.0 (Macintosh; Intel Mac OS X 10_14_3) AppleWebKit/537.36 (KHTML, like Gecko) Chrome/71.0.3578.98 Safari/537.36"
62.68.141.61 - - [28/Jan/2019:16:50:23 +0700] "GET /tracking.gif?email=[%VAR%20RCPT.EMAIL%20ESCAPE=URL%]&mailing=[%VAR%20MAILING.ID%] HTTP/1.0" 200 197 "-" "Mozilla/5.0 (Macintosh; Intel Mac OS X 10_14_3) AppleWebKit/537.36 (KHTML, like Gecko) Chrome/71.0.3578.98 Safari/537.36"
62.68.141.61 - - [28/Jan/2019:16:50:28 +0700] "GET /tracking.gif?email=[%VAR%20RCPT.EMAIL%20ESCAPE=URL%]&mailing=[%VAR%20MAILING.ID%] HTTP/1.0" 200 197 "-" "Mozilla/5.0 (Macintosh; Intel Mac OS X 10_14_3) AppleWebKit/537.36 (KHTML, like Gecko) Chrome/71.0.3578.98 Safari/537.36"
62.68.141.61 - - [28/Jan/2019:16:50:29 +0700] "GET /tracking.gif?email=[%VAR%20RCPT.EMAIL%20ESCAPE=URL%]&mailing=[%VAR%20MAILING.ID%] HTTP/1.0" 200 197 "-" "Mozilla/5.0 (Macintosh; Intel Mac OS X 10_14_3) AppleWebKit/537.36 (KHTML, like Gecko) Chrome/71.0.3578.98 Safari/537.36"
62.68.141.61 - - [28/Jan/2019:16:50:30 +0700] "GET /tracking.gif?email=[%VAR%20RCPT.EMAIL%20ESCAPE=URL%]&mailing=[%VAR%20MAILING.ID%] HTTP/1.0" 200 197 "-" "Mozilla/5.0 (Macintosh; Intel Mac OS X 10_14_3) AppleWebKit/537.36 (KHTML, like Gecko) Chrome/71.0.3578.98 Safari/537.36"
62.68.141.61 - - [28/Jan/2019:16:50:35 +0700] "GET /tracking.gif?email=[%VAR%20RCPT.EMAIL%20ESCAPE=URL%]&mailing=[%VAR%20MAILING.ID%] HTTP/1.0" 200 197 "-" "Mozilla/5.0 (Macintosh; Intel Mac OS X 10_14_3) AppleWebKit/537.36 (KHTML, like Gecko) Chrome/71.0.3578.98 Safari/537.36"
62.68.141.61 - - [28/Jan/2019:16:52:51 +0700] "GET /tracking.gif?email=[%VAR%20RCPT.EMAIL%20ESCAPE=URL%]&mailing=[%VAR%20MAILING.ID%] HTTP/1.0" 200 197 "-" "Mozilla/5.0 (Macintosh; Intel Mac OS X 10_14_3) AppleWebKit/537.36 (KHTML, like Gecko) Chrome/71.0.3578.98 Safari/537.36"
62.68.141.61 - - [28/Jan/2019:16:52:53 +0700] "GET /tracking.gif?email=[%VAR%20RCPT.EMAIL%20ESCAPE=URL%]&mailing=[%VAR%20MAILING.ID%] HTTP/1.0" 200 197 "-" "Mozilla/5.0 (Macintosh; Intel Mac OS X 10_14_3) AppleWebKit/537.36 (KHTML, like Gecko) Chrome/71.0.3578.98 Safari/537.36"
62.68.141.61 - - [28/Jan/2019:16:53:13 +0700] "GET /tracking.gif?email=[%VAR%20RCPT.EMAIL%20ESCAPE=URL%]&mailing=[%VAR%20MAILING.ID%] HTTP/1.0" 200 197 "-" "Mozilla/5.0 (Macintosh; Intel Mac OS X 10_14_3) AppleWebKit/537.36 (KHTML, like Gecko) Chrome/71.0.3578.98 Safari/537.36"
62.68.141.61 - - [28/Jan/2019:16:53:32 +0700] "GET /tracking.gif?email=[%VAR%20RCPT.EMAIL%20ESCAPE=URL%]&mailing=[%VAR%20MAILING.ID%] HTTP/1.0" 200 197 "-" "Mozilla/5.0 (Macintosh; Intel Mac OS X 10_14_3) AppleWebKit/537.36 (KHTML, like Gecko) Chrome/71.0.3578.98 Safari/537.36"
62.68.141.61 - - [28/Jan/2019:16:53:32 +0700] "GET /tracking.gif?email=[%VAR%20RCPT.EMAIL%20ESCAPE=URL%]&mailing=[%VAR%20MAILING.ID%] HTTP/1.0" 200 197 "-" "Mozilla/5.0 (Macintosh; Intel Mac OS X 10_14_3) AppleWebKit/537.36 (KHTML, like Gecko) Chrome/71.0.3578.98 Safari/537.36"
62.68.141.61 - - [28/Jan/2019:16:53:33 +0700] "GET /tracking.gif?email=[%VAR%20RCPT.EMAIL%20ESCAPE=URL%]&mailing=[%VAR%20MAILING.ID%] HTTP/1.0" 200 197 "-" "Mozilla/5.0 (Macintosh; Intel Mac OS X 10_14_3) AppleWebKit/537.36 (KHTML, like Gecko) Chrome/71.0.3578.98 Safari/537.36"
188.93.56.123 - - [28/Jan/2019:16:53:53 +0700] "GET /tracking.gif?email=n.shorina123%40mail.ru&mailing=384 HTTP/1.0" 200 197 "-" "Mozilla/5.0 (X11; Linux x86_64) AppleWebKit/537.36 (KHTML, like Gecko)"
62.68.141.61 - - [28/Jan/2019:16:54:12 +0700] "GET /tracking.gif?email=[%VAR%20RCPT.EMAIL%20ESCAPE=URL%]&mailing=[%VAR%20MAILING.ID%] HTTP/1.0" 200 197 "-" "Mozilla/5.0 (Macintosh; Intel Mac OS X 10_14_3) AppleWebKit/537.36 (KHTML, like Gecko) Chrome/71.0.3578.98 Safari/537.36"
62.68.141.61 - - [28/Jan/2019:16:54:13 +0700] "GET /tracking.gif?email=[%VAR%20RCPT.EMAIL%20ESCAPE=URL%]&mailing=[%VAR%20MAILING.ID%] HTTP/1.0" 200 197 "-" "Mozilla/5.0 (Macintosh; Intel Mac OS X 10_14_3) AppleWebKit/537.36 (KHTML, like Gecko) Chrome/71.0.3578.98 Safari/537.36"
62.68.141.61 - - [28/Jan/2019:16:54:34 +0700] "GET /tracking.gif?email=[%VAR%20RCPT.EMAIL%20ESCAPE=URL%]&mailing=[%VAR%20MAILING.ID%] HTTP/1.0" 200 197 "-" "Mozilla/5.0 (Macintosh; Intel Mac OS X 10_14_3) AppleWebKit/537.36 (KHTML, like Gecko) Chrome/71.0.3578.98 Safari/537.36"
62.68.141.61 - - [28/Jan/2019:16:54:35 +0700] "GET /tracking.gif?email=[%VAR%20RCPT.EMAIL%20ESCAPE=URL%]&mailing=[%VAR%20MAILING.ID%] HTTP/1.0" 200 197 "-" "Mozilla/5.0 (Macintosh; Intel Mac OS X 10_14_3) AppleWebKit/537.36 (KHTML, like Gecko) Chrome/71.0.3578.98 Safari/537.36"
62.68.141.61 - - [28/Jan/2019:16:54:36 +0700] "GET /tracking.gif?email=[%VAR%20RCPT.EMAIL%20ESCAPE=URL%]&mailing=[%VAR%20MAILING.ID%] HTTP/1.0" 200 197 "-" "Mozilla/5.0 (Macintosh; Intel Mac OS X 10_14_3) AppleWebKit/537.36 (KHTML, like Gecko) Chrome/71.0.3578.98 Safari/537.36"
62.68.141.61 - - [28/Jan/2019:16:54:37 +0700] "GET /tracking.gif?email=[%VAR%20RCPT.EMAIL%20ESCAPE=URL%]&mailing=[%VAR%20MAILING.ID%] HTTP/1.0" 200 197 "-" "Mozilla/5.0 (Macintosh; Intel Mac OS X 10_14_3) AppleWebKit/537.36 (KHTML, like Gecko) Chrome/71.0.3578.98 Safari/537.36"
62.68.141.61 - - [28/Jan/2019:16:54:37 +0700] "GET /tracking.gif?email=[%VAR%20RCPT.EMAIL%20ESCAPE=URL%]&mailing=[%VAR%20MAILING.ID%] HTTP/1.0" 200 197 "-" "Mozilla/5.0 (Macintosh; Intel Mac OS X 10_14_3) AppleWebKit/537.36 (KHTML, like Gecko) Chrome/71.0.3578.98 Safari/537.36"
62.68.141.61 - - [28/Jan/2019:16:54:37 +0700] "GET /tracking.gif?email=[%VAR%20RCPT.EMAIL%20ESCAPE=URL%]&mailing=[%VAR%20MAILING.ID%] HTTP/1.0" 200 197 "-" "Mozilla/5.0 (Macintosh; Intel Mac OS X 10_14_3) AppleWebKit/537.36 (KHTML, like Gecko) Chrome/71.0.3578.98 Safari/537.36"
62.68.141.61 - - [28/Jan/2019:16:54:38 +0700] "GET /tracking.gif?email=[%VAR%20RCPT.EMAIL%20ESCAPE=URL%]&mailing=[%VAR%20MAILING.ID%] HTTP/1.0" 200 197 "-" "Mozilla/5.0 (Macintosh; Intel Mac OS X 10_14_3) AppleWebKit/537.36 (KHTML, like Gecko) Chrome/71.0.3578.98 Safari/537.36"
62.68.141.61 - - [28/Jan/2019:16:54:39 +0700] "GET /tracking.gif?email=[%VAR%20RCPT.EMAIL%20ESCAPE=URL%]&mailing=[%VAR%20MAILING.ID%] HTTP/1.0" 200 197 "-" "Mozilla/5.0 (Macintosh; Intel Mac OS X 10_14_3) AppleWebKit/537.36 (KHTML, like Gecko) Chrome/71.0.3578.98 Safari/537.36"
62.68.141.61 - - [28/Jan/2019:16:55:00 +0700] "GET /tracking.gif?email=[%VAR%20RCPT.EMAIL%20ESCAPE=URL%]&mailing=[%VAR%20MAILING.ID%] HTTP/1.0" 200 197 "-" "Mozilla/5.0 (Macintosh; Intel Mac OS X 10_14_3) AppleWebKit/537.36 (KHTML, like Gecko) Chrome/71.0.3578.98 Safari/537.36"
188.93.56.122 - - [28/Jan/2019:16:55:21 +0700] "GET /tracking.gif?email=danchona_2009%40mail.ru&mailing=384 HTTP/1.0" 200 197 "-" "Mozilla/5.0 (X11; Linux x86_64) AppleWebKit/537.36 (KHTML, like Gecko)"
62.68.141.61 - - [28/Jan/2019:16:56:36 +0700] "GET /tracking.gif?email=[%VAR%20RCPT.EMAIL%20ESCAPE=URL%]&mailing=[%VAR%20MAILING.ID%] HTTP/1.0" 200 197 "-" "Mozilla/5.0 (Macintosh; Intel Mac OS X 10_14_3) AppleWebKit/537.36 (KHTML, like Gecko) Chrome/71.0.3578.98 Safari/537.36"
62.68.141.61 - - [28/Jan/2019:16:56:37 +0700] "GET /tracking.gif?email=[%VAR%20RCPT.EMAIL%20ESCAPE=URL%]&mailing=[%VAR%20MAILING.ID%] HTTP/1.0" 200 197 "-" "Mozilla/5.0 (Macintosh; Intel Mac OS X 10_14_3) AppleWebKit/537.36 (KHTML, like Gecko) Chrome/71.0.3578.98 Safari/537.36"
62.68.141.61 - - [28/Jan/2019:16:56:46 +0700] "GET /tracking.gif?email=[%VAR%20RCPT.EMAIL%20ESCAPE=URL%]&mailing=[%VAR%20MAILING.ID%] HTTP/1.0" 200 197 "-" "Mozilla/5.0 (Macintosh; Intel Mac OS X 10_14_3) AppleWebKit/537.36 (KHTML, like Gecko) Chrome/71.0.3578.98 Safari/537.36"
62.68.141.61 - - [28/Jan/2019:16:56:47 +0700] "GET /tracking.gif?email=[%VAR%20RCPT.EMAIL%20ESCAPE=URL%]&mailing=[%VAR%20MAILING.ID%] HTTP/1.0" 200 197 "-" "Mozilla/5.0 (Macintosh; Intel Mac OS X 10_14_3) AppleWebKit/537.36 (KHTML, like Gecko) Chrome/71.0.3578.98 Safari/537.36"
62.68.141.61 - - [28/Jan/2019:16:56:58 +0700] "GET /tracking.gif?email=[%VAR%20RCPT.EMAIL%20ESCAPE=URL%]&mailing=[%VAR%20MAILING.ID%] HTTP/1.0" 200 197 "-" "Mozilla/5.0 (Macintosh; Intel Mac OS X 10_14_3) AppleWebKit/537.36 (KHTML, like Gecko) Chrome/71.0.3578.98 Safari/537.36"
188.93.56.121 - - [28/Jan/2019:16:57:02 +0700] "GET /tracking.gif?email=borzenkoelena%40mail.ru&mailing=375 HTTP/1.0" 200 197 "-" "Mozilla/5.0 (X11; Linux x86_64) AppleWebKit/537.36 (KHTML, like Gecko)"
188.162.84.103 - - [28/Jan/2019:16:58:37 +0700] "GET /tracking.gif?email=vetrov-nikita%40ya.ru&mailing=384 HTTP/1.0" 200 197 "-" "Mozilla/5.0 (Linux; Android 9; POT-LX1 Build/HUAWEIPOT-LX1; wv) AppleWebKit/537.36 (KHTML, like Gecko) Version/4.0 Chrome/71.0.3578.99 Mobile Safari/537.36"
62.68.141.61 - - [28/Jan/2019:16:58:39 +0700] "GET /tracking.gif?email=[%VAR%20RCPT.EMAIL%20ESCAPE=URL%]&mailing=[%VAR%20MAILING.ID%] HTTP/1.0" 200 197 "-" "Mozilla/5.0 (Macintosh; Intel Mac OS X 10_14_3) AppleWebKit/537.36 (KHTML, like Gecko) Chrome/71.0.3578.98 Safari/537.36"
62.68.141.61 - - [28/Jan/2019:16:58:40 +0700] "GET /tracking.gif?email=[%VAR%20RCPT.EMAIL%20ESCAPE=URL%]&mailing=[%VAR%20MAILING.ID%] HTTP/1.0" 200 197 "-" "Mozilla/5.0 (Macintosh; Intel Mac OS X 10_14_3) AppleWebKit/537.36 (KHTML, like Gecko) Chrome/71.0.3578.98 Safari/537.36"
62.68.141.61 - - [28/Jan/2019:16:58:54 +0700] "GET /tracking.gif?email=[%VAR%20RCPT.EMAIL%20ESCAPE=URL%]&mailing=[%VAR%20MAILING.ID%] HTTP/1.0" 200 197 "-" "Mozilla/5.0 (Macintosh; Intel Mac OS X 10_14_3) AppleWebKit/537.36 (KHTML, like Gecko) Chrome/71.0.3578.98 Safari/537.36"
62.68.141.61 - - [28/Jan/2019:16:59:07 +0700] "GET /tracking.gif?email=[%VAR%20RCPT.EMAIL%20ESCAPE=URL%]&mailing=[%VAR%20MAILING.ID%] HTTP/1.0" 200 197 "-" "Mozilla/5.0 (Macintosh; Intel Mac OS X 10_14_3) AppleWebKit/537.36 (KHTML, like Gecko) Chrome/71.0.3578.98 Safari/537.36"
62.68.141.61 - - [28/Jan/2019:16:59:08 +0700] "GET /tracking.gif?email=[%VAR%20RCPT.EMAIL%20ESCAPE=URL%]&mailing=[%VAR%20MAILING.ID%] HTTP/1.0" 200 197 "-" "Mozilla/5.0 (Macintosh; Intel Mac OS X 10_14_3) AppleWebKit/537.36 (KHTML, like Gecko) Chrome/71.0.3578.98 Safari/537.36"
62.68.141.61 - - [28/Jan/2019:16:59:09 +0700] "GET /tracking.gif?email=[%VAR%20RCPT.EMAIL%20ESCAPE=URL%]&mailing=[%VAR%20MAILING.ID%] HTTP/1.0" 200 197 "-" "Mozilla/5.0 (Macintosh; Intel Mac OS X 10_14_3) AppleWebKit/537.36 (KHTML, like Gecko) Chrome/71.0.3578.98 Safari/537.36"
62.68.141.61 - - [28/Jan/2019:16:59:10 +0700] "GET /tracking.gif?email=[%VAR%20RCPT.EMAIL%20ESCAPE=URL%]&mailing=[%VAR%20MAILING.ID%] HTTP/1.0" 200 197 "-" "Mozilla/5.0 (Macintosh; Intel Mac OS X 10_14_3) AppleWebKit/537.36 (KHTML, like Gecko) Chrome/71.0.3578.98 Safari/537.36"
62.68.141.61 - - [28/Jan/2019:16:59:10 +0700] "GET /tracking.gif?email=[%VAR%20RCPT.EMAIL%20ESCAPE=URL%]&mailing=[%VAR%20MAILING.ID%] HTTP/1.0" 200 197 "-" "Mozilla/5.0 (Macintosh; Intel Mac OS X 10_14_3) AppleWebKit/537.36 (KHTML, like Gecko) Chrome/71.0.3578.98 Safari/537.36"
62.68.141.61 - - [28/Jan/2019:16:59:16 +0700] "GET /tracking.gif?email=[%VAR%20RCPT.EMAIL%20ESCAPE=URL%]&mailing=[%VAR%20MAILING.ID%] HTTP/1.0" 200 197 "-" "Mozilla/5.0 (Macintosh; Intel Mac OS X 10_14_3) AppleWebKit/537.36 (KHTML, like Gecko) Chrome/71.0.3578.98 Safari/537.36"
62.68.141.61 - - [28/Jan/2019:16:59:17 +0700] "GET /tracking.gif?email=[%VAR%20RCPT.EMAIL%20ESCAPE=URL%]&mailing=[%VAR%20MAILING.ID%] HTTP/1.0" 200 197 "-" "Mozilla/5.0 (Macintosh; Intel Mac OS X 10_14_3) AppleWebKit/537.36 (KHTML, like Gecko) Chrome/71.0.3578.98 Safari/537.36"
62.68.141.61 - - [28/Jan/2019:17:00:28 +0700] "GET /tracking.gif?email=[%VAR%20RCPT.EMAIL%20ESCAPE=URL%]&mailing=[%VAR%20MAILING.ID%] HTTP/1.0" 200 197 "-" "Mozilla/5.0 (Macintosh; Intel Mac OS X 10_14_3) AppleWebKit/537.36 (KHTML, like Gecko) Chrome/71.0.3578.98 Safari/537.36"
66.102.9.14 - - [28/Jan/2019:17:01:54 +0700] "GET /tracking.gif?email=maxacer777%40gmail.com&mailing=346 HTTP/1.0" 200 197 "-" "Mozilla/5.0 (Windows NT 5.1; rv:11.0) Gecko Firefox/11.0 (via ggpht.com GoogleImageProxy)"
62.68.141.61 - - [28/Jan/2019:17:02:08 +0700] "GET /tracking.gif?email=[%VAR%20RCPT.EMAIL%20ESCAPE=URL%]&mailing=[%VAR%20MAILING.ID%] HTTP/1.0" 200 197 "-" "Mozilla/5.0 (Macintosh; Intel Mac OS X 10_14_3) AppleWebKit/537.36 (KHTML, like Gecko) Chrome/71.0.3578.98 Safari/537.36"
62.68.141.61 - - [28/Jan/2019:17:02:10 +0700] "GET /tracking.gif?email=[%VAR%20RCPT.EMAIL%20ESCAPE=URL%]&mailing=[%VAR%20MAILING.ID%] HTTP/1.0" 200 197 "-" "Mozilla/5.0 (Macintosh; Intel Mac OS X 10_14_3) AppleWebKit/537.36 (KHTML, like Gecko) Chrome/71.0.3578.98 Safari/537.36"
188.93.56.129 - - [28/Jan/2019:17:02:52 +0700] "GET /tracking.gif?email=akulov.dw%40mail.ru&mailing=345 HTTP/1.0" 200 197 "-" "Mozilla/5.0 (X11; Linux x86_64) AppleWebKit/537.36 (KHTML, like Gecko)"
62.68.141.61 - - [28/Jan/2019:17:03:17 +0700] "GET /tracking.gif?email=[%VAR%20RCPT.EMAIL%20ESCAPE=URL%]&mailing=[%VAR%20MAILING.ID%] HTTP/1.0" 200 197 "-" "Mozilla/5.0 (Macintosh; Intel Mac OS X 10_14_3) AppleWebKit/537.36 (KHTML, like Gecko) Chrome/71.0.3578.98 Safari/537.36"
62.68.141.61 - - [28/Jan/2019:17:03:17 +0700] "GET /tracking.gif?email=[%VAR%20RCPT.EMAIL%20ESCAPE=URL%]&mailing=[%VAR%20MAILING.ID%] HTTP/1.0" 200 197 "-" "Mozilla/5.0 (Macintosh; Intel Mac OS X 10_14_3) AppleWebKit/537.36 (KHTML, like Gecko) Chrome/71.0.3578.98 Safari/537.36"
62.68.141.61 - - [28/Jan/2019:17:03:22 +0700] "GET /tracking.gif?email=[%VAR%20RCPT.EMAIL%20ESCAPE=URL%]&mailing=[%VAR%20MAILING.ID%] HTTP/1.0" 200 197 "-" "Mozilla/5.0 (Macintosh; Intel Mac OS X 10_14_3) AppleWebKit/537.36 (KHTML, like Gecko) Chrome/71.0.3578.98 Safari/537.36"
62.68.141.61 - - [28/Jan/2019:17:04:43 +0700] "GET /tracking.gif?email=[%VAR%20RCPT.EMAIL%20ESCAPE=URL%]&mailing=[%VAR%20MAILING.ID%] HTTP/1.0" 200 197 "-" "Mozilla/5.0 (Macintosh; Intel Mac OS X 10_14_3) AppleWebKit/537.36 (KHTML, like Gecko) Chrome/71.0.3578.98 Safari/537.36"
62.68.141.61 - - [28/Jan/2019:17:04:45 +0700] "GET /tracking.gif?email=[%VAR%20RCPT.EMAIL%20ESCAPE=URL%]&mailing=[%VAR%20MAILING.ID%] HTTP/1.0" 200 197 "-" "Mozilla/5.0 (Macintosh; Intel Mac OS X 10_14_3) AppleWebKit/537.36 (KHTML, like Gecko) Chrome/71.0.3578.98 Safari/537.36"
62.68.141.61 - - [28/Jan/2019:17:05:04 +0700] "GET /tracking.gif?email=[%VAR%20RCPT.EMAIL%20ESCAPE=URL%]&mailing=[%VAR%20MAILING.ID%] HTTP/1.0" 200 197 "-" "Mozilla/5.0 (Macintosh; Intel Mac OS X 10_14_3) AppleWebKit/537.36 (KHTML, like Gecko) Chrome/71.0.3578.98 Safari/537.36"
188.93.56.123 - - [28/Jan/2019:17:05:07 +0700] "GET /tracking.gif?email=andrej-krushvic%40mail.ru&mailing=375 HTTP/1.0" 200 197 "-" "Mozilla/5.0 (X11; Linux x86_64) AppleWebKit/537.36 (KHTML, like Gecko)"
62.68.141.61 - - [28/Jan/2019:17:05:39 +0700] "GET /tracking.gif?email=[%VAR%20RCPT.EMAIL%20ESCAPE=URL%]&mailing=[%VAR%20MAILING.ID%] HTTP/1.0" 200 197 "-" "Mozilla/5.0 (Macintosh; Intel Mac OS X 10_14_3) AppleWebKit/537.36 (KHTML, like Gecko) Chrome/71.0.3578.98 Safari/537.36"
62.68.141.61 - - [28/Jan/2019:17:05:56 +0700] "GET /tracking.gif?email=[%VAR%20RCPT.EMAIL%20ESCAPE=URL%]&mailing=[%VAR%20MAILING.ID%] HTTP/1.0" 200 197 "-" "Mozilla/5.0 (Macintosh; Intel Mac OS X 10_14_3) AppleWebKit/537.36 (KHTML, like Gecko) Chrome/71.0.3578.98 Safari/537.36"
62.68.141.61 - - [28/Jan/2019:17:05:57 +0700] "GET /tracking.gif?email=[%VAR%20RCPT.EMAIL%20ESCAPE=URL%]&mailing=[%VAR%20MAILING.ID%] HTTP/1.0" 200 197 "-" "Mozilla/5.0 (Macintosh; Intel Mac OS X 10_14_3) AppleWebKit/537.36 (KHTML, like Gecko) Chrome/71.0.3578.98 Safari/537.36"
5.255.241.233 - - [28/Jan/2019:17:06:31 +0700] "GET /tracking.gif?email=albina700%40yandex.ru&mailing=384 HTTP/1.0" 200 197 "-" "Mozilla/5.0 (compatible; YandexImageResizer/2.0; +http://yandex.com/bots)"
62.68.141.61 - - [28/Jan/2019:17:07:01 +0700] "GET /tracking.gif?email=[%VAR%20RCPT.EMAIL%20ESCAPE=URL%]&mailing=[%VAR%20MAILING.ID%] HTTP/1.0" 200 197 "-" "Mozilla/5.0 (Macintosh; Intel Mac OS X 10_14_3) AppleWebKit/537.36 (KHTML, like Gecko) Chrome/71.0.3578.98 Safari/537.36"
46.233.242.33 - - [28/Jan/2019:17:07:43 +0700] "GET /tracking.gif?email=marimyana86%40mail.ru&mailing=330 HTTP/1.0" 200 197 "-" "Mozilla/5.0 (Linux; Android 8.0.0; STF-L09 Build/HUAWEISTF-L09; wv) AppleWebKit/537.36 (KHTML, like Gecko) Version/4.0 Chrome/71.0.3578.99 Mobile Safari/537.36"
62.68.141.61 - - [28/Jan/2019:17:09:52 +0700] "GET /tracking.gif?email=[%VAR%20RCPT.EMAIL%20ESCAPE=URL%]&mailing=[%VAR%20MAILING.ID%] HTTP/1.0" 200 197 "-" "Mozilla/5.0 (Macintosh; Intel Mac OS X 10_14_3) AppleWebKit/537.36 (KHTML, like Gecko) Chrome/71.0.3578.98 Safari/537.36"
62.68.141.61 - - [28/Jan/2019:17:09:53 +0700] "GET /tracking.gif?email=[%VAR%20RCPT.EMAIL%20ESCAPE=URL%]&mailing=[%VAR%20MAILING.ID%] HTTP/1.0" 200 197 "-" "Mozilla/5.0 (Macintosh; Intel Mac OS X 10_14_3) AppleWebKit/537.36 (KHTML, like Gecko) Chrome/71.0.3578.98 Safari/537.36"
62.68.141.61 - - [28/Jan/2019:17:09:56 +0700] "GET /tracking.gif?email=[%VAR%20RCPT.EMAIL%20ESCAPE=URL%]&mailing=[%VAR%20MAILING.ID%] HTTP/1.0" 200 197 "-" "Mozilla/5.0 (Macintosh; Intel Mac OS X 10_14_3) AppleWebKit/537.36 (KHTML, like Gecko) Chrome/71.0.3578.98 Safari/537.36"
62.68.141.61 - - [28/Jan/2019:17:09:56 +0700] "GET /tracking.gif?email=[%VAR%20RCPT.EMAIL%20ESCAPE=URL%]&mailing=[%VAR%20MAILING.ID%] HTTP/1.0" 200 197 "-" "Mozilla/5.0 (Macintosh; Intel Mac OS X 10_14_3) AppleWebKit/537.36 (KHTML, like Gecko) Chrome/71.0.3578.98 Safari/537.36"
62.68.141.61 - - [28/Jan/2019:17:09:57 +0700] "GET /tracking.gif?email=[%VAR%20RCPT.EMAIL%20ESCAPE=URL%]&mailing=[%VAR%20MAILING.ID%] HTTP/1.0" 200 197 "-" "Mozilla/5.0 (Macintosh; Intel Mac OS X 10_14_3) AppleWebKit/537.36 (KHTML, like Gecko) Chrome/71.0.3578.98 Safari/537.36"
62.68.141.61 - - [28/Jan/2019:17:09:58 +0700] "GET /tracking.gif?email=[%VAR%20RCPT.EMAIL%20ESCAPE=URL%]&mailing=[%VAR%20MAILING.ID%] HTTP/1.0" 200 197 "-" "Mozilla/5.0 (Macintosh; Intel Mac OS X 10_14_3) AppleWebKit/537.36 (KHTML, like Gecko) Chrome/71.0.3578.98 Safari/537.36"
