62.68.141.57 - - [04/Feb/2019:15:46:14 +0700] "GET /tracking.gif?email=[%VAR%20RCPT.EMAIL%20ESCAPE=URL%]&mailing=2342 HTTP/1.0" 200 197 "-" "Mozilla/5.0 (Macintosh; Intel Mac OS X 10_14_3) AppleWebKit/537.36 (KHTML, like Gecko) Chrome/72.0.3626.81 Safari/537.36"
62.68.141.57 - - [04/Feb/2019:15:46:32 +0700] "GET /tracking.gif?email=[%VAR%20RCPT.EMAIL%20ESCAPE=URL%]&mailing=2342 HTTP/1.0" 200 197 "-" "Mozilla/5.0 (Macintosh; Intel Mac OS X 10_14_3) AppleWebKit/537.36 (KHTML, like Gecko) Chrome/72.0.3626.81 Safari/537.36"
62.68.141.57 - - [04/Feb/2019:15:46:33 +0700] "GET /tracking.gif?email=[%VAR%20RCPT.EMAIL%20ESCAPE=URL%]&mailing=2342 HTTP/1.0" 200 197 "-" "Mozilla/5.0 (Macintosh; Intel Mac OS X 10_14_3) AppleWebKit/537.36 (KHTML, like Gecko) Chrome/72.0.3626.81 Safari/537.36"
31.173.100.34 - - [04/Feb/2019:15:47:13 +0700] "GET /tracking.gif?email=zyatkovs%40mail.ru&mailing=430 HTTP/1.0" 200 197 "-" "Mozilla/5.0 (Linux; Android 8.0.0; SM-A605FN Build/R16NW; wv) AppleWebKit/537.36 (KHTML, like Gecko) Version/4.0 Chrome/72.0.3626.76 Mobile Safari/537.36"
62.68.141.57 - - [04/Feb/2019:15:47:34 +0700] "GET /tracking.gif?email=[%VAR%20RCPT.EMAIL%20ESCAPE=URL%]&mailing=2342 HTTP/1.0" 200 197 "-" "Mozilla/5.0 (Macintosh; Intel Mac OS X 10_14_3) AppleWebKit/537.36 (KHTML, like Gecko) Chrome/72.0.3626.81 Safari/537.36"
62.68.141.57 - - [04/Feb/2019:15:47:36 +0700] "GET /tracking.gif?email=[%VAR%20RCPT.EMAIL%20ESCAPE=URL%]&mailing=2342 HTTP/1.0" 200 197 "-" "Mozilla/5.0 (Macintosh; Intel Mac OS X 10_14_3) AppleWebKit/537.36 (KHTML, like Gecko) Chrome/72.0.3626.81 Safari/537.36"
62.68.141.57 - - [04/Feb/2019:15:48:29 +0700] "GET /tracking.gif?email=[%VAR%20RCPT.EMAIL%20ESCAPE=URL%]&mailing=2342 HTTP/1.0" 200 197 "-" "Mozilla/5.0 (Macintosh; Intel Mac OS X 10_14_3) AppleWebKit/537.36 (KHTML, like Gecko) Chrome/72.0.3626.81 Safari/537.36"
62.68.141.57 - - [04/Feb/2019:15:48:30 +0700] "GET /tracking.gif?email=[%VAR%20RCPT.EMAIL%20ESCAPE=URL%]&mailing=2342 HTTP/1.0" 200 197 "-" "Mozilla/5.0 (Macintosh; Intel Mac OS X 10_14_3) AppleWebKit/537.36 (KHTML, like Gecko) Chrome/72.0.3626.81 Safari/537.36"
62.68.141.57 - - [04/Feb/2019:15:48:32 +0700] "GET /tracking.gif?email=[%VAR%20RCPT.EMAIL%20ESCAPE=URL%]&mailing=2342 HTTP/1.0" 200 197 "-" "Mozilla/5.0 (Macintosh; Intel Mac OS X 10_14_3) AppleWebKit/537.36 (KHTML, like Gecko) Chrome/72.0.3626.81 Safari/537.36"
62.68.141.57 - - [04/Feb/2019:15:48:33 +0700] "GET /tracking.gif?email=[%VAR%20RCPT.EMAIL%20ESCAPE=URL%]&mailing=2342 HTTP/1.0" 200 197 "-" "Mozilla/5.0 (Macintosh; Intel Mac OS X 10_14_3) AppleWebKit/537.36 (KHTML, like Gecko) Chrome/72.0.3626.81 Safari/537.36"
62.68.141.57 - - [04/Feb/2019:15:49:20 +0700] "GET /tracking.gif?email=[%VAR%20RCPT.EMAIL%20ESCAPE=URL%]&mailing=2342 HTTP/1.0" 200 197 "-" "Mozilla/5.0 (Macintosh; Intel Mac OS X 10_14_3) AppleWebKit/537.36 (KHTML, like Gecko) Chrome/72.0.3626.81 Safari/537.36"
188.93.56.126 - - [04/Feb/2019:15:49:28 +0700] "GET /tracking.gif?email=minyaylova.ekaterina%40mail.ru&mailing=378 HTTP/1.0" 200 197 "-" "Mozilla/5.0 (X11; Linux x86_64) AppleWebKit/537.36 (KHTML, like Gecko)"
188.93.56.126 - - [04/Feb/2019:15:49:51 +0700] "GET /tracking.gif?email=minyaylova.ekaterina%40mail.ru&mailing=373 HTTP/1.0" 200 197 "-" "Mozilla/5.0 (X11; Linux x86_64) AppleWebKit/537.36 (KHTML, like Gecko)"
188.93.56.125 - - [04/Feb/2019:15:50:14 +0700] "GET /tracking.gif?email=olenka_200786%40mail.ru&mailing=435 HTTP/1.0" 200 197 "-" "Mozilla/5.0 (X11; Linux x86_64) AppleWebKit/537.36 (KHTML, like Gecko)"
62.68.141.57 - - [04/Feb/2019:15:50:19 +0700] "GET /tracking.gif?email=[%VAR%20RCPT.EMAIL%20ESCAPE=URL%]&mailing=2342 HTTP/1.0" 200 197 "-" "Mozilla/5.0 (Macintosh; Intel Mac OS X 10_14_3) AppleWebKit/537.36 (KHTML, like Gecko) Chrome/72.0.3626.81 Safari/537.36"
62.68.141.57 - - [04/Feb/2019:15:50:20 +0700] "GET /tracking.gif?email=[%VAR%20RCPT.EMAIL%20ESCAPE=URL%]&mailing=2342 HTTP/1.0" 200 197 "-" "Mozilla/5.0 (Macintosh; Intel Mac OS X 10_14_3) AppleWebKit/537.36 (KHTML, like Gecko) Chrome/72.0.3626.81 Safari/537.36"
188.93.56.122 - - [04/Feb/2019:15:50:48 +0700] "GET /tracking.gif?email=t310771%40mail.ru&mailing=431 HTTP/1.0" 200 197 "-" "Mozilla/5.0 (X11; Linux x86_64) AppleWebKit/537.36 (KHTML, like Gecko)"
62.68.141.57 - - [04/Feb/2019:15:51:21 +0700] "GET /tracking.gif?email=[%VAR%20RCPT.EMAIL%20ESCAPE=URL%]&mailing=2342 HTTP/1.0" 200 197 "-" "Mozilla/5.0 (Macintosh; Intel Mac OS X 10_14_3) AppleWebKit/537.36 (KHTML, like Gecko) Chrome/72.0.3626.81 Safari/537.36"
62.68.141.57 - - [04/Feb/2019:15:51:22 +0700] "GET /tracking.gif?email=[%VAR%20RCPT.EMAIL%20ESCAPE=URL%]&mailing=2342 HTTP/1.0" 200 197 "-" "Mozilla/5.0 (Macintosh; Intel Mac OS X 10_14_3) AppleWebKit/537.36 (KHTML, like Gecko) Chrome/72.0.3626.81 Safari/537.36"
62.68.141.57 - - [04/Feb/2019:15:52:12 +0700] "GET /tracking.gif?email=[%VAR%20RCPT.EMAIL%20ESCAPE=URL%]&mailing=2342 HTTP/1.0" 200 197 "-" "Mozilla/5.0 (Macintosh; Intel Mac OS X 10_14_3) AppleWebKit/537.36 (KHTML, like Gecko) Chrome/72.0.3626.81 Safari/537.36"
62.68.141.57 - - [04/Feb/2019:15:52:14 +0700] "GET /tracking.gif?email=[%VAR%20RCPT.EMAIL%20ESCAPE=URL%]&mailing=2342 HTTP/1.0" 200 197 "-" "Mozilla/5.0 (Macintosh; Intel Mac OS X 10_14_3) AppleWebKit/537.36 (KHTML, like Gecko) Chrome/72.0.3626.81 Safari/537.36"
62.68.141.57 - - [04/Feb/2019:15:52:27 +0700] "GET /tracking.gif?email=[%VAR%20RCPT.EMAIL%20ESCAPE=URL%]&mailing=2342 HTTP/1.0" 200 197 "-" "Mozilla/5.0 (Macintosh; Intel Mac OS X 10_14_3) AppleWebKit/537.36 (KHTML, like Gecko) Chrome/72.0.3626.81 Safari/537.36"
62.68.141.57 - - [04/Feb/2019:15:52:28 +0700] "GET /tracking.gif?email=[%VAR%20RCPT.EMAIL%20ESCAPE=URL%]&mailing=2342 HTTP/1.0" 200 197 "-" "Mozilla/5.0 (Macintosh; Intel Mac OS X 10_14_3) AppleWebKit/537.36 (KHTML, like Gecko) Chrome/72.0.3626.81 Safari/537.36"
62.68.141.57 - - [04/Feb/2019:15:52:39 +0700] "GET /tracking.gif?email=[%VAR%20RCPT.EMAIL%20ESCAPE=URL%]&mailing=2342 HTTP/1.0" 200 197 "-" "Mozilla/5.0 (Macintosh; Intel Mac OS X 10_14_3) AppleWebKit/537.36 (KHTML, like Gecko) Chrome/72.0.3626.81 Safari/537.36"
188.93.56.124 - - [04/Feb/2019:15:52:57 +0700] "GET /tracking.gif?email=minyaylova.ekaterina%40mail.ru&mailing=344 HTTP/1.0" 200 197 "-" "Mozilla/5.0 (X11; Linux x86_64) AppleWebKit/537.36 (KHTML, like Gecko)"
188.93.56.123 - - [04/Feb/2019:15:53:50 +0700] "GET /tracking.gif?email=warace1999%40mail.ru&mailing=384 HTTP/1.0" 200 197 "-" "Mozilla/5.0 (X11; Linux x86_64) AppleWebKit/537.36 (KHTML, like Gecko)"
188.93.56.123 - - [04/Feb/2019:15:54:10 +0700] "GET /tracking.gif?email=warace1999%40mail.ru&mailing=345 HTTP/1.0" 200 197 "-" "Mozilla/5.0 (X11; Linux x86_64) AppleWebKit/537.36 (KHTML, like Gecko)"
188.93.56.123 - - [04/Feb/2019:15:54:14 +0700] "GET /tracking.gif?email=warace1999%40mail.ru&mailing=343 HTTP/1.0" 200 197 "-" "Mozilla/5.0 (X11; Linux x86_64) AppleWebKit/537.36 (KHTML, like Gecko)"
188.93.56.123 - - [04/Feb/2019:15:55:32 +0700] "GET /tracking.gif?email=ryslan-han%40mail.ru&mailing=430 HTTP/1.0" 200 197 "-" "Mozilla/5.0 (X11; Linux x86_64) AppleWebKit/537.36 (KHTML, like Gecko)"
188.93.56.122 - - [04/Feb/2019:15:56:02 +0700] "GET /tracking.gif?email=ryslan-han%40mail.ru&mailing=430 HTTP/1.0" 200 197 "-" "Mozilla/5.0 (X11; Linux x86_64) AppleWebKit/537.36 (KHTML, like Gecko)"
188.93.56.127 - - [04/Feb/2019:15:57:09 +0700] "GET /tracking.gif?email=alex_zone%40list.ru&mailing=431 HTTP/1.0" 200 197 "-" "Mozilla/5.0 (X11; Linux x86_64) AppleWebKit/537.36 (KHTML, like Gecko)"
62.68.141.42 - - [04/Feb/2019:15:58:05 +0700] "GET /tracking.gif?email=vka%40nikolas.ru&mailing=474 HTTP/1.0" 200 197 "-" "Mozilla/4.0 (compatible; MSIE 7.0; Windows NT 10.0; Win64; x64; Trident/7.0; .NET4.0C; .NET4.0E; Microsoft Outlook 16.0.4573; ms-office; MSOffice 16)"
188.93.56.130 - - [04/Feb/2019:15:59:48 +0700] "GET /tracking.gif?email=lag_larisa%40mail.ru&mailing=384 HTTP/1.0" 200 197 "-" "Mozilla/5.0 (X11; Linux x86_64) AppleWebKit/537.36 (KHTML, like Gecko)"
5.255.241.228 - - [04/Feb/2019:16:00:08 +0700] "GET /tracking.gif?email=lilia.simonova%40yandex.ru&mailing=463 HTTP/1.0" 200 197 "-" "Mozilla/5.0 (compatible; YandexImageResizer/2.0; +http://yandex.com/bots)"
188.93.56.125 - - [04/Feb/2019:16:03:45 +0700] "GET /tracking.gif?email=jenya-123%40mail.ru&mailing=463 HTTP/1.0" 200 197 "-" "Mozilla/5.0 (X11; Linux x86_64) AppleWebKit/537.36 (KHTML, like Gecko)"
188.93.56.122 - - [04/Feb/2019:16:04:07 +0700] "GET /tracking.gif?email=irina10355%40mail.ru&mailing=375 HTTP/1.0" 200 197 "-" "Mozilla/5.0 (X11; Linux x86_64) AppleWebKit/537.36 (KHTML, like Gecko)"
62.68.141.42 - - [04/Feb/2019:16:04:11 +0700] "GET /tracking.gif?email=vka%40nikolas.ru&mailing=471 HTTP/1.0" 200 197 "-" "Mozilla/4.0 (compatible; MSIE 7.0; Windows NT 10.0; Win64; x64; Trident/7.0; .NET4.0C; .NET4.0E; Microsoft Outlook 16.0.4573; ms-office; MSOffice 16)"
62.68.141.42 - - [04/Feb/2019:16:04:12 +0700] "GET /tracking.gif?email=vka%40nikolas.ru&mailing=470 HTTP/1.0" 200 197 "-" "Mozilla/4.0 (compatible; MSIE 7.0; Windows NT 10.0; Win64; x64; Trident/7.0; .NET4.0C; .NET4.0E; Microsoft Outlook 16.0.4573; ms-office; MSOffice 16)"
62.68.141.42 - - [04/Feb/2019:16:04:12 +0700] "GET /tracking.gif?email=vka%40nikolas.ru&mailing=470 HTTP/1.0" 200 197 "-" "Mozilla/4.0 (compatible; MSIE 7.0; Windows NT 10.0; Win64; x64; Trident/7.0; .NET4.0C; .NET4.0E; Microsoft Outlook 16.0.4573; ms-office; MSOffice 16)"
62.68.141.42 - - [04/Feb/2019:16:04:15 +0700] "GET /tracking.gif?email=vka%40nikolas.ru&mailing=469 HTTP/1.0" 200 197 "-" "Mozilla/4.0 (compatible; MSIE 7.0; Windows NT 10.0; Win64; x64; Trident/7.0; .NET4.0C; .NET4.0E; Microsoft Outlook 16.0.4573; ms-office; MSOffice 16)"
62.68.141.42 - - [04/Feb/2019:16:04:16 +0700] "GET /tracking.gif?email=vka%40nikolas.ru&mailing=468 HTTP/1.0" 200 197 "-" "Mozilla/4.0 (compatible; MSIE 7.0; Windows NT 10.0; Win64; x64; Trident/7.0; .NET4.0C; .NET4.0E; Microsoft Outlook 16.0.4573; ms-office; MSOffice 16)"
62.68.141.42 - - [04/Feb/2019:16:04:16 +0700] "GET /tracking.gif?email=vka%40nikolas.ru&mailing=466 HTTP/1.0" 200 197 "-" "Mozilla/4.0 (compatible; MSIE 7.0; Windows NT 10.0; Win64; x64; Trident/7.0; .NET4.0C; .NET4.0E; Microsoft Outlook 16.0.4573; ms-office; MSOffice 16)"
188.93.56.122 - - [04/Feb/2019:16:04:40 +0700] "GET /tracking.gif?email=irina10355%40mail.ru&mailing=435 HTTP/1.0" 200 197 "-" "Mozilla/5.0 (X11; Linux x86_64) AppleWebKit/537.36 (KHTML, like Gecko)"
82.200.111.174 - - [04/Feb/2019:16:05:10 +0700] "GET /tracking.gif?email=2134501%40bk.ru&mailing=286 HTTP/1.0" 200 197 "-" "Mozilla/5.0 (Macintosh; Intel Mac OS X 10_11_6) AppleWebKit/601.7.8 (KHTML, like Gecko)"
66.102.9.14 - - [04/Feb/2019:16:05:54 +0700] "GET /tracking.gif?email=sjuleu%40gmail.com&mailing=345 HTTP/1.0" 200 197 "-" "Mozilla/5.0 (Windows NT 5.1; rv:11.0) Gecko Firefox/11.0 (via ggpht.com GoogleImageProxy)"
66.102.9.14 - - [04/Feb/2019:16:05:57 +0700] "GET /tracking.gif?email=sjuleu%40gmail.com&mailing=384 HTTP/1.0" 200 197 "-" "Mozilla/5.0 (Windows NT 5.1; rv:11.0) Gecko Firefox/11.0 (via ggpht.com GoogleImageProxy)"
188.93.56.122 - - [04/Feb/2019:16:06:01 +0700] "GET /tracking.gif?email=katerinabensch%40mail.ru&mailing=375 HTTP/1.0" 200 197 "-" "Mozilla/5.0 (X11; Linux x86_64) AppleWebKit/537.36 (KHTML, like Gecko)"
82.117.168.34 - - [04/Feb/2019:16:06:07 +0700] "GET /browse/?email=lnp%40bsmp.tomsk.ru&mailing=226 HTTP/1.0" 200 152014 "-" "Mozilla/5.0 (Windows NT 6.1; WOW64; Trident/7.0; rv:11.0) like Gecko"
82.117.168.34 - - [04/Feb/2019:16:06:08 +0700] "GET /tracking.gif?email=lnp%40bsmp.tomsk.ru&mailing=226 HTTP/1.0" 200 197 "http://mailing.etobilet.ru/browse/?email=lnp%40bsmp.tomsk.ru&mailing=226" "Mozilla/5.0 (Windows NT 6.1; WOW64; Trident/7.0; rv:11.0) like Gecko"
82.117.168.34 - - [04/Feb/2019:16:06:45 +0700] "GET /unsubscribe/?email=lnp%40bsmp.tomsk.ru&mailing=226 HTTP/1.0" 200 952 "-" "Mozilla/5.0 (Windows NT 6.1; WOW64; Trident/7.0; rv:11.0) like Gecko"
82.117.168.34 - - [04/Feb/2019:16:06:46 +0700] "GET /img/popcorn.svg HTTP/1.0" 200 1187 "http://mailing.etobilet.ru/unsubscribe/?email=lnp%40bsmp.tomsk.ru&mailing=226" "Mozilla/5.0 (Windows NT 6.1; WOW64; Trident/7.0; rv:11.0) like Gecko"
82.117.168.34 - - [04/Feb/2019:16:06:50 +0700] "GET /unsubscribe/?email=lnp%40bsmp.tomsk.ru&mailing=226&confirmed=1 HTTP/1.0" 200 721 "http://mailing.etobilet.ru/unsubscribe/?email=lnp%40bsmp.tomsk.ru&mailing=226" "Mozilla/5.0 (Windows NT 6.1; WOW64; Trident/7.0; rv:11.0) like Gecko"
82.200.111.174 - - [04/Feb/2019:16:07:05 +0700] "GET /tracking.gif?email=2134501%40bk.ru&mailing=384 HTTP/1.0" 200 197 "-" "Mozilla/5.0 (Macintosh; Intel Mac OS X 10_11_6) AppleWebKit/601.7.8 (KHTML, like Gecko)"
82.200.111.174 - - [04/Feb/2019:16:07:28 +0700] "GET /tracking.gif?email=2134501%40bk.ru&mailing=343 HTTP/1.0" 200 197 "-" "Mozilla/5.0 (Macintosh; Intel Mac OS X 10_11_6) AppleWebKit/601.7.8 (KHTML, like Gecko)"
82.200.111.174 - - [04/Feb/2019:16:07:50 +0700] "GET /tracking.gif?email=2134501%40bk.ru&mailing=257 HTTP/1.0" 200 197 "-" "Mozilla/5.0 (Macintosh; Intel Mac OS X 10_11_6) AppleWebKit/601.7.8 (KHTML, like Gecko)"
188.93.56.125 - - [04/Feb/2019:16:10:01 +0700] "GET /tracking.gif?email=kapustin_290583%40mail.ru&mailing=435 HTTP/1.0" 200 197 "-" "Mozilla/5.0 (X11; Linux x86_64) AppleWebKit/537.36 (KHTML, like Gecko)"
82.200.111.174 - - [04/Feb/2019:16:10:07 +0700] "GET /tracking.gif?email=2134501%40bk.ru&mailing=257 HTTP/1.0" 200 197 "-" "Mozilla/5.0 (Macintosh; Intel Mac OS X 10_11_6) AppleWebKit/601.7.8 (KHTML, like Gecko)"
188.93.56.130 - - [04/Feb/2019:16:13:34 +0700] "GET /tracking.gif?email=natalja_kurlova%40list.ru&mailing=463 HTTP/1.0" 200 197 "-" "Mozilla/5.0 (X11; Linux x86_64) AppleWebKit/537.36 (KHTML, like Gecko)"
62.68.141.42 - - [04/Feb/2019:16:14:54 +0700] "GET /tracking.gif?email=vka%40nikolas.ru&mailing=474 HTTP/1.0" 200 197 "-" "Mozilla/4.0 (compatible; MSIE 7.0; Windows NT 10.0; Win64; x64; Trident/7.0; .NET4.0C; .NET4.0E; Microsoft Outlook 16.0.4573; ms-office; MSOffice 16)"
62.68.141.42 - - [04/Feb/2019:16:17:45 +0700] "GET /tracking.gif?email=vka%40nikolas.ru&mailing=474 HTTP/1.0" 200 197 "-" "Mozilla/4.0 (compatible; MSIE 7.0; Windows NT 10.0; Win64; x64; Trident/7.0; .NET4.0C; .NET4.0E; Microsoft Outlook 16.0.4573; ms-office; MSOffice 16)"
62.68.141.42 - - [04/Feb/2019:16:17:46 +0700] "GET /tracking.gif?email=vka%40nikolas.ru&mailing=476 HTTP/1.0" 200 197 "-" "Mozilla/4.0 (compatible; MSIE 7.0; Windows NT 10.0; Win64; x64; Trident/7.0; .NET4.0C; .NET4.0E; Microsoft Outlook 16.0.4573; ms-office; MSOffice 16)"
62.68.141.42 - - [04/Feb/2019:16:17:46 +0700] "GET /tracking.gif?email=vka%40nikolas.ru&mailing=476 HTTP/1.0" 200 197 "-" "Mozilla/4.0 (compatible; MSIE 7.0; Windows NT 10.0; Win64; x64; Trident/7.0; .NET4.0C; .NET4.0E; Microsoft Outlook 16.0.4573; ms-office; MSOffice 16)"
62.68.141.42 - - [04/Feb/2019:16:21:49 +0700] "GET /tracking.gif?email=vka%40nikolas.ru&mailing=477 HTTP/1.0" 200 197 "-" "Mozilla/4.0 (compatible; MSIE 7.0; Windows NT 10.0; Win64; x64; Trident/7.0; .NET4.0C; .NET4.0E; Microsoft Outlook 16.0.4573; ms-office; MSOffice 16)"
62.68.141.42 - - [04/Feb/2019:16:21:49 +0700] "GET /tracking.gif?email=vka%40nikolas.ru&mailing=477 HTTP/1.0" 200 197 "-" "Mozilla/4.0 (compatible; MSIE 7.0; Windows NT 10.0; Win64; x64; Trident/7.0; .NET4.0C; .NET4.0E; Microsoft Outlook 16.0.4573; ms-office; MSOffice 16)"
62.68.141.42 - - [04/Feb/2019:16:21:56 +0700] "GET /tracking.gif?email=vka%40nikolas.ru&mailing=476 HTTP/1.0" 200 197 "-" "Mozilla/4.0 (compatible; MSIE 7.0; Windows NT 10.0; Win64; x64; Trident/7.0; .NET4.0C; .NET4.0E; Microsoft Outlook 16.0.4573; ms-office; MSOffice 16)"
62.68.141.42 - - [04/Feb/2019:16:21:56 +0700] "GET /tracking.gif?email=vka%40nikolas.ru&mailing=476 HTTP/1.0" 200 197 "-" "Mozilla/4.0 (compatible; MSIE 7.0; Windows NT 10.0; Win64; x64; Trident/7.0; .NET4.0C; .NET4.0E; Microsoft Outlook 16.0.4573; ms-office; MSOffice 16)"
62.68.141.42 - - [04/Feb/2019:16:21:57 +0700] "GET /tracking.gif?email=vka%40nikolas.ru&mailing=477 HTTP/1.0" 200 197 "-" "Mozilla/4.0 (compatible; MSIE 7.0; Windows NT 10.0; Win64; x64; Trident/7.0; .NET4.0C; .NET4.0E; Microsoft Outlook 16.0.4573; ms-office; MSOffice 16)"
62.68.141.42 - - [04/Feb/2019:16:21:57 +0700] "GET /tracking.gif?email=vka%40nikolas.ru&mailing=477 HTTP/1.0" 200 197 "-" "Mozilla/4.0 (compatible; MSIE 7.0; Windows NT 10.0; Win64; x64; Trident/7.0; .NET4.0C; .NET4.0E; Microsoft Outlook 16.0.4573; ms-office; MSOffice 16)"
188.93.56.126 - - [04/Feb/2019:16:22:41 +0700] "GET /tracking.gif?email=Kozja06%40mail.ru&mailing=463 HTTP/1.0" 200 197 "-" "Mozilla/5.0 (X11; Linux x86_64) AppleWebKit/537.36 (KHTML, like Gecko)"
5.255.241.233 - - [04/Feb/2019:16:25:48 +0700] "GET /tracking.gif?email=dani.nzr%40yandex.ru&mailing=241 HTTP/1.0" 200 197 "-" "Mozilla/5.0 (compatible; YandexImageResizer/2.0; +http://yandex.com/bots)"
62.68.141.42 - - [04/Feb/2019:16:27:07 +0700] "GET /tracking.gif?email=vka%40nikolas.ru&mailing=477 HTTP/1.0" 200 197 "-" "Mozilla/4.0 (compatible; MSIE 7.0; Windows NT 10.0; Win64; x64; Trident/7.0; .NET4.0C; .NET4.0E; Microsoft Outlook 16.0.4573; ms-office; MSOffice 16)"
62.68.141.42 - - [04/Feb/2019:16:27:07 +0700] "GET /tracking.gif?email=vka%40nikolas.ru&mailing=477 HTTP/1.0" 200 197 "-" "Mozilla/4.0 (compatible; MSIE 7.0; Windows NT 10.0; Win64; x64; Trident/7.0; .NET4.0C; .NET4.0E; Microsoft Outlook 16.0.4573; ms-office; MSOffice 16)"
62.68.141.42 - - [04/Feb/2019:16:28:26 +0700] "GET /tracking.gif?email=vka%40nikolas.ru&mailing=478 HTTP/1.0" 200 197 "-" "Mozilla/4.0 (compatible; MSIE 7.0; Windows NT 10.0; Win64; x64; Trident/7.0; .NET4.0C; .NET4.0E; Microsoft Outlook 16.0.4573; ms-office; MSOffice 16)"
62.68.141.42 - - [04/Feb/2019:16:28:26 +0700] "GET /tracking.gif?email=vka%40nikolas.ru&mailing=478 HTTP/1.0" 200 197 "-" "Mozilla/4.0 (compatible; MSIE 7.0; Windows NT 10.0; Win64; x64; Trident/7.0; .NET4.0C; .NET4.0E; Microsoft Outlook 16.0.4573; ms-office; MSOffice 16)"
62.68.141.42 - - [04/Feb/2019:16:28:32 +0700] "GET /tracking.gif?email=vka%40nikolas.ru&mailing=477 HTTP/1.0" 200 197 "-" "Mozilla/4.0 (compatible; MSIE 7.0; Windows NT 10.0; Win64; x64; Trident/7.0; .NET4.0C; .NET4.0E; Microsoft Outlook 16.0.4573; ms-office; MSOffice 16)"
62.68.141.42 - - [04/Feb/2019:16:28:33 +0700] "GET /tracking.gif?email=vka%40nikolas.ru&mailing=477 HTTP/1.0" 200 197 "-" "Mozilla/4.0 (compatible; MSIE 7.0; Windows NT 10.0; Win64; x64; Trident/7.0; .NET4.0C; .NET4.0E; Microsoft Outlook 16.0.4573; ms-office; MSOffice 16)"
62.68.141.42 - - [04/Feb/2019:16:28:34 +0700] "GET /tracking.gif?email=vka%40nikolas.ru&mailing=478 HTTP/1.0" 200 197 "-" "Mozilla/4.0 (compatible; MSIE 7.0; Windows NT 10.0; Win64; x64; Trident/7.0; .NET4.0C; .NET4.0E; Microsoft Outlook 16.0.4573; ms-office; MSOffice 16)"
62.68.141.42 - - [04/Feb/2019:16:28:34 +0700] "GET /tracking.gif?email=vka%40nikolas.ru&mailing=478 HTTP/1.0" 200 197 "-" "Mozilla/4.0 (compatible; MSIE 7.0; Windows NT 10.0; Win64; x64; Trident/7.0; .NET4.0C; .NET4.0E; Microsoft Outlook 16.0.4573; ms-office; MSOffice 16)"
66.102.9.14 - - [04/Feb/2019:16:29:08 +0700] "GET /tracking.gif?email=mp24978%40gmail.com&mailing=435 HTTP/1.0" 200 197 "-" "Mozilla/5.0 (Windows NT 5.1; rv:11.0) Gecko Firefox/11.0 (via ggpht.com GoogleImageProxy)"
188.93.56.122 - - [04/Feb/2019:16:34:58 +0700] "GET /tracking.gif?email=bond7543%40mail.ru&mailing=435 HTTP/1.0" 200 197 "-" "Mozilla/5.0 (X11; Linux x86_64) AppleWebKit/537.36 (KHTML, like Gecko)"
62.68.141.42 - - [04/Feb/2019:16:35:40 +0700] "GET /tracking.gif?email=vka%40nikolas.ru&mailing=479 HTTP/1.0" 200 197 "-" "Mozilla/4.0 (compatible; MSIE 7.0; Windows NT 10.0; Win64; x64; Trident/7.0; .NET4.0C; .NET4.0E; Microsoft Outlook 16.0.4573; ms-office; MSOffice 16)"
178.74.73.103 - - [04/Feb/2019:16:37:15 +0700] "GET /tracking.gif?email=Valeriya_fomina95%40mail.ru&mailing=435 HTTP/1.0" 200 197 "-" "Mozilla/5.0 (Linux; Android 6.0; DIG-L21HN Build/HUAWEIDIG-L21HN; wv) AppleWebKit/537.36 (KHTML, like Gecko) Version/4.0 Chrome/63.0.3239.111 Mobile Safari/537.36"
62.68.141.42 - - [04/Feb/2019:16:37:34 +0700] "GET /tracking.gif?email=vka%40nikolas.ru&mailing=480 HTTP/1.0" 200 197 "-" "Mozilla/4.0 (compatible; MSIE 7.0; Windows NT 10.0; Win64; x64; Trident/7.0; .NET4.0C; .NET4.0E; Microsoft Outlook 16.0.4573; ms-office; MSOffice 16)"
62.68.141.42 - - [04/Feb/2019:16:37:45 +0700] "GET /tracking.gif?email=vka%40nikolas.ru&mailing=479 HTTP/1.0" 200 197 "-" "Mozilla/4.0 (compatible; MSIE 7.0; Windows NT 10.0; Win64; x64; Trident/7.0; .NET4.0C; .NET4.0E; Microsoft Outlook 16.0.4573; ms-office; MSOffice 16)"
62.68.141.42 - - [04/Feb/2019:16:37:48 +0700] "GET /tracking.gif?email=vka%40nikolas.ru&mailing=480 HTTP/1.0" 200 197 "-" "Mozilla/4.0 (compatible; MSIE 7.0; Windows NT 10.0; Win64; x64; Trident/7.0; .NET4.0C; .NET4.0E; Microsoft Outlook 16.0.4573; ms-office; MSOffice 16)"
62.68.141.42 - - [04/Feb/2019:16:38:03 +0700] "GET /tracking.gif?email=vka%40nikolas.ru&mailing=480 HTTP/1.0" 200 197 "-" "Mozilla/4.0 (compatible; MSIE 7.0; Windows NT 10.0; Win64; x64; Trident/7.0; .NET4.0C; .NET4.0E; Microsoft Outlook 16.0.4573; ms-office; MSOffice 16)"
188.93.56.124 - - [04/Feb/2019:16:40:35 +0700] "GET /tracking.gif?email=824613%40mail.ru&mailing=435 HTTP/1.0" 200 197 "-" "Mozilla/5.0 (X11; Linux x86_64) AppleWebKit/537.36 (KHTML, like Gecko)"
188.93.56.124 - - [04/Feb/2019:16:41:22 +0700] "GET /tracking.gif?email=swat-85%40mail.ru&mailing=435 HTTP/1.0" 200 197 "-" "Mozilla/5.0 (X11; Linux x86_64) AppleWebKit/537.36 (KHTML, like Gecko)"
188.93.56.129 - - [04/Feb/2019:16:45:31 +0700] "GET /tracking.gif?email=k_v_o_94%40mail.ru&mailing=463 HTTP/1.0" 200 197 "-" "Mozilla/5.0 (X11; Linux x86_64) AppleWebKit/537.36 (KHTML, like Gecko)"
188.93.56.127 - - [04/Feb/2019:16:46:20 +0700] "GET /tracking.gif?email=kutepov973%40mail.ru&mailing=435 HTTP/1.0" 200 197 "-" "Mozilla/5.0 (X11; Linux x86_64) AppleWebKit/537.36 (KHTML, like Gecko)"
5.255.241.239 - - [04/Feb/2019:16:48:43 +0700] "GET /tracking.gif?email=Kudryakova1986%40yandex.ru&mailing=463 HTTP/1.0" 200 197 "-" "Mozilla/5.0 (compatible; YandexImageResizer/2.0; +http://yandex.com/bots)"
93.158.130.179 - - [04/Feb/2019:16:51:49 +0700] "GET /tracking.gif?email=ksu.vlasenko%40yandex.ru&mailing=480 HTTP/1.0" 200 197 "-" "Mozilla/5.0 (compatible; YandexImageResizer/2.0; +http://yandex.com/bots)"
5.255.241.229 - - [04/Feb/2019:16:53:18 +0700] "GET /tracking.gif?email=ksu.vlasenko%40yandex.ru&mailing=466 HTTP/1.0" 200 197 "-" "Mozilla/5.0 (compatible; YandexImageResizer/2.0; +http://yandex.com/bots)"
188.93.56.126 - - [04/Feb/2019:16:55:21 +0700] "GET /tracking.gif?email=rover61976%40mail.ru&mailing=370 HTTP/1.0" 200 197 "-" "Mozilla/5.0 (X11; Linux x86_64) AppleWebKit/537.36 (KHTML, like Gecko)"
66.102.9.20 - - [04/Feb/2019:16:56:17 +0700] "GET /tracking.gif?email=egvozdilov.ts.stroy%40gmail.com&mailing=435 HTTP/1.0" 200 197 "-" "Mozilla/5.0 (Windows NT 5.1; rv:11.0) Gecko Firefox/11.0 (via ggpht.com GoogleImageProxy)"
188.93.56.127 - - [04/Feb/2019:16:57:30 +0700] "GET /tracking.gif?email=victoria_zakharova%40inbox.ru&mailing=435 HTTP/1.0" 200 197 "-" "Mozilla/5.0 (X11; Linux x86_64) AppleWebKit/537.36 (KHTML, like Gecko)"
188.93.56.125 - - [04/Feb/2019:16:58:12 +0700] "GET /tracking.gif?email=victoria_zakharova%40inbox.ru&mailing=435 HTTP/1.0" 200 197 "-" "Mozilla/5.0 (X11; Linux x86_64) AppleWebKit/537.36 (KHTML, like Gecko)"
62.68.141.42 - - [04/Feb/2019:16:58:25 +0700] "GET /tracking.gif?email=vka%40nikolas.ru&mailing=480 HTTP/1.0" 200 197 "-" "Mozilla/4.0 (compatible; MSIE 7.0; Windows NT 10.0; Win64; x64; Trident/7.0; .NET4.0C; .NET4.0E; Microsoft Outlook 16.0.4573; ms-office; MSOffice 16)"
62.68.141.42 - - [04/Feb/2019:16:58:26 +0700] "GET /tracking.gif?email=vka%40nikolas.ru&mailing=481 HTTP/1.0" 200 197 "-" "Mozilla/4.0 (compatible; MSIE 7.0; Windows NT 10.0; Win64; x64; Trident/7.0; .NET4.0C; .NET4.0E; Microsoft Outlook 16.0.4573; ms-office; MSOffice 16)"
93.158.130.179 - - [04/Feb/2019:16:59:35 +0700] "GET /tracking.gif?email=ras%40nikolas.ru&mailing=481 HTTP/1.0" 200 197 "-" "Mozilla/5.0 (compatible; YandexImageResizer/2.0; +http://yandex.com/bots)"
188.93.56.130 - - [04/Feb/2019:16:59:54 +0700] "GET /tracking.gif?email=olesya.nesterova.81%40mail.ru&mailing=435 HTTP/1.0" 200 197 "-" "Mozilla/5.0 (X11; Linux x86_64) AppleWebKit/537.36 (KHTML, like Gecko)"
62.68.141.42 - - [04/Feb/2019:17:03:14 +0700] "GET /tracking.gif?email=vka%40nikolas.ru&mailing=481 HTTP/1.0" 200 197 "-" "Mozilla/4.0 (compatible; MSIE 7.0; Windows NT 10.0; Win64; x64; Trident/7.0; .NET4.0C; .NET4.0E; Microsoft Outlook 16.0.4573; ms-office; MSOffice 16)"
188.93.56.123 - - [04/Feb/2019:17:03:57 +0700] "GET /tracking.gif?email=tie80%40mail.ru&mailing=431 HTTP/1.0" 200 197 "-" "Mozilla/5.0 (X11; Linux x86_64) AppleWebKit/537.36 (KHTML, like Gecko)"
93.158.130.171 - - [04/Feb/2019:17:06:27 +0700] "GET /tracking.gif?email=oleastra%40yandex.ru&mailing=435 HTTP/1.0" 200 197 "-" "Mozilla/5.0 (compatible; YandexImageResizer/2.0; +http://yandex.com/bots)"
188.93.56.128 - - [04/Feb/2019:17:12:01 +0700] "GET /tracking.gif?email=elenaludenkova%40mail.ru&mailing=344 HTTP/1.0" 200 197 "-" "Mozilla/5.0 (X11; Linux x86_64) AppleWebKit/537.36 (KHTML, like Gecko)"
5.255.241.233 - - [04/Feb/2019:17:15:04 +0700] "GET /tracking.gif?email=ksu.vlasenko%40yandex.ru&mailing=326 HTTP/1.0" 200 197 "-" "Mozilla/5.0 (compatible; YandexImageResizer/2.0; +http://yandex.com/bots)"
5.255.241.242 - - [04/Feb/2019:17:16:41 +0700] "GET /tracking.gif?email=ksu.vlasenko%40yandex.ru&mailing=313 HTTP/1.0" 200 197 "-" "Mozilla/5.0 (compatible; YandexImageResizer/2.0; +http://yandex.com/bots)"
188.93.56.129 - - [04/Feb/2019:17:18:56 +0700] "GET /tracking.gif?email=ulzana_sir%40mail.ru&mailing=384 HTTP/1.0" 200 197 "-" "Mozilla/5.0 (X11; Linux x86_64) AppleWebKit/537.36 (KHTML, like Gecko)"
95.47.27.222 - - [04/Feb/2019:17:22:21 +0700] "GET /tracking.gif?email=marishulya07%40mail.ru&mailing=383 HTTP/1.0" 200 197 "-" "Mozilla/5.0 (iPhone; CPU iPhone OS 12_1_2 like Mac OS X) AppleWebKit/605.1.15 (KHTML, like Gecko) Mobile/16C101"
176.59.135.89 - - [04/Feb/2019:17:29:31 +0700] "GET /tracking.gif?email=55kotya%40gmail.com&mailing=435 HTTP/1.0" 200 197 "-" "Mozilla/5.0 (iPhone; CPU iPhone OS 12_1_2 like Mac OS X) AppleWebKit/605.1.15 (KHTML, like Gecko) Mobile/16C101"
62.68.141.35 - - [04/Feb/2019:17:29:42 +0700] "GET /tracking.gif?email=sda%40nikolas.ru&mailing=476 HTTP/1.0" 200 197 "-" "Mozilla/5.0 (compatible; MSIE 10.0; Windows NT 10.0; WOW64; Trident/7.0; Microsoft Outlook 16.0.11126; ms-office; MSOffice 16)"
62.68.141.35 - - [04/Feb/2019:17:29:43 +0700] "GET /tracking.gif?email=sda%40nikolas.ru&mailing=476 HTTP/1.0" 200 197 "-" "Mozilla/5.0 (compatible; MSIE 10.0; Windows NT 10.0; WOW64; Trident/7.0; Microsoft Outlook 16.0.11126; ms-office; MSOffice 16)"
185.30.176.27 - - [04/Feb/2019:17:33:19 +0700] "GET /tracking.gif?email=Palich280386%40mail.ru&mailing=435 HTTP/1.0" 200 197 "-" "Mozilla/5.0 (X11; Linux x86_64) AppleWebKit/537.36 (KHTML, like Gecko)"
185.30.176.26 - - [04/Feb/2019:17:33:26 +0700] "GET /tracking.gif?email=Palich280386%40mail.ru&mailing=435 HTTP/1.0" 200 197 "-" "Mozilla/5.0 (X11; Linux x86_64) AppleWebKit/537.36 (KHTML, like Gecko)"
185.30.176.27 - - [04/Feb/2019:17:33:43 +0700] "GET /tracking.gif?email=Palich280386%40mail.ru&mailing=435 HTTP/1.0" 200 197 "-" "Mozilla/5.0 (X11; Linux x86_64) AppleWebKit/537.36 (KHTML, like Gecko)"
5.255.241.248 - - [04/Feb/2019:17:33:53 +0700] "GET /tracking.gif?email=kobecev%40yandex.ru&mailing=431 HTTP/1.0" 200 197 "-" "Mozilla/5.0 (compatible; YandexImageResizer/2.0; +http://yandex.com/bots)"
188.93.56.125 - - [04/Feb/2019:17:41:58 +0700] "GET /tracking.gif?email=nurmaganov.roman%40mail.ru&mailing=435 HTTP/1.0" 200 197 "-" "Mozilla/5.0 (X11; Linux x86_64) AppleWebKit/537.36 (KHTML, like Gecko)"
93.158.130.171 - - [04/Feb/2019:17:52:44 +0700] "GET /tracking.gif?email=dr.under77%40yandex.ru&mailing=435 HTTP/1.0" 200 197 "-" "Mozilla/5.0 (compatible; YandexImageResizer/2.0; +http://yandex.com/bots)"
5.255.241.226 - - [04/Feb/2019:17:53:16 +0700] "GET /tracking.gif?email=dr.under77%40yandex.ru&mailing=375 HTTP/1.0" 200 197 "-" "Mozilla/5.0 (compatible; YandexImageResizer/2.0; +http://yandex.com/bots)"
37.9.65.73 - - [04/Feb/2019:17:53:30 +0700] "GET /tracking.gif?email=dr.under77%40yandex.ru&mailing=330 HTTP/1.0" 200 197 "-" "Mozilla/5.0 (compatible; YandexImageResizer/2.0; +http://yandex.com/bots)"
5.255.241.236 - - [04/Feb/2019:17:53:45 +0700] "GET /tracking.gif?email=dr.under77%40yandex.ru&mailing=241 HTTP/1.0" 200 197 "-" "Mozilla/5.0 (compatible; YandexImageResizer/2.0; +http://yandex.com/bots)"
85.140.22.105 - - [04/Feb/2019:17:54:40 +0700] "GET /tracking.gif?email=sitnikova7577%40yandex.ru&mailing=463 HTTP/1.0" 200 197 "-" "Mozilla/5.0 (Linux; Android 9; BKL-L09 Build/HUAWEIBKL-L09S; wv) AppleWebKit/537.36 (KHTML, like Gecko) Version/4.0 Chrome/72.0.3626.76 Mobile Safari/537.36"
188.93.56.127 - - [04/Feb/2019:17:55:00 +0700] "GET /tracking.gif?email=Kudinov52%40mail.ru&mailing=384 HTTP/1.0" 200 197 "-" "Mozilla/5.0 (X11; Linux x86_64) AppleWebKit/537.36 (KHTML, like Gecko)"
93.158.130.182 - - [04/Feb/2019:18:02:28 +0700] "GET /tracking.gif?email=ksu.vlasenko%40yandex.ru&mailing=378 HTTP/1.0" 200 197 "-" "Mozilla/5.0 (compatible; YandexImageResizer/2.0; +http://yandex.com/bots)"
188.93.56.122 - - [04/Feb/2019:18:04:23 +0700] "GET /tracking.gif?email=kojstrub1997%40mail.ru&mailing=435 HTTP/1.0" 200 197 "-" "Mozilla/5.0 (X11; Linux x86_64) AppleWebKit/537.36 (KHTML, like Gecko)"
66.102.9.14 - - [04/Feb/2019:18:06:29 +0700] "GET /tracking.gif?email=udalov13%40gmail.com&mailing=435 HTTP/1.0" 200 197 "-" "Mozilla/5.0 (Windows NT 5.1; rv:11.0) Gecko Firefox/11.0 (via ggpht.com GoogleImageProxy)"
66.102.9.14 - - [04/Feb/2019:18:06:29 +0700] "GET /tracking.gif?email=Udalov13%40gmail.com&mailing=435 HTTP/1.0" 200 197 "-" "Mozilla/5.0 (Windows NT 5.1; rv:11.0) Gecko Firefox/11.0 (via ggpht.com GoogleImageProxy)"
81.19.78.161 - - [04/Feb/2019:18:09:03 +0700] "GET /tracking.gif?email=dubanovich%40rambler.ru&mailing=435 HTTP/1.0" 200 197 "https://mail.rambler.ru/" "RamblerMail/6.0 (incompatible; ImageProxy/6.0)"
188.93.56.128 - - [04/Feb/2019:18:12:25 +0700] "GET /tracking.gif?email=kojstrub1997%40mail.ru&mailing=375 HTTP/1.0" 200 197 "-" "Mozilla/5.0 (X11; Linux x86_64) AppleWebKit/537.36 (KHTML, like Gecko)"
81.19.78.161 - - [04/Feb/2019:18:13:12 +0700] "GET /tracking.gif?email=dns7809%40rambler.ru&mailing=435 HTTP/1.0" 200 197 "http://mail.rambler.ru/" "RamblerMail/6.0 (incompatible; ImageProxy/6.0)"
93.158.130.173 - - [04/Feb/2019:18:14:41 +0700] "GET /tracking.gif?email=alfiya.iu%40yandex.ru&mailing=430 HTTP/1.0" 200 197 "-" "Mozilla/5.0 (compatible; YandexImageResizer/2.0; +http://yandex.com/bots)"
104.227.246.106 - - [04/Feb/2019:18:16:16 +0700] "GET / HTTP/1.0" 404 180 "-" "Mozilla/5.0 (Windows NT 6.1; WOW64) AppleWebKit/537.36 (KHTML, like Gecko) Chrome/34.0.1847.131 Safari/537.36"
188.93.56.126 - - [04/Feb/2019:18:20:22 +0700] "GET /tracking.gif?email=Cheeeri%40mail.ru&mailing=435 HTTP/1.0" 200 197 "-" "Mozilla/5.0 (X11; Linux x86_64) AppleWebKit/537.36 (KHTML, like Gecko)"
5.255.241.243 - - [04/Feb/2019:18:22:26 +0700] "GET /tracking.gif?email=mdvd%40myttk.ru&mailing=384 HTTP/1.0" 200 197 "-" "Mozilla/5.0 (compatible; YandexImageResizer/2.0; +http://yandex.com/bots)"
188.93.56.126 - - [04/Feb/2019:18:22:53 +0700] "GET /tracking.gif?email=easter88%40mail.ru&mailing=435 HTTP/1.0" 200 197 "-" "Mozilla/5.0 (X11; Linux x86_64) AppleWebKit/537.36 (KHTML, like Gecko)"
178.155.4.91 - - [04/Feb/2019:18:23:07 +0700] "GET /unsubscribe/?email=easter88%40mail.ru&mailing=435 HTTP/1.0" 200 973 "-" "Mozilla/5.0 (Linux; Android 8.0.0; PIC-LX9) AppleWebKit/537.36 (KHTML, like Gecko) Chrome/70.0.3538.80 Mobile Safari/537.36"
178.155.4.91 - - [04/Feb/2019:18:23:08 +0700] "GET /img/popcorn.svg HTTP/1.0" 200 1187 "http://mailing.etobilet.ru/css/main.css" "Mozilla/5.0 (Linux; Android 8.0.0; PIC-LX9) AppleWebKit/537.36 (KHTML, like Gecko) Chrome/70.0.3538.80 Mobile Safari/537.36"
178.155.4.91 - - [04/Feb/2019:18:23:12 +0700] "GET /unsubscribe/?email=easter88%40mail.ru&mailing=435&confirmed=1 HTTP/1.0" 200 744 "http://mailing.etobilet.ru/unsubscribe/?email=easter88%40mail.ru&mailing=435" "Mozilla/5.0 (Linux; Android 8.0.0; PIC-LX9) AppleWebKit/537.36 (KHTML, like Gecko) Chrome/70.0.3538.80 Mobile Safari/537.36"
188.93.56.122 - - [04/Feb/2019:18:24:49 +0700] "GET /tracking.gif?email=pvp04%40mail.ru&mailing=435 HTTP/1.0" 200 197 "-" "Mozilla/5.0 (X11; Linux x86_64) AppleWebKit/537.36 (KHTML, like Gecko)"
93.158.130.181 - - [04/Feb/2019:18:29:32 +0700] "GET /tracking.gif?email=ksu.vlasenko%40yandex.ru&mailing=482 HTTP/1.0" 200 197 "-" "Mozilla/5.0 (compatible; YandexImageResizer/2.0; +http://yandex.com/bots)"
93.158.130.165 - - [04/Feb/2019:18:33:44 +0700] "GET /tracking.gif?email=ksu.vlasenko%40yandex.ru&mailing=483 HTTP/1.0" 200 197 "-" "Mozilla/5.0 (compatible; YandexImageResizer/2.0; +http://yandex.com/bots)"
188.93.56.127 - - [04/Feb/2019:18:34:08 +0700] "GET /tracking.gif?email=mnf1981mnf%40mail.ru&mailing=430 HTTP/1.0" 200 197 "-" "Mozilla/5.0 (X11; Linux x86_64) AppleWebKit/537.36 (KHTML, like Gecko)"
93.158.130.170 - - [04/Feb/2019:18:34:25 +0700] "GET /tracking.gif?email=ras%40nikolas.ru&mailing=482 HTTP/1.0" 200 197 "-" "Mozilla/5.0 (compatible; YandexImageResizer/2.0; +http://yandex.com/bots)"
188.93.56.125 - - [04/Feb/2019:18:35:19 +0700] "GET /tracking.gif?email=mnf1981mnf%40mail.ru&mailing=377 HTTP/1.0" 200 197 "-" "Mozilla/5.0 (X11; Linux x86_64) AppleWebKit/537.36 (KHTML, like Gecko)"
188.93.56.126 - - [04/Feb/2019:18:35:34 +0700] "GET /tracking.gif?email=mnf1981mnf%40mail.ru&mailing=339 HTTP/1.0" 200 197 "-" "Mozilla/5.0 (X11; Linux x86_64) AppleWebKit/537.36 (KHTML, like Gecko)"
37.9.65.83 - - [04/Feb/2019:18:35:41 +0700] "GET /tracking.gif?email=ksu.vlasenko%40yandex.ru&mailing=484 HTTP/1.0" 200 197 "-" "Mozilla/5.0 (compatible; YandexImageResizer/2.0; +http://yandex.com/bots)"
5.255.241.230 - - [04/Feb/2019:18:35:53 +0700] "GET /tracking.gif?email=ksu.vlasenko%40yandex.ru&mailing=485 HTTP/1.0" 200 197 "-" "Mozilla/5.0 (compatible; YandexImageResizer/2.0; +http://yandex.com/bots)"
188.93.56.123 - - [04/Feb/2019:18:36:43 +0700] "GET /tracking.gif?email=Shchan75%40mail.ru&mailing=340 HTTP/1.0" 200 197 "-" "Mozilla/5.0 (X11; Linux x86_64) AppleWebKit/537.36 (KHTML, like Gecko)"
176.59.138.189 - - [04/Feb/2019:18:37:18 +0700] "GET /tracking.gif?email=black_des%40icloud.com&mailing=343 HTTP/1.0" 200 197 "-" "Mozilla/5.0 (iPhone; CPU iPhone OS 12_1_2 like Mac OS X) AppleWebKit/605.1.15 (KHTML, like Gecko) Mobile/16C101"
176.59.138.189 - - [04/Feb/2019:18:37:19 +0700] "GET /tracking.gif?email=black_des%40icloud.com&mailing=384 HTTP/1.0" 200 197 "-" "Mozilla/5.0 (iPhone; CPU iPhone OS 12_1_2 like Mac OS X) AppleWebKit/605.1.15 (KHTML, like Gecko) Mobile/16C101"
176.59.138.189 - - [04/Feb/2019:18:37:22 +0700] "GET /tracking.gif?email=black_des%40icloud.com&mailing=343 HTTP/1.0" 200 197 "-" "Mozilla/5.0 (iPhone; CPU iPhone OS 12_1_2 like Mac OS X) AppleWebKit/605.1.15 (KHTML, like Gecko) Mobile/16C101"
93.158.130.173 - - [04/Feb/2019:18:38:07 +0700] "GET /tracking.gif?email=ksu.vlasenko%40yandex.ru&mailing=485 HTTP/1.0" 200 197 "-" "Mozilla/5.0 (compatible; YandexImageResizer/2.0; +http://yandex.com/bots)"
90.151.201.52 - - [04/Feb/2019:18:38:16 +0700] "GET /tracking.gif?email=Aikoon86%40mail.ru&mailing=430 HTTP/1.0" 200 197 "-" "Mozilla/5.0 (iPhone; CPU iPhone OS 10_0_1 like Mac OS X) AppleWebKit/602.1.50 (KHTML, like Gecko) Mobile/14A403"
62.68.141.42 - - [04/Feb/2019:18:43:05 +0700] "GET /tracking.gif?email=vka%40nikolas.ru&mailing=482 HTTP/1.0" 200 197 "-" "Mozilla/4.0 (compatible; MSIE 7.0; Windows NT 10.0; Win64; x64; Trident/7.0; .NET4.0C; .NET4.0E; Microsoft Outlook 16.0.4573; ms-office; MSOffice 16)"
62.68.141.42 - - [04/Feb/2019:18:43:17 +0700] "GET /tracking.gif?email=vka%40nikolas.ru&mailing=483 HTTP/1.0" 200 197 "-" "Mozilla/4.0 (compatible; MSIE 7.0; Windows NT 10.0; Win64; x64; Trident/7.0; .NET4.0C; .NET4.0E; Microsoft Outlook 16.0.4573; ms-office; MSOffice 16)"
62.68.141.42 - - [04/Feb/2019:18:43:18 +0700] "GET /tracking.gif?email=vka%40nikolas.ru&mailing=484 HTTP/1.0" 200 197 "-" "Mozilla/4.0 (compatible; MSIE 7.0; Windows NT 10.0; Win64; x64; Trident/7.0; .NET4.0C; .NET4.0E; Microsoft Outlook 16.0.4573; ms-office; MSOffice 16)"
62.68.141.42 - - [04/Feb/2019:18:43:18 +0700] "GET /tracking.gif?email=vka%40nikolas.ru&mailing=484 HTTP/1.0" 200 197 "-" "Mozilla/4.0 (compatible; MSIE 7.0; Windows NT 10.0; Win64; x64; Trident/7.0; .NET4.0C; .NET4.0E; Microsoft Outlook 16.0.4573; ms-office; MSOffice 16)"
62.68.141.42 - - [04/Feb/2019:18:43:18 +0700] "GET /tracking.gif?email=vka%40nikolas.ru&mailing=485 HTTP/1.0" 200 197 "-" "Mozilla/4.0 (compatible; MSIE 7.0; Windows NT 10.0; Win64; x64; Trident/7.0; .NET4.0C; .NET4.0E; Microsoft Outlook 16.0.4573; ms-office; MSOffice 16)"
37.9.65.87 - - [04/Feb/2019:18:43:36 +0700] "GET /tracking.gif?email=kuklalili%40yandex.ru&mailing=463 HTTP/1.0" 200 197 "-" "Mozilla/5.0 (compatible; YandexImageResizer/2.0; +http://yandex.com/bots)"
188.93.56.124 - - [04/Feb/2019:18:48:26 +0700] "GET /tracking.gif?email=kibardina.2016%40mail.ru&mailing=370 HTTP/1.0" 200 197 "-" "Mozilla/5.0 (X11; Linux x86_64) AppleWebKit/537.36 (KHTML, like Gecko)"
62.68.141.42 - - [04/Feb/2019:18:52:22 +0700] "GET /tracking.gif?email=vka%40nikolas.ru&mailing=485 HTTP/1.0" 200 197 "-" "Mozilla/4.0 (compatible; MSIE 7.0; Windows NT 10.0; Win64; x64; Trident/7.0; .NET4.0C; .NET4.0E; Microsoft Outlook 16.0.4573; ms-office; MSOffice 16)"
93.158.130.165 - - [04/Feb/2019:18:54:41 +0700] "GET /tracking.gif?email=ras%40nikolas.ru&mailing=485 HTTP/1.0" 200 197 "-" "Mozilla/5.0 (compatible; YandexImageResizer/2.0; +http://yandex.com/bots)"
188.93.56.126 - - [04/Feb/2019:18:57:31 +0700] "GET /tracking.gif?email=89043222606%40mail.ru&mailing=435 HTTP/1.0" 200 197 "-" "Mozilla/5.0 (X11; Linux x86_64) AppleWebKit/537.36 (KHTML, like Gecko)"
5.255.241.228 - - [04/Feb/2019:18:59:39 +0700] "GET /tracking.gif?email=ras%40nikolas.ru&mailing=484 HTTP/1.0" 200 197 "-" "Mozilla/5.0 (compatible; YandexImageResizer/2.0; +http://yandex.com/bots)"
213.87.127.140 - - [04/Feb/2019:19:00:15 +0700] "GET /tracking.gif?email=bolotinaleedia%40gmail.com&mailing=321 HTTP/1.0" 200 197 "-" "Mozilla/5.0 (iPad; CPU OS 12_1_3 like Mac OS X) AppleWebKit/605.1.15 (KHTML, like Gecko) Mobile/16D39"
37.9.65.82 - - [04/Feb/2019:19:02:17 +0700] "GET /tracking.gif?email=ras%40nikolas.ru&mailing=453 HTTP/1.0" 200 197 "-" "Mozilla/5.0 (compatible; YandexImageResizer/2.0; +http://yandex.com/bots)"
5.255.241.232 - - [04/Feb/2019:19:02:21 +0700] "GET /tracking.gif?email=ras%40nikolas.ru&mailing=458 HTTP/1.0" 200 197 "-" "Mozilla/5.0 (compatible; YandexImageResizer/2.0; +http://yandex.com/bots)"
5.255.241.232 - - [04/Feb/2019:19:02:25 +0700] "GET /tracking.gif?email=ras%40nikolas.ru&mailing=457 HTTP/1.0" 200 197 "-" "Mozilla/5.0 (compatible; YandexImageResizer/2.0; +http://yandex.com/bots)"
80.83.235.51 - - [04/Feb/2019:19:02:56 +0700] "GET /tracking.gif?email=prakht%40energye.ru&mailing=485 HTTP/1.0" 200 197 "-" "Mozilla/5.0 (Linux; Android 7.0; HUAWEI CAN-L11 Build/HUAWEICAN-L11; wv) AppleWebKit/537.36 (KHTML, like Gecko) Version/4.0 Chrome/72.0.3626.76 Mobile Safari/537.36"
80.83.235.51 - - [04/Feb/2019:19:03:05 +0700] "GET /tracking.gif?email=prakht%40energye.ru&mailing=484 HTTP/1.0" 200 197 "-" "Mozilla/5.0 (Linux; Android 7.0; HUAWEI CAN-L11 Build/HUAWEICAN-L11; wv) AppleWebKit/537.36 (KHTML, like Gecko) Version/4.0 Chrome/72.0.3626.76 Mobile Safari/537.36"
188.93.56.121 - - [04/Feb/2019:19:09:09 +0700] "GET /tracking.gif?email=Chmak%40list.ru&mailing=270 HTTP/1.0" 200 197 "-" "Mozilla/5.0 (X11; Linux x86_64) AppleWebKit/537.36 (KHTML, like Gecko)"
188.93.56.121 - - [04/Feb/2019:19:13:22 +0700] "GET /tracking.gif?email=Mukhametshinmr%40mail.ru&mailing=463 HTTP/1.0" 200 197 "-" "Mozilla/5.0 (X11; Linux x86_64) AppleWebKit/537.36 (KHTML, like Gecko)"
80.83.235.51 - - [04/Feb/2019:19:15:30 +0700] "GET /tracking.gif?email=prakht%40energye.ru&mailing=482 HTTP/1.0" 200 197 "-" "Mozilla/5.0 (Linux; Android 7.0; HUAWEI CAN-L11 Build/HUAWEICAN-L11; wv) AppleWebKit/537.36 (KHTML, like Gecko) Version/4.0 Chrome/72.0.3626.76 Mobile Safari/537.36"
188.93.56.128 - - [04/Feb/2019:19:16:42 +0700] "GET /tracking.gif?email=babinovich_90%40mail.ru&mailing=317 HTTP/1.0" 200 197 "-" "Mozilla/5.0 (X11; Linux x86_64) AppleWebKit/537.36 (KHTML, like Gecko)"
188.93.56.121 - - [04/Feb/2019:19:16:58 +0700] "GET /tracking.gif?email=plusha98%40bk.ru&mailing=435 HTTP/1.0" 200 197 "-" "Mozilla/5.0 (X11; Linux x86_64) AppleWebKit/537.36 (KHTML, like Gecko)"
95.47.91.187 - - [04/Feb/2019:19:19:41 +0700] "GET /tracking.gif?email=EDWIN186%40YANDEX.RU&mailing=431 HTTP/1.0" 200 197 "-" "Mozilla/5.0 (Linux; Android 7.0; BAH-L09 Build/HUAWEIBAH-L09; wv) AppleWebKit/537.36 (KHTML, like Gecko) Version/4.0 Chrome/72.0.3626.76 Safari/537.36"
188.93.56.128 - - [04/Feb/2019:19:20:02 +0700] "GET /tracking.gif?email=kruchina70%40mail.ru&mailing=435 HTTP/1.0" 200 197 "-" "Mozilla/5.0 (X11; Linux x86_64) AppleWebKit/537.36 (KHTML, like Gecko)"
188.93.56.125 - - [04/Feb/2019:19:21:06 +0700] "GET /tracking.gif?email=antuanna97%40mail.ru&mailing=254 HTTP/1.0" 200 197 "-" "Mozilla/5.0 (X11; Linux x86_64) AppleWebKit/537.36 (KHTML, like Gecko)"
188.93.56.129 - - [04/Feb/2019:19:35:00 +0700] "GET /tracking.gif?email=Vsrudik%40inbox.ru&mailing=280 HTTP/1.0" 200 197 "-" "Mozilla/5.0 (X11; Linux x86_64) AppleWebKit/537.36 (KHTML, like Gecko)"
188.93.56.121 - - [04/Feb/2019:19:35:16 +0700] "GET /tracking.gif?email=saenko_1972%40mail.ru&mailing=435 HTTP/1.0" 200 197 "-" "Mozilla/5.0 (X11; Linux x86_64) AppleWebKit/537.36 (KHTML, like Gecko)"
213.87.154.211 - - [04/Feb/2019:19:35:43 +0700] "GET /tracking.gif?email=nur5450051%40icloud.com&mailing=430 HTTP/1.0" 200 197 "-" "Mozilla/5.0 (iPhone; CPU iPhone OS 12_1_2 like Mac OS X) AppleWebKit/605.1.15 (KHTML, like Gecko) Mobile/16C101"
188.17.60.54 - - [04/Feb/2019:19:37:07 +0700] "GET /tracking.gif?email=galina86-06%40mail.ru&mailing=463 HTTP/1.0" 200 197 "-" "Mozilla/5.0 (Linux; Android 7.0; SM-J710F Build/NRD90M; wv) AppleWebKit/537.36 (KHTML, like Gecko) Version/4.0 Chrome/72.0.3626.76 Mobile Safari/537.36"
188.93.56.124 - - [04/Feb/2019:19:39:57 +0700] "GET /tracking.gif?email=sashenka.soloveva.89%40mail.ru&mailing=384 HTTP/1.0" 200 197 "-" "Mozilla/5.0 (X11; Linux x86_64) AppleWebKit/537.36 (KHTML, like Gecko)"
188.93.56.126 - - [04/Feb/2019:19:47:55 +0700] "GET /tracking.gif?email=A.isakov72%40mail.ru&mailing=270 HTTP/1.0" 200 197 "-" "Mozilla/5.0 (X11; Linux x86_64) AppleWebKit/537.36 (KHTML, like Gecko)"
94.158.1.146 - - [04/Feb/2019:19:53:56 +0700] "GET /tracking.gif?email=midavdom%40yandex.ru&mailing=342 HTTP/1.0" 200 197 "-" "Mozilla/5.0 (Macintosh; Intel Mac OS X 10_12_5) AppleWebKit/603.2.4 (KHTML, like Gecko)"
217.66.156.192 - - [04/Feb/2019:20:08:55 +0700] "GET /tracking.gif?email=ranny_99%40mail.ru&mailing=435 HTTP/1.0" 200 197 "-" "Mozilla/5.0 (iPhone; CPU iPhone OS 9_3_5 like Mac OS X) AppleWebKit/601.1.46 (KHTML, like Gecko) Mobile/13G36"
109.230.128.211 - - [04/Feb/2019:20:10:25 +0700] "GET /tracking.gif?email=panorama_17%40mail.ru&mailing=370 HTTP/1.0" 200 197 "-" "Mozilla/5.0 (Macintosh; Intel Mac OS X 10_14_1) AppleWebKit/605.1.15 (KHTML, like Gecko)"
109.230.128.211 - - [04/Feb/2019:20:10:50 +0700] "GET /tracking.gif?email=panorama_17%40mail.ru&mailing=342 HTTP/1.0" 200 197 "-" "Mozilla/5.0 (Macintosh; Intel Mac OS X 10_14_1) AppleWebKit/605.1.15 (KHTML, like Gecko)"
66.102.9.17 - - [04/Feb/2019:20:18:39 +0700] "GET /tracking.gif?email=katya901103%40gmail.com&mailing=340 HTTP/1.0" 200 197 "-" "Mozilla/5.0 (Windows NT 5.1; rv:11.0) Gecko Firefox/11.0 (via ggpht.com GoogleImageProxy)"
66.102.9.20 - - [04/Feb/2019:20:18:41 +0700] "GET /tracking.gif?email=katya901103%40gmail.com&mailing=342 HTTP/1.0" 200 197 "-" "Mozilla/5.0 (Windows NT 5.1; rv:11.0) Gecko Firefox/11.0 (via ggpht.com GoogleImageProxy)"
188.93.56.123 - - [04/Feb/2019:20:28:02 +0700] "GET /tracking.gif?email=davidenko_77%40mail.ru&mailing=435 HTTP/1.0" 200 197 "-" "Mozilla/5.0 (X11; Linux x86_64) AppleWebKit/537.36 (KHTML, like Gecko)"
188.93.56.121 - - [04/Feb/2019:20:33:13 +0700] "GET /tracking.gif?email=alex_3172%40mail.ru&mailing=435 HTTP/1.0" 200 197 "-" "Mozilla/5.0 (X11; Linux x86_64) AppleWebKit/537.36 (KHTML, like Gecko)"
90.151.201.52 - - [04/Feb/2019:20:34:19 +0700] "GET /tracking.gif?email=Aikoon86%40mail.ru&mailing=430 HTTP/1.0" 200 197 "-" "Mozilla/5.0 (iPhone; CPU iPhone OS 10_0_1 like Mac OS X) AppleWebKit/602.1.50 (KHTML, like Gecko) Mobile/14A403"
93.158.130.171 - - [04/Feb/2019:20:38:47 +0700] "GET /tracking.gif?email=ihcka%40yandex.ru&mailing=409 HTTP/1.0" 200 197 "-" "Mozilla/5.0 (compatible; YandexImageResizer/2.0; +http://yandex.com/bots)"
2.60.168.97 - - [04/Feb/2019:20:39:25 +0700] "GET /tracking.gif?email=isupovev%40icloud.com&mailing=435 HTTP/1.0" 200 197 "-" "Mozilla/5.0 (iPhone; CPU iPhone OS 12_0_1 like Mac OS X) AppleWebKit/605.1.15 (KHTML, like Gecko) Mobile/16A404"
90.151.201.52 - - [04/Feb/2019:20:45:34 +0700] "GET /tracking.gif?email=Aikoon86%40mail.ru&mailing=377 HTTP/1.0" 200 197 "-" "Mozilla/5.0 (iPhone; CPU iPhone OS 10_0_1 like Mac OS X) AppleWebKit/602.1.50 (KHTML, like Gecko) Mobile/14A403"
188.93.56.124 - - [04/Feb/2019:20:45:47 +0700] "GET /tracking.gif?email=Leradolgusheva0404%40mail.ru&mailing=430 HTTP/1.0" 200 197 "-" "Mozilla/5.0 (X11; Linux x86_64) AppleWebKit/537.36 (KHTML, like Gecko)"
188.93.56.124 - - [04/Feb/2019:20:45:48 +0700] "GET /tracking.gif?email=Leradolgusheva0404%40mail.ru&mailing=377 HTTP/1.0" 200 197 "-" "Mozilla/5.0 (X11; Linux x86_64) AppleWebKit/537.36 (KHTML, like Gecko)"
188.93.56.127 - - [04/Feb/2019:20:49:34 +0700] "GET /tracking.gif?email=raver63%40mail.ru&mailing=435 HTTP/1.0" 200 197 "-" "Mozilla/5.0 (X11; Linux x86_64) AppleWebKit/537.36 (KHTML, like Gecko)"
188.93.56.127 - - [04/Feb/2019:20:51:12 +0700] "GET /tracking.gif?email=Bondarenko.75%40mail.ru&mailing=346 HTTP/1.0" 200 197 "-" "Mozilla/5.0 (X11; Linux x86_64) AppleWebKit/537.36 (KHTML, like Gecko)"
78.109.36.137 - - [04/Feb/2019:20:51:41 +0700] "GET /tracking.gif?email=prakht%40energye.ru&mailing=459 HTTP/1.0" 200 197 "-" "Mozilla/5.0 (Linux; Android 7.0; HUAWEI CAN-L11 Build/HUAWEICAN-L11; wv) AppleWebKit/537.36 (KHTML, like Gecko) Version/4.0 Chrome/72.0.3626.76 Mobile Safari/537.36"
37.9.65.88 - - [04/Feb/2019:20:53:50 +0700] "GET /tracking.gif?email=ksu.vlasenko%40yandex.ru&mailing=482 HTTP/1.0" 200 197 "-" "Mozilla/5.0 (compatible; YandexImageResizer/2.0; +http://yandex.com/bots)"
78.109.36.137 - - [04/Feb/2019:20:56:40 +0700] "GET /tracking.gif?email=prakht%40energye.ru&mailing=456 HTTP/1.0" 200 197 "-" "Mozilla/5.0 (Linux; Android 7.0; HUAWEI CAN-L11 Build/HUAWEICAN-L11; wv) AppleWebKit/537.36 (KHTML, like Gecko) Version/4.0 Chrome/72.0.3626.76 Mobile Safari/537.36"
78.109.36.137 - - [04/Feb/2019:20:56:58 +0700] "GET /tracking.gif?email=prakht%40energye.ru&mailing=460 HTTP/1.0" 200 197 "-" "Mozilla/5.0 (Linux; Android 7.0; HUAWEI CAN-L11 Build/HUAWEICAN-L11; wv) AppleWebKit/537.36 (KHTML, like Gecko) Version/4.0 Chrome/72.0.3626.76 Mobile Safari/537.36"
176.59.197.120 - - [04/Feb/2019:20:57:23 +0700] "GET /tracking.gif?email=normalgleb%40live.ru&mailing=463 HTTP/1.0" 200 197 "-" "Mozilla/5.0 (Linux; Android 7.0; SM-G920F Build/NRD90M; wv) AppleWebKit/537.36 (KHTML, like Gecko) Version/4.0 Chrome/72.0.3626.76 Mobile Safari/537.36"
176.59.197.120 - - [04/Feb/2019:20:57:39 +0700] "GET /tracking.gif?email=normalgleb%40live.ru&mailing=463 HTTP/1.0" 200 197 "-" "Mozilla/5.0 (Linux; Android 7.0; SM-G920F Build/NRD90M; wv) AppleWebKit/537.36 (KHTML, like Gecko) Version/4.0 Chrome/72.0.3626.76 Mobile Safari/537.36"
188.93.56.124 - - [04/Feb/2019:20:57:57 +0700] "GET /tracking.gif?email=domo74%40mail.ru&mailing=435 HTTP/1.0" 200 197 "-" "Mozilla/5.0 (X11; Linux x86_64) AppleWebKit/537.36 (KHTML, like Gecko)"
90.151.204.220 - - [04/Feb/2019:21:22:48 +0700] "GET /tracking.gif?email=olya_martynova07%40mail.ru&mailing=430 HTTP/1.0" 200 197 "-" "Mozilla/5.0 (iPhone; CPU iPhone OS 11_2_5 like Mac OS X) AppleWebKit/604.5.6 (KHTML, like Gecko) Mobile/15D60"
176.59.205.211 - - [04/Feb/2019:21:26:43 +0700] "GET /tracking.gif?email=zaksenova95%40icloud.com&mailing=463 HTTP/1.0" 200 197 "-" "Mozilla/5.0 (iPhone; CPU iPhone OS 10_3_3 like Mac OS X) AppleWebKit/603.3.8 (KHTML, like Gecko) Mobile/14G60"
188.93.56.123 - - [04/Feb/2019:21:28:39 +0700] "GET /tracking.gif?email=Rvotchinnikova%40mail.ru&mailing=377 HTTP/1.0" 200 197 "-" "Mozilla/5.0 (X11; Linux x86_64) AppleWebKit/537.36 (KHTML, like Gecko)"
188.93.56.122 - - [04/Feb/2019:21:30:55 +0700] "GET /tracking.gif?email=teka-kz89%40mail.ru&mailing=435 HTTP/1.0" 200 197 "-" "Mozilla/5.0 (X11; Linux x86_64) AppleWebKit/537.36 (KHTML, like Gecko)"
178.216.222.246 - - [04/Feb/2019:21:31:01 +0700] "GET /tracking.gif?email=kirill.gulyaev.228%40mail.ru&mailing=435 HTTP/1.0" 200 197 "-" "Mozilla/5.0 (iPhone; CPU iPhone OS 12_1_2 like Mac OS X) AppleWebKit/605.1.15 (KHTML, like Gecko) Mobile/16C101"
176.59.208.88 - - [04/Feb/2019:21:32:00 +0700] "GET /tracking.gif?email=Karollina89.89%40mail.ru&mailing=430 HTTP/1.0" 200 197 "-" "Mozilla/5.0 (iPhone; CPU iPhone OS 12_1_2 like Mac OS X) AppleWebKit/605.1.15 (KHTML, like Gecko) Mobile/16C104"
2.60.205.253 - - [04/Feb/2019:21:32:02 +0700] "GET /tracking.gif?email=hellaz%40mail.ru&mailing=375 HTTP/1.0" 200 197 "-" "Mozilla/5.0 (Macintosh; Intel Mac OS X 10_14_2) AppleWebKit/605.1.15 (KHTML, like Gecko)"
188.93.56.126 - - [04/Feb/2019:21:33:09 +0700] "GET /tracking.gif?email=poyunov%40list.ru&mailing=435 HTTP/1.0" 200 197 "-" "Mozilla/5.0 (X11; Linux x86_64) AppleWebKit/537.36 (KHTML, like Gecko)"
