66.102.9.17 - - [16/Jan/2019:01:29:54 +0700] "GET /tracking.gif?email=bako280590%40gmail.com&mailing=241 HTTP/1.0" 200 197 "-" "Mozilla/5.0 (Windows NT 5.1; rv:11.0) Gecko Firefox/11.0 (via ggpht.com GoogleImageProxy)"
188.93.56.129 - - [16/Jan/2019:01:43:23 +0700] "GET /tracking.gif?email=Radu-26%40mail.ru&mailing=321 HTTP/1.0" 200 197 "-" "Mozilla/5.0 (X11; Linux x86_64) AppleWebKit/537.36 (KHTML, like Gecko)"
188.93.56.128 - - [16/Jan/2019:01:48:11 +0700] "GET /tracking.gif?email=kamil_tuhtametov%40mail.ru&mailing=304 HTTP/1.0" 200 197 "-" "Mozilla/5.0 (X11; Linux x86_64) AppleWebKit/537.36 (KHTML, like Gecko)"
85.140.22.21 - - [16/Jan/2019:01:49:01 +0700] "GET /unsubscribe/?email=kamil_tuhtametov%40mail.ru&mailing=304 HTTP/1.0" 200 993 "-" "Mozilla/5.0 (Linux; Android 7.0; ASUS_X008D Build/NRD90M) AppleWebKit/537.36 (KHTML, like Gecko) Chrome/64.0.3282.137 Mobile Safari/537.36"
85.140.22.21 - - [16/Jan/2019:01:49:02 +0700] "GET /img/popcorn.svg HTTP/1.0" 200 1187 "http://mailing.etobilet.ru/css/main.css" "Mozilla/5.0 (Linux; Android 7.0; ASUS_X008D Build/NRD90M) AppleWebKit/537.36 (KHTML, like Gecko) Chrome/64.0.3282.137 Mobile Safari/537.36"
85.140.22.21 - - [16/Jan/2019:01:49:08 +0700] "GET /unsubscribe/?email=kamil_tuhtametov%40mail.ru&mailing=304&confirmed=1 HTTP/1.0" 200 748 "http://mailing.etobilet.ru/unsubscribe/?email=kamil_tuhtametov%40mail.ru&mailing=304" "Mozilla/5.0 (Linux; Android 7.0; ASUS_X008D Build/NRD90M) AppleWebKit/537.36 (KHTML, like Gecko) Chrome/64.0.3282.137 Mobile Safari/537.36"
188.93.56.129 - - [16/Jan/2019:01:51:50 +0700] "GET /tracking.gif?email=berk-irina07%40mail.ru&mailing=308 HTTP/1.0" 200 197 "-" "Mozilla/5.0 (X11; Linux x86_64) AppleWebKit/537.36 (KHTML, like Gecko)"
185.30.176.26 - - [16/Jan/2019:02:10:47 +0700] "GET /tracking.gif?email=losik77%40mail.ru&mailing=274 HTTP/1.0" 200 197 "-" "Mozilla/5.0 (X11; Linux x86_64) AppleWebKit/537.36 (KHTML, like Gecko)"
188.162.245.230 - - [16/Jan/2019:02:31:04 +0700] "GET /tracking.gif?email=Varvara.gorbunova5%40gmail.com&mailing=320 HTTP/1.0" 200 197 "-" "Mozilla/5.0 (iPhone; CPU iPhone OS 12_1_2 like Mac OS X) AppleWebKit/605.1.15 (KHTML, like Gecko) Mobile/16C101"
213.87.225.162 - - [16/Jan/2019:02:37:26 +0700] "GET /tracking.gif?email=boris.kiba-95%40mail.ru&mailing=321 HTTP/1.0" 200 197 "-" "Mozilla/5.0 (iPhone; CPU iPhone OS 11_4_1 like Mac OS X) AppleWebKit/605.1.15 (KHTML, like Gecko) Mobile/15G77"
188.93.56.129 - - [16/Jan/2019:02:41:44 +0700] "GET /tracking.gif?email=Neo_irk%40mail.ru&mailing=320 HTTP/1.0" 200 197 "-" "Mozilla/5.0 (X11; Linux x86_64) AppleWebKit/537.36 (KHTML, like Gecko)"
188.93.56.122 - - [16/Jan/2019:02:41:56 +0700] "GET /tracking.gif?email=Neo_irk%40mail.ru&mailing=320 HTTP/1.0" 200 197 "-" "Mozilla/5.0 (X11; Linux x86_64) AppleWebKit/537.36 (KHTML, like Gecko)"
188.93.56.126 - - [16/Jan/2019:03:08:55 +0700] "GET /tracking.gif?email=lipanovam%40mail.ru&mailing=321 HTTP/1.0" 200 197 "-" "Mozilla/5.0 (X11; Linux x86_64) AppleWebKit/537.36 (KHTML, like Gecko)"
188.93.56.122 - - [16/Jan/2019:03:11:40 +0700] "GET /tracking.gif?email=eshib%40mail.ru&mailing=274 HTTP/1.0" 200 197 "-" "Mozilla/5.0 (X11; Linux x86_64) AppleWebKit/537.36 (KHTML, like Gecko)"
188.19.167.173 - - [16/Jan/2019:03:19:52 +0700] "GET /tracking.gif?email=sheberstov%40mail.ru&mailing=312 HTTP/1.0" 200 197 "-" "Mozilla/4.0 (compatible; MSIE 7.0; Windows NT 10.0; WOW64; Trident/7.0; .NET4.0C; .NET4.0E; .NET CLR 2.0.50727; .NET CLR 3.0.30729; .NET CLR 3.5.30729; Microsoft Outlook 16.0.4266; ms-office; MSOffice 16)"
188.19.167.173 - - [16/Jan/2019:03:20:17 +0700] "GET /tracking.gif?email=sheberstov%40mail.ru&mailing=311 HTTP/1.0" 200 197 "-" "Mozilla/4.0 (compatible; MSIE 7.0; Windows NT 10.0; WOW64; Trident/7.0; .NET4.0C; .NET4.0E; .NET CLR 2.0.50727; .NET CLR 3.0.30729; .NET CLR 3.5.30729; Microsoft Outlook 16.0.4266; ms-office; MSOffice 16)"
188.19.167.173 - - [16/Jan/2019:03:20:30 +0700] "GET /tracking.gif?email=sheberstov%40mail.ru&mailing=309 HTTP/1.0" 200 197 "-" "Mozilla/4.0 (compatible; MSIE 7.0; Windows NT 10.0; WOW64; Trident/7.0; .NET4.0C; .NET4.0E; .NET CLR 2.0.50727; .NET CLR 3.0.30729; .NET CLR 3.5.30729; Microsoft Outlook 16.0.4266; ms-office; MSOffice 16)"
188.19.167.173 - - [16/Jan/2019:03:20:52 +0700] "GET /tracking.gif?email=sheberstov%40mail.ru&mailing=308 HTTP/1.0" 200 197 "-" "Mozilla/4.0 (compatible; MSIE 7.0; Windows NT 10.0; WOW64; Trident/7.0; .NET4.0C; .NET4.0E; .NET CLR 2.0.50727; .NET CLR 3.0.30729; .NET CLR 3.5.30729; Microsoft Outlook 16.0.4266; ms-office; MSOffice 16)"
188.19.51.161 - - [16/Jan/2019:03:21:28 +0700] "GET /tracking.gif?email=roma030983%40gmail.com&mailing=316 HTTP/1.0" 200 197 "-" "Mozilla/5.0 (iPhone; CPU iPhone OS 12_1_2 like Mac OS X) AppleWebKit/605.1.15 (KHTML, like Gecko) Mobile/16C101"
188.19.51.161 - - [16/Jan/2019:03:21:45 +0700] "GET /unsubscribe/?email=roma030983%40gmail.com&mailing=316 HTTP/1.0" 200 990 "-" "Mozilla/5.0 (iPhone; CPU iPhone OS 12_1_2 like Mac OS X) AppleWebKit/605.1.15 (KHTML, like Gecko) Version/12.0 Mobile/15E148 Safari/604.1"
188.19.51.161 - - [16/Jan/2019:03:21:46 +0700] "GET /img/popcorn.svg HTTP/1.0" 200 1187 "http://mailing.etobilet.ru/unsubscribe/?email=roma030983%40gmail.com&mailing=316" "Mozilla/5.0 (iPhone; CPU iPhone OS 12_1_2 like Mac OS X) AppleWebKit/605.1.15 (KHTML, like Gecko) Version/12.0 Mobile/15E148 Safari/604.1"
188.19.51.161 - - [16/Jan/2019:03:21:47 +0700] "GET /unsubscribe/?email=roma030983%40gmail.com&mailing=316&confirmed=1 HTTP/1.0" 200 753 "http://mailing.etobilet.ru/unsubscribe/?email=roma030983%40gmail.com&mailing=316" "Mozilla/5.0 (iPhone; CPU iPhone OS 12_1_2 like Mac OS X) AppleWebKit/605.1.15 (KHTML, like Gecko) Version/12.0 Mobile/15E148 Safari/604.1"
188.19.51.161 - - [16/Jan/2019:03:21:55 +0700] "GET /unsubscribe/?email=roma030983%40gmail.com&mailing=316&confirmed=1 HTTP/1.0" 200 753 "http://mailing.etobilet.ru/unsubscribe/?email=roma030983%40gmail.com&mailing=316" "Mozilla/5.0 (iPhone; CPU iPhone OS 12_1_2 like Mac OS X) AppleWebKit/605.1.15 (KHTML, like Gecko) Version/12.0 Mobile/15E148 Safari/604.1"
188.19.51.161 - - [16/Jan/2019:03:21:59 +0700] "GET /unsubscribe/?email=roma030983%40gmail.com&mailing=316&confirmed=1 HTTP/1.0" 200 753 "http://mailing.etobilet.ru/unsubscribe/?email=roma030983%40gmail.com&mailing=316" "Mozilla/5.0 (iPhone; CPU iPhone OS 12_1_2 like Mac OS X) AppleWebKit/605.1.15 (KHTML, like Gecko) Version/12.0 Mobile/15E148 Safari/604.1"
188.93.56.121 - - [16/Jan/2019:04:26:10 +0700] "GET /tracking.gif?email=Zhitov_sergei%40mail.ru&mailing=320 HTTP/1.0" 200 197 "-" "Mozilla/5.0 (X11; Linux x86_64) AppleWebKit/537.36 (KHTML, like Gecko)"
188.93.56.126 - - [16/Jan/2019:04:27:07 +0700] "GET /tracking.gif?email=innusik1971%40mail.ru&mailing=321 HTTP/1.0" 200 197 "-" "Mozilla/5.0 (X11; Linux x86_64) AppleWebKit/537.36 (KHTML, like Gecko)"
188.93.56.126 - - [16/Jan/2019:04:32:43 +0700] "GET /tracking.gif?email=tolstyirak%40mail.ru&mailing=321 HTTP/1.0" 200 197 "-" "Mozilla/5.0 (X11; Linux x86_64) AppleWebKit/537.36 (KHTML, like Gecko)"
77.40.2.238 - - [16/Jan/2019:05:08:06 +0700] "GET /tracking.gif?email=voron1976%40ya.ru&mailing=257 HTTP/1.0" 200 197 "-" "Mozilla/5.0 (Macintosh; Intel Mac OS X 10_14) AppleWebKit/605.1.15 (KHTML, like Gecko)"
77.40.2.238 - - [16/Jan/2019:05:23:40 +0700] "GET /tracking.gif?email=voron1976%40ya.ru&mailing=226 HTTP/1.0" 200 197 "-" "Mozilla/5.0 (Macintosh; Intel Mac OS X 10_14) AppleWebKit/605.1.15 (KHTML, like Gecko)"
188.93.56.129 - - [16/Jan/2019:06:33:52 +0700] "GET /tracking.gif?email=chernika.lera%40mail.ru&mailing=279 HTTP/1.0" 200 197 "-" "Mozilla/5.0 (X11; Linux x86_64) AppleWebKit/537.36 (KHTML, like Gecko)"
188.93.56.128 - - [16/Jan/2019:06:55:15 +0700] "GET /tracking.gif?email=penkin_mebel%40mail.ru&mailing=274 HTTP/1.0" 200 197 "-" "Mozilla/5.0 (X11; Linux x86_64) AppleWebKit/537.36 (KHTML, like Gecko)"
178.47.114.37 - - [16/Jan/2019:07:11:53 +0700] "GET /tracking.gif?email=d.karkaev%40icloud.com&mailing=316 HTTP/1.0" 200 197 "-" "Mozilla/5.0 (iPhone; CPU iPhone OS 12_1_2 like Mac OS X) AppleWebKit/605.1.15 (KHTML, like Gecko) Mobile/16C101"
176.213.212.160 - - [16/Jan/2019:07:15:38 +0700] "GET /tracking.gif?email=Lenchen_65%40mail.ru&mailing=321 HTTP/1.0" 200 197 "-" "Mozilla/5.0 (Linux; Android 8.1.0; PAR-LX1 Build/HUAWEIPAR-LX1; wv) AppleWebKit/537.36 (KHTML, like Gecko) Version/4.0 Chrome/71.0.3578.99 Mobile Safari/537.36"
188.93.56.125 - - [16/Jan/2019:07:32:06 +0700] "GET /tracking.gif?email=lidazima%40mail.ru&mailing=320 HTTP/1.0" 200 197 "-" "Mozilla/5.0 (X11; Linux x86_64) AppleWebKit/537.36 (KHTML, like Gecko)"
188.93.56.122 - - [16/Jan/2019:07:32:50 +0700] "GET /tracking.gif?email=nastyash96%40mail.ru&mailing=320 HTTP/1.0" 200 197 "-" "Mozilla/5.0 (X11; Linux x86_64) AppleWebKit/537.36 (KHTML, like Gecko)"
188.93.56.122 - - [16/Jan/2019:07:33:00 +0700] "GET /tracking.gif?email=nastyash96%40mail.ru&mailing=318 HTTP/1.0" 200 197 "-" "Mozilla/5.0 (X11; Linux x86_64) AppleWebKit/537.36 (KHTML, like Gecko)"
31.173.240.171 - - [16/Jan/2019:07:49:08 +0700] "GET /tracking.gif?email=Pmi.81%40mail.ru&mailing=286 HTTP/1.0" 200 197 "-" "Mozilla/5.0 (iPhone; CPU iPhone OS 10_3_3 like Mac OS X) AppleWebKit/603.3.8 (KHTML, like Gecko) Mobile/14G60"
188.93.56.123 - - [16/Jan/2019:07:56:54 +0700] "GET /tracking.gif?email=ulyadyakovchenko%40mail.ru&mailing=318 HTTP/1.0" 200 197 "-" "Mozilla/5.0 (X11; Linux x86_64) AppleWebKit/537.36 (KHTML, like Gecko)"
178.154.244.1 - - [16/Jan/2019:07:56:57 +0700] "GET /robots.txt HTTP/1.0" 404 180 "-" "Mozilla/5.0 (compatible; YandexBot/3.0; +http://yandex.com/bots)"
178.154.244.1 - - [16/Jan/2019:07:57:01 +0700] "GET / HTTP/1.0" 404 180 "-" "Mozilla/5.0 (compatible; YandexBot/3.0; +http://yandex.com/bots)"
188.93.56.126 - - [16/Jan/2019:08:15:29 +0700] "GET /tracking.gif?email=vanek999_is%40mail.ru&mailing=286 HTTP/1.0" 200 197 "-" "Mozilla/5.0 (X11; Linux x86_64) AppleWebKit/537.36 (KHTML, like Gecko)"
188.17.57.139 - - [16/Jan/2019:08:27:50 +0700] "GET /tracking.gif?email=kuraev75%40rambler.ru&mailing=252 HTTP/1.0" 200 197 "-" "Mozilla/5.0 (iPhone; CPU iPhone OS 12_1_2 like Mac OS X) AppleWebKit/605.1.15 (KHTML, like Gecko) Mobile/16C101"
188.17.57.139 - - [16/Jan/2019:08:27:50 +0700] "GET /tracking.gif?email=kuraev75%40rambler.ru&mailing=252 HTTP/1.0" 200 197 "-" "Mozilla/5.0 (iPhone; CPU iPhone OS 12_1_2 like Mac OS X) AppleWebKit/605.1.15 (KHTML, like Gecko) Mobile/16C101"
188.17.57.139 - - [16/Jan/2019:08:27:51 +0700] "GET /tracking.gif?email=kuraev75%40rambler.ru&mailing=252 HTTP/1.0" 200 197 "-" "Mozilla/5.0 (iPhone; CPU iPhone OS 12_1_2 like Mac OS X) AppleWebKit/605.1.15 (KHTML, like Gecko) Mobile/16C101"
188.17.57.139 - - [16/Jan/2019:08:28:23 +0700] "GET /tracking.gif?email=kuraev75%40rambler.ru&mailing=235 HTTP/1.0" 200 197 "-" "Mozilla/5.0 (iPhone; CPU iPhone OS 12_1_2 like Mac OS X) AppleWebKit/605.1.15 (KHTML, like Gecko) Mobile/16C101"
188.93.56.128 - - [16/Jan/2019:08:34:18 +0700] "GET /tracking.gif?email=rustam.sidorov.2000%40mail.ru&mailing=318 HTTP/1.0" 200 197 "-" "Mozilla/5.0 (X11; Linux x86_64) AppleWebKit/537.36 (KHTML, like Gecko)"
188.93.56.125 - - [16/Jan/2019:08:41:51 +0700] "GET /tracking.gif?email=Vaness-_-yes%40mail.ru&mailing=320 HTTP/1.0" 200 197 "-" "Mozilla/5.0 (X11; Linux x86_64) AppleWebKit/537.36 (KHTML, like Gecko)"
188.93.56.125 - - [16/Jan/2019:08:42:07 +0700] "GET /tracking.gif?email=Vaness-_-yes%40mail.ru&mailing=320 HTTP/1.0" 200 197 "-" "Mozilla/5.0 (X11; Linux x86_64) AppleWebKit/537.36 (KHTML, like Gecko)"
188.93.56.128 - - [16/Jan/2019:08:44:18 +0700] "GET /tracking.gif?email=siera2%40mail.ru&mailing=321 HTTP/1.0" 200 197 "-" "Mozilla/5.0 (X11; Linux x86_64) AppleWebKit/537.36 (KHTML, like Gecko)"
5.255.241.239 - - [16/Jan/2019:08:45:16 +0700] "GET /tracking.gif?email=Ylitvinenko%40yandex.ru&mailing=264 HTTP/1.0" 200 197 "-" "Mozilla/5.0 (compatible; YandexImageResizer/2.0; +http://yandex.com/bots)"
176.59.139.120 - - [16/Jan/2019:08:51:38 +0700] "GET /tracking.gif?email=n.myxa88%40mail.ru&mailing=274 HTTP/1.0" 200 197 "-" "Mozilla/5.0 (Linux; Android 8.1.0; SNE-LX1 Build/HUAWEISNE-LX1; wv) AppleWebKit/537.36 (KHTML, like Gecko) Version/4.0 Chrome/71.0.3578.99 Mobile Safari/537.36"
188.93.56.124 - - [16/Jan/2019:08:52:05 +0700] "GET /tracking.gif?email=vsbirk%40mail.ru&mailing=320 HTTP/1.0" 200 197 "-" "Mozilla/5.0 (X11; Linux x86_64) AppleWebKit/537.36 (KHTML, like Gecko)"
176.59.141.192 - - [16/Jan/2019:08:52:14 +0700] "GET /tracking.gif?email=surganchik%40mail.ru&mailing=321 HTTP/1.0" 200 197 "-" "Mozilla/5.0 (Linux; Android 7.0; SM-A510F Build/NRD90M; wv) AppleWebKit/537.36 (KHTML, like Gecko) Version/4.0 Chrome/65.0.3325.109 Mobile Safari/537.36"
66.102.9.14 - - [16/Jan/2019:08:52:19 +0700] "GET /unsubscribe/?email=surganchik%40mail.ru&mailing=321 HTTP/1.0" 200 980 "-" "Mozilla/5.0 (Linux; Android 7.0; SM-A510F Build/NRD90M) AppleWebKit/537.36 (KHTML, like Gecko) Chrome/65.0.3325.109 Mobile Safari/537.36"
66.102.9.14 - - [16/Jan/2019:08:52:20 +0700] "GET /img/popcorn.svg HTTP/1.0" 200 1187 "http://mailing.etobilet.ru/css/main.css" "Mozilla/5.0 (Linux; Android 7.0; SM-A510F Build/NRD90M) AppleWebKit/537.36 (KHTML, like Gecko) Chrome/65.0.3325.109 Mobile Safari/537.36"
66.102.9.14 - - [16/Jan/2019:08:52:22 +0700] "GET /unsubscribe/?email=surganchik%40mail.ru&mailing=321&confirmed=1 HTTP/1.0" 200 747 "http://mailing.etobilet.ru/unsubscribe/?email=surganchik%40mail.ru&mailing=321" "Mozilla/5.0 (Linux; Android 7.0; SM-A510F Build/NRD90M) AppleWebKit/537.36 (KHTML, like Gecko) Chrome/65.0.3325.109 Mobile Safari/537.36"
93.158.130.178 - - [16/Jan/2019:08:54:54 +0700] "GET /tracking.gif?email=idnatasha%40yandex.ru&mailing=317 HTTP/1.0" 200 197 "-" "Mozilla/5.0 (compatible; YandexImageResizer/2.0; +http://yandex.com/bots)"
93.158.130.164 - - [16/Jan/2019:09:03:24 +0700] "GET /tracking.gif?email=cool.ttk%40ya.ru&mailing=320 HTTP/1.0" 200 197 "-" "Mozilla/5.0 (compatible; YandexImageResizer/2.0; +http://yandex.com/bots)"
5.255.241.247 - - [16/Jan/2019:09:13:16 +0700] "GET /tracking.gif?email=Fyodorova.Nastena%40yandex.ru&mailing=320 HTTP/1.0" 200 197 "-" "Mozilla/5.0 (compatible; YandexImageResizer/2.0; +http://yandex.com/bots)"
66.102.9.20 - - [16/Jan/2019:09:19:30 +0700] "GET /tracking.gif?email=shkolkina1982%40gmail.com&mailing=312 HTTP/1.0" 200 197 "-" "Mozilla/5.0 (Windows NT 5.1; rv:11.0) Gecko Firefox/11.0 (via ggpht.com GoogleImageProxy)"
66.102.9.17 - - [16/Jan/2019:09:20:15 +0700] "GET /tracking.gif?email=shkolkina1982%40gmail.com&mailing=308 HTTP/1.0" 200 197 "-" "Mozilla/5.0 (Windows NT 5.1; rv:11.0) Gecko Firefox/11.0 (via ggpht.com GoogleImageProxy)"
66.102.9.14 - - [16/Jan/2019:09:21:22 +0700] "GET /tracking.gif?email=shkolkina1982%40gmail.com&mailing=304 HTTP/1.0" 200 197 "-" "Mozilla/5.0 (Windows NT 5.1; rv:11.0) Gecko Firefox/11.0 (via ggpht.com GoogleImageProxy)"
66.102.9.17 - - [16/Jan/2019:09:22:18 +0700] "GET /tracking.gif?email=shkolkina1982%40gmail.com&mailing=294 HTTP/1.0" 200 197 "-" "Mozilla/5.0 (Windows NT 5.1; rv:11.0) Gecko Firefox/11.0 (via ggpht.com GoogleImageProxy)"
66.102.9.17 - - [16/Jan/2019:09:30:22 +0700] "GET /tracking.gif?email=elleton%40gmail.com&mailing=268 HTTP/1.0" 200 197 "-" "Mozilla/5.0 (Windows NT 5.1; rv:11.0) Gecko Firefox/11.0 (via ggpht.com GoogleImageProxy)"
188.93.56.128 - - [16/Jan/2019:09:31:06 +0700] "GET /tracking.gif?email=ulyanka_nazarenko%40mail.ru&mailing=280 HTTP/1.0" 200 197 "-" "Mozilla/5.0 (X11; Linux x86_64) AppleWebKit/537.36 (KHTML, like Gecko)"
188.93.56.124 - - [16/Jan/2019:09:41:57 +0700] "GET /tracking.gif?email=sannikova.angelina98%40mail.ru&mailing=321 HTTP/1.0" 200 197 "-" "Mozilla/5.0 (X11; Linux x86_64) AppleWebKit/537.36 (KHTML, like Gecko)"
188.93.56.130 - - [16/Jan/2019:09:46:58 +0700] "GET /tracking.gif?email=vsbirk%40mail.ru&mailing=320 HTTP/1.0" 200 197 "-" "Mozilla/5.0 (X11; Linux x86_64) AppleWebKit/537.36 (KHTML, like Gecko)"
188.93.56.129 - - [16/Jan/2019:09:50:44 +0700] "GET /tracking.gif?email=DANIL.DAEV%40MAIL.RU&mailing=320 HTTP/1.0" 200 197 "-" "Mozilla/5.0 (X11; Linux x86_64) AppleWebKit/537.36 (KHTML, like Gecko)"
188.93.56.125 - - [16/Jan/2019:09:51:24 +0700] "GET /tracking.gif?email=DANIL.DAEV%40MAIL.RU&mailing=222 HTTP/1.0" 200 197 "-" "Mozilla/5.0 (X11; Linux x86_64) AppleWebKit/537.36 (KHTML, like Gecko)"
62.68.141.57 - - [16/Jan/2019:10:18:56 +0700] "GET /tracking.gif?email=[%VAR%20RCPT.EMAIL%20ESCAPE=URL%]&mailing=[%VAR%20MAILING.ID%] HTTP/1.0" 200 197 "-" "Mozilla/5.0 (Macintosh; Intel Mac OS X 10_14_2) AppleWebKit/537.36 (KHTML, like Gecko) Chrome/71.0.3578.98 Safari/537.36"
5.255.241.247 - - [16/Jan/2019:10:19:23 +0700] "GET /tracking.gif?email=pavel%40ontele.ru&mailing=320 HTTP/1.0" 200 197 "-" "Mozilla/5.0 (compatible; YandexImageResizer/2.0; +http://yandex.com/bots)"
37.9.65.65 - - [16/Jan/2019:10:19:41 +0700] "GET /tracking.gif?email=pavel%40ontele.ru&mailing=289 HTTP/1.0" 200 197 "-" "Mozilla/5.0 (compatible; YandexImageResizer/2.0; +http://yandex.com/bots)"
5.255.241.247 - - [16/Jan/2019:10:20:10 +0700] "GET /tracking.gif?email=pavel%40ontele.ru&mailing=255 HTTP/1.0" 200 197 "-" "Mozilla/5.0 (compatible; YandexImageResizer/2.0; +http://yandex.com/bots)"
62.68.141.57 - - [16/Jan/2019:10:22:23 +0700] "GET /tracking.gif?email=[%VAR%20RCPT.EMAIL%20ESCAPE=URL%]&mailing=[%VAR%20MAILING.ID%] HTTP/1.0" 200 197 "-" "Mozilla/5.0 (Macintosh; Intel Mac OS X 10_14_2) AppleWebKit/537.36 (KHTML, like Gecko) Chrome/71.0.3578.98 Safari/537.36"
62.68.141.57 - - [16/Jan/2019:10:23:30 +0700] "GET /tracking.gif?email=[%VAR%20RCPT.EMAIL%20ESCAPE=URL%]&mailing=[%VAR%20MAILING.ID%] HTTP/1.0" 200 197 "-" "Mozilla/5.0 (Macintosh; Intel Mac OS X 10_14_2) AppleWebKit/537.36 (KHTML, like Gecko) Chrome/71.0.3578.98 Safari/537.36"
188.93.56.123 - - [16/Jan/2019:10:28:02 +0700] "GET /tracking.gif?email=sagdeeva2006%40mail.ru&mailing=252 HTTP/1.0" 200 197 "-" "Mozilla/5.0 (X11; Linux x86_64) AppleWebKit/537.36 (KHTML, like Gecko)"
93.158.130.167 - - [16/Jan/2019:10:32:16 +0700] "GET /tracking.gif?email=an.shaganova%40yandex.ru&mailing=321 HTTP/1.0" 200 197 "-" "Mozilla/5.0 (compatible; YandexImageResizer/2.0; +http://yandex.com/bots)"
66.102.9.14 - - [16/Jan/2019:10:36:34 +0700] "GET /tracking.gif?email=dyakonov19%40gmail.com&mailing=280 HTTP/1.0" 200 197 "-" "Mozilla/5.0 (Windows NT 5.1; rv:11.0) Gecko Firefox/11.0 (via ggpht.com GoogleImageProxy)"
66.102.9.17 - - [16/Jan/2019:10:48:35 +0700] "GET /tracking.gif?email=Kozyzaev89095402366%40gmail.com&mailing=321 HTTP/1.0" 200 197 "-" "Mozilla/5.0 (Windows NT 5.1; rv:11.0) Gecko Firefox/11.0 (via ggpht.com GoogleImageProxy)"
188.93.56.125 - - [16/Jan/2019:10:49:20 +0700] "GET /tracking.gif?email=86vesta%40mail.ru&mailing=263 HTTP/1.0" 200 197 "-" "Mozilla/5.0 (X11; Linux x86_64) AppleWebKit/537.36 (KHTML, like Gecko)"
93.158.130.176 - - [16/Jan/2019:10:50:02 +0700] "GET /tracking.gif?email=Babyhop%40ya.ru&mailing=320 HTTP/1.0" 200 197 "-" "Mozilla/5.0 (compatible; YandexImageResizer/2.0; +http://yandex.com/bots)"
188.93.56.122 - - [16/Jan/2019:10:52:40 +0700] "GET /tracking.gif?email=Karushik-ss%40mail.ru&mailing=321 HTTP/1.0" 200 197 "-" "Mozilla/5.0 (X11; Linux x86_64) AppleWebKit/537.36 (KHTML, like Gecko)"
66.102.9.20 - - [16/Jan/2019:10:57:23 +0700] "GET /unsubscribe/?email=oksita2016%40yandex.ru&mailing=317 HTTP/1.0" 200 984 "-" "Mozilla/5.0 (Linux; Android 8.1.0; JSN-L21) AppleWebKit/537.36 (KHTML, like Gecko) Chrome/71.0.3578.99 Mobile Safari/537.36"
66.102.9.20 - - [16/Jan/2019:10:57:24 +0700] "GET /img/popcorn.svg HTTP/1.0" 200 1187 "http://mailing.etobilet.ru/css/main.css" "Mozilla/5.0 (Linux; Android 8.1.0; JSN-L21) AppleWebKit/537.36 (KHTML, like Gecko) Chrome/71.0.3578.99 Mobile Safari/537.36"
66.102.9.17 - - [16/Jan/2019:10:57:30 +0700] "GET /unsubscribe/?email=oksita2016%40yandex.ru&mailing=317&confirmed=1 HTTP/1.0" 200 747 "http://mailing.etobilet.ru/unsubscribe/?email=oksita2016%40yandex.ru&mailing=317" "Mozilla/5.0 (Linux; Android 8.1.0; JSN-L21) AppleWebKit/537.36 (KHTML, like Gecko) Chrome/71.0.3578.99 Mobile Safari/537.36"
37.9.65.87 - - [16/Jan/2019:11:03:44 +0700] "GET /tracking.gif?email=efrk%40yandex.ru&mailing=317 HTTP/1.0" 200 197 "-" "Mozilla/5.0 (compatible; YandexImageResizer/2.0; +http://yandex.com/bots)"
188.93.56.127 - - [16/Jan/2019:11:04:35 +0700] "GET /tracking.gif?email=gleb_dolgov%40mail.ru&mailing=321 HTTP/1.0" 200 197 "-" "Mozilla/5.0 (X11; Linux x86_64) AppleWebKit/537.36 (KHTML, like Gecko)"
62.68.141.42 - - [16/Jan/2019:11:08:35 +0700] "GET /tracking.gif?email=vka%40nikolas.ru&mailing=327 HTTP/1.0" 200 197 "-" "Mozilla/4.0 (compatible; MSIE 7.0; Windows NT 10.0; Win64; x64; Trident/7.0; .NET4.0C; .NET4.0E; Microsoft Outlook 16.0.4573; ms-office; MSOffice 16)"
62.68.141.42 - - [16/Jan/2019:11:08:35 +0700] "GET /tracking.gif?email=vka%40nikolas.ru&mailing=327 HTTP/1.0" 200 197 "-" "Mozilla/4.0 (compatible; MSIE 7.0; Windows NT 10.0; Win64; x64; Trident/7.0; .NET4.0C; .NET4.0E; Microsoft Outlook 16.0.4573; ms-office; MSOffice 16)"
213.87.123.155 - - [16/Jan/2019:11:17:46 +0700] "GET /tracking.gif?email=sidorovruslan%40icloud.com&mailing=321 HTTP/1.0" 200 197 "-" "Mozilla/5.0 (iPhone; CPU iPhone OS 12_1_2 like Mac OS X) AppleWebKit/605.1.15 (KHTML, like Gecko) Mobile/16C101"
188.93.56.121 - - [16/Jan/2019:11:19:11 +0700] "GET /tracking.gif?email=ninafet%40list.ru&mailing=320 HTTP/1.0" 200 197 "-" "Mozilla/5.0 (X11; Linux x86_64) AppleWebKit/537.36 (KHTML, like Gecko)"
188.93.56.124 - - [16/Jan/2019:11:19:41 +0700] "GET /tracking.gif?email=honda_olya%40mail.ru&mailing=270 HTTP/1.0" 200 197 "-" "Mozilla/5.0 (X11; Linux x86_64) AppleWebKit/537.36 (KHTML, like Gecko)"
188.93.56.122 - - [16/Jan/2019:11:21:56 +0700] "GET /tracking.gif?email=bezpronix%40mail.ru&mailing=274 HTTP/1.0" 200 197 "-" "Mozilla/5.0 (X11; Linux x86_64) AppleWebKit/537.36 (KHTML, like Gecko)"
188.93.56.124 - - [16/Jan/2019:11:22:04 +0700] "GET /tracking.gif?email=bezpronix%40mail.ru&mailing=274 HTTP/1.0" 200 197 "-" "Mozilla/5.0 (X11; Linux x86_64) AppleWebKit/537.36 (KHTML, like Gecko)"
188.93.56.125 - - [16/Jan/2019:11:22:29 +0700] "GET /tracking.gif?email=bezpronix%40mail.ru&mailing=274 HTTP/1.0" 200 197 "-" "Mozilla/5.0 (X11; Linux x86_64) AppleWebKit/537.36 (KHTML, like Gecko)"
188.93.56.124 - - [16/Jan/2019:11:23:41 +0700] "GET /tracking.gif?email=odnostoroncev%40list.ru&mailing=320 HTTP/1.0" 200 197 "-" "Mozilla/5.0 (X11; Linux x86_64) AppleWebKit/537.36 (KHTML, like Gecko)"
188.93.56.124 - - [16/Jan/2019:11:24:57 +0700] "GET /tracking.gif?email=bezpronix%40mail.ru&mailing=241 HTTP/1.0" 200 197 "-" "Mozilla/5.0 (X11; Linux x86_64) AppleWebKit/537.36 (KHTML, like Gecko)"
188.93.56.122 - - [16/Jan/2019:11:28:47 +0700] "GET /tracking.gif?email=bezpronix%40mail.ru&mailing=191 HTTP/1.0" 200 197 "-" "Mozilla/5.0 (X11; Linux x86_64) AppleWebKit/537.36 (KHTML, like Gecko)"
188.93.56.126 - - [16/Jan/2019:11:29:38 +0700] "GET /tracking.gif?email=ninafet%40list.ru&mailing=289 HTTP/1.0" 200 197 "-" "Mozilla/5.0 (X11; Linux x86_64) AppleWebKit/537.36 (KHTML, like Gecko)"
80.83.235.13 - - [16/Jan/2019:11:30:22 +0700] "GET /tracking.gif?email=pborisov_siberia%40outlook.com&mailing=320 HTTP/1.0" 200 197 "-" "Mozilla/5.0 (Linux; Android 7.1.1; SM-J510FN Build/NMF26X; wv) AppleWebKit/537.36 (KHTML, like Gecko) Version/4.0 Chrome/71.0.3578.99 Mobile Safari/537.36"
188.93.56.126 - - [16/Jan/2019:11:31:00 +0700] "GET /tracking.gif?email=ninafet%40list.ru&mailing=255 HTTP/1.0" 200 197 "-" "Mozilla/5.0 (X11; Linux x86_64) AppleWebKit/537.36 (KHTML, like Gecko)"
188.93.56.123 - - [16/Jan/2019:11:31:53 +0700] "GET /tracking.gif?email=ksenya.loiko%40mail.ru&mailing=321 HTTP/1.0" 200 197 "-" "Mozilla/5.0 (X11; Linux x86_64) AppleWebKit/537.36 (KHTML, like Gecko)"
37.9.65.75 - - [16/Jan/2019:11:34:10 +0700] "GET /tracking.gif?email=lev272873%40yandex.ru&mailing=270 HTTP/1.0" 200 197 "-" "Mozilla/5.0 (compatible; YandexImageResizer/2.0; +http://yandex.com/bots)"
5.255.241.240 - - [16/Jan/2019:11:41:26 +0700] "GET /tracking.gif?email=ale17599013%40yandex.ru&mailing=320 HTTP/1.0" 200 197 "-" "Mozilla/5.0 (compatible; YandexImageResizer/2.0; +http://yandex.com/bots)"
188.93.56.122 - - [16/Jan/2019:11:53:30 +0700] "GET /tracking.gif?email=ksenya.loiko%40mail.ru&mailing=321 HTTP/1.0" 200 197 "-" "Mozilla/5.0 (X11; Linux x86_64) AppleWebKit/537.36 (KHTML, like Gecko)"
217.151.131.56 - - [16/Jan/2019:12:09:47 +0700] "GET /unsubscribe/?email=starosvetskiy%40gmail.com&mailing=244 HTTP/1.0" 200 998 "-" "Mozilla/5.0 (Windows NT 6.1; WOW64) AppleWebKit/537.36 (KHTML, like Gecko) Chrome/71.0.3578.98 Safari/537.36"
217.151.131.56 - - [16/Jan/2019:12:09:48 +0700] "GET /img/popcorn.svg HTTP/1.0" 304 151 "http://mailing.etobilet.ru/css/main.css" "Mozilla/5.0 (Windows NT 6.1; WOW64) AppleWebKit/537.36 (KHTML, like Gecko) Chrome/71.0.3578.98 Safari/537.36"
217.151.131.56 - - [16/Jan/2019:12:09:50 +0700] "GET /unsubscribe/?email=starosvetskiy%40gmail.com&mailing=244&confirmed=1 HTTP/1.0" 200 755 "http://mailing.etobilet.ru/unsubscribe/?email=starosvetskiy%40gmail.com&mailing=244" "Mozilla/5.0 (Windows NT 6.1; WOW64) AppleWebKit/537.36 (KHTML, like Gecko) Chrome/71.0.3578.98 Safari/537.36"
188.93.56.128 - - [16/Jan/2019:12:16:43 +0700] "GET /tracking.gif?email=viktoriya.a%40mail.ru&mailing=312 HTTP/1.0" 200 197 "-" "Mozilla/5.0 (X11; Linux x86_64) AppleWebKit/537.36 (KHTML, like Gecko)"
188.93.56.129 - - [16/Jan/2019:12:17:16 +0700] "GET /tracking.gif?email=Anikina_tomsk%40mail.ru&mailing=286 HTTP/1.0" 200 197 "-" "Mozilla/5.0 (X11; Linux x86_64) AppleWebKit/537.36 (KHTML, like Gecko)"
188.93.56.130 - - [16/Jan/2019:12:20:43 +0700] "GET /tracking.gif?email=upucka3000%40mail.ru&mailing=270 HTTP/1.0" 200 197 "-" "Mozilla/5.0 (X11; Linux x86_64) AppleWebKit/537.36 (KHTML, like Gecko)"
188.93.56.122 - - [16/Jan/2019:12:48:30 +0700] "GET /tracking.gif?email=olelenko88%40mail.ru&mailing=312 HTTP/1.0" 200 197 "-" "Mozilla/5.0 (X11; Linux x86_64) AppleWebKit/537.36 (KHTML, like Gecko)"
93.158.130.163 - - [16/Jan/2019:13:04:39 +0700] "GET /tracking.gif?email=a.sevtsova%40yandex.ru&mailing=320 HTTP/1.0" 200 197 "-" "Mozilla/5.0 (compatible; YandexImageResizer/2.0; +http://yandex.com/bots)"
37.9.65.85 - - [16/Jan/2019:13:12:35 +0700] "GET /tracking.gif?email=melas1986%40yandex.ru&mailing=316 HTTP/1.0" 200 197 "-" "Mozilla/5.0 (compatible; YandexImageResizer/2.0; +http://yandex.com/bots)"
188.93.56.126 - - [16/Jan/2019:13:16:17 +0700] "GET /tracking.gif?email=Mpyarmolenko%40mail.ru&mailing=321 HTTP/1.0" 200 197 "-" "Mozilla/5.0 (X11; Linux x86_64) AppleWebKit/537.36 (KHTML, like Gecko)"
188.93.56.123 - - [16/Jan/2019:13:16:39 +0700] "GET /tracking.gif?email=ksenya.loiko%40mail.ru&mailing=321 HTTP/1.0" 200 197 "-" "Mozilla/5.0 (X11; Linux x86_64) AppleWebKit/537.36 (KHTML, like Gecko)"
188.93.56.126 - - [16/Jan/2019:13:20:38 +0700] "GET /tracking.gif?email=diaamor%40mail.ru&mailing=320 HTTP/1.0" 200 197 "-" "Mozilla/5.0 (X11; Linux x86_64) AppleWebKit/537.36 (KHTML, like Gecko)"
188.93.56.128 - - [16/Jan/2019:13:23:32 +0700] "GET /tracking.gif?email=Vgalaxy%40mail.ru&mailing=320 HTTP/1.0" 200 197 "-" "Mozilla/5.0 (X11; Linux x86_64) AppleWebKit/537.36 (KHTML, like Gecko)"
188.93.56.128 - - [16/Jan/2019:13:25:24 +0700] "GET /tracking.gif?email=p.a.s-84%40mail.ru&mailing=316 HTTP/1.0" 200 197 "-" "Mozilla/5.0 (X11; Linux x86_64) AppleWebKit/537.36 (KHTML, like Gecko)"
62.68.141.42 - - [16/Jan/2019:13:25:37 +0700] "GET /tracking.gif?email=vka%40nikolas.ru&mailing=327 HTTP/1.0" 200 197 "-" "Mozilla/4.0 (compatible; MSIE 7.0; Windows NT 10.0; Win64; x64; Trident/7.0; .NET4.0C; .NET4.0E; Microsoft Outlook 16.0.4573; ms-office; MSOffice 16)"
62.68.141.42 - - [16/Jan/2019:13:25:37 +0700] "GET /tracking.gif?email=vka%40nikolas.ru&mailing=327 HTTP/1.0" 200 197 "-" "Mozilla/4.0 (compatible; MSIE 7.0; Windows NT 10.0; Win64; x64; Trident/7.0; .NET4.0C; .NET4.0E; Microsoft Outlook 16.0.4573; ms-office; MSOffice 16)"
62.68.141.42 - - [16/Jan/2019:13:27:57 +0700] "GET /tracking.gif?email=vka%40nikolas.ru&mailing=327 HTTP/1.0" 200 197 "-" "Mozilla/4.0 (compatible; MSIE 7.0; Windows NT 10.0; Win64; x64; Trident/7.0; .NET4.0C; .NET4.0E; Microsoft Outlook 16.0.4573; ms-office; MSOffice 16)"
188.93.56.124 - - [16/Jan/2019:13:30:28 +0700] "GET /tracking.gif?email=700-009%40mail.ru&mailing=327 HTTP/1.0" 200 197 "-" "Mozilla/5.0 (X11; Linux x86_64) AppleWebKit/537.36 (KHTML, like Gecko)"
188.93.56.121 - - [16/Jan/2019:13:30:36 +0700] "GET /tracking.gif?email=237263%40mail.ru&mailing=327 HTTP/1.0" 200 197 "-" "Mozilla/5.0 (X11; Linux x86_64) AppleWebKit/537.36 (KHTML, like Gecko)"
188.93.56.127 - - [16/Jan/2019:13:32:35 +0700] "GET /tracking.gif?email=Alexandrova_okc%40mail.ru&mailing=327 HTTP/1.0" 200 197 "-" "Mozilla/5.0 (X11; Linux x86_64) AppleWebKit/537.36 (KHTML, like Gecko)"
188.93.56.125 - - [16/Jan/2019:13:32:55 +0700] "GET /tracking.gif?email=a_varavin%40mail.ru&mailing=327 HTTP/1.0" 200 197 "-" "Mozilla/5.0 (X11; Linux x86_64) AppleWebKit/537.36 (KHTML, like Gecko)"
5.255.241.245 - - [16/Jan/2019:13:34:01 +0700] "GET /tracking.gif?email=anrired%40yandex.ru&mailing=327 HTTP/1.0" 200 197 "-" "Mozilla/5.0 (compatible; YandexImageResizer/2.0; +http://yandex.com/bots)"
188.93.56.122 - - [16/Jan/2019:13:34:25 +0700] "GET /tracking.gif?email=bano777%40list.ru&mailing=327 HTTP/1.0" 200 197 "-" "Mozilla/5.0 (X11; Linux x86_64) AppleWebKit/537.36 (KHTML, like Gecko)"
5.255.241.229 - - [16/Jan/2019:13:34:27 +0700] "GET /tracking.gif?email=axsell7%40ya.ru&mailing=327 HTTP/1.0" 200 197 "-" "Mozilla/5.0 (compatible; YandexImageResizer/2.0; +http://yandex.com/bots)"
188.93.56.129 - - [16/Jan/2019:13:35:26 +0700] "GET /tracking.gif?email=byk8080%40mail.ru&mailing=327 HTTP/1.0" 200 197 "-" "Mozilla/5.0 (X11; Linux x86_64) AppleWebKit/537.36 (KHTML, like Gecko)"
188.93.56.121 - - [16/Jan/2019:13:36:35 +0700] "GET /tracking.gif?email=dan_s_a%40mail.ru&mailing=327 HTTP/1.0" 200 197 "-" "Mozilla/5.0 (X11; Linux x86_64) AppleWebKit/537.36 (KHTML, like Gecko)"
188.93.56.128 - - [16/Jan/2019:13:36:39 +0700] "GET /tracking.gif?email=zvezda4020%40mail.ru&mailing=274 HTTP/1.0" 200 197 "-" "Mozilla/5.0 (X11; Linux x86_64) AppleWebKit/537.36 (KHTML, like Gecko)"
93.158.130.161 - - [16/Jan/2019:13:37:34 +0700] "GET /tracking.gif?email=dkscom%40yandex.ru&mailing=327 HTTP/1.0" 200 197 "-" "Mozilla/5.0 (compatible; YandexImageResizer/2.0; +http://yandex.com/bots)"
188.93.56.123 - - [16/Jan/2019:13:38:14 +0700] "GET /tracking.gif?email=Romanromanovniko%40mail.ru&mailing=321 HTTP/1.0" 200 197 "-" "Mozilla/5.0 (X11; Linux x86_64) AppleWebKit/537.36 (KHTML, like Gecko)"
188.93.56.124 - - [16/Jan/2019:13:38:21 +0700] "GET /tracking.gif?email=Romanromanovniko%40mail.ru&mailing=286 HTTP/1.0" 200 197 "-" "Mozilla/5.0 (X11; Linux x86_64) AppleWebKit/537.36 (KHTML, like Gecko)"
185.30.176.27 - - [16/Jan/2019:13:39:30 +0700] "GET /tracking.gif?email=egrashkina%40gmail.com&mailing=327 HTTP/1.0" 200 197 "-" "Mozilla/5.0 (X11; Linux x86_64) AppleWebKit/537.36 (KHTML, like Gecko)"
188.93.56.121 - - [16/Jan/2019:13:40:03 +0700] "GET /tracking.gif?email=fedor_ish%40mail.ru&mailing=327 HTTP/1.0" 200 197 "-" "Mozilla/5.0 (X11; Linux x86_64) AppleWebKit/537.36 (KHTML, like Gecko)"
188.93.56.122 - - [16/Jan/2019:13:40:24 +0700] "GET /tracking.gif?email=223641%40bk.ru&mailing=327 HTTP/1.0" 200 197 "-" "Mozilla/5.0 (X11; Linux x86_64) AppleWebKit/537.36 (KHTML, like Gecko)"
188.93.56.122 - - [16/Jan/2019:13:40:24 +0700] "GET /tracking.gif?email=avolukas%40mail.ru&mailing=327 HTTP/1.0" 200 197 "-" "Mozilla/5.0 (X11; Linux x86_64) AppleWebKit/537.36 (KHTML, like Gecko)"
217.8.84.37 - - [16/Jan/2019:13:40:33 +0700] "GET /tracking.gif?email=Evgeniya.Ermish%40it4all.su&mailing=327 HTTP/1.0" 200 197 "-" "Mozilla/4.0 (compatible; MSIE 7.0; Windows NT 10.0; Win64; x64; Trident/7.0; .NET4.0C; .NET4.0E; Microsoft Outlook 16.0.4266; ms-office; MSOffice 16)"
217.8.84.37 - - [16/Jan/2019:13:40:33 +0700] "GET /tracking.gif?email=Evgeniya.Ermish%40it4all.su&mailing=327 HTTP/1.0" 200 197 "-" "Mozilla/4.0 (compatible; MSIE 7.0; Windows NT 10.0; Win64; x64; Trident/7.0; .NET4.0C; .NET4.0E; Microsoft Outlook 16.0.4266; ms-office; MSOffice 16)"
217.8.84.37 - - [16/Jan/2019:13:40:34 +0700] "GET /tracking.gif?email=Evgeniya.Ermish%40it4all.su&mailing=327 HTTP/1.0" 200 197 "-" "Mozilla/4.0 (compatible; MSIE 7.0; Windows NT 10.0; Win64; x64; Trident/7.0; .NET4.0C; .NET4.0E; Microsoft Outlook 16.0.4266; ms-office; MSOffice 16)"
217.8.84.37 - - [16/Jan/2019:13:40:34 +0700] "GET /tracking.gif?email=Evgeniya.Ermish%40it4all.su&mailing=327 HTTP/1.0" 200 197 "-" "Mozilla/4.0 (compatible; MSIE 7.0; Windows NT 10.0; Win64; x64; Trident/7.0; .NET4.0C; .NET4.0E; Microsoft Outlook 16.0.4266; ms-office; MSOffice 16)"
188.93.56.124 - - [16/Jan/2019:13:41:00 +0700] "GET /tracking.gif?email=Gabbit%40mail.ru&mailing=327 HTTP/1.0" 200 197 "-" "Mozilla/5.0 (X11; Linux x86_64) AppleWebKit/537.36 (KHTML, like Gecko)"
188.93.56.125 - - [16/Jan/2019:13:41:32 +0700] "GET /tracking.gif?email=elena.matyusheva.92%40mail.ru&mailing=327 HTTP/1.0" 200 197 "-" "Mozilla/5.0 (X11; Linux x86_64) AppleWebKit/537.36 (KHTML, like Gecko)"
188.93.56.123 - - [16/Jan/2019:13:41:38 +0700] "GET /tracking.gif?email=Anbiktov%40mail.ru&mailing=327 HTTP/1.0" 200 197 "-" "Mozilla/5.0 (X11; Linux x86_64) AppleWebKit/537.36 (KHTML, like Gecko)"
188.93.56.126 - - [16/Jan/2019:13:41:50 +0700] "GET /tracking.gif?email=belnatval%40mail.ru&mailing=327 HTTP/1.0" 200 197 "-" "Mozilla/5.0 (X11; Linux x86_64) AppleWebKit/537.36 (KHTML, like Gecko)"
93.158.130.166 - - [16/Jan/2019:13:41:56 +0700] "GET /tracking.gif?email=alexsandra-nika%40yandex.ru&mailing=327 HTTP/1.0" 200 197 "-" "Mozilla/5.0 (compatible; YandexImageResizer/2.0; +http://yandex.com/bots)"
188.93.56.130 - - [16/Jan/2019:13:42:20 +0700] "GET /tracking.gif?email=grab87%40mail.ru&mailing=327 HTTP/1.0" 200 197 "-" "Mozilla/5.0 (X11; Linux x86_64) AppleWebKit/537.36 (KHTML, like Gecko)"
188.93.56.127 - - [16/Jan/2019:13:42:22 +0700] "GET /tracking.gif?email=Dedikaevasv%40mail.ru&mailing=327 HTTP/1.0" 200 197 "-" "Mozilla/5.0 (X11; Linux x86_64) AppleWebKit/537.36 (KHTML, like Gecko)"
5.140.213.177 - - [16/Jan/2019:13:42:30 +0700] "GET /tracking.gif?email=alzero%40mail.ru&mailing=327 HTTP/1.0" 200 197 "-" "Mozilla/5.0 (iPhone; CPU iPhone OS 11_2_5 like Mac OS X) AppleWebKit/604.5.6 (KHTML, like Gecko) Mobile/15D60"
31.173.100.230 - - [16/Jan/2019:13:42:39 +0700] "GET /tracking.gif?email=ingakotova%40icloud.com&mailing=327 HTTP/1.0" 200 197 "-" "Mozilla/5.0 (iPhone; CPU iPhone OS 11_4_1 like Mac OS X) AppleWebKit/605.1.15 (KHTML, like Gecko) Mobile/15G77"
188.93.56.127 - - [16/Jan/2019:13:42:59 +0700] "GET /tracking.gif?email=ikurshakov%40mail.ru&mailing=327 HTTP/1.0" 200 197 "-" "Mozilla/5.0 (X11; Linux x86_64) AppleWebKit/537.36 (KHTML, like Gecko)"
188.93.56.128 - - [16/Jan/2019:13:43:14 +0700] "GET /tracking.gif?email=isterika-22%40mail.ru&mailing=327 HTTP/1.0" 200 197 "-" "Mozilla/5.0 (X11; Linux x86_64) AppleWebKit/537.36 (KHTML, like Gecko)"
188.93.56.125 - - [16/Jan/2019:13:43:18 +0700] "GET /tracking.gif?email=katerini171%40mail.ru&mailing=327 HTTP/1.0" 200 197 "-" "Mozilla/5.0 (X11; Linux x86_64) AppleWebKit/537.36 (KHTML, like Gecko)"
188.93.56.128 - - [16/Jan/2019:13:43:21 +0700] "GET /tracking.gif?email=cherniy88.88%40mail.ru&mailing=327 HTTP/1.0" 200 197 "-" "Mozilla/5.0 (X11; Linux x86_64) AppleWebKit/537.36 (KHTML, like Gecko)"
188.93.56.121 - - [16/Jan/2019:13:43:32 +0700] "GET /tracking.gif?email=isterika-22%40mail.ru&mailing=327 HTTP/1.0" 200 197 "-" "Mozilla/5.0 (X11; Linux x86_64) AppleWebKit/537.36 (KHTML, like Gecko)"
146.158.126.217 - - [16/Jan/2019:13:43:37 +0700] "GET /tracking.gif?email=evgplotnikova%40mail.ru&mailing=327 HTTP/1.0" 200 197 "-" "Mozilla/5.0 (Linux; Android 7.0; CPN-L09 Build/HUAWEICPN-L09; wv) AppleWebKit/537.36 (KHTML, like Gecko) Version/4.0 Chrome/71.0.3578.99 Mobile Safari/537.36"
188.93.56.126 - - [16/Jan/2019:13:44:02 +0700] "GET /tracking.gif?email=angelov.r%40mail.ru&mailing=327 HTTP/1.0" 200 197 "-" "Mozilla/5.0 (X11; Linux x86_64) AppleWebKit/537.36 (KHTML, like Gecko)"
188.93.56.122 - - [16/Jan/2019:13:44:11 +0700] "GET /tracking.gif?email=kalyuzhnov76%40mail.ru&mailing=311 HTTP/1.0" 200 197 "-" "Mozilla/5.0 (X11; Linux x86_64) AppleWebKit/537.36 (KHTML, like Gecko)"
93.158.130.172 - - [16/Jan/2019:13:44:13 +0700] "GET /tracking.gif?email=ann-silaeva77%40yandex.ru&mailing=327 HTTP/1.0" 200 197 "-" "Mozilla/5.0 (compatible; YandexImageResizer/2.0; +http://yandex.com/bots)"
5.255.241.234 - - [16/Jan/2019:13:44:17 +0700] "GET /tracking.gif?email=innusamaluk%40yandex.ru&mailing=327 HTTP/1.0" 200 197 "-" "Mozilla/5.0 (compatible; YandexImageResizer/2.0; +http://yandex.com/bots)"
188.93.56.125 - - [16/Jan/2019:13:44:18 +0700] "GET /tracking.gif?email=korolenkoek%40mail.ru&mailing=327 HTTP/1.0" 200 197 "-" "Mozilla/5.0 (X11; Linux x86_64) AppleWebKit/537.36 (KHTML, like Gecko)"
31.173.101.232 - - [16/Jan/2019:13:44:21 +0700] "GET /tracking.gif?email=ivanalekseenko86%40mail.ru&mailing=327 HTTP/1.0" 200 197 "-" "Mozilla/5.0 (Linux; Android 9; COL-L29 Build/HUAWEICOL-L29; wv) AppleWebKit/537.36 (KHTML, like Gecko) Version/4.0 Chrome/71.0.3578.99 Mobile Safari/537.36"
31.173.103.138 - - [16/Jan/2019:13:45:05 +0700] "GET /tracking.gif?email=Dedikaev_sergey%40mail.ru&mailing=327 HTTP/1.0" 200 197 "-" "Mozilla/5.0 (Linux; Android 8.0.0; SM-G930F Build/R16NW; wv) AppleWebKit/537.36 (KHTML, like Gecko) Version/4.0 Chrome/71.0.3578.99 Mobile Safari/537.36"
37.9.65.69 - - [16/Jan/2019:13:45:23 +0700] "GET /tracking.gif?email=l.kiselewa2014%40yandex.ru&mailing=327 HTTP/1.0" 200 197 "-" "Mozilla/5.0 (compatible; YandexImageResizer/2.0; +http://yandex.com/bots)"
37.9.65.84 - - [16/Jan/2019:13:45:56 +0700] "GET /tracking.gif?email=drakon297%40yandex.ru&mailing=327 HTTP/1.0" 200 197 "-" "Mozilla/5.0 (compatible; YandexImageResizer/2.0; +http://yandex.com/bots)"
188.93.56.130 - - [16/Jan/2019:13:45:59 +0700] "GET /tracking.gif?email=gum22%40mail.ru&mailing=327 HTTP/1.0" 200 197 "-" "Mozilla/5.0 (X11; Linux x86_64) AppleWebKit/537.36 (KHTML, like Gecko)"
188.93.56.130 - - [16/Jan/2019:13:46:27 +0700] "GET /tracking.gif?email=gentom77%40mail.ru&mailing=327 HTTP/1.0" 200 197 "-" "Mozilla/5.0 (X11; Linux x86_64) AppleWebKit/537.36 (KHTML, like Gecko)"
188.93.56.129 - - [16/Jan/2019:13:46:32 +0700] "GET /tracking.gif?email=kaktus-cola%40mail.ru&mailing=327 HTTP/1.0" 200 197 "-" "Mozilla/5.0 (X11; Linux x86_64) AppleWebKit/537.36 (KHTML, like Gecko)"
188.93.56.122 - - [16/Jan/2019:13:46:55 +0700] "GET /tracking.gif?email=gus88%40mail.ru&mailing=327 HTTP/1.0" 200 197 "-" "Mozilla/5.0 (X11; Linux x86_64) AppleWebKit/537.36 (KHTML, like Gecko)"
188.93.56.125 - - [16/Jan/2019:13:47:18 +0700] "GET /tracking.gif?email=dinara.vasilishina%40mail.ru&mailing=327 HTTP/1.0" 200 197 "-" "Mozilla/5.0 (X11; Linux x86_64) AppleWebKit/537.36 (KHTML, like Gecko)"
188.93.56.123 - - [16/Jan/2019:13:47:30 +0700] "GET /tracking.gif?email=e-sistem%40mail.ru&mailing=327 HTTP/1.0" 200 197 "-" "Mozilla/5.0 (X11; Linux x86_64) AppleWebKit/537.36 (KHTML, like Gecko)"
188.93.56.129 - - [16/Jan/2019:13:47:40 +0700] "GET /tracking.gif?email=9090368829%40mail.ru&mailing=327 HTTP/1.0" 200 197 "-" "Mozilla/5.0 (X11; Linux x86_64) AppleWebKit/537.36 (KHTML, like Gecko)"
188.93.56.128 - - [16/Jan/2019:13:47:52 +0700] "GET /tracking.gif?email=liya_star%40mail.ru&mailing=327 HTTP/1.0" 200 197 "-" "Mozilla/5.0 (X11; Linux x86_64) AppleWebKit/537.36 (KHTML, like Gecko)"
188.93.56.122 - - [16/Jan/2019:13:47:54 +0700] "GET /tracking.gif?email=dan_s_a%40mail.ru&mailing=327 HTTP/1.0" 200 197 "-" "Mozilla/5.0 (X11; Linux x86_64) AppleWebKit/537.36 (KHTML, like Gecko)"
188.93.56.121 - - [16/Jan/2019:13:48:15 +0700] "GET /tracking.gif?email=lydmila-kim-81%40mail.ru&mailing=327 HTTP/1.0" 200 197 "-" "Mozilla/5.0 (X11; Linux x86_64) AppleWebKit/537.36 (KHTML, like Gecko)"
188.93.56.121 - - [16/Jan/2019:13:48:17 +0700] "GET /tracking.gif?email=alekseisurgu%40mail.ru&mailing=327 HTTP/1.0" 200 197 "-" "Mozilla/5.0 (X11; Linux x86_64) AppleWebKit/537.36 (KHTML, like Gecko)"
188.93.56.130 - - [16/Jan/2019:13:48:22 +0700] "GET /tracking.gif?email=622807%40mail.ru&mailing=327 HTTP/1.0" 200 197 "-" "Mozilla/5.0 (X11; Linux x86_64) AppleWebKit/537.36 (KHTML, like Gecko)"
188.93.56.126 - - [16/Jan/2019:13:48:34 +0700] "GET /tracking.gif?email=kotkov.konstantin%40mail.ru&mailing=327 HTTP/1.0" 200 197 "-" "Mozilla/5.0 (X11; Linux x86_64) AppleWebKit/537.36 (KHTML, like Gecko)"
5.255.241.240 - - [16/Jan/2019:13:48:40 +0700] "GET /tracking.gif?email=aan%40guard-s.com&mailing=327 HTTP/1.0" 200 197 "-" "Mozilla/5.0 (compatible; YandexImageResizer/2.0; +http://yandex.com/bots)"
188.93.56.123 - - [16/Jan/2019:13:48:56 +0700] "GET /tracking.gif?email=mel223344%40mail.ru&mailing=327 HTTP/1.0" 200 197 "-" "Mozilla/5.0 (X11; Linux x86_64) AppleWebKit/537.36 (KHTML, like Gecko)"
188.93.56.130 - - [16/Jan/2019:13:49:18 +0700] "GET /tracking.gif?email=mel223344%40mail.ru&mailing=327 HTTP/1.0" 200 197 "-" "Mozilla/5.0 (X11; Linux x86_64) AppleWebKit/537.36 (KHTML, like Gecko)"
188.93.56.130 - - [16/Jan/2019:13:49:49 +0700] "GET /tracking.gif?email=karaevskiy%40bk.ru&mailing=327 HTTP/1.0" 200 197 "-" "Mozilla/5.0 (X11; Linux x86_64) AppleWebKit/537.36 (KHTML, like Gecko)"
188.93.56.122 - - [16/Jan/2019:13:49:51 +0700] "GET /tracking.gif?email=lea_tomsk%40mail.ru&mailing=321 HTTP/1.0" 200 197 "-" "Mozilla/5.0 (X11; Linux x86_64) AppleWebKit/537.36 (KHTML, like Gecko)"
188.93.56.121 - - [16/Jan/2019:13:49:58 +0700] "GET /tracking.gif?email=gulnaz--80%40mail.ru&mailing=327 HTTP/1.0" 200 197 "-" "Mozilla/5.0 (X11; Linux x86_64) AppleWebKit/537.36 (KHTML, like Gecko)"
37.9.65.79 - - [16/Jan/2019:13:50:00 +0700] "GET /tracking.gif?email=albert233%40yandex.ru&mailing=327 HTTP/1.0" 200 197 "-" "Mozilla/5.0 (compatible; YandexImageResizer/2.0; +http://yandex.com/bots)"
188.93.56.127 - - [16/Jan/2019:13:50:11 +0700] "GET /tracking.gif?email=mex888%40mail.ru&mailing=327 HTTP/1.0" 200 197 "-" "Mozilla/5.0 (X11; Linux x86_64) AppleWebKit/537.36 (KHTML, like Gecko)"
188.93.56.121 - - [16/Jan/2019:13:50:21 +0700] "GET /tracking.gif?email=mordman%40mail.ru&mailing=327 HTTP/1.0" 200 197 "-" "Mozilla/5.0 (X11; Linux x86_64) AppleWebKit/537.36 (KHTML, like Gecko)"
31.173.100.160 - - [16/Jan/2019:13:50:22 +0700] "GET /tracking.gif?email=alexander_k80%40mail.ru&mailing=327 HTTP/1.0" 200 197 "-" "Mozilla/5.0 (iPhone; CPU iPhone OS 12_1_2 like Mac OS X) AppleWebKit/605.1.15 (KHTML, like Gecko) Mobile/16C101"
5.255.241.226 - - [16/Jan/2019:13:50:44 +0700] "GET /tracking.gif?email=mybox04092009%40yandex.ru&mailing=327 HTTP/1.0" 200 197 "-" "Mozilla/5.0 (compatible; YandexImageResizer/2.0; +http://yandex.com/bots)"
213.87.241.41 - - [16/Jan/2019:13:50:46 +0700] "GET /tracking.gif?email=ivanov_dy%40mail.ru&mailing=327 HTTP/1.0" 200 197 "-" "Mozilla/5.0 (iPhone; CPU iPhone OS 12_1_2 like Mac OS X) AppleWebKit/605.1.15 (KHTML, like Gecko) Mobile/16C101"
46.188.44.89 - - [16/Jan/2019:13:51:09 +0700] "GET /tracking.gif?email=me%40supporteam.ru&mailing=327 HTTP/1.0" 200 197 "-" "Mozilla/5.0 (Macintosh; Intel Mac OS X 10_14_2) AppleWebKit/605.1.15 (KHTML, like Gecko)"
5.255.241.248 - - [16/Jan/2019:13:51:16 +0700] "GET /tracking.gif?email=Nov-oksana2008%40yandex.ru&mailing=327 HTTP/1.0" 200 197 "-" "Mozilla/5.0 (compatible; YandexImageResizer/2.0; +http://yandex.com/bots)"
81.19.78.161 - - [16/Jan/2019:13:51:24 +0700] "GET /tracking.gif?email=marinika04%40rambler.ru&mailing=327 HTTP/1.0" 200 197 "https://mail.rambler.ru/" "RamblerMail/6.0 (incompatible; ImageProxy/6.0)"
188.93.56.127 - - [16/Jan/2019:13:51:24 +0700] "GET /tracking.gif?email=obuhova_elena%40mail.ru&mailing=327 HTTP/1.0" 200 197 "-" "Mozilla/5.0 (X11; Linux x86_64) AppleWebKit/537.36 (KHTML, like Gecko)"
188.93.56.121 - - [16/Jan/2019:13:51:25 +0700] "GET /tracking.gif?email=noisy_zzz%40mail.ru&mailing=327 HTTP/1.0" 200 197 "-" "Mozilla/5.0 (X11; Linux x86_64) AppleWebKit/537.36 (KHTML, like Gecko)"
5.255.241.241 - - [16/Jan/2019:13:51:54 +0700] "GET /tracking.gif?email=l.zorin2011%40yandex.ru&mailing=327 HTTP/1.0" 200 197 "-" "Mozilla/5.0 (compatible; YandexImageResizer/2.0; +http://yandex.com/bots)"
188.93.56.127 - - [16/Jan/2019:13:52:44 +0700] "GET /tracking.gif?email=o-v-belousov%40mail.ru&mailing=327 HTTP/1.0" 200 197 "-" "Mozilla/5.0 (X11; Linux x86_64) AppleWebKit/537.36 (KHTML, like Gecko)"
5.255.241.229 - - [16/Jan/2019:13:52:45 +0700] "GET /tracking.gif?email=irina.irina369351%40yandex.ru&mailing=311 HTTP/1.0" 200 197 "-" "Mozilla/5.0 (compatible; YandexImageResizer/2.0; +http://yandex.com/bots)"
188.93.56.121 - - [16/Jan/2019:13:52:47 +0700] "GET /tracking.gif?email=kr.ololo%40mail.ru&mailing=327 HTTP/1.0" 200 197 "-" "Mozilla/5.0 (X11; Linux x86_64) AppleWebKit/537.36 (KHTML, like Gecko)"
188.93.56.130 - - [16/Jan/2019:13:52:52 +0700] "GET /tracking.gif?email=Evgeniya_1310%40mail.ru&mailing=327 HTTP/1.0" 200 197 "-" "Mozilla/5.0 (X11; Linux x86_64) AppleWebKit/537.36 (KHTML, like Gecko)"
188.93.56.125 - - [16/Jan/2019:13:52:52 +0700] "GET /tracking.gif?email=oksana12.oa%40mail.ru&mailing=327 HTTP/1.0" 200 197 "-" "Mozilla/5.0 (X11; Linux x86_64) AppleWebKit/537.36 (KHTML, like Gecko)"
188.93.56.124 - - [16/Jan/2019:13:52:57 +0700] "GET /tracking.gif?email=geos-1%40mail.ru&mailing=327 HTTP/1.0" 200 197 "-" "Mozilla/5.0 (X11; Linux x86_64) AppleWebKit/537.36 (KHTML, like Gecko)"
188.93.56.124 - - [16/Jan/2019:13:53:14 +0700] "GET /tracking.gif?email=kuliev_sanan%40mail.ru&mailing=327 HTTP/1.0" 200 197 "-" "Mozilla/5.0 (X11; Linux x86_64) AppleWebKit/537.36 (KHTML, like Gecko)"
188.93.56.130 - - [16/Jan/2019:13:53:16 +0700] "GET /tracking.gif?email=dege66%40mail.ru&mailing=327 HTTP/1.0" 200 197 "-" "Mozilla/5.0 (X11; Linux x86_64) AppleWebKit/537.36 (KHTML, like Gecko)"
188.93.56.122 - - [16/Jan/2019:13:53:32 +0700] "GET /tracking.gif?email=akirilyuk%40inbox.ru&mailing=327 HTTP/1.0" 200 197 "-" "Mozilla/5.0 (X11; Linux x86_64) AppleWebKit/537.36 (KHTML, like Gecko)"
188.93.56.122 - - [16/Jan/2019:13:53:36 +0700] "GET /tracking.gif?email=nixon133%40mail.ru&mailing=327 HTTP/1.0" 200 197 "-" "Mozilla/5.0 (X11; Linux x86_64) AppleWebKit/537.36 (KHTML, like Gecko)"
188.93.56.127 - - [16/Jan/2019:13:53:49 +0700] "GET /tracking.gif?email=nastenka631875%40mail.ru&mailing=327 HTTP/1.0" 200 197 "-" "Mozilla/5.0 (X11; Linux x86_64) AppleWebKit/537.36 (KHTML, like Gecko)"
188.93.56.130 - - [16/Jan/2019:13:54:28 +0700] "GET /tracking.gif?email=nk186%40mail.ru&mailing=327 HTTP/1.0" 200 197 "-" "Mozilla/5.0 (X11; Linux x86_64) AppleWebKit/537.36 (KHTML, like Gecko)"
188.93.56.123 - - [16/Jan/2019:13:55:22 +0700] "GET /tracking.gif?email=dan_s_a%40mail.ru&mailing=327 HTTP/1.0" 200 197 "-" "Mozilla/5.0 (X11; Linux x86_64) AppleWebKit/537.36 (KHTML, like Gecko)"
188.93.56.128 - - [16/Jan/2019:13:55:32 +0700] "GET /tracking.gif?email=s.antipin%40list.ru&mailing=327 HTTP/1.0" 200 197 "-" "Mozilla/5.0 (X11; Linux x86_64) AppleWebKit/537.36 (KHTML, like Gecko)"
188.93.56.126 - - [16/Jan/2019:13:55:41 +0700] "GET /tracking.gif?email=luna7777%40bk.ru&mailing=327 HTTP/1.0" 200 197 "-" "Mozilla/5.0 (X11; Linux x86_64) AppleWebKit/537.36 (KHTML, like Gecko)"
188.93.56.127 - - [16/Jan/2019:13:55:57 +0700] "GET /tracking.gif?email=laura0986%40mail.ru&mailing=327 HTTP/1.0" 200 197 "-" "Mozilla/5.0 (X11; Linux x86_64) AppleWebKit/537.36 (KHTML, like Gecko)"
31.173.101.216 - - [16/Jan/2019:13:56:26 +0700] "GET /tracking.gif?email=m-kurzina%40mail.ru&mailing=327 HTTP/1.0" 200 197 "-" "Mozilla/5.0 (iPhone; CPU iPhone OS 12_1_2 like Mac OS X) AppleWebKit/605.1.15 (KHTML, like Gecko) Mobile/16C101"
188.93.56.123 - - [16/Jan/2019:13:56:38 +0700] "GET /tracking.gif?email=maltseva_alinka%40mail.ru&mailing=327 HTTP/1.0" 200 197 "-" "Mozilla/5.0 (X11; Linux x86_64) AppleWebKit/537.36 (KHTML, like Gecko)"
188.93.56.129 - - [16/Jan/2019:13:56:59 +0700] "GET /tracking.gif?email=Meiv86%40mail.ru&mailing=327 HTTP/1.0" 200 197 "-" "Mozilla/5.0 (X11; Linux x86_64) AppleWebKit/537.36 (KHTML, like Gecko)"
178.176.112.86 - - [16/Jan/2019:13:57:23 +0700] "GET /tracking.gif?email=r_elena%40bk.ru&mailing=327 HTTP/1.0" 200 197 "-" "Mozilla/5.0 (iPhone; CPU iPhone OS 12_1_2 like Mac OS X) AppleWebKit/605.1.15 (KHTML, like Gecko) Mobile/16C101"
37.9.65.73 - - [16/Jan/2019:13:57:33 +0700] "GET /tracking.gif?email=safrono-olga%40yandex.ru&mailing=327 HTTP/1.0" 200 197 "-" "Mozilla/5.0 (compatible; YandexImageResizer/2.0; +http://yandex.com/bots)"
194.186.207.115 - - [16/Jan/2019:13:57:35 +0700] "GET /tracking.gif?email=ovpervykh%40sberbank.ru&mailing=327 HTTP/1.0" 200 197 "-" "Mozilla/5.0 (Windows NT 10.0; WOW64; rv:51.0) Gecko/20100101 Firefox/51.0"
194.186.207.115 - - [16/Jan/2019:13:57:35 +0700] "GET /tracking.gif?email=ovpervykh%40sberbank.ru&mailing=327 HTTP/1.0" 200 197 "-" "Mozilla/5.0 (Windows NT 10.0; WOW64; rv:51.0) Gecko/20100101 Firefox/51.0"
188.93.56.121 - - [16/Jan/2019:13:57:54 +0700] "GET /tracking.gif?email=Ev_fink%40mail.ru&mailing=327 HTTP/1.0" 200 197 "-" "Mozilla/5.0 (X11; Linux x86_64) AppleWebKit/537.36 (KHTML, like Gecko)"
188.93.56.123 - - [16/Jan/2019:13:57:54 +0700] "GET /tracking.gif?email=denisk27%40mail.ru&mailing=327 HTTP/1.0" 200 197 "-" "Mozilla/5.0 (X11; Linux x86_64) AppleWebKit/537.36 (KHTML, like Gecko)"
188.93.56.121 - - [16/Jan/2019:13:58:11 +0700] "GET /tracking.gif?email=Lara.zaxarova.1964%40mail.ru&mailing=327 HTTP/1.0" 200 197 "-" "Mozilla/5.0 (X11; Linux x86_64) AppleWebKit/537.36 (KHTML, like Gecko)"
188.93.56.125 - - [16/Jan/2019:13:58:23 +0700] "GET /tracking.gif?email=Anya_babenko_94%40mail.ru&mailing=327 HTTP/1.0" 200 197 "-" "Mozilla/5.0 (X11; Linux x86_64) AppleWebKit/537.36 (KHTML, like Gecko)"
188.93.56.130 - - [16/Jan/2019:13:58:31 +0700] "GET /tracking.gif?email=role-xx%40mail.ru&mailing=327 HTTP/1.0" 200 197 "-" "Mozilla/5.0 (X11; Linux x86_64) AppleWebKit/537.36 (KHTML, like Gecko)"
