188.93.56.121 - - [21/Jan/2019:11:05:48 +0700] "GET /tracking.gif?email=maximdoc%40mail.ru&mailing=343 HTTP/1.0" 200 197 "-" "Mozilla/5.0 (X11; Linux x86_64) AppleWebKit/537.36 (KHTML, like Gecko)"
188.93.56.126 - - [21/Jan/2019:11:06:30 +0700] "GET /tracking.gif?email=karbainova47%40mail.ru&mailing=330 HTTP/1.0" 200 197 "-" "Mozilla/5.0 (X11; Linux x86_64) AppleWebKit/537.36 (KHTML, like Gecko)"
37.9.65.75 - - [21/Jan/2019:11:07:13 +0700] "GET /tracking.gif?email=mr.ilyak2011%40yandex.ru&mailing=345 HTTP/1.0" 200 197 "-" "Mozilla/5.0 (compatible; YandexImageResizer/2.0; +http://yandex.com/bots)"
188.93.56.130 - - [21/Jan/2019:11:07:28 +0700] "GET /tracking.gif?email=panikhina1971%40mail.ru&mailing=330 HTTP/1.0" 200 197 "-" "Mozilla/5.0 (X11; Linux x86_64) AppleWebKit/537.36 (KHTML, like Gecko)"
188.93.56.126 - - [21/Jan/2019:11:08:25 +0700] "GET /tracking.gif?email=tgts-sveta%40mail.ru&mailing=343 HTTP/1.0" 200 197 "-" "Mozilla/5.0 (X11; Linux x86_64) AppleWebKit/537.36 (KHTML, like Gecko)"
188.93.56.124 - - [21/Jan/2019:11:10:07 +0700] "GET /tracking.gif?email=lyuda_91_91%40mail.ru&mailing=330 HTTP/1.0" 200 197 "-" "Mozilla/5.0 (X11; Linux x86_64) AppleWebKit/537.36 (KHTML, like Gecko)"
93.158.130.166 - - [21/Jan/2019:11:10:29 +0700] "GET /tracking.gif?email=chugal%40yandex.ru&mailing=343 HTTP/1.0" 200 197 "-" "Mozilla/5.0 (compatible; YandexImageResizer/2.0; +http://yandex.com/bots)"
188.162.84.212 - - [21/Jan/2019:11:11:30 +0700] "GET /tracking.gif?email=zhenyakhomutov%40inbox.ru&mailing=343 HTTP/1.0" 200 197 "-" "Mozilla/5.0 (iPhone; CPU iPhone OS 12_1_2 like Mac OS X) AppleWebKit/605.1.15 (KHTML, like Gecko) Mobile/16C101"
95.28.182.4 - - [21/Jan/2019:11:11:40 +0700] "GET /unsubscribe/?email=pii-acfac24cb94decab795c8249235a2cde4a1f1897c074d2b6643204af052c27cd&mailing=255&confirmed=1 HTTP/1.0" 200 715 "https://yandex.ru/clck/jsredir?from=yandex.ru%3Bsearch%3Bweb%3B%3B&text=&etext=2039.Z7knifrYz-KNM2dWFdCZ1SDomzQUsDhId3oSEYKsHepi3qSWLaBKrSnsoyfipzTZ.8412e506f4e712f905b6828b2f5a0bf9ef475c3f&uuid=&state=_BLhILn4SxNIvvL0W45KSic66uCIg23qh8iRG98qeIXmeppkgUc0YGftRg9cP1erjBfVTUcXDXk&data=UlNrNmk5WktYejR0eWJFYk1LdmtxcGhEbW92NTQ0Ym91R0hUbjc2b2ItNEEtUGFHWHcxekhlMVBidUZwdUswS0FRdHdEaHk3M1dnNDg0d2NRcHNsWGFUTVR6SEtZQzFQR2V2YUNYVVUwVEdfUnU3QnA0WVZjYzRVbm5md3M4SkNtTWkxdGEtWS1HdnphTXRWOXZFRmNIaXpBUWsycWh3WTk2MnEyMWVLTjlxOXFXb3BDUk11SnJza2FVR0gwZjRGbE5YTUMwYlNVTzBRcXlxYlJaazVXc2lvTWZxWEFWYnFRVVZyS3NfN0o3Vy1oUmo0NGFRby14cDBSTTNvcVl6Y081aGRLdS1VdXpKbEgzYnlaUWp5ZHc&b64e=2&sign=50a6cb12b31230c71ff9303a5c60349e&keyno=0&cst=AiuY0DBWFJ7IXge4WdYJQYuwSQLovbTTVpv31B4XCJuc8BBAi63o__dPfVcl3Ij1J8qVyVI0WEG3PvB36kZgNXlwbMzA-AE5tW68Qo2-Ysbw2bDNojsYB8cyCrRRKzYEHRtQzreH_q2bAwJW7fKJ-0XC7eIawpi-&ref=orjY4mGPRjk5boDnW0uvlrrd71vZw9kp5uQozpMtKCWblzLiN0_vdkyVV0Wg8V6iyEJnGesB7wAD8Ga5T6lktEZIoKS7y7UajfxHTyWFKcwXmrmoIafP4F7x5B7QsVTl&l10n=ru&cts=1548043690970&mc=4.10427391718" "Mozilla/5.0 (Windows NT 6.1; WOW64) AppleWebKit/537.36 (KHTML, like Gecko) Chrome/68.0.3440.106 YaBrowser/18.9.1.954 Yowser/2.5 Safari/537.36"
95.28.182.4 - - [21/Jan/2019:11:11:41 +0700] "GET /img/popcorn.svg HTTP/1.0" 200 1187 "http://mailing.etobilet.ru/unsubscribe/?email=pii-acfac24cb94decab795c8249235a2cde4a1f1897c074d2b6643204af052c27cd&mailing=255&confirmed=1" "Mozilla/5.0 (Windows NT 6.1; WOW64) AppleWebKit/537.36 (KHTML, like Gecko) Chrome/68.0.3440.106 YaBrowser/18.9.1.954 Yowser/2.5 Safari/537.36"
188.93.56.122 - - [21/Jan/2019:11:11:41 +0700] "GET /tracking.gif?email=t.hangueva%40mail.ru&mailing=342 HTTP/1.0" 200 197 "-" "Mozilla/5.0 (X11; Linux x86_64) AppleWebKit/537.36 (KHTML, like Gecko)"
5.255.241.231 - - [21/Jan/2019:11:14:08 +0700] "GET /tracking.gif?email=pa4ganovaolga%40yandex.ru&mailing=344 HTTP/1.0" 200 197 "-" "Mozilla/5.0 (compatible; YandexImageResizer/2.0; +http://yandex.com/bots)"
188.93.56.125 - - [21/Jan/2019:11:14:19 +0700] "GET /tracking.gif?email=inna.filippova.77%40mail.ru&mailing=345 HTTP/1.0" 200 197 "-" "Mozilla/5.0 (X11; Linux x86_64) AppleWebKit/537.36 (KHTML, like Gecko)"
188.93.56.122 - - [21/Jan/2019:11:15:35 +0700] "GET /tracking.gif?email=katerina_tets%40mail.ru&mailing=343 HTTP/1.0" 200 197 "-" "Mozilla/5.0 (X11; Linux x86_64) AppleWebKit/537.36 (KHTML, like Gecko)"
5.255.241.230 - - [21/Jan/2019:11:15:55 +0700] "GET /tracking.gif?email=andrew580%40yandex.ru&mailing=330 HTTP/1.0" 200 197 "-" "Mozilla/5.0 (compatible; YandexImageResizer/2.0; +http://yandex.com/bots)"
188.232.216.30 - - [21/Jan/2019:11:16:02 +0700] "GET /tracking.gif?email=kaerbekovk%40mail.ru&mailing=330 HTTP/1.0" 200 197 "-" "Mozilla/5.0 (iPhone; CPU iPhone OS 12_1_2 like Mac OS X) AppleWebKit/605.1.15 (KHTML, like Gecko) Mobile/16C101"
85.140.13.115 - - [21/Jan/2019:11:16:33 +0700] "GET /tracking.gif?email=Enom194%40rambler.ru&mailing=327 HTTP/1.0" 200 197 "-" "Mozilla/5.0 (iPhone; CPU iPhone OS 11_4_1 like Mac OS X) AppleWebKit/605.1.15 (KHTML, like Gecko) Mobile/15G77"
85.140.13.115 - - [21/Jan/2019:11:16:34 +0700] "GET /tracking.gif?email=Enom194%40rambler.ru&mailing=327 HTTP/1.0" 200 197 "-" "Mozilla/5.0 (iPhone; CPU iPhone OS 11_4_1 like Mac OS X) AppleWebKit/605.1.15 (KHTML, like Gecko) Mobile/15G77"
188.93.56.126 - - [21/Jan/2019:11:16:49 +0700] "GET /tracking.gif?email=dan_kat%40mail.ru&mailing=343 HTTP/1.0" 200 197 "-" "Mozilla/5.0 (X11; Linux x86_64) AppleWebKit/537.36 (KHTML, like Gecko)"
176.59.213.12 - - [21/Jan/2019:11:17:04 +0700] "GET /tracking.gif?email=normalgleb%40live.ru&mailing=344 HTTP/1.0" 200 197 "-" "Mozilla/5.0 (Linux; Android 7.0; SM-G920F Build/NRD90M; wv) AppleWebKit/537.36 (KHTML, like Gecko) Version/4.0 Chrome/71.0.3578.99 Mobile Safari/537.36"
188.93.56.121 - - [21/Jan/2019:11:18:11 +0700] "GET /tracking.gif?email=alina.mosina.19%40mail.ru&mailing=343 HTTP/1.0" 200 197 "-" "Mozilla/5.0 (X11; Linux x86_64) AppleWebKit/537.36 (KHTML, like Gecko)"
188.93.56.126 - - [21/Jan/2019:11:18:36 +0700] "GET /tracking.gif?email=hrapoff_88%40mail.ru&mailing=280 HTTP/1.0" 200 197 "-" "Mozilla/5.0 (X11; Linux x86_64) AppleWebKit/537.36 (KHTML, like Gecko)"
93.158.130.170 - - [21/Jan/2019:11:18:52 +0700] "GET /tracking.gif?email=Ok.sonina2222%40yandex.ru&mailing=343 HTTP/1.0" 200 197 "-" "Mozilla/5.0 (compatible; YandexImageResizer/2.0; +http://yandex.com/bots)"
109.202.13.61 - - [21/Jan/2019:11:19:19 +0700] "GET /tracking.gif?email=sima28%40mail.ru&mailing=343 HTTP/1.0" 200 197 "-" "Mozilla/4.0 (compatible; MSIE 7.0; Windows NT 10.0; Trident/7.0; .NET4.0C; .NET4.0E; .NET CLR 2.0.50727; .NET CLR 3.0.30729; .NET CLR 3.5.30729)"
213.87.126.251 - - [21/Jan/2019:11:19:34 +0700] "GET /tracking.gif?email=gelixxon%40mail.ru&mailing=343 HTTP/1.0" 200 197 "-" "Mozilla/5.0 (iPhone; CPU iPhone OS 12_1_2 like Mac OS X) AppleWebKit/605.1.15 (KHTML, like Gecko) Mobile/16C101"
93.158.130.165 - - [21/Jan/2019:11:20:36 +0700] "GET /tracking.gif?email=Evgeniya80-02%40yandex.ru&mailing=343 HTTP/1.0" 200 197 "-" "Mozilla/5.0 (compatible; YandexImageResizer/2.0; +http://yandex.com/bots)"
188.93.56.125 - - [21/Jan/2019:11:23:16 +0700] "GET /tracking.gif?email=roma-yama%40mail.ru&mailing=343 HTTP/1.0" 200 197 "-" "Mozilla/5.0 (X11; Linux x86_64) AppleWebKit/537.36 (KHTML, like Gecko)"
93.158.130.181 - - [21/Jan/2019:11:23:28 +0700] "GET /tracking.gif?email=tleikam%40yandex.ru&mailing=343 HTTP/1.0" 200 197 "-" "Mozilla/5.0 (compatible; YandexImageResizer/2.0; +http://yandex.com/bots)"
188.93.56.127 - - [21/Jan/2019:11:23:32 +0700] "GET /tracking.gif?email=dmitripak%40mail.ru&mailing=343 HTTP/1.0" 200 197 "-" "Mozilla/5.0 (X11; Linux x86_64) AppleWebKit/537.36 (KHTML, like Gecko)"
188.93.56.129 - - [21/Jan/2019:11:25:06 +0700] "GET /tracking.gif?email=flac242%40mail.ru&mailing=343 HTTP/1.0" 200 197 "-" "Mozilla/5.0 (X11; Linux x86_64) AppleWebKit/537.36 (KHTML, like Gecko)"
31.211.119.94 - - [21/Jan/2019:11:25:19 +0700] "GET /tracking.gif?email=aai8%40ya.ru&mailing=343 HTTP/1.0" 200 197 "-" "Mozilla/5.0 (Macintosh; Intel Mac OS X 10_14_2) AppleWebKit/605.1.15 (KHTML, like Gecko)"
31.211.119.94 - - [21/Jan/2019:11:25:24 +0700] "GET /tracking.gif?email=aai8%40ya.ru&mailing=343 HTTP/1.0" 200 197 "-" "Mozilla/5.0 (Macintosh; Intel Mac OS X 10_14_2) AppleWebKit/605.1.15 (KHTML, like Gecko)"
66.102.9.20 - - [21/Jan/2019:11:25:54 +0700] "GET /tracking.gif?email=vaal1504%40gmail.com&mailing=343 HTTP/1.0" 200 197 "-" "Mozilla/5.0 (Windows NT 5.1; rv:11.0) Gecko Firefox/11.0 (via ggpht.com GoogleImageProxy)"
188.93.56.125 - - [21/Jan/2019:11:25:57 +0700] "GET /tracking.gif?email=vlena80%40mail.ru&mailing=343 HTTP/1.0" 200 197 "-" "Mozilla/5.0 (X11; Linux x86_64) AppleWebKit/537.36 (KHTML, like Gecko)"
5.255.241.248 - - [21/Jan/2019:11:26:28 +0700] "GET /tracking.gif?email=anna74kox%40yandex.ru&mailing=344 HTTP/1.0" 200 197 "-" "Mozilla/5.0 (compatible; YandexImageResizer/2.0; +http://yandex.com/bots)"
188.93.56.121 - - [21/Jan/2019:11:26:43 +0700] "GET /tracking.gif?email=olsold%40inbox.ru&mailing=340 HTTP/1.0" 200 197 "-" "Mozilla/5.0 (X11; Linux x86_64) AppleWebKit/537.36 (KHTML, like Gecko)"
212.96.87.241 - - [21/Jan/2019:11:26:49 +0700] "GET /tracking.gif?email=icloud180517%40icloud.com&mailing=330 HTTP/1.0" 200 197 "-" "Mozilla/5.0 (iPhone; CPU iPhone OS 11_0_3 like Mac OS X) AppleWebKit/604.1.38 (KHTML, like Gecko) Mobile/15A432"
188.93.56.130 - - [21/Jan/2019:11:30:05 +0700] "GET /tracking.gif?email=rimma0511%40mail.ru&mailing=343 HTTP/1.0" 200 197 "-" "Mozilla/5.0 (X11; Linux x86_64) AppleWebKit/537.36 (KHTML, like Gecko)"
66.102.9.17 - - [21/Jan/2019:11:31:02 +0700] "GET /tracking.gif?email=irka94317%40gmail.com&mailing=343 HTTP/1.0" 200 197 "-" "Mozilla/5.0 (Windows NT 5.1; rv:11.0) Gecko Firefox/11.0 (via ggpht.com GoogleImageProxy)"
188.93.56.127 - - [21/Jan/2019:11:31:02 +0700] "GET /tracking.gif?email=ledval%40mail.ru&mailing=344 HTTP/1.0" 200 197 "-" "Mozilla/5.0 (X11; Linux x86_64) AppleWebKit/537.36 (KHTML, like Gecko)"
188.93.56.122 - - [21/Jan/2019:11:33:28 +0700] "GET /tracking.gif?email=babinovich1987%40mail.ru&mailing=343 HTTP/1.0" 200 197 "-" "Mozilla/5.0 (X11; Linux x86_64) AppleWebKit/537.36 (KHTML, like Gecko)"
188.93.56.122 - - [21/Jan/2019:11:35:02 +0700] "GET /tracking.gif?email=zinkovskaya97%40mail.ru&mailing=344 HTTP/1.0" 200 197 "-" "Mozilla/5.0 (X11; Linux x86_64) AppleWebKit/537.36 (KHTML, like Gecko)"
188.93.56.122 - - [21/Jan/2019:11:35:42 +0700] "GET /tracking.gif?email=raduzhnyi2015%40mail.ru&mailing=343 HTTP/1.0" 200 197 "-" "Mozilla/5.0 (X11; Linux x86_64) AppleWebKit/537.36 (KHTML, like Gecko)"
188.93.56.128 - - [21/Jan/2019:11:35:47 +0700] "GET /tracking.gif?email=jenya-123%40mail.ru&mailing=344 HTTP/1.0" 200 197 "-" "Mozilla/5.0 (X11; Linux x86_64) AppleWebKit/537.36 (KHTML, like Gecko)"
188.93.56.130 - - [21/Jan/2019:11:37:38 +0700] "GET /tracking.gif?email=Vicakhrapal%40mail.ru&mailing=264 HTTP/1.0" 200 197 "-" "Mozilla/5.0 (X11; Linux x86_64) AppleWebKit/537.36 (KHTML, like Gecko)"
188.93.56.130 - - [21/Jan/2019:11:37:51 +0700] "GET /tracking.gif?email=Vicakhrapal%40mail.ru&mailing=257 HTTP/1.0" 200 197 "-" "Mozilla/5.0 (X11; Linux x86_64) AppleWebKit/537.36 (KHTML, like Gecko)"
188.93.56.129 - - [21/Jan/2019:11:39:31 +0700] "GET /tracking.gif?email=nadezhda20_06%40mail.ru&mailing=345 HTTP/1.0" 200 197 "-" "Mozilla/5.0 (X11; Linux x86_64) AppleWebKit/537.36 (KHTML, like Gecko)"
66.102.9.14 - - [21/Jan/2019:11:40:31 +0700] "GET /tracking.gif?email=vasiliyshishmarev%40gmail.com&mailing=342 HTTP/1.0" 200 197 "-" "Mozilla/5.0 (Windows NT 5.1; rv:11.0) Gecko Firefox/11.0 (via ggpht.com GoogleImageProxy)"
188.93.56.124 - - [21/Jan/2019:11:42:19 +0700] "GET /tracking.gif?email=Vicakhrapal%40mail.ru&mailing=226 HTTP/1.0" 200 197 "-" "Mozilla/5.0 (X11; Linux x86_64) AppleWebKit/537.36 (KHTML, like Gecko)"
188.93.56.126 - - [21/Jan/2019:11:42:33 +0700] "GET /tracking.gif?email=kaurasoup%40mail.ru&mailing=343 HTTP/1.0" 200 197 "-" "Mozilla/5.0 (X11; Linux x86_64) AppleWebKit/537.36 (KHTML, like Gecko)"
188.93.56.122 - - [21/Jan/2019:11:43:43 +0700] "GET /tracking.gif?email=tanyzabava%40mail.ru&mailing=342 HTTP/1.0" 200 197 "-" "Mozilla/5.0 (X11; Linux x86_64) AppleWebKit/537.36 (KHTML, like Gecko)"
37.9.65.83 - - [21/Jan/2019:11:46:06 +0700] "GET /tracking.gif?email=deletrix%40yandex.ru&mailing=345 HTTP/1.0" 200 197 "-" "Mozilla/5.0 (compatible; YandexImageResizer/2.0; +http://yandex.com/bots)"
188.93.56.129 - - [21/Jan/2019:11:46:36 +0700] "GET /tracking.gif?email=widerspiegel%40mail.ru&mailing=343 HTTP/1.0" 200 197 "-" "Mozilla/5.0 (X11; Linux x86_64) AppleWebKit/537.36 (KHTML, like Gecko)"
188.93.56.129 - - [21/Jan/2019:11:48:10 +0700] "GET /tracking.gif?email=viktory.shcherbak%40mail.ru&mailing=343 HTTP/1.0" 200 197 "-" "Mozilla/5.0 (X11; Linux x86_64) AppleWebKit/537.36 (KHTML, like Gecko)"
37.9.65.65 - - [21/Jan/2019:11:49:10 +0700] "GET /tracking.gif?email=Lab%40sbeton.com&mailing=345 HTTP/1.0" 200 197 "-" "Mozilla/5.0 (compatible; YandexImageResizer/2.0; +http://yandex.com/bots)"
188.93.56.126 - - [21/Jan/2019:11:49:48 +0700] "GET /tracking.gif?email=be1510%40mail.ru&mailing=330 HTTP/1.0" 200 197 "-" "Mozilla/5.0 (X11; Linux x86_64) AppleWebKit/537.36 (KHTML, like Gecko)"
92.126.204.19 - - [21/Jan/2019:11:49:49 +0700] "GET /tracking.gif?email=ivan.k%40agro-master.ru&mailing=330 HTTP/1.0" 200 197 "-" "Mozilla/5.0 (Windows NT 6.1; WOW64; rv:60.0) Gecko/20100101 Thunderbird/60.4.0"
188.93.56.122 - - [21/Jan/2019:11:50:20 +0700] "GET /tracking.gif?email=cool.funia%40yandex.ru&mailing=342 HTTP/1.0" 200 197 "-" "Mozilla/5.0 (X11; Linux x86_64) AppleWebKit/537.36 (KHTML, like Gecko)"
188.93.56.128 - - [21/Jan/2019:11:53:12 +0700] "GET /tracking.gif?email=shapovalovsergey007%40mail.ru&mailing=330 HTTP/1.0" 200 197 "-" "Mozilla/5.0 (X11; Linux x86_64) AppleWebKit/537.36 (KHTML, like Gecko)"
95.189.202.140 - - [21/Jan/2019:11:53:18 +0700] "GET /unsubscribe/?email=shapovalovsergey007%40mail.ru&mailing=330 HTTP/1.0" 200 995 "-" "Mozilla/5.0 (Windows NT 10.0; Win64; x64) AppleWebKit/537.36 (KHTML, like Gecko) Chrome/71.0.3578.98 Safari/537.36"
95.189.202.140 - - [21/Jan/2019:11:53:18 +0700] "GET /img/popcorn.svg HTTP/1.0" 200 1187 "http://mailing.etobilet.ru/css/main.css" "Mozilla/5.0 (Windows NT 10.0; Win64; x64) AppleWebKit/537.36 (KHTML, like Gecko) Chrome/71.0.3578.98 Safari/537.36"
95.189.202.140 - - [21/Jan/2019:11:53:19 +0700] "GET /unsubscribe/?email=shapovalovsergey007%40mail.ru&mailing=330&confirmed=1 HTTP/1.0" 200 744 "http://mailing.etobilet.ru/unsubscribe/?email=shapovalovsergey007%40mail.ru&mailing=330" "Mozilla/5.0 (Windows NT 10.0; Win64; x64) AppleWebKit/537.36 (KHTML, like Gecko) Chrome/71.0.3578.98 Safari/537.36"
66.102.9.17 - - [21/Jan/2019:11:54:51 +0700] "GET /tracking.gif?email=zoia.diakova%40gmail.com&mailing=345 HTTP/1.0" 200 197 "-" "Mozilla/5.0 (Windows NT 5.1; rv:11.0) Gecko Firefox/11.0 (via ggpht.com GoogleImageProxy)"
188.93.56.125 - - [21/Jan/2019:11:55:35 +0700] "GET /tracking.gif?email=onyx_snoopy%40mail.ru&mailing=340 HTTP/1.0" 200 197 "-" "Mozilla/5.0 (X11; Linux x86_64) AppleWebKit/537.36 (KHTML, like Gecko)"
188.93.56.128 - - [21/Jan/2019:11:56:05 +0700] "GET /tracking.gif?email=ref%40mail.ru&mailing=345 HTTP/1.0" 200 197 "-" "Mozilla/5.0 (X11; Linux x86_64) AppleWebKit/537.36 (KHTML, like Gecko)"
188.93.56.128 - - [21/Jan/2019:11:56:08 +0700] "GET /tracking.gif?email=ref%40mail.ru&mailing=343 HTTP/1.0" 200 197 "-" "Mozilla/5.0 (X11; Linux x86_64) AppleWebKit/537.36 (KHTML, like Gecko)"
89.37.220.211 - - [21/Jan/2019:11:56:16 +0700] "GET /tracking.gif?email=Kawaninja%40icloud.com&mailing=330 HTTP/1.0" 200 197 "-" "Mozilla/5.0 (iPhone; CPU iPhone OS 12_1_2 like Mac OS X) AppleWebKit/605.1.15 (KHTML, like Gecko) Mobile/16C101"
195.206.49.157 - - [21/Jan/2019:11:57:39 +0700] "GET /tracking.gif?email=nexsus%40bk.ru&mailing=342 HTTP/1.0" 200 197 "-" "Mozilla/4.0 (compatible; MSIE 7.0; Windows NT 10.0; Win64; x64; Trident/7.0; .NET4.0C; .NET4.0E; Microsoft Outlook 16.0.10340; ms-office; MSOffice 16)"
195.206.49.157 - - [21/Jan/2019:11:57:39 +0700] "GET /tracking.gif?email=nexsus%40bk.ru&mailing=342 HTTP/1.0" 200 197 "-" "Mozilla/4.0 (compatible; MSIE 7.0; Windows NT 10.0; Win64; x64; Trident/7.0; .NET4.0C; .NET4.0E; Microsoft Outlook 16.0.10340; ms-office; MSOffice 16)"
5.255.241.229 - - [21/Jan/2019:11:58:06 +0700] "GET /tracking.gif?email=snls%40ya.ru&mailing=344 HTTP/1.0" 200 197 "-" "Mozilla/5.0 (compatible; YandexImageResizer/2.0; +http://yandex.com/bots)"
188.93.56.128 - - [21/Jan/2019:11:59:34 +0700] "GET /tracking.gif?email=a_galiyanov%40mail.ru&mailing=339 HTTP/1.0" 200 197 "-" "Mozilla/5.0 (X11; Linux x86_64) AppleWebKit/537.36 (KHTML, like Gecko)"
188.93.56.130 - - [21/Jan/2019:12:01:00 +0700] "GET /tracking.gif?email=zheka_bird%40mail.ru&mailing=330 HTTP/1.0" 200 197 "-" "Mozilla/5.0 (X11; Linux x86_64) AppleWebKit/537.36 (KHTML, like Gecko)"
188.93.56.128 - - [21/Jan/2019:12:01:26 +0700] "GET /tracking.gif?email=karina3244%40mail.ru&mailing=343 HTTP/1.0" 200 197 "-" "Mozilla/5.0 (X11; Linux x86_64) AppleWebKit/537.36 (KHTML, like Gecko)"
92.126.204.19 - - [21/Jan/2019:12:01:50 +0700] "GET /tracking.gif?email=ivan.k%40agro-master.ru&mailing=330 HTTP/1.0" 200 197 "-" "Mozilla/5.0 (Windows NT 6.1; WOW64; rv:60.0) Gecko/20100101 Thunderbird/60.4.0"
66.102.9.14 - - [21/Jan/2019:12:01:51 +0700] "GET /tracking.gif?email=renzhinaekaterina%40gmail.com&mailing=343 HTTP/1.0" 200 197 "-" "Mozilla/5.0 (Windows NT 5.1; rv:11.0) Gecko Firefox/11.0 (via ggpht.com GoogleImageProxy)"
188.93.56.122 - - [21/Jan/2019:12:02:06 +0700] "GET /tracking.gif?email=andreybrav%40mail.ru&mailing=339 HTTP/1.0" 200 197 "-" "Mozilla/5.0 (X11; Linux x86_64) AppleWebKit/537.36 (KHTML, like Gecko)"
188.93.56.128 - - [21/Jan/2019:12:02:59 +0700] "GET /tracking.gif?email=gordeevadashka%40mail.ru&mailing=345 HTTP/1.0" 200 197 "-" "Mozilla/5.0 (X11; Linux x86_64) AppleWebKit/537.36 (KHTML, like Gecko)"
188.93.56.128 - - [21/Jan/2019:12:03:07 +0700] "GET /tracking.gif?email=gordeevadashka%40mail.ru&mailing=317 HTTP/1.0" 200 197 "-" "Mozilla/5.0 (X11; Linux x86_64) AppleWebKit/537.36 (KHTML, like Gecko)"
188.93.56.128 - - [21/Jan/2019:12:03:20 +0700] "GET /tracking.gif?email=gordeevadashka%40mail.ru&mailing=287 HTTP/1.0" 200 197 "-" "Mozilla/5.0 (X11; Linux x86_64) AppleWebKit/537.36 (KHTML, like Gecko)"
188.93.56.125 - - [21/Jan/2019:12:03:31 +0700] "GET /tracking.gif?email=gordeevadashka%40mail.ru&mailing=287 HTTP/1.0" 200 197 "-" "Mozilla/5.0 (X11; Linux x86_64) AppleWebKit/537.36 (KHTML, like Gecko)"
188.93.56.129 - - [21/Jan/2019:12:03:46 +0700] "GET /tracking.gif?email=andreybrav%40mail.ru&mailing=339 HTTP/1.0" 200 197 "-" "Mozilla/5.0 (X11; Linux x86_64) AppleWebKit/537.36 (KHTML, like Gecko)"
37.9.65.67 - - [21/Jan/2019:12:04:01 +0700] "GET /tracking.gif?email=lady.shahla%40yandex.ru&mailing=343 HTTP/1.0" 200 197 "-" "Mozilla/5.0 (compatible; YandexImageResizer/2.0; +http://yandex.com/bots)"
92.63.67.2 - - [21/Jan/2019:12:05:20 +0700] "GET /tracking.gif?email=tan%40ido.tsu.ru&mailing=343 HTTP/1.0" 200 197 "-" "Mozilla/5.0 (Windows NT 10.0; Win64; x64) AppleWebKit/537.36 (KHTML, like Gecko) Chrome/71.0.3578.98 Safari/537.36"
188.93.56.126 - - [21/Jan/2019:12:05:39 +0700] "GET /tracking.gif?email=sneguir%40mail.ru&mailing=342 HTTP/1.0" 200 197 "-" "Mozilla/5.0 (X11; Linux x86_64) AppleWebKit/537.36 (KHTML, like Gecko)"
188.93.56.121 - - [21/Jan/2019:12:05:52 +0700] "GET /tracking.gif?email=sem.5555%40mail.ru&mailing=340 HTTP/1.0" 200 197 "-" "Mozilla/5.0 (X11; Linux x86_64) AppleWebKit/537.36 (KHTML, like Gecko)"
188.93.56.130 - - [21/Jan/2019:12:06:32 +0700] "GET /tracking.gif?email=shapovalovsergey007%40mail.ru&mailing=330 HTTP/1.0" 200 197 "-" "Mozilla/5.0 (X11; Linux x86_64) AppleWebKit/537.36 (KHTML, like Gecko)"
188.93.56.124 - - [21/Jan/2019:12:07:16 +0700] "GET /tracking.gif?email=Kalinov.dmitriy%40mail.ru&mailing=340 HTTP/1.0" 200 197 "-" "Mozilla/5.0 (X11; Linux x86_64) AppleWebKit/537.36 (KHTML, like Gecko)"
5.255.241.244 - - [21/Jan/2019:12:08:57 +0700] "GET /tracking.gif?email=ilya-petlin%40yandex.ru&mailing=343 HTTP/1.0" 200 197 "-" "Mozilla/5.0 (compatible; YandexImageResizer/2.0; +http://yandex.com/bots)"
77.245.171.234 - - [21/Jan/2019:12:09:55 +0700] "GET /tracking.gif?email=nickulshina.nadezhda%40yandex.ru&mailing=343 HTTP/1.0" 200 197 "-" "Mozilla/5.0 (iPhone; CPU iPhone OS 12_1_2 like Mac OS X) AppleWebKit/605.1.15 (KHTML, like Gecko) Mobile/16C101"
188.93.56.126 - - [21/Jan/2019:12:11:43 +0700] "GET /tracking.gif?email=anna-vetova%40mail.ru&mailing=343 HTTP/1.0" 200 197 "-" "Mozilla/5.0 (X11; Linux x86_64) AppleWebKit/537.36 (KHTML, like Gecko)"
188.93.56.129 - - [21/Jan/2019:12:13:04 +0700] "GET /tracking.gif?email=elen_k2004%40mail.ru&mailing=338 HTTP/1.0" 200 197 "-" "Mozilla/5.0 (X11; Linux x86_64) AppleWebKit/537.36 (KHTML, like Gecko)"
195.43.144.21 - - [21/Jan/2019:12:14:41 +0700] "GET /tracking.gif?email=sanya8586%40yandex.ru&mailing=318 HTTP/1.0" 200 197 "-" "Mozilla/5.0 (iPhone; CPU iPhone OS 12_1_2 like Mac OS X) AppleWebKit/605.1.15 (KHTML, like Gecko) Mobile/16C101"
195.43.144.21 - - [21/Jan/2019:12:15:14 +0700] "GET /tracking.gif?email=sanya8586%40yandex.ru&mailing=340 HTTP/1.0" 200 197 "-" "Mozilla/5.0 (iPhone; CPU iPhone OS 12_1_2 like Mac OS X) AppleWebKit/605.1.15 (KHTML, like Gecko) Mobile/16C101"
188.93.56.128 - - [21/Jan/2019:12:15:51 +0700] "GET /tracking.gif?email=maks.samostaev%40mail.ru&mailing=343 HTTP/1.0" 200 197 "-" "Mozilla/5.0 (X11; Linux x86_64) AppleWebKit/537.36 (KHTML, like Gecko)"
188.93.56.121 - - [21/Jan/2019:12:16:12 +0700] "GET /tracking.gif?email=roman.78_09%40mail.ru&mailing=339 HTTP/1.0" 200 197 "-" "Mozilla/5.0 (X11; Linux x86_64) AppleWebKit/537.36 (KHTML, like Gecko)"
188.93.56.126 - - [21/Jan/2019:12:17:46 +0700] "GET /tracking.gif?email=fish-202%40mail.ru&mailing=344 HTTP/1.0" 200 197 "-" "Mozilla/5.0 (X11; Linux x86_64) AppleWebKit/537.36 (KHTML, like Gecko)"
188.93.56.124 - - [21/Jan/2019:12:18:06 +0700] "GET /tracking.gif?email=aai520%40mail.ru&mailing=330 HTTP/1.0" 200 197 "-" "Mozilla/5.0 (X11; Linux x86_64) AppleWebKit/537.36 (KHTML, like Gecko)"
5.255.241.227 - - [21/Jan/2019:12:19:28 +0700] "GET /tracking.gif?email=olga.lambreht%40yandex.ru&mailing=343 HTTP/1.0" 200 197 "-" "Mozilla/5.0 (compatible; YandexImageResizer/2.0; +http://yandex.com/bots)"
188.93.56.128 - - [21/Jan/2019:12:19:56 +0700] "GET /tracking.gif?email=ilm_1966%40mail.ru&mailing=339 HTTP/1.0" 200 197 "-" "Mozilla/5.0 (X11; Linux x86_64) AppleWebKit/537.36 (KHTML, like Gecko)"
188.93.56.125 - - [21/Jan/2019:12:20:39 +0700] "GET /tracking.gif?email=vlasova_a81%40mail.ru&mailing=343 HTTP/1.0" 200 197 "-" "Mozilla/5.0 (X11; Linux x86_64) AppleWebKit/537.36 (KHTML, like Gecko)"
188.93.56.127 - - [21/Jan/2019:12:20:45 +0700] "GET /tracking.gif?email=dmitrii_orlov%40mail.ru&mailing=345 HTTP/1.0" 200 197 "-" "Mozilla/5.0 (X11; Linux x86_64) AppleWebKit/537.36 (KHTML, like Gecko)"
188.93.56.125 - - [21/Jan/2019:12:20:54 +0700] "GET /tracking.gif?email=progress%40mail.ru&mailing=330 HTTP/1.0" 200 197 "-" "Mozilla/5.0 (X11; Linux x86_64) AppleWebKit/537.36 (KHTML, like Gecko)"
188.93.56.123 - - [21/Jan/2019:12:21:38 +0700] "GET /tracking.gif?email=dpawlosyuk%40mail.ru&mailing=339 HTTP/1.0" 200 197 "-" "Mozilla/5.0 (X11; Linux x86_64) AppleWebKit/537.36 (KHTML, like Gecko)"
188.93.56.130 - - [21/Jan/2019:12:22:00 +0700] "GET /tracking.gif?email=Andr020977%40mail.ru&mailing=343 HTTP/1.0" 200 197 "-" "Mozilla/5.0 (X11; Linux x86_64) AppleWebKit/537.36 (KHTML, like Gecko)"
188.93.56.125 - - [21/Jan/2019:12:22:04 +0700] "GET /tracking.gif?email=Pfmakuha%40bk.ru&mailing=343 HTTP/1.0" 200 197 "-" "Mozilla/5.0 (X11; Linux x86_64) AppleWebKit/537.36 (KHTML, like Gecko)"
188.93.56.130 - - [21/Jan/2019:12:22:37 +0700] "GET /tracking.gif?email=dias_kinayatov%40mail.ru&mailing=343 HTTP/1.0" 200 197 "-" "Mozilla/5.0 (X11; Linux x86_64) AppleWebKit/537.36 (KHTML, like Gecko)"
188.93.56.128 - - [21/Jan/2019:12:22:50 +0700] "GET /tracking.gif?email=Polly85%40mail.ru&mailing=343 HTTP/1.0" 200 197 "-" "Mozilla/5.0 (X11; Linux x86_64) AppleWebKit/537.36 (KHTML, like Gecko)"
92.126.204.19 - - [21/Jan/2019:12:22:59 +0700] "GET /tracking.gif?email=ivan.k%40agro-master.ru&mailing=330 HTTP/1.0" 200 197 "-" "Mozilla/5.0 (Windows NT 6.1; WOW64; rv:60.0) Gecko/20100101 Thunderbird/60.4.0"
92.126.204.19 - - [21/Jan/2019:12:23:07 +0700] "GET /tracking.gif?email=ivan.k%40agro-master.ru&mailing=274 HTTP/1.0" 200 197 "-" "Mozilla/5.0 (Windows NT 6.1; WOW64; rv:60.0) Gecko/20100101 Thunderbird/60.4.0"
188.93.56.128 - - [21/Jan/2019:12:23:36 +0700] "GET /tracking.gif?email=Nadyaazka52%40mail.ru&mailing=321 HTTP/1.0" 200 197 "-" "Mozilla/5.0 (X11; Linux x86_64) AppleWebKit/537.36 (KHTML, like Gecko)"
37.9.65.69 - - [21/Jan/2019:12:24:05 +0700] "GET /tracking.gif?email=Super.igor2005%40Yandex.ru&mailing=305 HTTP/1.0" 200 197 "-" "Mozilla/5.0 (compatible; YandexImageResizer/2.0; +http://yandex.com/bots)"
188.93.56.121 - - [21/Jan/2019:12:25:05 +0700] "GET /tracking.gif?email=Nadyaazka52%40mail.ru&mailing=343 HTTP/1.0" 200 197 "-" "Mozilla/5.0 (X11; Linux x86_64) AppleWebKit/537.36 (KHTML, like Gecko)"
66.102.9.14 - - [21/Jan/2019:12:25:42 +0700] "GET /tracking.gif?email=basilisa31%40gmail.com&mailing=343 HTTP/1.0" 200 197 "-" "Mozilla/5.0 (Windows NT 5.1; rv:11.0) Gecko Firefox/11.0 (via ggpht.com GoogleImageProxy)"
188.93.56.122 - - [21/Jan/2019:12:25:56 +0700] "GET /tracking.gif?email=evangelina78%40mail.ru&mailing=343 HTTP/1.0" 200 197 "-" "Mozilla/5.0 (X11; Linux x86_64) AppleWebKit/537.36 (KHTML, like Gecko)"
92.126.204.19 - - [21/Jan/2019:12:26:10 +0700] "GET /tracking.gif?email=ivan.k%40agro-master.ru&mailing=330 HTTP/1.0" 200 197 "-" "Mozilla/5.0 (Windows NT 6.1; WOW64; rv:60.0) Gecko/20100101 Thunderbird/60.4.0"
188.93.56.124 - - [21/Jan/2019:12:26:12 +0700] "GET /tracking.gif?email=mih-ov%40mail.ru&mailing=308 HTTP/1.0" 200 197 "-" "Mozilla/5.0 (X11; Linux x86_64) AppleWebKit/537.36 (KHTML, like Gecko)"
188.93.56.126 - - [21/Jan/2019:12:27:24 +0700] "GET /tracking.gif?email=rodion_6654%40mail.ru&mailing=330 HTTP/1.0" 200 197 "-" "Mozilla/5.0 (X11; Linux x86_64) AppleWebKit/537.36 (KHTML, like Gecko)"
188.93.56.128 - - [21/Jan/2019:12:27:25 +0700] "GET /tracking.gif?email=alina_bu%40mail.ru&mailing=343 HTTP/1.0" 200 197 "-" "Mozilla/5.0 (X11; Linux x86_64) AppleWebKit/537.36 (KHTML, like Gecko)"
37.9.65.86 - - [21/Jan/2019:12:27:47 +0700] "GET /tracking.gif?email=lady.hom%40yandex.ru&mailing=340 HTTP/1.0" 200 197 "-" "Mozilla/5.0 (compatible; YandexImageResizer/2.0; +http://yandex.com/bots)"
188.93.56.128 - - [21/Jan/2019:12:28:40 +0700] "GET /tracking.gif?email=Nadyaazka52%40mail.ru&mailing=343 HTTP/1.0" 200 197 "-" "Mozilla/5.0 (X11; Linux x86_64) AppleWebKit/537.36 (KHTML, like Gecko)"
188.93.56.124 - - [21/Jan/2019:12:30:58 +0700] "GET /tracking.gif?email=sandra39%40bk.ru&mailing=343 HTTP/1.0" 200 197 "-" "Mozilla/5.0 (X11; Linux x86_64) AppleWebKit/537.36 (KHTML, like Gecko)"
80.83.237.20 - - [21/Jan/2019:12:31:22 +0700] "GET /tracking.gif?email=dmotoshkin%40inbox.ru&mailing=342 HTTP/1.0" 200 197 "-" "Mozilla/5.0 (iPhone; CPU iPhone OS 12_1_2 like Mac OS X) AppleWebKit/605.1.15 (KHTML, like Gecko) Mobile/16C101"
5.255.241.225 - - [21/Jan/2019:12:32:08 +0700] "GET /tracking.gif?email=Agakalka%40yandex.ru&mailing=343 HTTP/1.0" 200 197 "-" "Mozilla/5.0 (compatible; YandexImageResizer/2.0; +http://yandex.com/bots)"
5.255.241.239 - - [21/Jan/2019:12:33:57 +0700] "GET /tracking.gif?email=svet-svetlana2007%40ya.ru&mailing=330 HTTP/1.0" 200 197 "-" "Mozilla/5.0 (compatible; YandexImageResizer/2.0; +http://yandex.com/bots)"
66.102.9.14 - - [21/Jan/2019:12:34:20 +0700] "GET /tracking.gif?email=seothsib%40gmail.com&mailing=343 HTTP/1.0" 200 197 "-" "Mozilla/5.0 (Windows NT 5.1; rv:11.0) Gecko Firefox/11.0 (via ggpht.com GoogleImageProxy)"
188.93.56.123 - - [21/Jan/2019:12:34:25 +0700] "GET /tracking.gif?email=nastyaromanova%40mail.ru&mailing=343 HTTP/1.0" 200 197 "-" "Mozilla/5.0 (X11; Linux x86_64) AppleWebKit/537.36 (KHTML, like Gecko)"
5.255.241.238 - - [21/Jan/2019:12:34:47 +0700] "GET /tracking.gif?email=hrammary%40yandex.ru&mailing=338 HTTP/1.0" 200 197 "-" "Mozilla/5.0 (compatible; YandexImageResizer/2.0; +http://yandex.com/bots)"
188.93.56.127 - - [21/Jan/2019:12:40:37 +0700] "GET /tracking.gif?email=Luk.A.S%40mail.ru&mailing=344 HTTP/1.0" 200 197 "-" "Mozilla/5.0 (X11; Linux x86_64) AppleWebKit/537.36 (KHTML, like Gecko)"
188.93.56.122 - - [21/Jan/2019:12:41:09 +0700] "GET /tracking.gif?email=vms2485%40mail.ru&mailing=343 HTTP/1.0" 200 197 "-" "Mozilla/5.0 (X11; Linux x86_64) AppleWebKit/537.36 (KHTML, like Gecko)"
188.93.56.129 - - [21/Jan/2019:12:41:21 +0700] "GET /tracking.gif?email=stamp2016%40mail.ru&mailing=343 HTTP/1.0" 200 197 "-" "Mozilla/5.0 (X11; Linux x86_64) AppleWebKit/537.36 (KHTML, like Gecko)"
188.93.56.122 - - [21/Jan/2019:12:42:14 +0700] "GET /tracking.gif?email=ometov96%40mail.ru&mailing=343 HTTP/1.0" 200 197 "-" "Mozilla/5.0 (X11; Linux x86_64) AppleWebKit/537.36 (KHTML, like Gecko)"
188.93.56.129 - - [21/Jan/2019:12:42:22 +0700] "GET /tracking.gif?email=alexey-waffle%40mail.ru&mailing=342 HTTP/1.0" 200 197 "-" "Mozilla/5.0 (X11; Linux x86_64) AppleWebKit/537.36 (KHTML, like Gecko)"
188.93.56.122 - - [21/Jan/2019:12:42:22 +0700] "GET /tracking.gif?email=ometov96%40mail.ru&mailing=345 HTTP/1.0" 200 197 "-" "Mozilla/5.0 (X11; Linux x86_64) AppleWebKit/537.36 (KHTML, like Gecko)"
188.93.56.129 - - [21/Jan/2019:12:42:56 +0700] "GET /tracking.gif?email=Kas.tomsk%40mail.ru&mailing=343 HTTP/1.0" 200 197 "-" "Mozilla/5.0 (X11; Linux x86_64) AppleWebKit/537.36 (KHTML, like Gecko)"
176.59.206.68 - - [21/Jan/2019:12:43:45 +0700] "GET /tracking.gif?email=ros295u%40mail.ru&mailing=339 HTTP/1.0" 200 197 "-" "Mozilla/5.0 (Linux; Android 8.0.0; LLD-L31 Build/HONORLLD-L31; wv) AppleWebKit/537.36 (KHTML, like Gecko) Version/4.0 Chrome/71.0.3578.99 Mobile Safari/537.36"
66.102.9.20 - - [21/Jan/2019:12:44:50 +0700] "GET /tracking.gif?email=1sonyxperia1%40gmail.com&mailing=345 HTTP/1.0" 200 197 "-" "Mozilla/5.0 (Windows NT 5.1; rv:11.0) Gecko Firefox/11.0 (via ggpht.com GoogleImageProxy)"
188.93.56.122 - - [21/Jan/2019:12:45:44 +0700] "GET /tracking.gif?email=stroyservis_07%40mail.ru&mailing=343 HTTP/1.0" 200 197 "-" "Mozilla/5.0 (X11; Linux x86_64) AppleWebKit/537.36 (KHTML, like Gecko)"
66.102.9.17 - - [21/Jan/2019:12:45:46 +0700] "GET /tracking.gif?email=vaskel09%40gmail.com&mailing=344 HTTP/1.0" 200 197 "-" "Mozilla/5.0 (Windows NT 5.1; rv:11.0) Gecko Firefox/11.0 (via ggpht.com GoogleImageProxy)"
188.93.56.125 - - [21/Jan/2019:12:47:41 +0700] "GET /tracking.gif?email=x_a-o_c-red%40mail.ru&mailing=340 HTTP/1.0" 200 197 "-" "Mozilla/5.0 (X11; Linux x86_64) AppleWebKit/537.36 (KHTML, like Gecko)"
66.102.9.14 - - [21/Jan/2019:12:47:51 +0700] "GET /tracking.gif?email=tat.lopareva%40gmail.com&mailing=280 HTTP/1.0" 200 197 "-" "Mozilla/5.0 (Windows NT 5.1; rv:11.0) Gecko Firefox/11.0 (via ggpht.com GoogleImageProxy)"
81.19.78.160 - - [21/Jan/2019:12:48:05 +0700] "GET /tracking.gif?email=tatyana-b2%40rambler.ru&mailing=343 HTTP/1.0" 200 197 "http://mail.rambler.ru/" "RamblerMail/6.0 (incompatible; ImageProxy/6.0)"
188.93.56.121 - - [21/Jan/2019:12:48:22 +0700] "GET /tracking.gif?email=kate_shur%40mail.ru&mailing=330 HTTP/1.0" 200 197 "-" "Mozilla/5.0 (X11; Linux x86_64) AppleWebKit/537.36 (KHTML, like Gecko)"
188.93.56.126 - - [21/Jan/2019:12:48:47 +0700] "GET /tracking.gif?email=9044776080%40mail.ru&mailing=339 HTTP/1.0" 200 197 "-" "Mozilla/5.0 (X11; Linux x86_64) AppleWebKit/537.36 (KHTML, like Gecko)"
188.93.56.126 - - [21/Jan/2019:12:50:07 +0700] "GET /tracking.gif?email=lenashab92%40mail.ru&mailing=330 HTTP/1.0" 200 197 "-" "Mozilla/5.0 (X11; Linux x86_64) AppleWebKit/537.36 (KHTML, like Gecko)"
188.93.56.127 - - [21/Jan/2019:12:50:41 +0700] "GET /tracking.gif?email=IrinaZlatina83%40mail.ru&mailing=339 HTTP/1.0" 200 197 "-" "Mozilla/5.0 (X11; Linux x86_64) AppleWebKit/537.36 (KHTML, like Gecko)"
188.93.56.125 - - [21/Jan/2019:12:50:46 +0700] "GET /tracking.gif?email=ooo.blagostroy%40mail.ru&mailing=344 HTTP/1.0" 200 197 "-" "Mozilla/5.0 (X11; Linux x86_64) AppleWebKit/537.36 (KHTML, like Gecko)"
188.93.56.123 - - [21/Jan/2019:12:55:09 +0700] "GET /tracking.gif?email=Samoylina.v%40mail.ru&mailing=343 HTTP/1.0" 200 197 "-" "Mozilla/5.0 (X11; Linux x86_64) AppleWebKit/537.36 (KHTML, like Gecko)"
188.93.56.128 - - [21/Jan/2019:12:56:05 +0700] "GET /tracking.gif?email=oksa29pop%40mail.ru&mailing=270 HTTP/1.0" 200 197 "-" "Mozilla/5.0 (X11; Linux x86_64) AppleWebKit/537.36 (KHTML, like Gecko)"
80.83.235.25 - - [21/Jan/2019:12:56:38 +0700] "GET /tracking.gif?email=ive.solnech%40yandex.ru&mailing=342 HTTP/1.0" 200 197 "-" "Mozilla/5.0 (Linux; Android 7.0; SAMSUNG SM-A510F Build/NRD90M) AppleWebKit/537.36 (KHTML, like Gecko) SamsungBrowser/8.2 Chrome/63.0.3239.111 Mobile Safari/537.36"
93.158.130.165 - - [21/Jan/2019:12:56:41 +0700] "GET /tracking.gif?email=Olegrom3%40yandex.ru&mailing=343 HTTP/1.0" 200 197 "-" "Mozilla/5.0 (compatible; YandexImageResizer/2.0; +http://yandex.com/bots)"
66.102.9.20 - - [21/Jan/2019:12:57:57 +0700] "GET /tracking.gif?email=kranina.m.y%40gmail.com&mailing=321 HTTP/1.0" 200 197 "-" "Mozilla/5.0 (Windows NT 5.1; rv:11.0) Gecko Firefox/11.0 (via ggpht.com GoogleImageProxy)"
92.126.204.19 - - [21/Jan/2019:12:58:12 +0700] "GET /tracking.gif?email=ivan.k%40agro-master.ru&mailing=330 HTTP/1.0" 200 197 "-" "Mozilla/5.0 (Windows NT 6.1; WOW64; rv:60.0) Gecko/20100101 Thunderbird/60.4.0"
92.126.204.19 - - [21/Jan/2019:12:58:14 +0700] "GET /tracking.gif?email=ivan.k%40agro-master.ru&mailing=330 HTTP/1.0" 200 197 "-" "Mozilla/5.0 (Windows NT 6.1; WOW64; rv:60.0) Gecko/20100101 Thunderbird/60.4.0"
92.126.204.19 - - [21/Jan/2019:12:58:16 +0700] "GET /tracking.gif?email=ivan.k%40agro-master.ru&mailing=330 HTTP/1.0" 200 197 "-" "Mozilla/5.0 (Windows NT 6.1; WOW64; rv:60.0) Gecko/20100101 Thunderbird/60.4.0"
92.126.204.19 - - [21/Jan/2019:12:58:19 +0700] "GET /tracking.gif?email=ivan.k%40agro-master.ru&mailing=330 HTTP/1.0" 200 197 "-" "Mozilla/5.0 (Windows NT 6.1; WOW64; rv:60.0) Gecko/20100101 Thunderbird/60.4.0"
92.126.204.19 - - [21/Jan/2019:12:58:26 +0700] "GET /tracking.gif?email=ivan.k%40agro-master.ru&mailing=330 HTTP/1.0" 200 197 "-" "Mozilla/5.0 (Windows NT 6.1; WOW64; rv:60.0) Gecko/20100101 Thunderbird/60.4.0"
37.9.65.87 - - [21/Jan/2019:12:58:36 +0700] "GET /tracking.gif?email=tgavrilash%40yandex.ru&mailing=339 HTTP/1.0" 200 197 "-" "Mozilla/5.0 (compatible; YandexImageResizer/2.0; +http://yandex.com/bots)"
188.93.56.128 - - [21/Jan/2019:12:59:32 +0700] "GET /tracking.gif?email=l.luzheckaya%40mail.ru&mailing=345 HTTP/1.0" 200 197 "-" "Mozilla/5.0 (X11; Linux x86_64) AppleWebKit/537.36 (KHTML, like Gecko)"
188.93.56.128 - - [21/Jan/2019:12:59:39 +0700] "GET /tracking.gif?email=l.luzheckaya%40mail.ru&mailing=343 HTTP/1.0" 200 197 "-" "Mozilla/5.0 (X11; Linux x86_64) AppleWebKit/537.36 (KHTML, like Gecko)"
188.93.56.126 - - [21/Jan/2019:13:01:36 +0700] "GET /tracking.gif?email=natulinka-a%40mail.ru&mailing=241 HTTP/1.0" 200 197 "-" "Mozilla/5.0 (X11; Linux x86_64) AppleWebKit/537.36 (KHTML, like Gecko)"
37.9.65.73 - - [21/Jan/2019:13:01:39 +0700] "GET /tracking.gif?email=pollykriklivetz97%40yandex.ru&mailing=343 HTTP/1.0" 200 197 "-" "Mozilla/5.0 (compatible; YandexImageResizer/2.0; +http://yandex.com/bots)"
176.59.144.124 - - [21/Jan/2019:13:02:02 +0700] "GET /tracking.gif?email=Gla73%40mail.ru&mailing=343 HTTP/1.0" 200 197 "-" "Mozilla/5.0 (iPhone; CPU iPhone OS 9_3_5 like Mac OS X) AppleWebKit/601.1.46 (KHTML, like Gecko) Mobile/13G36"
188.93.56.123 - - [21/Jan/2019:13:02:59 +0700] "GET /tracking.gif?email=Jonnymnemonik79%40mail.ru&mailing=330 HTTP/1.0" 200 197 "-" "Mozilla/5.0 (X11; Linux x86_64) AppleWebKit/537.36 (KHTML, like Gecko)"
188.93.56.122 - - [21/Jan/2019:13:05:02 +0700] "GET /tracking.gif?email=nat-peretolchina%40mail.ru&mailing=340 HTTP/1.0" 200 197 "-" "Mozilla/5.0 (X11; Linux x86_64) AppleWebKit/537.36 (KHTML, like Gecko)"
188.93.56.125 - - [21/Jan/2019:13:06:24 +0700] "GET /tracking.gif?email=luza5%40mail.ru&mailing=339 HTTP/1.0" 200 197 "-" "Mozilla/5.0 (X11; Linux x86_64) AppleWebKit/537.36 (KHTML, like Gecko)"
188.93.56.130 - - [21/Jan/2019:13:07:17 +0700] "GET /tracking.gif?email=luza5%40mail.ru&mailing=339 HTTP/1.0" 200 197 "-" "Mozilla/5.0 (X11; Linux x86_64) AppleWebKit/537.36 (KHTML, like Gecko)"
5.255.241.249 - - [21/Jan/2019:13:07:18 +0700] "GET /tracking.gif?email=bg-general%40yandex.ru&mailing=342 HTTP/1.0" 200 197 "-" "Mozilla/5.0 (compatible; YandexImageResizer/2.0; +http://yandex.com/bots)"
188.93.56.126 - - [21/Jan/2019:13:07:31 +0700] "GET /tracking.gif?email=olinkamv77bk%40mail.ru&mailing=343 HTTP/1.0" 200 197 "-" "Mozilla/5.0 (X11; Linux x86_64) AppleWebKit/537.36 (KHTML, like Gecko)"
213.87.225.92 - - [21/Jan/2019:13:09:19 +0700] "GET /tracking.gif?email=remeev1992%40mail.ru&mailing=257 HTTP/1.0" 200 197 "-" "Mozilla/5.0 (Linux; Android 7.0; FRD-L09 Build/HUAWEIFRD-L09; wv) AppleWebKit/537.36 (KHTML, like Gecko) Version/4.0 Chrome/68.0.3440.91 Mobile Safari/537.36"
188.93.56.130 - - [21/Jan/2019:13:09:24 +0700] "GET /tracking.gif?email=eko-sivkova%40mail.ru&mailing=344 HTTP/1.0" 200 197 "-" "Mozilla/5.0 (X11; Linux x86_64) AppleWebKit/537.36 (KHTML, like Gecko)"
188.93.56.127 - - [21/Jan/2019:13:09:28 +0700] "GET /tracking.gif?email=berg18%40bk.ru&mailing=342 HTTP/1.0" 200 197 "-" "Mozilla/5.0 (X11; Linux x86_64) AppleWebKit/537.36 (KHTML, like Gecko)"
188.18.48.162 - - [21/Jan/2019:13:09:59 +0700] "GET /tracking.gif?email=sema1988a%40me.com&mailing=344 HTTP/1.0" 200 197 "-" "Mozilla/5.0 (Macintosh; Intel Mac OS X 10_14) AppleWebKit/605.1.15 (KHTML, like Gecko)"
188.93.56.125 - - [21/Jan/2019:13:10:01 +0700] "GET /tracking.gif?email=Brussa_nv%40mail.ru&mailing=343 HTTP/1.0" 200 197 "-" "Mozilla/5.0 (X11; Linux x86_64) AppleWebKit/537.36 (KHTML, like Gecko)"
188.93.56.121 - - [21/Jan/2019:13:10:04 +0700] "GET /tracking.gif?email=Y.sergeeva%40list.ru&mailing=339 HTTP/1.0" 200 197 "-" "Mozilla/5.0 (X11; Linux x86_64) AppleWebKit/537.36 (KHTML, like Gecko)"
178.46.157.58 - - [21/Jan/2019:13:10:15 +0700] "GET /tracking.gif?email=caek%40yandex.ru&mailing=330 HTTP/1.0" 200 197 "-" "Mozilla/4.0 (compatible; MSIE 7.0; Windows NT 6.1; WOW64; Trident/7.0; SLCC2; .NET CLR 2.0.50727; .NET CLR 3.5.30729; .NET CLR 3.0.30729; Media Center PC 6.0; .NET4.0C; .NET4.0E)"
188.18.48.162 - - [21/Jan/2019:13:10:17 +0700] "GET /tracking.gif?email=sema1988a%40me.com&mailing=344 HTTP/1.0" 200 197 "-" "Mozilla/5.0 (Macintosh; Intel Mac OS X 10_14) AppleWebKit/605.1.15 (KHTML, like Gecko)"
188.93.56.127 - - [21/Jan/2019:13:10:37 +0700] "GET /tracking.gif?email=avanta-servis%40mail.ru&mailing=343 HTTP/1.0" 200 197 "-" "Mozilla/5.0 (X11; Linux x86_64) AppleWebKit/537.36 (KHTML, like Gecko)"
66.102.9.17 - - [21/Jan/2019:13:10:44 +0700] "GET /tracking.gif?email=kranina.m.y%40gmail.com&mailing=287 HTTP/1.0" 200 197 "-" "Mozilla/5.0 (Windows NT 5.1; rv:11.0) Gecko Firefox/11.0 (via ggpht.com GoogleImageProxy)"
5.255.241.247 - - [21/Jan/2019:13:10:46 +0700] "GET /tracking.gif?email=aigul.galiyanova%40yandex.ru&mailing=339 HTTP/1.0" 200 197 "-" "Mozilla/5.0 (compatible; YandexImageResizer/2.0; +http://yandex.com/bots)"
188.93.56.130 - - [21/Jan/2019:13:12:28 +0700] "GET /tracking.gif?email=sap-aleksey%40bk.ru&mailing=343 HTTP/1.0" 200 197 "-" "Mozilla/5.0 (X11; Linux x86_64) AppleWebKit/537.36 (KHTML, like Gecko)"
81.19.78.161 - - [21/Jan/2019:13:14:09 +0700] "GET /tracking.gif?email=Nkilmet2%40rambler.ru&mailing=309 HTTP/1.0" 200 197 "https://mail-pda.rambler.ru/" "RamblerMail/6.0 (incompatible; ImageProxy/6.0)"
188.93.56.123 - - [21/Jan/2019:13:14:29 +0700] "GET /tracking.gif?email=dmitripak%40mail.ru&mailing=343 HTTP/1.0" 200 197 "-" "Mozilla/5.0 (X11; Linux x86_64) AppleWebKit/537.36 (KHTML, like Gecko)"
84.244.46.103 - - [21/Jan/2019:13:14:53 +0700] "GET /tracking.gif?email=slavargus%40yandex.ru&mailing=342 HTTP/1.0" 200 197 "-" "Microsoft Office/16.0 (Microsoft Outlook 16.0.11029; Pro)"
84.244.46.103 - - [21/Jan/2019:13:15:26 +0700] "GET /tracking.gif?email=slavargus%40yandex.ru&mailing=320 HTTP/1.0" 200 197 "-" "Microsoft Office/16.0 (Microsoft Outlook 16.0.11029; Pro)"
84.244.46.103 - - [21/Jan/2019:13:15:27 +0700] "GET /tracking.gif?email=slavargus%40yandex.ru&mailing=320 HTTP/1.0" 200 197 "-" "Microsoft Office/16.0 (Microsoft Outlook 16.0.11029; Pro)"
188.93.56.127 - - [21/Jan/2019:13:16:07 +0700] "GET /tracking.gif?email=bugayov_igor_94%40mail.ru&mailing=345 HTTP/1.0" 200 197 "-" "Mozilla/5.0 (X11; Linux x86_64) AppleWebKit/537.36 (KHTML, like Gecko)"
188.93.56.123 - - [21/Jan/2019:13:17:17 +0700] "GET /tracking.gif?email=kisl.a%40mail.ru&mailing=330 HTTP/1.0" 200 197 "-" "Mozilla/5.0 (X11; Linux x86_64) AppleWebKit/537.36 (KHTML, like Gecko)"
37.9.65.75 - - [21/Jan/2019:13:17:53 +0700] "GET /tracking.gif?email=maxcentry%40yandex.ru&mailing=343 HTTP/1.0" 200 197 "-" "Mozilla/5.0 (compatible; YandexImageResizer/2.0; +http://yandex.com/bots)"
176.59.149.223 - - [21/Jan/2019:13:17:56 +0700] "GET /tracking.gif?email=olegbykov175%40mail.ru&mailing=343 HTTP/1.0" 200 197 "-" "Mozilla/5.0 (Linux; Android 7.0; SM-A310F Build/NRD90M; wv) AppleWebKit/537.36 (KHTML, like Gecko) Version/4.0 Chrome/71.0.3578.99 Mobile Safari/537.36"
92.126.215.209 - - [21/Jan/2019:13:22:38 +0700] "GET /tracking.gif?email=stv_tan%40mail.ru&mailing=330 HTTP/1.0" 200 197 "-" "Mozilla/5.0 (Linux; Android 8.0.0; STF-L09 Build/HUAWEISTF-L09; wv) AppleWebKit/537.36 (KHTML, like Gecko) Version/4.0 Chrome/68.0.3440.91 Mobile Safari/537.36"
79.136.179.188 - - [21/Jan/2019:13:23:45 +0700] "GET /tracking.gif?email=Chulkova-dasha%40yandex.ru&mailing=321 HTTP/1.0" 200 197 "-" "Mozilla/5.0 (Linux; Android 7.0; BLN-L21 Build/HONORBLN-L21; wv) AppleWebKit/537.36 (KHTML, like Gecko) Version/4.0 Chrome/71.0.3578.99 Mobile Safari/537.36"
188.93.56.130 - - [21/Jan/2019:13:24:19 +0700] "GET /tracking.gif?email=rvm3001%40mail.ru&mailing=343 HTTP/1.0" 200 197 "-" "Mozilla/5.0 (X11; Linux x86_64) AppleWebKit/537.36 (KHTML, like Gecko)"
188.93.56.127 - - [21/Jan/2019:13:24:36 +0700] "GET /tracking.gif?email=margo.ip.next%40mail.ru&mailing=343 HTTP/1.0" 200 197 "-" "Mozilla/5.0 (X11; Linux x86_64) AppleWebKit/537.36 (KHTML, like Gecko)"
188.93.56.129 - - [21/Jan/2019:13:25:37 +0700] "GET /tracking.gif?email=Timonov_a_v%40mail.ru&mailing=343 HTTP/1.0" 200 197 "-" "Mozilla/5.0 (X11; Linux x86_64) AppleWebKit/537.36 (KHTML, like Gecko)"
188.93.56.123 - - [21/Jan/2019:13:26:31 +0700] "GET /tracking.gif?email=totolina%40bk.ru&mailing=307 HTTP/1.0" 200 197 "-" "Mozilla/5.0 (X11; Linux x86_64) AppleWebKit/537.36 (KHTML, like Gecko)"
188.93.56.122 - - [21/Jan/2019:13:26:35 +0700] "GET /tracking.gif?email=totolina%40bk.ru&mailing=307 HTTP/1.0" 200 197 "-" "Mozilla/5.0 (X11; Linux x86_64) AppleWebKit/537.36 (KHTML, like Gecko)"
188.93.56.126 - - [21/Jan/2019:13:26:39 +0700] "GET /tracking.gif?email=totolina%40bk.ru&mailing=308 HTTP/1.0" 200 197 "-" "Mozilla/5.0 (X11; Linux x86_64) AppleWebKit/537.36 (KHTML, like Gecko)"
188.93.56.122 - - [21/Jan/2019:13:26:43 +0700] "GET /tracking.gif?email=totolina%40bk.ru&mailing=309 HTTP/1.0" 200 197 "-" "Mozilla/5.0 (X11; Linux x86_64) AppleWebKit/537.36 (KHTML, like Gecko)"
188.93.56.130 - - [21/Jan/2019:13:26:46 +0700] "GET /tracking.gif?email=totolina%40bk.ru&mailing=311 HTTP/1.0" 200 197 "-" "Mozilla/5.0 (X11; Linux x86_64) AppleWebKit/537.36 (KHTML, like Gecko)"
188.93.56.124 - - [21/Jan/2019:13:26:54 +0700] "GET /tracking.gif?email=totolina%40bk.ru&mailing=312 HTTP/1.0" 200 197 "-" "Mozilla/5.0 (X11; Linux x86_64) AppleWebKit/537.36 (KHTML, like Gecko)"
188.93.56.121 - - [21/Jan/2019:13:27:22 +0700] "GET /tracking.gif?email=totolina%40bk.ru&mailing=306 HTTP/1.0" 200 197 "-" "Mozilla/5.0 (X11; Linux x86_64) AppleWebKit/537.36 (KHTML, like Gecko)"
62.68.141.42 - - [21/Jan/2019:13:27:26 +0700] "GET /tracking.gif?email=vka%40nikolas.ru&mailing=327 HTTP/1.0" 200 197 "-" "Mozilla/4.0 (compatible; MSIE 7.0; Windows NT 10.0; Win64; x64; Trident/7.0; .NET4.0C; .NET4.0E; Microsoft Outlook 16.0.4573; ms-office; MSOffice 16)"
188.93.56.129 - - [21/Jan/2019:13:27:34 +0700] "GET /tracking.gif?email=bifarsit%40mail.ru&mailing=345 HTTP/1.0" 200 197 "-" "Mozilla/5.0 (X11; Linux x86_64) AppleWebKit/537.36 (KHTML, like Gecko)"
188.93.56.121 - - [21/Jan/2019:13:29:16 +0700] "GET /tracking.gif?email=finest-hour%40mail.ru&mailing=343 HTTP/1.0" 200 197 "-" "Mozilla/5.0 (X11; Linux x86_64) AppleWebKit/537.36 (KHTML, like Gecko)"
188.93.56.127 - - [21/Jan/2019:13:30:16 +0700] "GET /tracking.gif?email=marinasafonova.81%40mail.ru&mailing=330 HTTP/1.0" 200 197 "-" "Mozilla/5.0 (X11; Linux x86_64) AppleWebKit/537.36 (KHTML, like Gecko)"
5.255.241.230 - - [21/Jan/2019:13:33:46 +0700] "GET /tracking.gif?email=79500588000%40yandex.ru&mailing=342 HTTP/1.0" 200 197 "-" "Mozilla/5.0 (compatible; YandexImageResizer/2.0; +http://yandex.com/bots)"
188.93.56.124 - - [21/Jan/2019:13:35:44 +0700] "GET /tracking.gif?email=happyaev%40mail.ru&mailing=340 HTTP/1.0" 200 197 "-" "Mozilla/5.0 (X11; Linux x86_64) AppleWebKit/537.36 (KHTML, like Gecko)"
188.93.56.121 - - [21/Jan/2019:13:35:57 +0700] "GET /tracking.gif?email=nikonov_oleg%40mail.ru&mailing=318 HTTP/1.0" 200 197 "-" "Mozilla/5.0 (X11; Linux x86_64) AppleWebKit/537.36 (KHTML, like Gecko)"
188.93.56.129 - - [21/Jan/2019:13:36:52 +0700] "GET /tracking.gif?email=Bareev_100%40mail.ru&mailing=339 HTTP/1.0" 200 197 "-" "Mozilla/5.0 (X11; Linux x86_64) AppleWebKit/537.36 (KHTML, like Gecko)"
213.87.241.138 - - [21/Jan/2019:13:37:19 +0700] "GET /tracking.gif?email=sema1988a%40me.com&mailing=344 HTTP/1.0" 200 197 "-" "Mozilla/5.0 (iPhone; CPU iPhone OS 12_1_2 like Mac OS X) AppleWebKit/605.1.15 (KHTML, like Gecko) Mobile/16C101"
188.93.56.122 - - [21/Jan/2019:13:37:24 +0700] "GET /tracking.gif?email=Malaya-ksux%40mail.ru&mailing=339 HTTP/1.0" 200 197 "-" "Mozilla/5.0 (X11; Linux x86_64) AppleWebKit/537.36 (KHTML, like Gecko)"
178.46.157.58 - - [21/Jan/2019:13:39:02 +0700] "GET /tracking.gif?email=caek%40yandex.ru&mailing=330 HTTP/1.0" 200 197 "-" "Mozilla/4.0 (compatible; MSIE 7.0; Windows NT 6.1; WOW64; Trident/7.0; SLCC2; .NET CLR 2.0.50727; .NET CLR 3.5.30729; .NET CLR 3.0.30729; Media Center PC 6.0; .NET4.0C; .NET4.0E)"
188.93.56.129 - - [21/Jan/2019:13:39:05 +0700] "GET /tracking.gif?email=sam.06-85%40mail.ru&mailing=342 HTTP/1.0" 200 197 "-" "Mozilla/5.0 (X11; Linux x86_64) AppleWebKit/537.36 (KHTML, like Gecko)"
5.255.241.226 - - [21/Jan/2019:13:40:11 +0700] "GET /tracking.gif?email=laga.ekaterina%40yandex.ru&mailing=343 HTTP/1.0" 200 197 "-" "Mozilla/5.0 (compatible; YandexImageResizer/2.0; +http://yandex.com/bots)"
188.93.56.124 - - [21/Jan/2019:13:40:24 +0700] "GET /tracking.gif?email=mama19861986%40mail.ru&mailing=338 HTTP/1.0" 200 197 "-" "Mozilla/5.0 (X11; Linux x86_64) AppleWebKit/537.36 (KHTML, like Gecko)"
188.93.56.121 - - [21/Jan/2019:13:40:55 +0700] "GET /tracking.gif?email=vv2662%40mail.ru&mailing=330 HTTP/1.0" 200 197 "-" "Mozilla/5.0 (X11; Linux x86_64) AppleWebKit/537.36 (KHTML, like Gecko)"
37.9.65.71 - - [21/Jan/2019:13:41:53 +0700] "GET /tracking.gif?email=ms.as2010%40yandex.ru&mailing=339 HTTP/1.0" 200 197 "-" "Mozilla/5.0 (compatible; YandexImageResizer/2.0; +http://yandex.com/bots)"
188.93.56.128 - - [21/Jan/2019:13:42:11 +0700] "GET /tracking.gif?email=a-uvarov%40mail.ru&mailing=339 HTTP/1.0" 200 197 "-" "Mozilla/5.0 (X11; Linux x86_64) AppleWebKit/537.36 (KHTML, like Gecko)"
5.255.241.241 - - [21/Jan/2019:13:43:20 +0700] "GET /tracking.gif?email=Islamkulova.natalya%40yandex.ru&mailing=339 HTTP/1.0" 200 197 "-" "Mozilla/5.0 (compatible; YandexImageResizer/2.0; +http://yandex.com/bots)"
217.118.79.44 - - [21/Jan/2019:13:44:25 +0700] "GET /tracking.gif?email=9609707913%40mail.ru&mailing=343 HTTP/1.0" 200 197 "-" "Mozilla/5.0 (Linux; Android 6.0; LG-K430 Build/MRA58K; wv) AppleWebKit/537.36 (KHTML, like Gecko) Version/4.0 Chrome/71.0.3578.99 Mobile Safari/537.36"
66.102.9.20 - - [21/Jan/2019:13:44:59 +0700] "GET /tracking.gif?email=aigolkin%40gmail.com&mailing=343 HTTP/1.0" 200 197 "-" "Mozilla/5.0 (Windows NT 5.1; rv:11.0) Gecko Firefox/11.0 (via ggpht.com GoogleImageProxy)"
66.102.9.20 - - [21/Jan/2019:13:45:06 +0700] "GET /tracking.gif?email=Oleg.sur10%40gmail.com&mailing=338 HTTP/1.0" 200 197 "-" "Mozilla/5.0 (Windows NT 5.1; rv:11.0) Gecko Firefox/11.0 (via ggpht.com GoogleImageProxy)"
83.220.237.111 - - [21/Jan/2019:13:45:08 +0700] "GET /unsubscribe/?email=aigolkin%40gmail.com&mailing=343 HTTP/1.0" 200 980 "-" "Mozilla/5.0 (Windows NT 10.0; Win64; x64; rv:64.0) Gecko/20100101 Firefox/64.0"
83.220.237.111 - - [21/Jan/2019:13:45:08 +0700] "GET /img/popcorn.svg HTTP/1.0" 200 1187 "http://mailing.etobilet.ru/css/main.css" "Mozilla/5.0 (Windows NT 10.0; Win64; x64; rv:64.0) Gecko/20100101 Firefox/64.0"
83.220.237.111 - - [21/Jan/2019:13:45:12 +0700] "GET /unsubscribe/?email=aigolkin%40gmail.com&mailing=343&confirmed=1 HTTP/1.0" 200 747 "http://mailing.etobilet.ru/unsubscribe/?email=aigolkin%40gmail.com&mailing=343" "Mozilla/5.0 (Windows NT 10.0; Win64; x64; rv:64.0) Gecko/20100101 Firefox/64.0"
93.158.130.162 - - [21/Jan/2019:13:46:51 +0700] "GET /tracking.gif?email=Logist%40krepeg.tom.ru&mailing=343 HTTP/1.0" 200 197 "-" "Mozilla/5.0 (compatible; YandexImageResizer/2.0; +http://yandex.com/bots)"
93.158.130.172 - - [21/Jan/2019:13:47:37 +0700] "GET /tracking.gif?email=Sahasashok%40yandex.ru&mailing=340 HTTP/1.0" 200 197 "-" "Mozilla/5.0 (compatible; YandexImageResizer/2.0; +http://yandex.com/bots)"
5.44.169.5 - - [21/Jan/2019:13:47:59 +0700] "GET /tracking.gif?email=varvarabelova%40yahoo.com&mailing=343 HTTP/1.0" 200 197 "-" "Mozilla/5.0 (iPad; CPU OS 11_3 like Mac OS X) AppleWebKit/605.1.15 (KHTML, like Gecko) Mobile/15E302"
31.173.242.74 - - [21/Jan/2019:13:48:25 +0700] "GET /tracking.gif?email=pakhalkovas%40yahoo.com&mailing=330 HTTP/1.0" 200 197 "-" "Mozilla/5.0 (iPhone; CPU iPhone OS 12_1_1 like Mac OS X) AppleWebKit/605.1.15 (KHTML, like Gecko) Mobile/16C50"
