188.93.56.128 - - [29/Jan/2019:12:28:48 +0700] "GET /tracking.gif?email=khizhnyakova1975%40mail.ru&mailing=343 HTTP/1.0" 200 197 "-" "Mozilla/5.0 (X11; Linux x86_64) AppleWebKit/537.36 (KHTML, like Gecko)"
66.102.9.17 - - [29/Jan/2019:12:30:39 +0700] "GET /tracking.gif?email=fayrushina.anastasia%40gmail.com&mailing=384 HTTP/1.0" 200 197 "-" "Mozilla/5.0 (Windows NT 5.1; rv:11.0) Gecko Firefox/11.0 (via ggpht.com GoogleImageProxy)"
188.93.56.130 - - [29/Jan/2019:12:32:59 +0700] "GET /tracking.gif?email=vadstep777%40mail.ru&mailing=384 HTTP/1.0" 200 197 "-" "Mozilla/5.0 (X11; Linux x86_64) AppleWebKit/537.36 (KHTML, like Gecko)"
188.93.56.125 - - [29/Jan/2019:12:33:29 +0700] "GET /tracking.gif?email=khizhnyakova1975%40mail.ru&mailing=286 HTTP/1.0" 200 197 "-" "Mozilla/5.0 (X11; Linux x86_64) AppleWebKit/537.36 (KHTML, like Gecko)"
188.93.56.127 - - [29/Jan/2019:12:36:07 +0700] "GET /tracking.gif?email=irapeskina%40mail.ru&mailing=384 HTTP/1.0" 200 197 "-" "Mozilla/5.0 (X11; Linux x86_64) AppleWebKit/537.36 (KHTML, like Gecko)"
188.93.56.121 - - [29/Jan/2019:12:36:44 +0700] "GET /tracking.gif?email=lysyk_83%40mail.ru&mailing=375 HTTP/1.0" 200 197 "-" "Mozilla/5.0 (X11; Linux x86_64) AppleWebKit/537.36 (KHTML, like Gecko)"
90.188.236.163 - - [29/Jan/2019:12:37:47 +0700] "GET /tracking.gif?email=nadyska-28%40live.com&mailing=370 HTTP/1.0" 200 197 "-" "Outlook-iOS/700.1497900.prod.iphone (3.7.1)"
90.188.236.163 - - [29/Jan/2019:12:37:48 +0700] "GET /tracking.gif?email=nadyska-28%40live.com&mailing=342 HTTP/1.0" 200 197 "-" "Outlook-iOS/700.1497900.prod.iphone (3.7.1)"
188.93.56.123 - - [29/Jan/2019:12:37:48 +0700] "GET /tracking.gif?email=cardin%40bk.ru&mailing=377 HTTP/1.0" 200 197 "-" "Mozilla/5.0 (X11; Linux x86_64) AppleWebKit/537.36 (KHTML, like Gecko)"
188.93.56.128 - - [29/Jan/2019:12:38:04 +0700] "GET /tracking.gif?email=irina.bazhenova.78%40mail.ru&mailing=384 HTTP/1.0" 200 197 "-" "Mozilla/5.0 (X11; Linux x86_64) AppleWebKit/537.36 (KHTML, like Gecko)"
90.188.236.163 - - [29/Jan/2019:12:38:13 +0700] "GET /tracking.gif?email=nadyska-28%40live.com&mailing=370 HTTP/1.0" 200 197 "-" "Outlook-iOS/700.1497900.prod.iphone (3.7.1)"
188.93.56.124 - - [29/Jan/2019:12:40:14 +0700] "GET /tracking.gif?email=svetulka1965%40mail.ru&mailing=384 HTTP/1.0" 200 197 "-" "Mozilla/5.0 (X11; Linux x86_64) AppleWebKit/537.36 (KHTML, like Gecko)"
188.93.56.123 - - [29/Jan/2019:12:40:16 +0700] "GET /tracking.gif?email=aulrih80%40mail.ru&mailing=375 HTTP/1.0" 200 197 "-" "Mozilla/5.0 (X11; Linux x86_64) AppleWebKit/537.36 (KHTML, like Gecko)"
188.93.56.128 - - [29/Jan/2019:12:40:18 +0700] "GET /tracking.gif?email=irina.bazhenova.78%40mail.ru&mailing=257 HTTP/1.0" 200 197 "-" "Mozilla/5.0 (X11; Linux x86_64) AppleWebKit/537.36 (KHTML, like Gecko)"
188.93.56.128 - - [29/Jan/2019:12:40:45 +0700] "GET /tracking.gif?email=irina.bazhenova.78%40mail.ru&mailing=226 HTTP/1.0" 200 197 "-" "Mozilla/5.0 (X11; Linux x86_64) AppleWebKit/537.36 (KHTML, like Gecko)"
188.93.56.125 - - [29/Jan/2019:12:40:55 +0700] "GET /tracking.gif?email=azamat-bapanin%40mail.ru&mailing=377 HTTP/1.0" 200 197 "-" "Mozilla/5.0 (X11; Linux x86_64) AppleWebKit/537.36 (KHTML, like Gecko)"
188.93.56.130 - - [29/Jan/2019:12:41:59 +0700] "GET /tracking.gif?email=tonkonozhenko_90%40mail.ru&mailing=280 HTTP/1.0" 200 197 "-" "Mozilla/5.0 (X11; Linux x86_64) AppleWebKit/537.36 (KHTML, like Gecko)"
188.93.56.123 - - [29/Jan/2019:12:42:35 +0700] "GET /tracking.gif?email=azamat-bapanin%40mail.ru&mailing=339 HTTP/1.0" 200 197 "-" "Mozilla/5.0 (X11; Linux x86_64) AppleWebKit/537.36 (KHTML, like Gecko)"
188.93.56.128 - - [29/Jan/2019:12:42:44 +0700] "GET /tracking.gif?email=irina.bazhenova.78%40mail.ru&mailing=343 HTTP/1.0" 200 197 "-" "Mozilla/5.0 (X11; Linux x86_64) AppleWebKit/537.36 (KHTML, like Gecko)"
188.93.56.128 - - [29/Jan/2019:12:43:19 +0700] "GET /tracking.gif?email=irina.bazhenova.78%40mail.ru&mailing=321 HTTP/1.0" 200 197 "-" "Mozilla/5.0 (X11; Linux x86_64) AppleWebKit/537.36 (KHTML, like Gecko)"
188.93.56.128 - - [29/Jan/2019:12:43:39 +0700] "GET /tracking.gif?email=irina.bazhenova.78%40mail.ru&mailing=321 HTTP/1.0" 200 197 "-" "Mozilla/5.0 (X11; Linux x86_64) AppleWebKit/537.36 (KHTML, like Gecko)"
188.93.56.121 - - [29/Jan/2019:12:44:36 +0700] "GET /tracking.gif?email=liza.friz%40mail.ru&mailing=375 HTTP/1.0" 200 197 "-" "Mozilla/5.0 (X11; Linux x86_64) AppleWebKit/537.36 (KHTML, like Gecko)"
188.93.56.128 - - [29/Jan/2019:12:44:39 +0700] "GET /tracking.gif?email=irina.bazhenova.78%40mail.ru&mailing=286 HTTP/1.0" 200 197 "-" "Mozilla/5.0 (X11; Linux x86_64) AppleWebKit/537.36 (KHTML, like Gecko)"
188.93.56.125 - - [29/Jan/2019:12:46:47 +0700] "GET /tracking.gif?email=prosto_lero4ka23%40mail.ru&mailing=375 HTTP/1.0" 200 197 "-" "Mozilla/5.0 (X11; Linux x86_64) AppleWebKit/537.36 (KHTML, like Gecko)"
188.93.56.129 - - [29/Jan/2019:12:48:15 +0700] "GET /tracking.gif?email=uru_svati%40mail.ru&mailing=370 HTTP/1.0" 200 197 "-" "Mozilla/5.0 (X11; Linux x86_64) AppleWebKit/537.36 (KHTML, like Gecko)"
188.93.56.123 - - [29/Jan/2019:12:48:33 +0700] "GET /tracking.gif?email=art-dias%40mail.ru&mailing=370 HTTP/1.0" 200 197 "-" "Mozilla/5.0 (X11; Linux x86_64) AppleWebKit/537.36 (KHTML, like Gecko)"
188.93.56.124 - - [29/Jan/2019:12:48:37 +0700] "GET /tracking.gif?email=ksuem%40mail.ru&mailing=375 HTTP/1.0" 200 197 "-" "Mozilla/5.0 (X11; Linux x86_64) AppleWebKit/537.36 (KHTML, like Gecko)"
188.93.56.122 - - [29/Jan/2019:12:53:43 +0700] "GET /tracking.gif?email=DEMA-08%40bk.ru&mailing=370 HTTP/1.0" 200 197 "-" "Mozilla/5.0 (X11; Linux x86_64) AppleWebKit/537.36 (KHTML, like Gecko)"
217.8.93.150 - - [29/Jan/2019:12:54:03 +0700] "GET /tracking.gif?email=nkhanty%40mail.ru&mailing=344 HTTP/1.0" 200 197 "-" "Mozilla/5.0 (Linux; Android 6.0.1; SM-A500F Build/MMB29M; wv) AppleWebKit/537.36 (KHTML, like Gecko) Version/4.0 Chrome/71.0.3578.99 Mobile Safari/537.36"
217.8.93.150 - - [29/Jan/2019:12:54:24 +0700] "GET /tracking.gif?email=nkhanty%40mail.ru&mailing=378 HTTP/1.0" 200 197 "-" "Mozilla/5.0 (Linux; Android 6.0.1; SM-A500F Build/MMB29M; wv) AppleWebKit/537.36 (KHTML, like Gecko) Version/4.0 Chrome/71.0.3578.99 Mobile Safari/537.36"
188.93.56.122 - - [29/Jan/2019:12:57:29 +0700] "GET /tracking.gif?email=aelena_v%40mail.ru&mailing=287 HTTP/1.0" 200 197 "-" "Mozilla/5.0 (X11; Linux x86_64) AppleWebKit/537.36 (KHTML, like Gecko)"
66.102.9.14 - - [29/Jan/2019:12:59:02 +0700] "GET /tracking.gif?email=rusa8612331%40gmail.com&mailing=383 HTTP/1.0" 200 197 "-" "Mozilla/5.0 (Windows NT 5.1; rv:11.0) Gecko Firefox/11.0 (via ggpht.com GoogleImageProxy)"
66.102.9.14 - - [29/Jan/2019:12:59:24 +0700] "GET /tracking.gif?email=rusa8612331%40gmail.com&mailing=338 HTTP/1.0" 200 197 "-" "Mozilla/5.0 (Windows NT 5.1; rv:11.0) Gecko Firefox/11.0 (via ggpht.com GoogleImageProxy)"
90.188.116.225 - - [29/Jan/2019:12:59:59 +0700] "GET /tracking.gif?email=Bebenin2000%40mail.ru&mailing=384 HTTP/1.0" 200 197 "-" "Mozilla/4.0 (compatible; MSIE 7.0; Windows NT 6.1; WOW64; Trident/6.0; SLCC2; .NET CLR 2.0.50727; .NET CLR 3.5.30729; .NET CLR 3.0.30729; Media Center PC 6.0; .NET4.0C; .NET4.0E; BRI/2)"
188.93.56.124 - - [29/Jan/2019:13:00:14 +0700] "GET /tracking.gif?email=9818941411%40mail.ru&mailing=384 HTTP/1.0" 200 197 "-" "Mozilla/5.0 (X11; Linux x86_64) AppleWebKit/537.36 (KHTML, like Gecko)"
188.93.56.127 - - [29/Jan/2019:13:05:19 +0700] "GET /tracking.gif?email=adelya.zulpukarova%40mail.ru&mailing=384 HTTP/1.0" 200 197 "-" "Mozilla/5.0 (X11; Linux x86_64) AppleWebKit/537.36 (KHTML, like Gecko)"
217.118.79.46 - - [29/Jan/2019:13:05:47 +0700] "GET /tracking.gif?email=asel_akizhanova%40mail.ru&mailing=384 HTTP/1.0" 200 197 "-" "Mozilla/5.0 (Linux; Android 7.0; SM-G920F Build/NRD90M; wv) AppleWebKit/537.36 (KHTML, like Gecko) Version/4.0 Chrome/71.0.3578.99 Mobile Safari/537.36"
217.118.79.46 - - [29/Jan/2019:13:05:56 +0700] "GET /tracking.gif?email=asel_akizhanova%40mail.ru&mailing=343 HTTP/1.0" 200 197 "-" "Mozilla/5.0 (Linux; Android 7.0; SM-G920F Build/NRD90M; wv) AppleWebKit/537.36 (KHTML, like Gecko) Version/4.0 Chrome/71.0.3578.99 Mobile Safari/537.36"
188.93.56.125 - - [29/Jan/2019:13:06:25 +0700] "GET /tracking.gif?email=mekhova_a%40mail.ru&mailing=375 HTTP/1.0" 200 197 "-" "Mozilla/5.0 (X11; Linux x86_64) AppleWebKit/537.36 (KHTML, like Gecko)"
188.93.56.122 - - [29/Jan/2019:13:07:48 +0700] "GET /tracking.gif?email=OKSIMYASNIKOVA%40MAIL.RU&mailing=317 HTTP/1.0" 200 197 "-" "Mozilla/5.0 (X11; Linux x86_64) AppleWebKit/537.36 (KHTML, like Gecko)"
81.19.78.161 - - [29/Jan/2019:13:09:48 +0700] "GET /tracking.gif?email=lawwa-1%40rambler.ru&mailing=377 HTTP/1.0" 200 197 "https://mail-pda.rambler.ru/" "RamblerMail/6.0 (incompatible; ImageProxy/6.0)"
37.9.65.83 - - [29/Jan/2019:13:11:19 +0700] "GET /tracking.gif?email=sir.anisimoff%40yandex.ru&mailing=375 HTTP/1.0" 200 197 "-" "Mozilla/5.0 (compatible; YandexImageResizer/2.0; +http://yandex.com/bots)"
176.59.200.248 - - [29/Jan/2019:13:11:42 +0700] "GET /tracking.gif?email=aasvet86%40mail.ru&mailing=339 HTTP/1.0" 200 197 "-" "Mozilla/5.0 (Linux; Android 8.0.0; AUM-L29 Build/HONORAUM-L29; wv) AppleWebKit/537.36 (KHTML, like Gecko) Version/4.0 Chrome/71.0.3578.99 Mobile Safari/537.36"
188.93.56.127 - - [29/Jan/2019:13:12:16 +0700] "GET /tracking.gif?email=ilindn%40list.ru&mailing=384 HTTP/1.0" 200 197 "-" "Mozilla/5.0 (X11; Linux x86_64) AppleWebKit/537.36 (KHTML, like Gecko)"
176.59.142.27 - - [29/Jan/2019:13:13:55 +0700] "GET /tracking.gif?email=Snejok05%40icloud.com&mailing=375 HTTP/1.0" 200 197 "-" "Mozilla/5.0 (iPhone; CPU iPhone OS 12_1_2 like Mac OS X) AppleWebKit/605.1.15 (KHTML, like Gecko) Mobile/16C101"
188.93.56.122 - - [29/Jan/2019:13:15:17 +0700] "GET /tracking.gif?email=pilula%40list.ru&mailing=375 HTTP/1.0" 200 197 "-" "Mozilla/5.0 (X11; Linux x86_64) AppleWebKit/537.36 (KHTML, like Gecko)"
188.93.56.123 - - [29/Jan/2019:13:15:48 +0700] "GET /tracking.gif?email=larisa-skibina%40mail.ru&mailing=254 HTTP/1.0" 200 197 "-" "Mozilla/5.0 (X11; Linux x86_64) AppleWebKit/537.36 (KHTML, like Gecko)"
66.102.9.17 - - [29/Jan/2019:13:17:30 +0700] "GET /tracking.gif?email=ignashin88%40gmail.com&mailing=330 HTTP/1.0" 200 197 "-" "Mozilla/5.0 (Windows NT 5.1; rv:11.0) Gecko Firefox/11.0 (via ggpht.com GoogleImageProxy)"
66.102.9.20 - - [29/Jan/2019:13:18:53 +0700] "GET /tracking.gif?email=dron150765%40gmail.com&mailing=384 HTTP/1.0" 200 197 "-" "Mozilla/5.0 (Windows NT 5.1; rv:11.0) Gecko Firefox/11.0 (via ggpht.com GoogleImageProxy)"
66.102.9.17 - - [29/Jan/2019:13:18:54 +0700] "GET /tracking.gif?email=dron150765%40gmail.com&mailing=343 HTTP/1.0" 200 197 "-" "Mozilla/5.0 (Windows NT 5.1; rv:11.0) Gecko Firefox/11.0 (via ggpht.com GoogleImageProxy)"
5.255.241.225 - - [29/Jan/2019:13:20:54 +0700] "GET /tracking.gif?email=ccbo79124314535%40yandex.ru&mailing=375 HTTP/1.0" 200 197 "-" "Mozilla/5.0 (compatible; YandexImageResizer/2.0; +http://yandex.com/bots)"
77.243.116.42 - - [29/Jan/2019:13:21:18 +0700] "GET /tracking.gif?email=itgrand2014%40gmail.com&mailing=370 HTTP/1.0" 200 197 "-" "Mozilla/5.0 (iPhone; CPU iPhone OS 12_1 like Mac OS X) AppleWebKit/605.1.15 (KHTML, like Gecko) Mobile/16B92"
188.93.56.121 - - [29/Jan/2019:13:22:31 +0700] "GET /tracking.gif?email=kodzaeva_1211%40mail.ru&mailing=370 HTTP/1.0" 200 197 "-" "Mozilla/5.0 (X11; Linux x86_64) AppleWebKit/537.36 (KHTML, like Gecko)"
188.93.56.125 - - [29/Jan/2019:13:26:42 +0700] "GET /tracking.gif?email=777omsk_maks%40mail.ru&mailing=375 HTTP/1.0" 200 197 "-" "Mozilla/5.0 (X11; Linux x86_64) AppleWebKit/537.36 (KHTML, like Gecko)"
62.68.141.42 - - [29/Jan/2019:13:26:49 +0700] "GET /tracking.gif?email=vka%40nikolas.ru&mailing=398 HTTP/1.0" 200 197 "-" "Mozilla/4.0 (compatible; MSIE 7.0; Windows NT 10.0; Win64; x64; Trident/7.0; .NET4.0C; .NET4.0E; Microsoft Outlook 16.0.4573; ms-office; MSOffice 16)"
188.93.56.125 - - [29/Jan/2019:13:27:41 +0700] "GET /tracking.gif?email=sanya_valchuk%40mail.ru&mailing=383 HTTP/1.0" 200 197 "-" "Mozilla/5.0 (X11; Linux x86_64) AppleWebKit/537.36 (KHTML, like Gecko)"
188.93.56.125 - - [29/Jan/2019:13:28:18 +0700] "GET /tracking.gif?email=elena-yazovskaya%40list.ru&mailing=375 HTTP/1.0" 200 197 "-" "Mozilla/5.0 (X11; Linux x86_64) AppleWebKit/537.36 (KHTML, like Gecko)"
188.93.56.121 - - [29/Jan/2019:13:32:25 +0700] "GET /tracking.gif?email=sibinvest86%40mail.ru&mailing=377 HTTP/1.0" 200 197 "-" "Mozilla/5.0 (X11; Linux x86_64) AppleWebKit/537.36 (KHTML, like Gecko)"
188.93.56.126 - - [29/Jan/2019:13:40:36 +0700] "GET /tracking.gif?email=sbitneva_yanochka%40mail.ru&mailing=316 HTTP/1.0" 200 197 "-" "Mozilla/5.0 (X11; Linux x86_64) AppleWebKit/537.36 (KHTML, like Gecko)"
188.93.56.125 - - [29/Jan/2019:13:41:03 +0700] "GET /tracking.gif?email=woolf.1974%40mail.ru&mailing=383 HTTP/1.0" 200 197 "-" "Mozilla/5.0 (X11; Linux x86_64) AppleWebKit/537.36 (KHTML, like Gecko)"
188.93.56.122 - - [29/Jan/2019:13:41:48 +0700] "GET /tracking.gif?email=pashapvg%40mail.ru&mailing=384 HTTP/1.0" 200 197 "-" "Mozilla/5.0 (X11; Linux x86_64) AppleWebKit/537.36 (KHTML, like Gecko)"
188.93.56.124 - - [29/Jan/2019:13:44:18 +0700] "GET /tracking.gif?email=kulish2003-1987%40mail.ru&mailing=274 HTTP/1.0" 200 197 "-" "Mozilla/5.0 (X11; Linux x86_64) AppleWebKit/537.36 (KHTML, like Gecko)"
188.93.56.124 - - [29/Jan/2019:13:45:55 +0700] "GET /tracking.gif?email=kulish2003-1987%40mail.ru&mailing=241 HTTP/1.0" 200 197 "-" "Mozilla/5.0 (X11; Linux x86_64) AppleWebKit/537.36 (KHTML, like Gecko)"
188.93.56.124 - - [29/Jan/2019:13:46:54 +0700] "GET /tracking.gif?email=kulish2003-1987%40mail.ru&mailing=191 HTTP/1.0" 200 197 "-" "Mozilla/5.0 (X11; Linux x86_64) AppleWebKit/537.36 (KHTML, like Gecko)"
188.93.56.125 - - [29/Jan/2019:13:49:45 +0700] "GET /tracking.gif?email=gubar-lubov%40mail.ru&mailing=384 HTTP/1.0" 200 197 "-" "Mozilla/5.0 (X11; Linux x86_64) AppleWebKit/537.36 (KHTML, like Gecko)"
37.9.65.86 - - [29/Jan/2019:13:51:11 +0700] "GET /tracking.gif?email=vorobjeva.anna.2017%40yandex.ru&mailing=384 HTTP/1.0" 200 197 "-" "Mozilla/5.0 (compatible; YandexImageResizer/2.0; +http://yandex.com/bots)"
188.93.56.125 - - [29/Jan/2019:13:52:17 +0700] "GET /tracking.gif?email=woolf.1974%40mail.ru&mailing=338 HTTP/1.0" 200 197 "-" "Mozilla/5.0 (X11; Linux x86_64) AppleWebKit/537.36 (KHTML, like Gecko)"
188.93.56.123 - - [29/Jan/2019:13:53:30 +0700] "GET /tracking.gif?email=26_08_1985%40mail.ru&mailing=380 HTTP/1.0" 200 197 "-" "Mozilla/5.0 (X11; Linux x86_64) AppleWebKit/537.36 (KHTML, like Gecko)"
188.93.56.125 - - [29/Jan/2019:13:56:25 +0700] "GET /tracking.gif?email=gubar-lubov%40mail.ru&mailing=343 HTTP/1.0" 200 197 "-" "Mozilla/5.0 (X11; Linux x86_64) AppleWebKit/537.36 (KHTML, like Gecko)"
83.172.43.108 - - [29/Jan/2019:13:57:19 +0700] "GET /tracking.gif?email=shklyar.e.i%40mail.ru&mailing=384 HTTP/1.0" 200 197 "-" "Mozilla/5.0 (Linux; Android 8.0.0; FLA-LX1 Build/HUAWEIFLA-LX1; wv) AppleWebKit/537.36 (KHTML, like Gecko) Version/4.0 Chrome/71.0.3578.99 Mobile Safari/537.36"
93.158.130.181 - - [29/Jan/2019:13:59:45 +0700] "GET /tracking.gif?email=Baho13%40tut.by&mailing=383 HTTP/1.0" 200 197 "-" "Mozilla/5.0 (compatible; YandexImageResizer/2.0; +http://yandex.com/bots)"
188.93.56.123 - - [29/Jan/2019:14:00:01 +0700] "GET /tracking.gif?email=fyz25%40mail.ru&mailing=264 HTTP/1.0" 200 197 "-" "Mozilla/5.0 (X11; Linux x86_64) AppleWebKit/537.36 (KHTML, like Gecko)"
94.25.178.42 - - [29/Jan/2019:14:00:06 +0700] "GET /unsubscribe/?email=Baho13%40tut.by&mailing=383 HTTP/1.0" 200 978 "-" "Mozilla/5.0 (Windows NT 10.0; Win64; x64) AppleWebKit/537.36 (KHTML, like Gecko) Chrome/71.0.3578.98 Safari/537.36"
94.25.178.42 - - [29/Jan/2019:14:00:08 +0700] "GET /img/popcorn.svg HTTP/1.0" 200 1187 "http://mailing.etobilet.ru/css/main.css" "Mozilla/5.0 (Windows NT 10.0; Win64; x64) AppleWebKit/537.36 (KHTML, like Gecko) Chrome/71.0.3578.98 Safari/537.36"
94.25.178.42 - - [29/Jan/2019:14:00:12 +0700] "GET /unsubscribe/?email=Baho13%40tut.by&mailing=383&confirmed=1 HTTP/1.0" 200 755 "http://mailing.etobilet.ru/unsubscribe/?email=Baho13%40tut.by&mailing=383" "Mozilla/5.0 (Windows NT 10.0; Win64; x64) AppleWebKit/537.36 (KHTML, like Gecko) Chrome/71.0.3578.98 Safari/537.36"
90.151.86.164 - - [29/Jan/2019:14:03:23 +0700] "GET /tracking.gif?email=kormina_91%40mail.ru&mailing=378 HTTP/1.0" 200 197 "-" "Mozilla/5.0 (iPhone; CPU iPhone OS 12_1_2 like Mac OS X) AppleWebKit/605.1.15 (KHTML, like Gecko) Mobile/16C101"
62.68.141.42 - - [29/Jan/2019:14:05:56 +0700] "HEAD /browse/?mailing=240 HTTP/1.0" 200 154 "-" "Microsoft Office Word 2014"
62.68.141.42 - - [29/Jan/2019:14:05:56 +0700] "GET /browse/?mailing=240 HTTP/1.0" 200 66605 "-" "Mozilla/4.0 (compatible; MSIE 7.0; Windows NT 10.0; Win64; x64; Trident/7.0; .NET4.0C; .NET4.0E; ms-office)"
62.68.141.42 - - [29/Jan/2019:14:05:57 +0700] "GET /browse/?mailing=240 HTTP/1.0" 200 66605 "-" "Mozilla/5.0 (Windows NT 10.0; Win64; x64) AppleWebKit/537.36 (KHTML, like Gecko) Chrome/71.0.3578.98 Safari/537.36"
62.68.141.42 - - [29/Jan/2019:14:05:57 +0700] "GET /tracking.gif?email=unknown%40example.com&mailing=240 HTTP/1.0" 200 197 "http://mailing.etobilet.ru/browse/?mailing=240" "Mozilla/5.0 (Windows NT 10.0; Win64; x64) AppleWebKit/537.36 (KHTML, like Gecko) Chrome/71.0.3578.98 Safari/537.36"
37.9.65.72 - - [29/Jan/2019:14:06:34 +0700] "GET /tracking.gif?email=ksu.vlasenko%40yandex.ru&mailing=293 HTTP/1.0" 200 197 "-" "Mozilla/5.0 (compatible; YandexImageResizer/2.0; +http://yandex.com/bots)"
62.68.141.42 - - [29/Jan/2019:14:06:35 +0700] "GET /browse/?email=ksu.vlasenko%40yandex.ru&mailing=293 HTTP/1.0" 200 97524 "-" "Mozilla/5.0 (Windows NT 10.0; Win64; x64) AppleWebKit/537.36 (KHTML, like Gecko) Chrome/71.0.3578.98 Safari/537.36"
62.68.141.42 - - [29/Jan/2019:14:06:36 +0700] "GET /tracking.gif?email=ksu.vlasenko%40yandex.ru&mailing=293 HTTP/1.0" 200 197 "http://mailing.etobilet.ru/browse/?email=ksu.vlasenko%40yandex.ru&mailing=293" "Mozilla/5.0 (Windows NT 10.0; Win64; x64) AppleWebKit/537.36 (KHTML, like Gecko) Chrome/71.0.3578.98 Safari/537.36"
62.68.141.42 - - [29/Jan/2019:14:06:53 +0700] "GET /browse/?mailing=293 HTTP/1.0" 200 96991 "-" "Mozilla/5.0 (Windows NT 10.0; Win64; x64) AppleWebKit/537.36 (KHTML, like Gecko) Chrome/71.0.3578.98 Safari/537.36"
62.68.141.42 - - [29/Jan/2019:14:06:53 +0700] "GET /tracking.gif?email=unknown%40example.com&mailing=293 HTTP/1.0" 200 197 "http://mailing.etobilet.ru/browse/?mailing=293" "Mozilla/5.0 (Windows NT 10.0; Win64; x64) AppleWebKit/537.36 (KHTML, like Gecko) Chrome/71.0.3578.98 Safari/537.36"
104.249.46.40 - - [29/Jan/2019:14:08:17 +0700] "GET /browse/?mailing=240 HTTP/1.0" 200 66605 "-" "Mozilla/5.0 (Windows NT 6.1; rv:35.0) Gecko/20100101 Firefox/35.0"
188.93.56.127 - - [29/Jan/2019:14:14:30 +0700] "GET /tracking.gif?email=shumilova-sa%40mail.ru&mailing=384 HTTP/1.0" 200 197 "-" "Mozilla/5.0 (X11; Linux x86_64) AppleWebKit/537.36 (KHTML, like Gecko)"
54.162.26.85 - - [29/Jan/2019:14:17:49 +0700] "GET /browse/?email=aleksa.tim%40icoud.com&mailing=373 HTTP/1.0" 200 69524 "-" "Mozilla/5.0 (Windows NT 6.1; WOW64) AppleWebKit/537.36 (KHTML, like Gecko) Chrome/57.0.2987.98 Safari/537.36"
54.162.26.85 - - [29/Jan/2019:14:17:50 +0700] "GET /tracking.gif?email=aleksa.tim%40icoud.com&mailing=373 HTTP/1.0" 200 197 "http://mailing.etobilet.ru/browse/?email=aleksa.tim%40icoud.com&mailing=373" "Mozilla/5.0 (Windows NT 6.1; WOW64) AppleWebKit/537.36 (KHTML, like Gecko) Chrome/57.0.2987.98 Safari/537.36"
54.175.85.43 - - [29/Jan/2019:14:18:01 +0700] "GET /browse/?email=a.y.serebryakov%40gmai.com&mailing=375 HTTP/1.0" 200 67831 "-" "Mozilla/5.0 (Windows NT 6.1; WOW64) AppleWebKit/537.36 (KHTML, like Gecko) Chrome/57.0.2987.98 Safari/537.36"
100.25.220.181 - - [29/Jan/2019:14:18:01 +0700] "GET /browse/?email=aleksa.tim%40icoud.com&mailing=373 HTTP/1.0" 200 69524 "-" "Mozilla/5.0 (Windows NT 6.1; WOW64) AppleWebKit/537.36 (KHTML, like Gecko) Chrome/57.0.2987.98 Safari/537.36"
54.175.85.43 - - [29/Jan/2019:14:18:01 +0700] "GET /tracking.gif?email=a.y.serebryakov%40gmai.com&mailing=375 HTTP/1.0" 200 197 "http://mailing.etobilet.ru/browse/?email=a.y.serebryakov%40gmai.com&mailing=375" "Mozilla/5.0 (Windows NT 6.1; WOW64) AppleWebKit/537.36 (KHTML, like Gecko) Chrome/57.0.2987.98 Safari/537.36"
100.25.220.181 - - [29/Jan/2019:14:18:02 +0700] "GET /tracking.gif?email=aleksa.tim%40icoud.com&mailing=373 HTTP/1.0" 200 197 "http://mailing.etobilet.ru/browse/?email=aleksa.tim%40icoud.com&mailing=373" "Mozilla/5.0 (Windows NT 6.1; WOW64) AppleWebKit/537.36 (KHTML, like Gecko) Chrome/57.0.2987.98 Safari/537.36"
34.207.222.93 - - [29/Jan/2019:14:19:05 +0700] "GET /browse/?email=a.y.serebryakov%40gmai.com&mailing=375 HTTP/1.0" 200 67831 "-" "Mozilla/5.0 (Windows NT 6.1; WOW64) AppleWebKit/537.36 (KHTML, like Gecko) Chrome/57.0.2987.98 Safari/537.36"
34.207.222.93 - - [29/Jan/2019:14:19:05 +0700] "GET /tracking.gif?email=a.y.serebryakov%40gmai.com&mailing=375 HTTP/1.0" 200 197 "http://mailing.etobilet.ru/browse/?email=a.y.serebryakov%40gmai.com&mailing=375" "Mozilla/5.0 (Windows NT 6.1; WOW64) AppleWebKit/537.36 (KHTML, like Gecko) Chrome/57.0.2987.98 Safari/537.36"
188.93.56.125 - - [29/Jan/2019:14:19:20 +0700] "GET /tracking.gif?email=iktumen%40mail.ru&mailing=397 HTTP/1.0" 200 197 "-" "Mozilla/5.0 (X11; Linux x86_64) AppleWebKit/537.36 (KHTML, like Gecko)"
66.102.9.14 - - [29/Jan/2019:14:21:32 +0700] "GET /tracking.gif?email=ivanmaslenikov%40gmail.com&mailing=375 HTTP/1.0" 200 197 "-" "Mozilla/5.0 (Windows NT 5.1; rv:11.0) Gecko Firefox/11.0 (via ggpht.com GoogleImageProxy)"
93.158.130.179 - - [29/Jan/2019:14:23:51 +0700] "GET /tracking.gif?email=kev94%40yandex.ru&mailing=384 HTTP/1.0" 200 197 "-" "Mozilla/5.0 (compatible; YandexImageResizer/2.0; +http://yandex.com/bots)"
188.93.56.126 - - [29/Jan/2019:14:33:10 +0700] "GET /tracking.gif?email=kulish2003-1987%40mail.ru&mailing=375 HTTP/1.0" 200 197 "-" "Mozilla/5.0 (X11; Linux x86_64) AppleWebKit/537.36 (KHTML, like Gecko)"
188.93.56.126 - - [29/Jan/2019:14:33:48 +0700] "GET /tracking.gif?email=kulish2003-1987%40mail.ru&mailing=330 HTTP/1.0" 200 197 "-" "Mozilla/5.0 (X11; Linux x86_64) AppleWebKit/537.36 (KHTML, like Gecko)"
37.9.65.71 - - [29/Jan/2019:14:35:00 +0700] "GET /tracking.gif?email=shelest115%40yandex.ru&mailing=370 HTTP/1.0" 200 197 "-" "Mozilla/5.0 (compatible; YandexImageResizer/2.0; +http://yandex.com/bots)"
188.93.56.124 - - [29/Jan/2019:14:36:35 +0700] "GET /tracking.gif?email=malofeev74%40mail.ru&mailing=377 HTTP/1.0" 200 197 "-" "Mozilla/5.0 (X11; Linux x86_64) AppleWebKit/537.36 (KHTML, like Gecko)"
176.59.202.150 - - [29/Jan/2019:14:36:50 +0700] "GET /tracking.gif?email=yty00%40mail.ru&mailing=383 HTTP/1.0" 200 197 "-" "Mozilla/5.0 (iPhone; CPU iPhone OS 12_1_3 like Mac OS X) AppleWebKit/605.1.15 (KHTML, like Gecko) Mobile/16D39"
188.93.56.126 - - [29/Jan/2019:14:37:59 +0700] "GET /tracking.gif?email=kulish2003-1987%40mail.ru&mailing=330 HTTP/1.0" 200 197 "-" "Mozilla/5.0 (X11; Linux x86_64) AppleWebKit/537.36 (KHTML, like Gecko)"
62.68.141.42 - - [29/Jan/2019:14:46:56 +0700] "GET /browse/?mailing=309 HTTP/1.0" 200 97187 "-" "Mozilla/5.0 (Windows NT 10.0; Win64; x64) AppleWebKit/537.36 (KHTML, like Gecko) Chrome/71.0.3578.98 Safari/537.36"
62.68.141.42 - - [29/Jan/2019:14:46:56 +0700] "GET /tracking.gif?email=unknown%40example.com&mailing=309 HTTP/1.0" 200 197 "http://mailing.etobilet.ru/browse/?mailing=309" "Mozilla/5.0 (Windows NT 10.0; Win64; x64) AppleWebKit/537.36 (KHTML, like Gecko) Chrome/71.0.3578.98 Safari/537.36"
62.68.141.42 - - [29/Jan/2019:14:47:06 +0700] "GET /browse/?email=ksu.vlasenko%40yandex.ru&mailing=293 HTTP/1.0" 200 97524 "-" "Mozilla/5.0 (Windows NT 10.0; Win64; x64) AppleWebKit/537.36 (KHTML, like Gecko) Chrome/71.0.3578.98 Safari/537.36"
62.68.141.42 - - [29/Jan/2019:14:47:07 +0700] "GET /tracking.gif?email=ksu.vlasenko%40yandex.ru&mailing=293 HTTP/1.0" 200 197 "http://mailing.etobilet.ru/browse/?email=ksu.vlasenko%40yandex.ru&mailing=293" "Mozilla/5.0 (Windows NT 10.0; Win64; x64) AppleWebKit/537.36 (KHTML, like Gecko) Chrome/71.0.3578.98 Safari/537.36"
62.68.141.42 - - [29/Jan/2019:14:47:48 +0700] "GET /browse/?mailing=293 HTTP/1.0" 200 96991 "-" "Mozilla/5.0 (Windows NT 10.0; Win64; x64) AppleWebKit/537.36 (KHTML, like Gecko) Chrome/71.0.3578.98 Safari/537.36"
62.68.141.42 - - [29/Jan/2019:14:47:48 +0700] "GET /tracking.gif?email=unknown%40example.com&mailing=293 HTTP/1.0" 200 197 "http://mailing.etobilet.ru/browse/?mailing=293" "Mozilla/5.0 (Windows NT 10.0; Win64; x64) AppleWebKit/537.36 (KHTML, like Gecko) Chrome/71.0.3578.98 Safari/537.36"
188.93.56.122 - - [29/Jan/2019:14:47:58 +0700] "GET /tracking.gif?email=darina106%40mail.ru&mailing=370 HTTP/1.0" 200 197 "-" "Mozilla/5.0 (X11; Linux x86_64) AppleWebKit/537.36 (KHTML, like Gecko)"
37.9.65.83 - - [29/Jan/2019:14:49:47 +0700] "GET /tracking.gif?email=ksu.vlasenko%40yandex.ru&mailing=294 HTTP/1.0" 200 197 "-" "Mozilla/5.0 (compatible; YandexImageResizer/2.0; +http://yandex.com/bots)"
62.68.141.42 - - [29/Jan/2019:14:50:00 +0700] "GET /browse/?mailing=294 HTTP/1.0" 200 96991 "-" "Mozilla/5.0 (Windows NT 10.0; Win64; x64) AppleWebKit/537.36 (KHTML, like Gecko) Chrome/71.0.3578.98 Safari/537.36"
62.68.141.42 - - [29/Jan/2019:14:50:01 +0700] "GET /tracking.gif?email=unknown%40example.com&mailing=294 HTTP/1.0" 200 197 "http://mailing.etobilet.ru/browse/?mailing=294" "Mozilla/5.0 (Windows NT 10.0; Win64; x64) AppleWebKit/537.36 (KHTML, like Gecko) Chrome/71.0.3578.98 Safari/537.36"
188.93.56.121 - - [29/Jan/2019:14:51:13 +0700] "GET /tracking.gif?email=vip_programm%40mail.ru&mailing=343 HTTP/1.0" 200 197 "-" "Mozilla/5.0 (X11; Linux x86_64) AppleWebKit/537.36 (KHTML, like Gecko)"
185.30.176.26 - - [29/Jan/2019:14:51:20 +0700] "GET /tracking.gif?email=anna_shchepik%40mail.ru&mailing=378 HTTP/1.0" 200 197 "-" "Mozilla/5.0 (X11; Linux x86_64) AppleWebKit/537.36 (KHTML, like Gecko)"
185.30.176.26 - - [29/Jan/2019:14:51:24 +0700] "GET /tracking.gif?email=anna_shchepik%40mail.ru&mailing=373 HTTP/1.0" 200 197 "-" "Mozilla/5.0 (X11; Linux x86_64) AppleWebKit/537.36 (KHTML, like Gecko)"
185.30.176.27 - - [29/Jan/2019:14:51:31 +0700] "GET /tracking.gif?email=anna_shchepik%40mail.ru&mailing=344 HTTP/1.0" 200 197 "-" "Mozilla/5.0 (X11; Linux x86_64) AppleWebKit/537.36 (KHTML, like Gecko)"
62.68.141.42 - - [29/Jan/2019:14:57:35 +0700] "GET /browse/?mailing=304 HTTP/1.0" 200 97183 "-" "Mozilla/5.0 (Windows NT 10.0; Win64; x64) AppleWebKit/537.36 (KHTML, like Gecko) Chrome/71.0.3578.98 Safari/537.36"
62.68.141.42 - - [29/Jan/2019:14:57:35 +0700] "GET /tracking.gif?email=unknown%40example.com&mailing=304 HTTP/1.0" 200 197 "http://mailing.etobilet.ru/browse/?mailing=304" "Mozilla/5.0 (Windows NT 10.0; Win64; x64) AppleWebKit/537.36 (KHTML, like Gecko) Chrome/71.0.3578.98 Safari/537.36"
93.158.130.177 - - [29/Jan/2019:14:57:50 +0700] "GET /tracking.gif?email=ksu.vlasenko%40yandex.ru&mailing=295 HTTP/1.0" 200 197 "-" "Mozilla/5.0 (compatible; YandexImageResizer/2.0; +http://yandex.com/bots)"
188.93.56.124 - - [29/Jan/2019:14:58:38 +0700] "GET /tracking.gif?email=glebgottlieb%40mail.ru&mailing=384 HTTP/1.0" 200 197 "-" "Mozilla/5.0 (X11; Linux x86_64) AppleWebKit/537.36 (KHTML, like Gecko)"
188.93.56.124 - - [29/Jan/2019:15:03:52 +0700] "GET /tracking.gif?email=antonnebolsin%40mail.ru&mailing=375 HTTP/1.0" 200 197 "-" "Mozilla/5.0 (X11; Linux x86_64) AppleWebKit/537.36 (KHTML, like Gecko)"
109.124.6.252 - - [29/Jan/2019:15:03:54 +0700] "GET /tracking.gif?email=ostd_nataly%40sibmail.com&mailing=384 HTTP/1.0" 200 197 "-" "Mozilla/5.0 (Linux; Android 8.0.0; SM-G950F Build/R16NW; wv) AppleWebKit/537.36 (KHTML, like Gecko) Version/4.0 Chrome/71.0.3578.99 Mobile Safari/537.36"
37.9.65.70 - - [29/Jan/2019:15:06:41 +0700] "GET /tracking.gif?email=ksu.vlasenko%40yandex.ru&mailing=296 HTTP/1.0" 200 197 "-" "Mozilla/5.0 (compatible; YandexImageResizer/2.0; +http://yandex.com/bots)"
188.93.56.129 - - [29/Jan/2019:15:10:18 +0700] "GET /tracking.gif?email=Alfinchik90%40mail.ru&mailing=327 HTTP/1.0" 200 197 "-" "Mozilla/5.0 (X11; Linux x86_64) AppleWebKit/537.36 (KHTML, like Gecko)"
78.140.12.90 - - [29/Jan/2019:15:13:00 +0700] "GET /tracking.gif?email=Ebers.anna%40mail.ru&mailing=384 HTTP/1.0" 200 197 "-" "Mozilla/5.0 (iPhone; CPU iPhone OS 11_4_1 like Mac OS X) AppleWebKit/605.1.15 (KHTML, like Gecko) Mobile/15G77"
37.9.65.69 - - [29/Jan/2019:15:13:54 +0700] "GET /tracking.gif?email=ksu.vlasenko%40yandex.ru&mailing=306 HTTP/1.0" 200 197 "-" "Mozilla/5.0 (compatible; YandexImageResizer/2.0; +http://yandex.com/bots)"
188.93.56.125 - - [29/Jan/2019:15:17:44 +0700] "GET /tracking.gif?email=zinych.ivaaannn%40mail.ru&mailing=375 HTTP/1.0" 200 197 "-" "Mozilla/5.0 (X11; Linux x86_64) AppleWebKit/537.36 (KHTML, like Gecko)"
62.68.141.42 - - [29/Jan/2019:15:18:14 +0700] "GET /tracking.gif?email=vka%40nikolas.ru&mailing=399 HTTP/1.0" 200 197 "-" "Mozilla/4.0 (compatible; MSIE 7.0; Windows NT 10.0; Win64; x64; Trident/7.0; .NET4.0C; .NET4.0E; Microsoft Outlook 16.0.4573; ms-office; MSOffice 16)"
62.68.141.42 - - [29/Jan/2019:15:18:23 +0700] "GET /browse/?email=vka%40nikolas.ru&mailing=399 HTTP/1.0" 200 41594 "-" "Mozilla/5.0 (Windows NT 10.0; Win64; x64) AppleWebKit/537.36 (KHTML, like Gecko) Chrome/71.0.3578.98 Safari/537.36"
62.68.141.42 - - [29/Jan/2019:15:18:23 +0700] "GET /tracking.gif?email=vka%40nikolas.ru&mailing=399 HTTP/1.0" 200 197 "http://mailing.etobilet.ru/browse/?email=vka%40nikolas.ru&mailing=399" "Mozilla/5.0 (Windows NT 10.0; Win64; x64) AppleWebKit/537.36 (KHTML, like Gecko) Chrome/71.0.3578.98 Safari/537.36"
66.102.9.17 - - [29/Jan/2019:15:19:57 +0700] "GET /tracking.gif?email=alf745%40gmail.com&mailing=375 HTTP/1.0" 200 197 "-" "Mozilla/5.0 (Windows NT 5.1; rv:11.0) Gecko Firefox/11.0 (via ggpht.com GoogleImageProxy)"
188.93.56.126 - - [29/Jan/2019:15:20:01 +0700] "GET /tracking.gif?email=400328%40inbox.ru&mailing=380 HTTP/1.0" 200 197 "-" "Mozilla/5.0 (X11; Linux x86_64) AppleWebKit/537.36 (KHTML, like Gecko)"
93.158.130.176 - - [29/Jan/2019:15:21:55 +0700] "GET /tracking.gif?email=ksu.vlasenko%40yandex.ru&mailing=307 HTTP/1.0" 200 197 "-" "Mozilla/5.0 (compatible; YandexImageResizer/2.0; +http://yandex.com/bots)"
37.9.65.79 - - [29/Jan/2019:15:25:17 +0700] "GET /tracking.gif?email=cyber.paw%40ya.ru&mailing=172 HTTP/1.0" 200 197 "-" "Mozilla/5.0 (compatible; YandexImageResizer/2.0; +http://yandex.com/bots)"
62.68.141.57 - - [29/Jan/2019:15:25:27 +0700] "GET /browse/?email=cyber.paw%40ya.ru&mailing=172 HTTP/1.0" 200 106360 "-" "Mozilla/5.0 (Macintosh; Intel Mac OS X 10_14_3) AppleWebKit/537.36 (KHTML, like Gecko) Chrome/71.0.3578.98 Safari/537.36"
62.68.141.57 - - [29/Jan/2019:15:25:27 +0700] "GET /tracking.gif?email=cyber.paw%40ya.ru&mailing=172 HTTP/1.0" 200 197 "http://mailing.etobilet.ru/browse/?email=cyber.paw%40ya.ru&mailing=172" "Mozilla/5.0 (Macintosh; Intel Mac OS X 10_14_3) AppleWebKit/537.36 (KHTML, like Gecko) Chrome/71.0.3578.98 Safari/537.36"
62.68.141.57 - - [29/Jan/2019:15:25:27 +0700] "GET /robots.txt HTTP/1.0" 404 180 "-" "Mozilla/5.0 (Macintosh; Intel Mac OS X 10_14_3) AppleWebKit/537.36 (KHTML, like Gecko) Chrome/71.0.3578.98 Safari/537.36"
188.93.56.128 - - [29/Jan/2019:15:28:45 +0700] "GET /tracking.gif?email=traktorist1992%40mail.ru&mailing=342 HTTP/1.0" 200 197 "-" "Mozilla/5.0 (X11; Linux x86_64) AppleWebKit/537.36 (KHTML, like Gecko)"
188.93.56.128 - - [29/Jan/2019:15:29:40 +0700] "GET /tracking.gif?email=yuliya3010%40mail.ru&mailing=375 HTTP/1.0" 200 197 "-" "Mozilla/5.0 (X11; Linux x86_64) AppleWebKit/537.36 (KHTML, like Gecko)"
188.93.56.121 - - [29/Jan/2019:15:30:25 +0700] "GET /tracking.gif?email=popovich.irina%40mail.ru&mailing=377 HTTP/1.0" 200 197 "-" "Mozilla/5.0 (X11; Linux x86_64) AppleWebKit/537.36 (KHTML, like Gecko)"
188.93.56.126 - - [29/Jan/2019:15:31:46 +0700] "GET /tracking.gif?email=Legal0309%40mail.ru&mailing=344 HTTP/1.0" 200 197 "-" "Mozilla/5.0 (X11; Linux x86_64) AppleWebKit/537.36 (KHTML, like Gecko)"
93.158.130.181 - - [29/Jan/2019:15:31:58 +0700] "GET /tracking.gif?email=ksu.vlasenko%40yandex.ru&mailing=308 HTTP/1.0" 200 197 "-" "Mozilla/5.0 (compatible; YandexImageResizer/2.0; +http://yandex.com/bots)"
188.93.56.123 - - [29/Jan/2019:15:33:22 +0700] "GET /tracking.gif?email=yuliya3010%40mail.ru&mailing=330 HTTP/1.0" 200 197 "-" "Mozilla/5.0 (X11; Linux x86_64) AppleWebKit/537.36 (KHTML, like Gecko)"
188.93.56.123 - - [29/Jan/2019:15:35:36 +0700] "GET /tracking.gif?email=yuliya3010%40mail.ru&mailing=274 HTTP/1.0" 200 197 "-" "Mozilla/5.0 (X11; Linux x86_64) AppleWebKit/537.36 (KHTML, like Gecko)"
188.93.56.130 - - [29/Jan/2019:15:37:02 +0700] "GET /tracking.gif?email=Svetlana26_89%40mail.ru&mailing=343 HTTP/1.0" 200 197 "-" "Mozilla/5.0 (X11; Linux x86_64) AppleWebKit/537.36 (KHTML, like Gecko)"
188.93.56.123 - - [29/Jan/2019:15:37:12 +0700] "GET /tracking.gif?email=yuliya3010%40mail.ru&mailing=241 HTTP/1.0" 200 197 "-" "Mozilla/5.0 (X11; Linux x86_64) AppleWebKit/537.36 (KHTML, like Gecko)"
62.68.141.42 - - [29/Jan/2019:15:38:11 +0700] "GET /tracking.gif?email=vka%40nikolas.ru&mailing=399 HTTP/1.0" 200 197 "-" "Mozilla/4.0 (compatible; MSIE 7.0; Windows NT 10.0; Win64; x64; Trident/7.0; .NET4.0C; .NET4.0E; Microsoft Outlook 16.0.4573; ms-office; MSOffice 16)"
188.93.56.128 - - [29/Jan/2019:15:38:38 +0700] "GET /tracking.gif?email=nat.primak%40mail.ru&mailing=383 HTTP/1.0" 200 197 "-" "Mozilla/5.0 (X11; Linux x86_64) AppleWebKit/537.36 (KHTML, like Gecko)"
188.93.56.125 - - [29/Jan/2019:15:40:10 +0700] "GET /tracking.gif?email=ivanushka-72%40mail.ru&mailing=380 HTTP/1.0" 200 197 "-" "Mozilla/5.0 (X11; Linux x86_64) AppleWebKit/537.36 (KHTML, like Gecko)"
5.255.241.226 - - [29/Jan/2019:15:41:19 +0700] "GET /tracking.gif?email=ksu.vlasenko%40yandex.ru&mailing=309 HTTP/1.0" 200 197 "-" "Mozilla/5.0 (compatible; YandexImageResizer/2.0; +http://yandex.com/bots)"
188.93.56.122 - - [29/Jan/2019:15:41:39 +0700] "GET /tracking.gif?email=dan_s_a%40mail.ru&mailing=346 HTTP/1.0" 200 197 "-" "Mozilla/5.0 (X11; Linux x86_64) AppleWebKit/537.36 (KHTML, like Gecko)"
188.93.56.125 - - [29/Jan/2019:15:46:00 +0700] "GET /tracking.gif?email=Svetlana26_89%40mail.ru&mailing=343 HTTP/1.0" 200 197 "-" "Mozilla/5.0 (X11; Linux x86_64) AppleWebKit/537.36 (KHTML, like Gecko)"
37.9.65.87 - - [29/Jan/2019:15:46:32 +0700] "GET /tracking.gif?email=ksu.vlasenko%40yandex.ru&mailing=312 HTTP/1.0" 200 197 "-" "Mozilla/5.0 (compatible; YandexImageResizer/2.0; +http://yandex.com/bots)"
62.68.141.57 - - [29/Jan/2019:15:47:23 +0700] "GET /tracking.gif?email=[%VAR%20RCPT.EMAIL%20ESCAPE=URL%]&mailing=[%VAR%20MAILING.ID%] HTTP/1.0" 200 197 "-" "Mozilla/5.0 (Macintosh; Intel Mac OS X 10_14_3) AppleWebKit/537.36 (KHTML, like Gecko) Chrome/71.0.3578.98 Safari/537.36"
62.68.141.57 - - [29/Jan/2019:15:47:29 +0700] "GET /tracking.gif?email=[%VAR%20RCPT.EMAIL%20ESCAPE=URL%]&mailing=[%VAR%20MAILING.ID%] HTTP/1.0" 200 197 "-" "Mozilla/5.0 (Macintosh; Intel Mac OS X 10_14_3) AppleWebKit/537.36 (KHTML, like Gecko) Chrome/71.0.3578.98 Safari/537.36"
62.68.141.42 - - [29/Jan/2019:15:47:35 +0700] "GET /tracking.gif?email=vka%40nikolas.ru&mailing=301 HTTP/1.0" 200 197 "-" "Mozilla/4.0 (compatible; MSIE 7.0; Windows NT 10.0; Win64; x64; Trident/7.0; .NET4.0C; .NET4.0E; Microsoft Outlook 16.0.4573; ms-office; MSOffice 16)"
62.68.141.42 - - [29/Jan/2019:15:47:35 +0700] "GET /tracking.gif?email=vka%40nikolas.ru&mailing=301 HTTP/1.0" 200 197 "-" "Mozilla/4.0 (compatible; MSIE 7.0; Windows NT 10.0; Win64; x64; Trident/7.0; .NET4.0C; .NET4.0E; Microsoft Outlook 16.0.4573; ms-office; MSOffice 16)"
62.68.141.42 - - [29/Jan/2019:15:47:37 +0700] "GET /tracking.gif?email=vka%40nikolas.ru&mailing=310 HTTP/1.0" 200 197 "-" "Mozilla/4.0 (compatible; MSIE 7.0; Windows NT 10.0; Win64; x64; Trident/7.0; .NET4.0C; .NET4.0E; Microsoft Outlook 16.0.4573; ms-office; MSOffice 16)"
62.68.141.57 - - [29/Jan/2019:15:47:39 +0700] "GET /tracking.gif?email=[%VAR%20RCPT.EMAIL%20ESCAPE=URL%]&mailing=[%VAR%20MAILING.ID%] HTTP/1.0" 200 197 "-" "Mozilla/5.0 (Macintosh; Intel Mac OS X 10_14_3) AppleWebKit/537.36 (KHTML, like Gecko) Chrome/71.0.3578.98 Safari/537.36"
62.68.141.57 - - [29/Jan/2019:15:47:58 +0700] "GET /tracking.gif?email=[%VAR%20RCPT.EMAIL%20ESCAPE=URL%]&mailing=[%VAR%20MAILING.ID%] HTTP/1.0" 200 197 "-" "Mozilla/5.0 (Macintosh; Intel Mac OS X 10_14_3) AppleWebKit/537.36 (KHTML, like Gecko) Chrome/71.0.3578.98 Safari/537.36"
62.68.141.42 - - [29/Jan/2019:15:48:03 +0700] "GET /tracking.gif?email=vka%40nikolas.ru&mailing=301 HTTP/1.0" 200 197 "-" "Mozilla/4.0 (compatible; MSIE 7.0; Windows NT 10.0; Win64; x64; Trident/7.0; .NET4.0C; .NET4.0E; Microsoft Outlook 16.0.4573; ms-office; MSOffice 16)"
62.68.141.42 - - [29/Jan/2019:15:48:05 +0700] "GET /tracking.gif?email=vka%40nikolas.ru&mailing=310 HTTP/1.0" 200 197 "-" "Mozilla/4.0 (compatible; MSIE 7.0; Windows NT 10.0; Win64; x64; Trident/7.0; .NET4.0C; .NET4.0E; Microsoft Outlook 16.0.4573; ms-office; MSOffice 16)"
62.68.141.57 - - [29/Jan/2019:15:48:06 +0700] "GET /tracking.gif?email=[%VAR%20RCPT.EMAIL%20ESCAPE=URL%]&mailing=[%VAR%20MAILING.ID%] HTTP/1.0" 200 197 "-" "Mozilla/5.0 (Macintosh; Intel Mac OS X 10_14_3) AppleWebKit/537.36 (KHTML, like Gecko) Chrome/71.0.3578.98 Safari/537.36"
62.68.141.42 - - [29/Jan/2019:15:48:11 +0700] "GET /tracking.gif?email=vka%40nikolas.ru&mailing=310 HTTP/1.0" 200 197 "-" "Mozilla/4.0 (compatible; MSIE 7.0; Windows NT 10.0; Win64; x64; Trident/7.0; .NET4.0C; .NET4.0E; Microsoft Outlook 16.0.4573; ms-office; MSOffice 16)"
62.68.141.42 - - [29/Jan/2019:15:48:11 +0700] "GET /tracking.gif?email=vka%40nikolas.ru&mailing=310 HTTP/1.0" 200 197 "-" "Mozilla/4.0 (compatible; MSIE 7.0; Windows NT 10.0; Win64; x64; Trident/7.0; .NET4.0C; .NET4.0E; Microsoft Outlook 16.0.4573; ms-office; MSOffice 16)"
62.68.141.42 - - [29/Jan/2019:15:48:13 +0700] "GET /tracking.gif?email=vka%40nikolas.ru&mailing=311 HTTP/1.0" 200 197 "-" "Mozilla/4.0 (compatible; MSIE 7.0; Windows NT 10.0; Win64; x64; Trident/7.0; .NET4.0C; .NET4.0E; Microsoft Outlook 16.0.4573; ms-office; MSOffice 16)"
62.68.141.57 - - [29/Jan/2019:15:48:17 +0700] "GET /tracking.gif?email=[%VAR%20RCPT.EMAIL%20ESCAPE=URL%]&mailing=[%VAR%20MAILING.ID%] HTTP/1.0" 200 197 "-" "Mozilla/5.0 (Macintosh; Intel Mac OS X 10_14_3) AppleWebKit/537.36 (KHTML, like Gecko) Chrome/71.0.3578.98 Safari/537.36"
62.68.141.57 - - [29/Jan/2019:15:48:54 +0700] "GET /tracking.gif?email=[%VAR%20RCPT.EMAIL%20ESCAPE=URL%]&mailing=[%VAR%20MAILING.ID%] HTTP/1.0" 200 197 "-" "Mozilla/5.0 (Macintosh; Intel Mac OS X 10_14_3) AppleWebKit/537.36 (KHTML, like Gecko) Chrome/71.0.3578.98 Safari/537.36"
62.68.141.57 - - [29/Jan/2019:15:48:55 +0700] "GET /tracking.gif?email=[%VAR%20RCPT.EMAIL%20ESCAPE=URL%]&mailing=[%VAR%20MAILING.ID%] HTTP/1.0" 200 197 "-" "Mozilla/5.0 (Macintosh; Intel Mac OS X 10_14_3) AppleWebKit/537.36 (KHTML, like Gecko) Chrome/71.0.3578.98 Safari/537.36"
62.68.141.57 - - [29/Jan/2019:15:48:55 +0700] "GET /tracking.gif?email=[%VAR%20RCPT.EMAIL%20ESCAPE=URL%]&mailing=[%VAR%20MAILING.ID%] HTTP/1.0" 200 197 "-" "Mozilla/5.0 (Macintosh; Intel Mac OS X 10_14_3) AppleWebKit/537.36 (KHTML, like Gecko) Chrome/71.0.3578.98 Safari/537.36"
62.68.141.57 - - [29/Jan/2019:15:49:00 +0700] "GET /tracking.gif?email=[%VAR%20RCPT.EMAIL%20ESCAPE=URL%]&mailing=[%VAR%20MAILING.ID%] HTTP/1.0" 200 197 "-" "Mozilla/5.0 (Macintosh; Intel Mac OS X 10_14_3) AppleWebKit/537.36 (KHTML, like Gecko) Chrome/71.0.3578.98 Safari/537.36"
81.19.78.161 - - [29/Jan/2019:15:49:00 +0700] "GET /tracking.gif?email=tana09%40rambler.ru&mailing=384 HTTP/1.0" 200 197 "http://mail.rambler.ru/" "RamblerMail/6.0 (incompatible; ImageProxy/6.0)"
62.68.141.57 - - [29/Jan/2019:15:49:22 +0700] "GET /tracking.gif?email=[%VAR%20RCPT.EMAIL%20ESCAPE=URL%]&mailing=[%VAR%20MAILING.ID%] HTTP/1.0" 200 197 "-" "Mozilla/5.0 (Macintosh; Intel Mac OS X 10_14_3) AppleWebKit/537.36 (KHTML, like Gecko) Chrome/71.0.3578.98 Safari/537.36"
188.93.56.125 - - [29/Jan/2019:15:49:55 +0700] "GET /tracking.gif?email=peran87%40mail.ru&mailing=375 HTTP/1.0" 200 197 "-" "Mozilla/5.0 (X11; Linux x86_64) AppleWebKit/537.36 (KHTML, like Gecko)"
62.68.141.57 - - [29/Jan/2019:15:50:48 +0700] "GET /tracking.gif?email=[%VAR%20RCPT.EMAIL%20ESCAPE=URL%]&mailing=[%VAR%20MAILING.ID%] HTTP/1.0" 200 197 "-" "Mozilla/5.0 (Macintosh; Intel Mac OS X 10_14_3) AppleWebKit/537.36 (KHTML, like Gecko) Chrome/71.0.3578.98 Safari/537.36"
62.68.141.57 - - [29/Jan/2019:15:51:17 +0700] "GET /tracking.gif?email=[%VAR%20RCPT.EMAIL%20ESCAPE=URL%]&mailing=[%VAR%20MAILING.ID%] HTTP/1.0" 200 197 "-" "Mozilla/5.0 (Macintosh; Intel Mac OS X 10_14_3) AppleWebKit/537.36 (KHTML, like Gecko) Chrome/71.0.3578.98 Safari/537.36"
62.68.141.57 - - [29/Jan/2019:15:51:18 +0700] "GET /tracking.gif?email=[%VAR%20RCPT.EMAIL%20ESCAPE=URL%]&mailing=[%VAR%20MAILING.ID%] HTTP/1.0" 200 197 "-" "Mozilla/5.0 (Macintosh; Intel Mac OS X 10_14_3) AppleWebKit/537.36 (KHTML, like Gecko) Chrome/71.0.3578.98 Safari/537.36"
62.68.141.57 - - [29/Jan/2019:15:51:19 +0700] "GET /tracking.gif?email=[%VAR%20RCPT.EMAIL%20ESCAPE=URL%]&mailing=[%VAR%20MAILING.ID%] HTTP/1.0" 200 197 "-" "Mozilla/5.0 (Macintosh; Intel Mac OS X 10_14_3) AppleWebKit/537.36 (KHTML, like Gecko) Chrome/71.0.3578.98 Safari/537.36"
62.68.141.57 - - [29/Jan/2019:15:51:37 +0700] "GET /tracking.gif?email=[%VAR%20RCPT.EMAIL%20ESCAPE=URL%]&mailing=[%VAR%20MAILING.ID%] HTTP/1.0" 200 197 "-" "Mozilla/5.0 (Macintosh; Intel Mac OS X 10_14_3) AppleWebKit/537.36 (KHTML, like Gecko) Chrome/71.0.3578.98 Safari/537.36"
62.68.141.57 - - [29/Jan/2019:15:51:58 +0700] "GET /tracking.gif?email=[%VAR%20RCPT.EMAIL%20ESCAPE=URL%]&mailing=[%VAR%20MAILING.ID%] HTTP/1.0" 200 197 "-" "Mozilla/5.0 (Macintosh; Intel Mac OS X 10_14_3) AppleWebKit/537.36 (KHTML, like Gecko) Chrome/71.0.3578.98 Safari/537.36"
62.68.141.57 - - [29/Jan/2019:15:52:40 +0700] "GET /tracking.gif?email=[%VAR%20RCPT.EMAIL%20ESCAPE=URL%]&mailing=[%VAR%20MAILING.ID%] HTTP/1.0" 200 197 "-" "Mozilla/5.0 (Macintosh; Intel Mac OS X 10_14_3) AppleWebKit/537.36 (KHTML, like Gecko) Chrome/71.0.3578.98 Safari/537.36"
62.68.141.57 - - [29/Jan/2019:15:53:30 +0700] "GET /tracking.gif?email=[%VAR%20RCPT.EMAIL%20ESCAPE=URL%]&mailing=[%VAR%20MAILING.ID%] HTTP/1.0" 200 197 "-" "Mozilla/5.0 (Macintosh; Intel Mac OS X 10_14_3) AppleWebKit/537.36 (KHTML, like Gecko) Chrome/71.0.3578.98 Safari/537.36"
62.68.141.57 - - [29/Jan/2019:15:53:41 +0700] "GET /tracking.gif?email=[%VAR%20RCPT.EMAIL%20ESCAPE=URL%]&mailing=[%VAR%20MAILING.ID%] HTTP/1.0" 200 197 "-" "Mozilla/5.0 (Macintosh; Intel Mac OS X 10_14_3) AppleWebKit/537.36 (KHTML, like Gecko) Chrome/71.0.3578.98 Safari/537.36"
78.140.24.17 - - [29/Jan/2019:15:54:07 +0700] "GET /tracking.gif?email=mkatomsk%40me.com&mailing=384 HTTP/1.0" 200 197 "-" "Mozilla/5.0 (Windows NT 6.1; WOW64) AppleWebKit/537.36 (KHTML, like Gecko) Chrome/70.0.3538.102 YaBrowser/18.11.1.805 Yowser/2.5 Safari/537.36"
188.93.56.126 - - [29/Jan/2019:15:54:19 +0700] "GET /tracking.gif?email=vinan%40bk.ru&mailing=377 HTTP/1.0" 200 197 "-" "Mozilla/5.0 (X11; Linux x86_64) AppleWebKit/537.36 (KHTML, like Gecko)"
188.93.56.126 - - [29/Jan/2019:15:54:43 +0700] "GET /tracking.gif?email=a.mikhailova%40mail.ru&mailing=384 HTTP/1.0" 200 197 "-" "Mozilla/5.0 (X11; Linux x86_64) AppleWebKit/537.36 (KHTML, like Gecko)"
62.68.141.57 - - [29/Jan/2019:15:55:01 +0700] "GET /tracking.gif?email=[%VAR%20RCPT.EMAIL%20ESCAPE=URL%]&mailing=[%VAR%20MAILING.ID%] HTTP/1.0" 200 197 "-" "Mozilla/5.0 (Macintosh; Intel Mac OS X 10_14_3) AppleWebKit/537.36 (KHTML, like Gecko) Chrome/71.0.3578.98 Safari/537.36"
62.68.141.57 - - [29/Jan/2019:15:55:54 +0700] "GET /tracking.gif?email=[%VAR%20RCPT.EMAIL%20ESCAPE=URL%]&mailing=[%VAR%20MAILING.ID%] HTTP/1.0" 200 197 "-" "Mozilla/5.0 (Macintosh; Intel Mac OS X 10_14_3) AppleWebKit/537.36 (KHTML, like Gecko) Chrome/71.0.3578.98 Safari/537.36"
188.93.56.125 - - [29/Jan/2019:15:56:22 +0700] "GET /tracking.gif?email=olepav%40mail.ru&mailing=375 HTTP/1.0" 200 197 "-" "Mozilla/5.0 (X11; Linux x86_64) AppleWebKit/537.36 (KHTML, like Gecko)"
62.68.141.57 - - [29/Jan/2019:15:56:35 +0700] "GET /tracking.gif?email=[%VAR%20RCPT.EMAIL%20ESCAPE=URL%]&mailing=[%VAR%20MAILING.ID%] HTTP/1.0" 200 197 "-" "Mozilla/5.0 (Macintosh; Intel Mac OS X 10_14_3) AppleWebKit/537.36 (KHTML, like Gecko) Chrome/71.0.3578.98 Safari/537.36"
62.68.141.57 - - [29/Jan/2019:15:56:37 +0700] "GET /tracking.gif?email=[%VAR%20RCPT.EMAIL%20ESCAPE=URL%]&mailing=[%VAR%20MAILING.ID%] HTTP/1.0" 200 197 "-" "Mozilla/5.0 (Macintosh; Intel Mac OS X 10_14_3) AppleWebKit/537.36 (KHTML, like Gecko) Chrome/71.0.3578.98 Safari/537.36"
62.68.141.57 - - [29/Jan/2019:15:56:38 +0700] "GET /tracking.gif?email=[%VAR%20RCPT.EMAIL%20ESCAPE=URL%]&mailing=[%VAR%20MAILING.ID%] HTTP/1.0" 200 197 "-" "Mozilla/5.0 (Macintosh; Intel Mac OS X 10_14_3) AppleWebKit/537.36 (KHTML, like Gecko) Chrome/71.0.3578.98 Safari/537.36"
62.68.141.57 - - [29/Jan/2019:15:56:42 +0700] "GET /tracking.gif?email=[%VAR%20RCPT.EMAIL%20ESCAPE=URL%]&mailing=[%VAR%20MAILING.ID%] HTTP/1.0" 200 197 "-" "Mozilla/5.0 (Macintosh; Intel Mac OS X 10_14_3) AppleWebKit/537.36 (KHTML, like Gecko) Chrome/71.0.3578.98 Safari/537.36"
62.68.141.57 - - [29/Jan/2019:15:56:42 +0700] "GET /tracking.gif?email=[%VAR%20RCPT.EMAIL%20ESCAPE=URL%]&mailing=[%VAR%20MAILING.ID%] HTTP/1.0" 200 197 "-" "Mozilla/5.0 (Macintosh; Intel Mac OS X 10_14_3) AppleWebKit/537.36 (KHTML, like Gecko) Chrome/71.0.3578.98 Safari/537.36"
62.68.141.57 - - [29/Jan/2019:15:56:43 +0700] "GET /tracking.gif?email=[%VAR%20RCPT.EMAIL%20ESCAPE=URL%]&mailing=[%VAR%20MAILING.ID%] HTTP/1.0" 200 197 "-" "Mozilla/5.0 (Macintosh; Intel Mac OS X 10_14_3) AppleWebKit/537.36 (KHTML, like Gecko) Chrome/71.0.3578.98 Safari/537.36"
62.68.141.57 - - [29/Jan/2019:15:56:43 +0700] "GET /tracking.gif?email=[%VAR%20RCPT.EMAIL%20ESCAPE=URL%]&mailing=[%VAR%20MAILING.ID%] HTTP/1.0" 200 197 "-" "Mozilla/5.0 (Macintosh; Intel Mac OS X 10_14_3) AppleWebKit/537.36 (KHTML, like Gecko) Chrome/71.0.3578.98 Safari/537.36"
62.68.141.57 - - [29/Jan/2019:15:56:52 +0700] "GET /tracking.gif?email=[%VAR%20RCPT.EMAIL%20ESCAPE=URL%]&mailing=[%VAR%20MAILING.ID%] HTTP/1.0" 200 197 "-" "Mozilla/5.0 (Macintosh; Intel Mac OS X 10_14_3) AppleWebKit/537.36 (KHTML, like Gecko) Chrome/71.0.3578.98 Safari/537.36"
62.68.141.57 - - [29/Jan/2019:15:56:56 +0700] "GET /tracking.gif?email=[%VAR%20RCPT.EMAIL%20ESCAPE=URL%]&mailing=[%VAR%20MAILING.ID%] HTTP/1.0" 200 197 "-" "Mozilla/5.0 (Macintosh; Intel Mac OS X 10_14_3) AppleWebKit/537.36 (KHTML, like Gecko) Chrome/71.0.3578.98 Safari/537.36"
62.68.141.57 - - [29/Jan/2019:15:57:02 +0700] "GET /tracking.gif?email=[%VAR%20RCPT.EMAIL%20ESCAPE=URL%]&mailing=[%VAR%20MAILING.ID%] HTTP/1.0" 200 197 "-" "Mozilla/5.0 (Macintosh; Intel Mac OS X 10_14_3) AppleWebKit/537.36 (KHTML, like Gecko) Chrome/71.0.3578.98 Safari/537.36"
62.68.141.57 - - [29/Jan/2019:15:59:01 +0700] "GET /tracking.gif?email=[%VAR%20RCPT.EMAIL%20ESCAPE=URL%]&mailing=[%VAR%20MAILING.ID%] HTTP/1.0" 200 197 "-" "Mozilla/5.0 (Macintosh; Intel Mac OS X 10_14_3) AppleWebKit/537.36 (KHTML, like Gecko) Chrome/71.0.3578.98 Safari/537.36"
62.68.141.57 - - [29/Jan/2019:15:59:09 +0700] "GET /tracking.gif?email=[%VAR%20RCPT.EMAIL%20ESCAPE=URL%]&mailing=[%VAR%20MAILING.ID%] HTTP/1.0" 200 197 "-" "Mozilla/5.0 (Macintosh; Intel Mac OS X 10_14_3) AppleWebKit/537.36 (KHTML, like Gecko) Chrome/71.0.3578.98 Safari/537.36"
62.68.141.57 - - [29/Jan/2019:15:59:10 +0700] "GET /tracking.gif?email=[%VAR%20RCPT.EMAIL%20ESCAPE=URL%]&mailing=[%VAR%20MAILING.ID%] HTTP/1.0" 200 197 "-" "Mozilla/5.0 (Macintosh; Intel Mac OS X 10_14_3) AppleWebKit/537.36 (KHTML, like Gecko) Chrome/71.0.3578.98 Safari/537.36"
62.68.141.57 - - [29/Jan/2019:15:59:11 +0700] "GET /tracking.gif?email=[%VAR%20RCPT.EMAIL%20ESCAPE=URL%]&mailing=[%VAR%20MAILING.ID%] HTTP/1.0" 200 197 "-" "Mozilla/5.0 (Macintosh; Intel Mac OS X 10_14_3) AppleWebKit/537.36 (KHTML, like Gecko) Chrome/71.0.3578.98 Safari/537.36"
62.68.141.57 - - [29/Jan/2019:15:59:29 +0700] "GET /tracking.gif?email=[%VAR%20RCPT.EMAIL%20ESCAPE=URL%]&mailing=[%VAR%20MAILING.ID%] HTTP/1.0" 200 197 "-" "Mozilla/5.0 (Macintosh; Intel Mac OS X 10_14_3) AppleWebKit/537.36 (KHTML, like Gecko) Chrome/71.0.3578.98 Safari/537.36"
62.68.141.57 - - [29/Jan/2019:15:59:30 +0700] "GET /tracking.gif?email=[%VAR%20RCPT.EMAIL%20ESCAPE=URL%]&mailing=[%VAR%20MAILING.ID%] HTTP/1.0" 200 197 "-" "Mozilla/5.0 (Macintosh; Intel Mac OS X 10_14_3) AppleWebKit/537.36 (KHTML, like Gecko) Chrome/71.0.3578.98 Safari/537.36"
93.158.130.172 - - [29/Jan/2019:15:59:52 +0700] "GET /tracking.gif?email=cyber.paw%40ya.ru&mailing=377 HTTP/1.0" 200 197 "-" "Mozilla/5.0 (compatible; YandexImageResizer/2.0; +http://yandex.com/bots)"
93.158.130.172 - - [29/Jan/2019:15:59:54 +0700] "GET /tracking.gif?email=ras%40nikolas.ru&mailing=279 HTTP/1.0" 200 197 "-" "Mozilla/5.0 (compatible; YandexImageResizer/2.0; +http://yandex.com/bots)"
93.158.130.172 - - [29/Jan/2019:15:59:55 +0700] "GET /tracking.gif?email=caaatpro%40gmail.com&mailing=279 HTTP/1.0" 200 197 "-" "Mozilla/5.0 (compatible; YandexImageResizer/2.0; +http://yandex.com/bots)"
93.158.130.172 - - [29/Jan/2019:15:59:58 +0700] "GET /tracking.gif?email=ras%40nikolas.ru&mailing=105 HTTP/1.0" 200 197 "-" "Mozilla/5.0 (compatible; YandexImageResizer/2.0; +http://yandex.com/bots)"
93.158.130.172 - - [29/Jan/2019:16:00:00 +0700] "GET /tracking.gif?email=ras%40nikolas.ru&mailing=273 HTTP/1.0" 200 197 "-" "Mozilla/5.0 (compatible; YandexImageResizer/2.0; +http://yandex.com/bots)"
93.158.130.172 - - [29/Jan/2019:16:00:02 +0700] "GET /tracking.gif?email=caaatpro%40gmail.com&mailing=339 HTTP/1.0" 200 197 "-" "Mozilla/5.0 (compatible; YandexImageResizer/2.0; +http://yandex.com/bots)"
93.158.130.173 - - [29/Jan/2019:16:00:03 +0700] "GET /tracking.gif?email=caaatpro%40gmail.com&mailing=377 HTTP/1.0" 200 197 "-" "Mozilla/5.0 (compatible; YandexImageResizer/2.0; +http://yandex.com/bots)"
