188.93.56.129 - - [25/Nov/2018:14:08:33 +0700] "GET /tracking.gif?email=ms.silver1998%40mail.ru&mailing=132 HTTP/1.0" 200 197 "-" "Mozilla/5.0 (X11; Linux x86_64) AppleWebKit/537.36 (KHTML, like Gecko)"
37.21.254.96 - - [25/Nov/2018:14:08:36 +0700] "GET /tracking.gif?email=klepa-2003%40mail.ru&mailing=132 HTTP/1.0" 200 197 "-" "Mozilla/5.0 (iPhone; CPU iPhone OS 12_1 like Mac OS X) AppleWebKit/605.1.15 (KHTML, like Gecko) Mobile/16B92"
188.93.56.123 - - [25/Nov/2018:14:09:30 +0700] "GET /tracking.gif?email=nikolskiygv%40mail.ru&mailing=132 HTTP/1.0" 200 197 "-" "Mozilla/5.0 (X11; Linux x86_64) AppleWebKit/537.36 (KHTML, like Gecko)"
188.93.56.127 - - [25/Nov/2018:14:10:03 +0700] "GET /tracking.gif?email=K_nikulina%40mail.ru&mailing=132 HTTP/1.0" 200 197 "-" "Mozilla/5.0 (X11; Linux x86_64) AppleWebKit/537.36 (KHTML, like Gecko)"
37.9.102.242 - - [25/Nov/2018:14:11:42 +0700] "GET /tracking.gif?email=vowa.somov%40yandex.ru&mailing=132 HTTP/1.0" 200 197 "-" "Mozilla/5.0 (compatible; YandexImageResizer/2.0; +http://yandex.com/bots)"
188.93.56.122 - - [25/Nov/2018:14:11:57 +0700] "GET /tracking.gif?email=pavel210693%40mail.ru&mailing=132 HTTP/1.0" 200 197 "-" "Mozilla/5.0 (X11; Linux x86_64) AppleWebKit/537.36 (KHTML, like Gecko)"
188.93.56.127 - - [25/Nov/2018:14:12:14 +0700] "GET /tracking.gif?email=elena.berdyaeva%40mail.ru&mailing=132 HTTP/1.0" 200 197 "-" "Mozilla/5.0 (X11; Linux x86_64) AppleWebKit/537.36 (KHTML, like Gecko)"
81.19.78.160 - - [25/Nov/2018:14:12:19 +0700] "GET /tracking.gif?email=darinka255%40rambler.ru&mailing=119 HTTP/1.0" 200 197 "https://mail.rambler.ru/?utm_source=head&utm_campaign=self_promo&utm_medium=widget&utm_content=mail&utm_term=inbox" "RamblerMail/6.0 (incompatible; ImageProxy/6.0)"
188.93.56.126 - - [25/Nov/2018:14:12:22 +0700] "GET /tracking.gif?email=555fix555%40mail.ru&mailing=132 HTTP/1.0" 200 197 "-" "Mozilla/5.0 (X11; Linux x86_64) AppleWebKit/537.36 (KHTML, like Gecko)"
188.93.56.126 - - [25/Nov/2018:14:13:06 +0700] "GET /tracking.gif?email=enspecstroy%40mail.ru&mailing=132 HTTP/1.0" 200 197 "-" "Mozilla/5.0 (X11; Linux x86_64) AppleWebKit/537.36 (KHTML, like Gecko)"
5.166.48.18 - - [25/Nov/2018:14:14:03 +0700] "GET /tracking.gif?email=irina101126%40mail.ru&mailing=132 HTTP/1.0" 200 197 "-" "Mozilla/5.0 (iPhone; CPU iPhone OS 12_1 like Mac OS X) AppleWebKit/605.1.15 (KHTML, like Gecko) Mobile/16B92"
188.93.56.130 - - [25/Nov/2018:14:14:05 +0700] "GET /tracking.gif?email=burkanaliuulu%40mail.ru&mailing=132 HTTP/1.0" 200 197 "-" "Mozilla/5.0 (X11; Linux x86_64) AppleWebKit/537.36 (KHTML, like Gecko)"
213.87.122.137 - - [25/Nov/2018:14:14:19 +0700] "GET /tracking.gif?email=san0870rus%40mail.ru&mailing=132 HTTP/1.0" 200 197 "-" "Mozilla/5.0 (iPhone; CPU iPhone OS 11_4_1 like Mac OS X) AppleWebKit/605.1.15 (KHTML, like Gecko) Mobile/15G77"
188.93.56.125 - - [25/Nov/2018:14:14:36 +0700] "GET /tracking.gif?email=kychristenko%40mail.ru&mailing=132 HTTP/1.0" 200 197 "-" "Mozilla/5.0 (X11; Linux x86_64) AppleWebKit/537.36 (KHTML, like Gecko)"
85.140.76.82 - - [25/Nov/2018:14:15:40 +0700] "GET /tracking.gif?email=Aynurkhannanov%40yandex.ru&mailing=123 HTTP/1.0" 200 197 "-" "Mozilla/5.0 (iPhone; CPU iPhone OS 9_3_2 like Mac OS X) AppleWebKit/601.1.46 (KHTML, like Gecko) Mobile/13F69"
188.93.56.123 - - [25/Nov/2018:14:16:12 +0700] "GET /tracking.gif?email=doctor-Anyuta%40mail.ru&mailing=132 HTTP/1.0" 200 197 "-" "Mozilla/5.0 (X11; Linux x86_64) AppleWebKit/537.36 (KHTML, like Gecko)"
77.88.11.251 - - [25/Nov/2018:14:16:13 +0700] "GET /tracking.gif?email=lenzykova%40yandex.ru&mailing=132 HTTP/1.0" 200 197 "-" "Mozilla/5.0 (compatible; YandexImageResizer/2.0; +http://yandex.com/bots)"
31.211.105.179 - - [25/Nov/2018:14:16:26 +0700] "GET /unsubscribe/?email=lenzykova%40yandex.ru&mailing=132 HTTP/1.0" 200 982 "-" "Mozilla/5.0 (Windows NT 10.0; Win64; x64) AppleWebKit/537.36 (KHTML, like Gecko) Chrome/69.0.3497.100 Safari/537.36 OPR/56.0.3051.104"
31.211.105.179 - - [25/Nov/2018:14:16:27 +0700] "GET /img/popcorn.svg HTTP/1.0" 200 1187 "http://mailing.etobilet.ru/css/main.css" "Mozilla/5.0 (Windows NT 10.0; Win64; x64) AppleWebKit/537.36 (KHTML, like Gecko) Chrome/69.0.3497.100 Safari/537.36 OPR/56.0.3051.104"
31.211.105.179 - - [25/Nov/2018:14:16:28 +0700] "GET /unsubscribe/?email=lenzykova%40yandex.ru&mailing=132&confirmed=1 HTTP/1.0" 200 747 "http://mailing.etobilet.ru/unsubscribe/?email=lenzykova%40yandex.ru&mailing=132" "Mozilla/5.0 (Windows NT 10.0; Win64; x64) AppleWebKit/537.36 (KHTML, like Gecko) Chrome/69.0.3497.100 Safari/537.36 OPR/56.0.3051.104"
188.93.56.126 - - [25/Nov/2018:14:16:47 +0700] "GET /tracking.gif?email=edr.80%40mail.ru&mailing=132 HTTP/1.0" 200 197 "-" "Mozilla/5.0 (X11; Linux x86_64) AppleWebKit/537.36 (KHTML, like Gecko)"
188.93.56.124 - - [25/Nov/2018:14:17:00 +0700] "GET /tracking.gif?email=delovikov%40mail.ru&mailing=132 HTTP/1.0" 200 197 "-" "Mozilla/5.0 (X11; Linux x86_64) AppleWebKit/537.36 (KHTML, like Gecko)"
188.93.56.125 - - [25/Nov/2018:14:17:00 +0700] "GET /tracking.gif?email=energia-70%40mail.ru&mailing=132 HTTP/1.0" 200 197 "-" "Mozilla/5.0 (X11; Linux x86_64) AppleWebKit/537.36 (KHTML, like Gecko)"
188.93.56.129 - - [25/Nov/2018:14:17:23 +0700] "GET /tracking.gif?email=grielena%40mail.ru&mailing=132 HTTP/1.0" 200 197 "-" "Mozilla/5.0 (X11; Linux x86_64) AppleWebKit/537.36 (KHTML, like Gecko)"
213.87.225.138 - - [25/Nov/2018:14:18:12 +0700] "GET /tracking.gif?email=chey79%40mail.ru&mailing=132 HTTP/1.0" 200 197 "-" "Mozilla/5.0 (iPhone; CPU iPhone OS 12_1 like Mac OS X) AppleWebKit/605.1.15 (KHTML, like Gecko) Mobile/16B92"
188.93.56.125 - - [25/Nov/2018:14:18:27 +0700] "GET /tracking.gif?email=Garynind%40mail.ru&mailing=132 HTTP/1.0" 200 197 "-" "Mozilla/5.0 (X11; Linux x86_64) AppleWebKit/537.36 (KHTML, like Gecko)"
188.93.56.127 - - [25/Nov/2018:14:18:28 +0700] "GET /tracking.gif?email=ev-tolstikov%40mail.ru&mailing=132 HTTP/1.0" 200 197 "-" "Mozilla/5.0 (X11; Linux x86_64) AppleWebKit/537.36 (KHTML, like Gecko)"
188.93.56.130 - - [25/Nov/2018:14:18:46 +0700] "GET /tracking.gif?email=Garynind%40mail.ru&mailing=132 HTTP/1.0" 200 197 "-" "Mozilla/5.0 (X11; Linux x86_64) AppleWebKit/537.36 (KHTML, like Gecko)"
188.93.56.122 - - [25/Nov/2018:14:19:18 +0700] "GET /tracking.gif?email=abc789abc%40mail.ru&mailing=132 HTTP/1.0" 200 197 "-" "Mozilla/5.0 (X11; Linux x86_64) AppleWebKit/537.36 (KHTML, like Gecko)"
37.21.239.158 - - [25/Nov/2018:14:19:44 +0700] "GET /tracking.gif?email=dap28%40bk.ru&mailing=132 HTTP/1.0" 200 197 "-" "Mozilla/5.0 (iPhone; CPU iPhone OS 12_1 like Mac OS X) AppleWebKit/605.1.15 (KHTML, like Gecko) Mobile/16B92"
94.137.1.29 - - [25/Nov/2018:14:19:48 +0700] "GET /tracking.gif?email=veronika07041987%40gmail.com&mailing=124 HTTP/1.0" 200 197 "-" "Mozilla/5.0 (iPhone; CPU iPhone OS 12_1 like Mac OS X) AppleWebKit/605.1.15 (KHTML, like Gecko) Mobile/16B92"
188.93.56.128 - - [25/Nov/2018:14:20:19 +0700] "GET /tracking.gif?email=Pavlovana1985%40mail.ru&mailing=132 HTTP/1.0" 200 197 "-" "Mozilla/5.0 (X11; Linux x86_64) AppleWebKit/537.36 (KHTML, like Gecko)"
188.93.56.128 - - [25/Nov/2018:14:20:41 +0700] "GET /tracking.gif?email=maxolesa%40mail.ru&mailing=132 HTTP/1.0" 200 197 "-" "Mozilla/5.0 (X11; Linux x86_64) AppleWebKit/537.36 (KHTML, like Gecko)"
94.137.1.29 - - [25/Nov/2018:14:20:41 +0700] "GET /tracking.gif?email=veronika07041987%40gmail.com&mailing=104 HTTP/1.0" 200 197 "-" "Mozilla/5.0 (iPhone; CPU iPhone OS 12_1 like Mac OS X) AppleWebKit/605.1.15 (KHTML, like Gecko) Mobile/16B92"
188.93.56.122 - - [25/Nov/2018:14:21:21 +0700] "GET /tracking.gif?email=rollingdown%40mail.ru&mailing=132 HTTP/1.0" 200 197 "-" "Mozilla/5.0 (X11; Linux x86_64) AppleWebKit/537.36 (KHTML, like Gecko)"
188.93.56.126 - - [25/Nov/2018:14:21:25 +0700] "GET /tracking.gif?email=arcada90%40mail.ru&mailing=132 HTTP/1.0" 200 197 "-" "Mozilla/5.0 (X11; Linux x86_64) AppleWebKit/537.36 (KHTML, like Gecko)"
188.93.56.122 - - [25/Nov/2018:14:21:52 +0700] "GET /tracking.gif?email=gladishevkn%40mail.ru&mailing=132 HTTP/1.0" 200 197 "-" "Mozilla/5.0 (X11; Linux x86_64) AppleWebKit/537.36 (KHTML, like Gecko)"
188.93.56.129 - - [25/Nov/2018:14:21:58 +0700] "GET /tracking.gif?email=roli%40mail.ru&mailing=132 HTTP/1.0" 200 197 "-" "Mozilla/5.0 (X11; Linux x86_64) AppleWebKit/537.36 (KHTML, like Gecko)"
188.93.56.127 - - [25/Nov/2018:14:22:03 +0700] "GET /tracking.gif?email=natalia-mironova%40inbox.ru&mailing=132 HTTP/1.0" 200 197 "-" "Mozilla/5.0 (X11; Linux x86_64) AppleWebKit/537.36 (KHTML, like Gecko)"
188.93.56.130 - - [25/Nov/2018:14:22:08 +0700] "GET /tracking.gif?email=burkovskiy01%40mail.ru&mailing=132 HTTP/1.0" 200 197 "-" "Mozilla/5.0 (X11; Linux x86_64) AppleWebKit/537.36 (KHTML, like Gecko)"
188.93.56.129 - - [25/Nov/2018:14:22:22 +0700] "GET /tracking.gif?email=KazakovaZR%40mail.ru&mailing=132 HTTP/1.0" 200 197 "-" "Mozilla/5.0 (X11; Linux x86_64) AppleWebKit/537.36 (KHTML, like Gecko)"
93.158.130.178 - - [25/Nov/2018:14:23:26 +0700] "GET /tracking.gif?email=h4ppens%40yandex.ru&mailing=132 HTTP/1.0" 200 197 "-" "Mozilla/5.0 (compatible; YandexImageResizer/2.0; +http://yandex.com/bots)"
188.93.56.129 - - [25/Nov/2018:14:24:17 +0700] "GET /tracking.gif?email=fiolent5%40mail.ru&mailing=132 HTTP/1.0" 200 197 "-" "Mozilla/5.0 (X11; Linux x86_64) AppleWebKit/537.36 (KHTML, like Gecko)"
188.93.56.127 - - [25/Nov/2018:14:24:34 +0700] "GET /tracking.gif?email=batrakov_ym%40mail.ru&mailing=132 HTTP/1.0" 200 197 "-" "Mozilla/5.0 (X11; Linux x86_64) AppleWebKit/537.36 (KHTML, like Gecko)"
93.158.130.181 - - [25/Nov/2018:14:24:51 +0700] "GET /tracking.gif?email=phadas%40yandex.ru&mailing=104 HTTP/1.0" 200 197 "-" "Mozilla/5.0 (compatible; YandexImageResizer/2.0; +http://yandex.com/bots)"
66.102.9.17 - - [25/Nov/2018:14:25:14 +0700] "GET /tracking.gif?email=lipunovms%40gmail.com&mailing=132 HTTP/1.0" 200 197 "-" "Mozilla/5.0 (Windows NT 5.1; rv:11.0) Gecko Firefox/11.0 (via ggpht.com GoogleImageProxy)"
188.93.56.124 - - [25/Nov/2018:14:27:50 +0700] "GET /tracking.gif?email=ira.kostina00%40mail.ru&mailing=132 HTTP/1.0" 200 197 "-" "Mozilla/5.0 (X11; Linux x86_64) AppleWebKit/537.36 (KHTML, like Gecko)"
188.93.56.125 - - [25/Nov/2018:14:27:53 +0700] "GET /tracking.gif?email=a.armik%40mail.ru&mailing=132 HTTP/1.0" 200 197 "-" "Mozilla/5.0 (X11; Linux x86_64) AppleWebKit/537.36 (KHTML, like Gecko)"
66.102.9.17 - - [25/Nov/2018:14:27:53 +0700] "GET /tracking.gif?email=gerasimov.ant%40gmail.com&mailing=123 HTTP/1.0" 200 197 "-" "Mozilla/5.0 (Windows NT 5.1; rv:11.0) Gecko Firefox/11.0 (via ggpht.com GoogleImageProxy)"
188.93.56.130 - - [25/Nov/2018:14:28:41 +0700] "GET /tracking.gif?email=saasavin%40mail.ru&mailing=132 HTTP/1.0" 200 197 "-" "Mozilla/5.0 (X11; Linux x86_64) AppleWebKit/537.36 (KHTML, like Gecko)"
188.93.56.122 - - [25/Nov/2018:14:29:57 +0700] "GET /tracking.gif?email=979918%40mail.ru&mailing=132 HTTP/1.0" 200 197 "-" "Mozilla/5.0 (X11; Linux x86_64) AppleWebKit/537.36 (KHTML, like Gecko)"
188.93.56.122 - - [25/Nov/2018:14:30:24 +0700] "GET /tracking.gif?email=mostglotov%40mail.ru&mailing=132 HTTP/1.0" 200 197 "-" "Mozilla/5.0 (X11; Linux x86_64) AppleWebKit/537.36 (KHTML, like Gecko)"
188.93.56.121 - - [25/Nov/2018:14:30:36 +0700] "GET /tracking.gif?email=egor_kashkarov%40mail.ru&mailing=132 HTTP/1.0" 200 197 "-" "Mozilla/5.0 (X11; Linux x86_64) AppleWebKit/537.36 (KHTML, like Gecko)"
109.124.5.213 - - [25/Nov/2018:14:30:41 +0700] "GET /tracking.gif?email=O.a.budaev%40mail.ru&mailing=132 HTTP/1.0" 200 197 "-" "Mozilla/5.0 (iPad; CPU OS 11_2_6 like Mac OS X) AppleWebKit/604.5.6 (KHTML, like Gecko) Mobile/15D100"
188.93.56.128 - - [25/Nov/2018:14:30:42 +0700] "GET /tracking.gif?email=a-group1%40mail.ru&mailing=132 HTTP/1.0" 200 197 "-" "Mozilla/5.0 (X11; Linux x86_64) AppleWebKit/537.36 (KHTML, like Gecko)"
188.93.56.125 - - [25/Nov/2018:14:31:13 +0700] "GET /tracking.gif?email=3380777%40mail.ru&mailing=132 HTTP/1.0" 200 197 "-" "Mozilla/5.0 (X11; Linux x86_64) AppleWebKit/537.36 (KHTML, like Gecko)"
95.174.203.91 - - [25/Nov/2018:14:31:28 +0700] "GET /tracking.gif?email=zhenay2008%40yandex.ru&mailing=132 HTTP/1.0" 200 197 "-" "Mozilla/5.0 (iPhone; CPU iPhone OS 12_1 like Mac OS X) AppleWebKit/605.1.15 (KHTML, like Gecko) Mobile/16B92"
95.174.203.91 - - [25/Nov/2018:14:31:48 +0700] "GET /tracking.gif?email=zhenay2008%40yandex.ru&mailing=132 HTTP/1.0" 200 197 "-" "Mozilla/5.0 (iPhone; CPU iPhone OS 12_1 like Mac OS X) AppleWebKit/605.1.15 (KHTML, like Gecko) Mobile/16B92"
37.9.102.246 - - [25/Nov/2018:14:32:50 +0700] "GET /tracking.gif?email=oxmap%40yandex.com&mailing=132 HTTP/1.0" 200 197 "-" "Mozilla/5.0 (compatible; YandexImageResizer/2.0; +http://yandex.com/bots)"
188.93.56.122 - - [25/Nov/2018:14:32:50 +0700] "GET /tracking.gif?email=balaganov93%40bk.ru&mailing=132 HTTP/1.0" 200 197 "-" "Mozilla/5.0 (X11; Linux x86_64) AppleWebKit/537.36 (KHTML, like Gecko)"
37.21.185.202 - - [25/Nov/2018:14:33:22 +0700] "GET /unsubscribe/?email=oxmap%40yandex.com&mailing=132 HTTP/1.0" 200 976 "-" "Mozilla/5.0 (Windows NT 10.0; Win64; x64) AppleWebKit/537.36 (KHTML, like Gecko) Chrome/70.0.3538.110 Safari/537.36"
37.21.185.202 - - [25/Nov/2018:14:33:24 +0700] "GET /img/popcorn.svg HTTP/1.0" 200 1187 "http://mailing.etobilet.ru/css/main.css" "Mozilla/5.0 (Windows NT 10.0; Win64; x64) AppleWebKit/537.36 (KHTML, like Gecko) Chrome/70.0.3538.110 Safari/537.36"
188.93.56.127 - - [25/Nov/2018:14:34:13 +0700] "GET /tracking.gif?email=kia-1983%40mail.ru&mailing=132 HTTP/1.0" 200 197 "-" "Mozilla/5.0 (X11; Linux x86_64) AppleWebKit/537.36 (KHTML, like Gecko)"
188.93.56.124 - - [25/Nov/2018:14:34:15 +0700] "GET /tracking.gif?email=labazanov-1996%40mail.ru&mailing=132 HTTP/1.0" 200 197 "-" "Mozilla/5.0 (X11; Linux x86_64) AppleWebKit/537.36 (KHTML, like Gecko)"
37.9.102.253 - - [25/Nov/2018:14:34:18 +0700] "GET /tracking.gif?email=hakova.iulia%40yandex.ru&mailing=123 HTTP/1.0" 200 197 "-" "Mozilla/5.0 (compatible; YandexImageResizer/2.0; +http://yandex.com/bots)"
188.93.56.127 - - [25/Nov/2018:14:34:47 +0700] "GET /tracking.gif?email=ksenia-ovchinnikova%40mail.ru&mailing=132 HTTP/1.0" 200 197 "-" "Mozilla/5.0 (X11; Linux x86_64) AppleWebKit/537.36 (KHTML, like Gecko)"
37.21.185.202 - - [25/Nov/2018:14:34:50 +0700] "GET /unsubscribe/?email=oxmap%40yandex.com&mailing=132&confirmed=1 HTTP/1.0" 200 747 "http://mailing.etobilet.ru/unsubscribe/?email=oxmap%40yandex.com&mailing=132" "Mozilla/5.0 (Windows NT 10.0; Win64; x64) AppleWebKit/537.36 (KHTML, like Gecko) Chrome/70.0.3538.110 Safari/537.36"
188.93.56.121 - - [25/Nov/2018:14:35:23 +0700] "GET /tracking.gif?email=gudym%40mail.ru&mailing=132 HTTP/1.0" 200 197 "-" "Mozilla/5.0 (X11; Linux x86_64) AppleWebKit/537.36 (KHTML, like Gecko)"
188.93.56.125 - - [25/Nov/2018:14:35:59 +0700] "GET /tracking.gif?email=kotofey1983%40mail.ru&mailing=132 HTTP/1.0" 200 197 "-" "Mozilla/5.0 (X11; Linux x86_64) AppleWebKit/537.36 (KHTML, like Gecko)"
188.93.56.130 - - [25/Nov/2018:14:36:00 +0700] "GET /tracking.gif?email=Savinceva_alena%40mail.ru&mailing=132 HTTP/1.0" 200 197 "-" "Mozilla/5.0 (X11; Linux x86_64) AppleWebKit/537.36 (KHTML, like Gecko)"
188.93.56.127 - - [25/Nov/2018:14:36:26 +0700] "GET /tracking.gif?email=asn999%40mail.ru&mailing=132 HTTP/1.0" 200 197 "-" "Mozilla/5.0 (X11; Linux x86_64) AppleWebKit/537.36 (KHTML, like Gecko)"
188.93.56.123 - - [25/Nov/2018:14:36:36 +0700] "GET /tracking.gif?email=poryazov%40mail.ru&mailing=132 HTTP/1.0" 200 197 "-" "Mozilla/5.0 (X11; Linux x86_64) AppleWebKit/537.36 (KHTML, like Gecko)"
188.93.56.123 - - [25/Nov/2018:14:37:04 +0700] "GET /tracking.gif?email=Don1ck96%40mail.ru&mailing=132 HTTP/1.0" 200 197 "-" "Mozilla/5.0 (X11; Linux x86_64) AppleWebKit/537.36 (KHTML, like Gecko)"
37.21.152.52 - - [25/Nov/2018:14:37:07 +0700] "GET /tracking.gif?email=horsea1987%40mail.ru&mailing=132 HTTP/1.0" 200 197 "-" "Mozilla/5.0 (Linux; Android 5.1.1; SM-J120F Build/LMY47X; wv) AppleWebKit/537.36 (KHTML, like Gecko) Version/4.0 Chrome/60.0.3112.116 Mobile Safari/537.36"
188.93.56.129 - - [25/Nov/2018:14:37:43 +0700] "GET /tracking.gif?email=Anastaseeya80%40mail.ru&mailing=132 HTTP/1.0" 200 197 "-" "Mozilla/5.0 (X11; Linux x86_64) AppleWebKit/537.36 (KHTML, like Gecko)"
188.93.56.124 - - [25/Nov/2018:14:39:58 +0700] "GET /tracking.gif?email=kozlova.am%40mail.ru&mailing=132 HTTP/1.0" 200 197 "-" "Mozilla/5.0 (X11; Linux x86_64) AppleWebKit/537.36 (KHTML, like Gecko)"
188.93.56.122 - - [25/Nov/2018:14:40:16 +0700] "GET /tracking.gif?email=hsv_76%40mail.ru&mailing=132 HTTP/1.0" 200 197 "-" "Mozilla/5.0 (X11; Linux x86_64) AppleWebKit/537.36 (KHTML, like Gecko)"
188.93.56.127 - - [25/Nov/2018:14:40:26 +0700] "GET /tracking.gif?email=I.a.tarasova%40mail.ru&mailing=132 HTTP/1.0" 200 197 "-" "Mozilla/5.0 (X11; Linux x86_64) AppleWebKit/537.36 (KHTML, like Gecko)"
31.173.241.84 - - [25/Nov/2018:14:40:54 +0700] "GET /tracking.gif?email=Onsin%40mail.ru&mailing=132 HTTP/1.0" 200 197 "-" "Mozilla/5.0 (Linux; Android 8.0.0; SM-G955F Build/R16NW; wv) AppleWebKit/537.36 (KHTML, like Gecko) Version/4.0 Chrome/70.0.3538.110 Mobile Safari/537.36"
188.93.56.125 - - [25/Nov/2018:14:41:13 +0700] "GET /tracking.gif?email=makarovams077%40mail.ru&mailing=132 HTTP/1.0" 200 197 "-" "Mozilla/5.0 (X11; Linux x86_64) AppleWebKit/537.36 (KHTML, like Gecko)"
5.166.48.18 - - [25/Nov/2018:14:41:26 +0700] "GET /tracking.gif?email=irina101126%40mail.ru&mailing=132 HTTP/1.0" 200 197 "-" "Mozilla/5.0 (iPhone; CPU iPhone OS 12_1 like Mac OS X) AppleWebKit/605.1.15 (KHTML, like Gecko) Mobile/16B92"
188.93.56.123 - - [25/Nov/2018:14:41:27 +0700] "GET /tracking.gif?email=beloknezhka%40mail.ru&mailing=132 HTTP/1.0" 200 197 "-" "Mozilla/5.0 (X11; Linux x86_64) AppleWebKit/537.36 (KHTML, like Gecko)"
37.9.102.239 - - [25/Nov/2018:14:41:32 +0700] "GET /tracking.gif?email=pohtina%40yandex.ru&mailing=124 HTTP/1.0" 200 197 "-" "Mozilla/5.0 (compatible; YandexImageResizer/2.0; +http://yandex.com/bots)"
37.9.102.243 - - [25/Nov/2018:14:41:34 +0700] "GET /tracking.gif?email=anvo80%40yandex.ru&mailing=132 HTTP/1.0" 200 197 "-" "Mozilla/5.0 (compatible; YandexImageResizer/2.0; +http://yandex.com/bots)"
188.93.56.129 - - [25/Nov/2018:14:42:12 +0700] "GET /tracking.gif?email=fiolent5%40mail.ru&mailing=132 HTTP/1.0" 200 197 "-" "Mozilla/5.0 (X11; Linux x86_64) AppleWebKit/537.36 (KHTML, like Gecko)"
188.93.56.125 - - [25/Nov/2018:14:42:26 +0700] "GET /tracking.gif?email=andrej_tarasenko2014%40mail.ru&mailing=132 HTTP/1.0" 200 197 "-" "Mozilla/5.0 (X11; Linux x86_64) AppleWebKit/537.36 (KHTML, like Gecko)"
188.93.56.130 - - [25/Nov/2018:14:42:57 +0700] "GET /tracking.gif?email=bvg.tomsk%40mail.ru&mailing=132 HTTP/1.0" 200 197 "-" "Mozilla/5.0 (X11; Linux x86_64) AppleWebKit/537.36 (KHTML, like Gecko)"
188.93.56.121 - - [25/Nov/2018:14:43:09 +0700] "GET /tracking.gif?email=Despair_keep%40mail.ru&mailing=132 HTTP/1.0" 200 197 "-" "Mozilla/5.0 (X11; Linux x86_64) AppleWebKit/537.36 (KHTML, like Gecko)"
95.191.61.159 - - [25/Nov/2018:14:43:36 +0700] "GET /unsubscribe/?email=s.belousov86%40mail.ru&mailing=132 HTTP/1.0" 200 984 "-" "Mozilla/5.0 (Linux; Android 8.0.0; SM-G960F) AppleWebKit/537.36 (KHTML, like Gecko) Chrome/70.0.3538.110 Mobile Safari/537.36"
95.191.61.159 - - [25/Nov/2018:14:43:36 +0700] "GET /img/popcorn.svg HTTP/1.0" 200 1187 "http://mailing.etobilet.ru/css/main.css" "Mozilla/5.0 (Linux; Android 8.0.0; SM-G960F) AppleWebKit/537.36 (KHTML, like Gecko) Chrome/70.0.3538.110 Mobile Safari/537.36"
188.93.56.128 - - [25/Nov/2018:14:43:40 +0700] "GET /tracking.gif?email=skryabinn%40mail.ru&mailing=132 HTTP/1.0" 200 197 "-" "Mozilla/5.0 (X11; Linux x86_64) AppleWebKit/537.36 (KHTML, like Gecko)"
95.191.61.159 - - [25/Nov/2018:14:43:40 +0700] "GET /unsubscribe/?email=s.belousov86%40mail.ru&mailing=132&confirmed=1 HTTP/1.0" 200 747 "http://mailing.etobilet.ru/unsubscribe/?email=s.belousov86%40mail.ru&mailing=132" "Mozilla/5.0 (Linux; Android 8.0.0; SM-G960F) AppleWebKit/537.36 (KHTML, like Gecko) Chrome/70.0.3538.110 Mobile Safari/537.36"
188.93.56.122 - - [25/Nov/2018:14:44:18 +0700] "GET /tracking.gif?email=skryabinn%40mail.ru&mailing=132 HTTP/1.0" 200 197 "-" "Mozilla/5.0 (X11; Linux x86_64) AppleWebKit/537.36 (KHTML, like Gecko)"
188.93.56.127 - - [25/Nov/2018:14:44:31 +0700] "GET /tracking.gif?email=lomakin1978%40mail.ru&mailing=132 HTTP/1.0" 200 197 "-" "Mozilla/5.0 (X11; Linux x86_64) AppleWebKit/537.36 (KHTML, like Gecko)"
66.102.9.20 - - [25/Nov/2018:14:46:52 +0700] "GET /tracking.gif?email=mgolikovawork%40gmail.com&mailing=132 HTTP/1.0" 200 197 "-" "Mozilla/5.0 (Windows NT 5.1; rv:11.0) Gecko Firefox/11.0 (via ggpht.com GoogleImageProxy)"
188.93.56.121 - - [25/Nov/2018:14:47:59 +0700] "GET /tracking.gif?email=mild.80%40mail.ru&mailing=132 HTTP/1.0" 200 197 "-" "Mozilla/5.0 (X11; Linux x86_64) AppleWebKit/537.36 (KHTML, like Gecko)"
188.93.56.122 - - [25/Nov/2018:14:48:04 +0700] "GET /tracking.gif?email=alenaandrinskaya%40mail.ru&mailing=132 HTTP/1.0" 200 197 "-" "Mozilla/5.0 (X11; Linux x86_64) AppleWebKit/537.36 (KHTML, like Gecko)"
188.93.56.129 - - [25/Nov/2018:14:48:11 +0700] "GET /tracking.gif?email=Karach84%40mail.ru&mailing=132 HTTP/1.0" 200 197 "-" "Mozilla/5.0 (X11; Linux x86_64) AppleWebKit/537.36 (KHTML, like Gecko)"
188.93.56.128 - - [25/Nov/2018:14:49:34 +0700] "GET /tracking.gif?email=ann77-sib%40mail.ru&mailing=132 HTTP/1.0" 200 197 "-" "Mozilla/5.0 (X11; Linux x86_64) AppleWebKit/537.36 (KHTML, like Gecko)"
188.93.56.129 - - [25/Nov/2018:14:49:57 +0700] "GET /tracking.gif?email=ngladchenko81%40mail.ru&mailing=132 HTTP/1.0" 200 197 "-" "Mozilla/5.0 (X11; Linux x86_64) AppleWebKit/537.36 (KHTML, like Gecko)"
188.93.56.121 - - [25/Nov/2018:14:50:04 +0700] "GET /tracking.gif?email=mari1376%40mail.ru&mailing=132 HTTP/1.0" 200 197 "-" "Mozilla/5.0 (X11; Linux x86_64) AppleWebKit/537.36 (KHTML, like Gecko)"
213.87.123.92 - - [25/Nov/2018:14:50:42 +0700] "GET /tracking.gif?email=dasha.panteleeva.1997%40mail.ru&mailing=132 HTTP/1.0" 200 197 "-" "Mozilla/5.0 (iPhone; CPU iPhone OS 12_1 like Mac OS X) AppleWebKit/605.1.15 (KHTML, like Gecko) Mobile/16B92"
188.93.56.121 - - [25/Nov/2018:14:52:54 +0700] "GET /tracking.gif?email=Gusik-81%40mail.ru&mailing=132 HTTP/1.0" 200 197 "-" "Mozilla/5.0 (X11; Linux x86_64) AppleWebKit/537.36 (KHTML, like Gecko)"
188.93.56.124 - - [25/Nov/2018:14:53:05 +0700] "GET /tracking.gif?email=alexsaz96%40mail.ru&mailing=132 HTTP/1.0" 200 197 "-" "Mozilla/5.0 (X11; Linux x86_64) AppleWebKit/537.36 (KHTML, like Gecko)"
188.93.56.130 - - [25/Nov/2018:14:53:19 +0700] "GET /tracking.gif?email=mrmisnik%40mail.ru&mailing=132 HTTP/1.0" 200 197 "-" "Mozilla/5.0 (X11; Linux x86_64) AppleWebKit/537.36 (KHTML, like Gecko)"
188.93.56.126 - - [25/Nov/2018:14:53:33 +0700] "GET /tracking.gif?email=27122014%40mail.ru&mailing=132 HTTP/1.0" 200 197 "-" "Mozilla/5.0 (X11; Linux x86_64) AppleWebKit/537.36 (KHTML, like Gecko)"
188.93.56.121 - - [25/Nov/2018:14:53:37 +0700] "GET /tracking.gif?email=27122014%40mail.ru&mailing=132 HTTP/1.0" 200 197 "-" "Mozilla/5.0 (X11; Linux x86_64) AppleWebKit/537.36 (KHTML, like Gecko)"
188.93.56.124 - - [25/Nov/2018:14:53:50 +0700] "GET /tracking.gif?email=diezel_91%40mail.ru&mailing=132 HTTP/1.0" 200 197 "-" "Mozilla/5.0 (X11; Linux x86_64) AppleWebKit/537.36 (KHTML, like Gecko)"
188.233.248.73 - - [25/Nov/2018:14:53:57 +0700] "GET /tracking.gif?email=sergio55%40yandex.ru&mailing=124 HTTP/1.0" 200 197 "-" "Mozilla/5.0 (iPhone; CPU iPhone OS 9_3_5 like Mac OS X) AppleWebKit/601.1.46 (KHTML, like Gecko) Mobile/13G36"
188.93.56.124 - - [25/Nov/2018:14:54:54 +0700] "GET /tracking.gif?email=benkova6040%40mail.ru&mailing=132 HTTP/1.0" 200 197 "-" "Mozilla/5.0 (X11; Linux x86_64) AppleWebKit/537.36 (KHTML, like Gecko)"
188.93.56.130 - - [25/Nov/2018:14:55:34 +0700] "GET /tracking.gif?email=d.raykhold%40mail.ru&mailing=132 HTTP/1.0" 200 197 "-" "Mozilla/5.0 (X11; Linux x86_64) AppleWebKit/537.36 (KHTML, like Gecko)"
188.93.56.122 - - [25/Nov/2018:14:55:38 +0700] "GET /tracking.gif?email=kalibri3788413%40mail.ru&mailing=132 HTTP/1.0" 200 197 "-" "Mozilla/5.0 (X11; Linux x86_64) AppleWebKit/537.36 (KHTML, like Gecko)"
188.93.56.130 - - [25/Nov/2018:14:57:44 +0700] "GET /tracking.gif?email=jamika_%40mail.ru&mailing=132 HTTP/1.0" 200 197 "-" "Mozilla/5.0 (X11; Linux x86_64) AppleWebKit/537.36 (KHTML, like Gecko)"
31.211.83.53 - - [25/Nov/2018:14:57:45 +0700] "GET /tracking.gif?email=Knol.kristina%40mail.ru&mailing=132 HTTP/1.0" 200 197 "-" "Mozilla/5.0 (Macintosh; Intel Mac OS X 10_11_6) AppleWebKit/601.7.8 (KHTML, like Gecko)"
217.118.79.38 - - [25/Nov/2018:14:58:02 +0700] "GET /tracking.gif?email=iriska.shishlak%40gmail.com&mailing=124 HTTP/1.0" 200 197 "-" "Mozilla/5.0 (iPhone; CPU iPhone OS 12_1 like Mac OS X) AppleWebKit/605.1.15 (KHTML, like Gecko) Mobile/16B92"
37.9.102.250 - - [25/Nov/2018:14:58:05 +0700] "GET /tracking.gif?email=anton.pidodnia%40yandex.ru&mailing=132 HTTP/1.0" 200 197 "-" "Mozilla/5.0 (compatible; YandexImageResizer/2.0; +http://yandex.com/bots)"
188.93.56.125 - - [25/Nov/2018:14:58:44 +0700] "GET /tracking.gif?email=ilyagol20%40mail.ru&mailing=132 HTTP/1.0" 200 197 "-" "Mozilla/5.0 (X11; Linux x86_64) AppleWebKit/537.36 (KHTML, like Gecko)"
188.93.56.121 - - [25/Nov/2018:14:58:45 +0700] "GET /tracking.gif?email=gatlan1987%40mail.ru&mailing=132 HTTP/1.0" 200 197 "-" "Mozilla/5.0 (X11; Linux x86_64) AppleWebKit/537.36 (KHTML, like Gecko)"
109.124.30.161 - - [25/Nov/2018:14:58:52 +0700] "GET /tracking.gif?email=kim1979%40mail.ru&mailing=132 HTTP/1.0" 200 197 "-" "Mozilla/5.0 (Linux; Android 6.0.1; SM-G900F Build/MMB29M; wv) AppleWebKit/537.36 (KHTML, like Gecko) Version/4.0 Chrome/70.0.3538.80 Mobile Safari/537.36"
188.93.56.125 - - [25/Nov/2018:14:59:27 +0700] "GET /tracking.gif?email=ivantihonov2016%40mail.ru&mailing=132 HTTP/1.0" 200 197 "-" "Mozilla/5.0 (X11; Linux x86_64) AppleWebKit/537.36 (KHTML, like Gecko)"
188.93.56.130 - - [25/Nov/2018:14:59:52 +0700] "GET /tracking.gif?email=Ermolov71%40mail.ru&mailing=132 HTTP/1.0" 200 197 "-" "Mozilla/5.0 (X11; Linux x86_64) AppleWebKit/537.36 (KHTML, like Gecko)"
188.93.56.126 - - [25/Nov/2018:15:00:46 +0700] "GET /tracking.gif?email=igorfelix%40mail.ru&mailing=132 HTTP/1.0" 200 197 "-" "Mozilla/5.0 (X11; Linux x86_64) AppleWebKit/537.36 (KHTML, like Gecko)"
188.93.56.127 - - [25/Nov/2018:15:04:14 +0700] "GET /tracking.gif?email=Jegudiel%40mail.ru&mailing=132 HTTP/1.0" 200 197 "-" "Mozilla/5.0 (X11; Linux x86_64) AppleWebKit/537.36 (KHTML, like Gecko)"
95.174.211.61 - - [25/Nov/2018:15:05:49 +0700] "GET /tracking.gif?email=ibragimova.zhenya67%40mail.ru&mailing=132 HTTP/1.0" 200 197 "-" "Mozilla/5.0 (Linux; Android 6.0; 5010D Build/MRA58K; wv) AppleWebKit/537.36 (KHTML, like Gecko) Version/4.0 Chrome/69.0.3497.100 Mobile Safari/537.36"
188.93.56.122 - - [25/Nov/2018:15:05:55 +0700] "GET /tracking.gif?email=anastasiya.lyubyatinskaya%40mail.ru&mailing=132 HTTP/1.0" 200 197 "-" "Mozilla/5.0 (X11; Linux x86_64) AppleWebKit/537.36 (KHTML, like Gecko)"
77.88.11.243 - - [25/Nov/2018:15:06:30 +0700] "GET /tracking.gif?email=89505138200%40yandex.ru&mailing=123 HTTP/1.0" 200 197 "-" "Mozilla/5.0 (compatible; YandexImageResizer/2.0; +http://yandex.com/bots)"
188.93.56.130 - - [25/Nov/2018:15:06:34 +0700] "GET /tracking.gif?email=kirina2302%40mail.ru&mailing=132 HTTP/1.0" 200 197 "-" "Mozilla/5.0 (X11; Linux x86_64) AppleWebKit/537.36 (KHTML, like Gecko)"
188.93.56.123 - - [25/Nov/2018:15:07:02 +0700] "GET /tracking.gif?email=Olesya_zdes%40mail.ru&mailing=132 HTTP/1.0" 200 197 "-" "Mozilla/5.0 (X11; Linux x86_64) AppleWebKit/537.36 (KHTML, like Gecko)"
188.93.56.125 - - [25/Nov/2018:15:09:02 +0700] "GET /tracking.gif?email=lemur15%40mail.ru&mailing=132 HTTP/1.0" 200 197 "-" "Mozilla/5.0 (X11; Linux x86_64) AppleWebKit/537.36 (KHTML, like Gecko)"
188.93.56.128 - - [25/Nov/2018:15:09:32 +0700] "GET /tracking.gif?email=KazakovaZR%40mail.ru&mailing=132 HTTP/1.0" 200 197 "-" "Mozilla/5.0 (X11; Linux x86_64) AppleWebKit/537.36 (KHTML, like Gecko)"
31.173.100.57 - - [25/Nov/2018:15:09:42 +0700] "GET /tracking.gif?email=Rehtinberg%40mail.ru&mailing=132 HTTP/1.0" 200 197 "-" "Mozilla/5.0 (iPhone; CPU iPhone OS 11_4_1 like Mac OS X) AppleWebKit/605.1.15 (KHTML, like Gecko) Mobile/15G77"
188.93.56.129 - - [25/Nov/2018:15:09:46 +0700] "GET /tracking.gif?email=Kr456%40inbox.ru&mailing=132 HTTP/1.0" 200 197 "-" "Mozilla/5.0 (X11; Linux x86_64) AppleWebKit/537.36 (KHTML, like Gecko)"
188.93.56.126 - - [25/Nov/2018:15:09:50 +0700] "GET /tracking.gif?email=juliapod83%40mail.ru&mailing=132 HTTP/1.0" 200 197 "-" "Mozilla/5.0 (X11; Linux x86_64) AppleWebKit/537.36 (KHTML, like Gecko)"
213.87.123.16 - - [25/Nov/2018:15:10:21 +0700] "GET /tracking.gif?email=eremeeva_yv%40mail.ru&mailing=132 HTTP/1.0" 200 197 "-" "Mozilla/5.0 (iPhone; CPU iPhone OS 12_0 like Mac OS X) AppleWebKit/605.1.15 (KHTML, like Gecko) Mobile/16A366"
217.118.79.40 - - [25/Nov/2018:15:11:37 +0700] "GET /tracking.gif?email=Borovikova-valyusha%40mail.ru&mailing=132 HTTP/1.0" 200 197 "-" "Mozilla/5.0 (iPhone; CPU iPhone OS 12_0_1 like Mac OS X) AppleWebKit/605.1.15 (KHTML, like Gecko) Mobile/16A404"
5.255.241.226 - - [25/Nov/2018:15:11:49 +0700] "GET /tracking.gif?email=dr.aspid77%40yandex.ru&mailing=132 HTTP/1.0" 200 197 "-" "Mozilla/5.0 (compatible; YandexImageResizer/2.0; +http://yandex.com/bots)"
188.93.56.123 - - [25/Nov/2018:15:12:25 +0700] "GET /tracking.gif?email=plievakatya%40mail.ru&mailing=132 HTTP/1.0" 200 197 "-" "Mozilla/5.0 (X11; Linux x86_64) AppleWebKit/537.36 (KHTML, like Gecko)"
188.93.56.127 - - [25/Nov/2018:15:13:03 +0700] "GET /tracking.gif?email=ydvaladze%40mail.ru&mailing=132 HTTP/1.0" 200 197 "-" "Mozilla/5.0 (X11; Linux x86_64) AppleWebKit/537.36 (KHTML, like Gecko)"
178.46.35.186 - - [25/Nov/2018:15:13:06 +0700] "GET /tracking.gif?email=igor.kamenshchik%40gmail.com&mailing=123 HTTP/1.0" 200 197 "-" "Mozilla/5.0 (iPhone; CPU iPhone OS 12_1 like Mac OS X) AppleWebKit/605.1.15 (KHTML, like Gecko) Mobile/16B92"
213.87.122.41 - - [25/Nov/2018:15:14:04 +0700] "GET /tracking.gif?email=nataliya_orlova_69%40mail.ru&mailing=132 HTTP/1.0" 200 197 "-" "Mozilla/5.0 (iPhone; CPU iPhone OS 11_4_1 like Mac OS X) AppleWebKit/605.1.15 (KHTML, like Gecko) Mobile/15G77"
188.93.56.130 - - [25/Nov/2018:15:14:25 +0700] "GET /tracking.gif?email=att4tex%40mail.ru&mailing=132 HTTP/1.0" 200 197 "-" "Mozilla/5.0 (X11; Linux x86_64) AppleWebKit/537.36 (KHTML, like Gecko)"
79.136.253.164 - - [25/Nov/2018:15:14:28 +0700] "GET /tracking.gif?email=ms.lubimochka%40mail.ru&mailing=132 HTTP/1.0" 200 197 "-" "Mozilla/5.0 (iPhone; CPU iPhone OS 12_0_1 like Mac OS X) AppleWebKit/605.1.15 (KHTML, like Gecko) Mobile/16A404"
5.255.241.242 - - [25/Nov/2018:15:14:32 +0700] "GET /tracking.gif?email=bb8878%40yandex.ru&mailing=124 HTTP/1.0" 200 197 "-" "Mozilla/5.0 (compatible; YandexImageResizer/2.0; +http://yandex.com/bots)"
5.255.241.247 - - [25/Nov/2018:15:14:53 +0700] "GET /tracking.gif?email=dima.tomsk%40mail.ru&mailing=132 HTTP/1.0" 200 197 "-" "Mozilla/5.0 (compatible; YandexImageResizer/2.0; +http://yandex.com/bots)"
188.93.56.123 - - [25/Nov/2018:15:15:34 +0700] "GET /tracking.gif?email=natasha_1707%40mail.ru&mailing=132 HTTP/1.0" 200 197 "-" "Mozilla/5.0 (X11; Linux x86_64) AppleWebKit/537.36 (KHTML, like Gecko)"
188.93.56.125 - - [25/Nov/2018:15:16:37 +0700] "GET /tracking.gif?email=Mandarinka4155%40mail.ru&mailing=132 HTTP/1.0" 200 197 "-" "Mozilla/5.0 (X11; Linux x86_64) AppleWebKit/537.36 (KHTML, like Gecko)"
188.93.56.126 - - [25/Nov/2018:15:17:09 +0700] "GET /tracking.gif?email=nastasya.seliverstova%40inbox.ru&mailing=132 HTTP/1.0" 200 197 "-" "Mozilla/5.0 (X11; Linux x86_64) AppleWebKit/537.36 (KHTML, like Gecko)"
188.93.56.122 - - [25/Nov/2018:15:17:14 +0700] "GET /tracking.gif?email=das_kalash%40mail.ru&mailing=132 HTTP/1.0" 200 197 "-" "Mozilla/5.0 (X11; Linux x86_64) AppleWebKit/537.36 (KHTML, like Gecko)"
188.93.56.122 - - [25/Nov/2018:15:17:35 +0700] "GET /tracking.gif?email=stas.to%40mail.ru&mailing=132 HTTP/1.0" 200 197 "-" "Mozilla/5.0 (X11; Linux x86_64) AppleWebKit/537.36 (KHTML, like Gecko)"
109.227.210.69 - - [25/Nov/2018:15:18:20 +0700] "GET /tracking.gif?email=tatyana.korneeva.1989%40mail.ru&mailing=132 HTTP/1.0" 200 197 "-" "Mozilla/5.0 (Linux; Android 8.0.0; SM-A720F Build/R16NW; wv) AppleWebKit/537.36 (KHTML, like Gecko) Version/4.0 Chrome/70.0.3538.80 Mobile Safari/537.36"
188.93.56.128 - - [25/Nov/2018:15:18:29 +0700] "GET /tracking.gif?email=kozhuhovskaya1966%40mail.ru&mailing=132 HTTP/1.0" 200 197 "-" "Mozilla/5.0 (X11; Linux x86_64) AppleWebKit/537.36 (KHTML, like Gecko)"
188.93.56.127 - - [25/Nov/2018:15:18:41 +0700] "GET /tracking.gif?email=ivanova.nelle%40mail.ru&mailing=132 HTTP/1.0" 200 197 "-" "Mozilla/5.0 (X11; Linux x86_64) AppleWebKit/537.36 (KHTML, like Gecko)"
188.93.56.126 - - [25/Nov/2018:15:18:57 +0700] "GET /tracking.gif?email=s.vysotski%40mail.ru&mailing=132 HTTP/1.0" 200 197 "-" "Mozilla/5.0 (X11; Linux x86_64) AppleWebKit/537.36 (KHTML, like Gecko)"
188.93.56.129 - - [25/Nov/2018:15:20:10 +0700] "GET /tracking.gif?email=Mandarinka4155%40mail.ru&mailing=132 HTTP/1.0" 200 197 "-" "Mozilla/5.0 (X11; Linux x86_64) AppleWebKit/537.36 (KHTML, like Gecko)"
188.93.56.129 - - [25/Nov/2018:15:22:53 +0700] "GET /tracking.gif?email=sonechkais%40mail.ru&mailing=132 HTTP/1.0" 200 197 "-" "Mozilla/5.0 (X11; Linux x86_64) AppleWebKit/537.36 (KHTML, like Gecko)"
188.93.56.123 - - [25/Nov/2018:15:23:01 +0700] "GET /tracking.gif?email=mambi4.stek%40mail.ru&mailing=132 HTTP/1.0" 200 197 "-" "Mozilla/5.0 (X11; Linux x86_64) AppleWebKit/537.36 (KHTML, like Gecko)"
188.93.56.122 - - [25/Nov/2018:15:23:02 +0700] "GET /tracking.gif?email=yakovkhovansky%40mail.ru&mailing=132 HTTP/1.0" 200 197 "-" "Mozilla/5.0 (X11; Linux x86_64) AppleWebKit/537.36 (KHTML, like Gecko)"
46.233.227.247 - - [25/Nov/2018:15:24:26 +0700] "GET /tracking.gif?email=carter_lyrics%40icloud.com&mailing=124 HTTP/1.0" 200 197 "-" "Mozilla/5.0 (iPhone; CPU iPhone OS 12_1 like Mac OS X) AppleWebKit/605.1.15 (KHTML, like Gecko) Mobile/16B92"
188.93.56.123 - - [25/Nov/2018:15:24:45 +0700] "GET /tracking.gif?email=elvira.sherubaev%40mail.ru&mailing=132 HTTP/1.0" 200 197 "-" "Mozilla/5.0 (X11; Linux x86_64) AppleWebKit/537.36 (KHTML, like Gecko)"
188.93.56.121 - - [25/Nov/2018:15:25:36 +0700] "GET /tracking.gif?email=nei78%40mail.ru&mailing=132 HTTP/1.0" 200 197 "-" "Mozilla/5.0 (X11; Linux x86_64) AppleWebKit/537.36 (KHTML, like Gecko)"
188.93.56.125 - - [25/Nov/2018:15:25:42 +0700] "GET /tracking.gif?email=kazakevichvasiliy%40mail.ru&mailing=132 HTTP/1.0" 200 197 "-" "Mozilla/5.0 (X11; Linux x86_64) AppleWebKit/537.36 (KHTML, like Gecko)"
77.88.11.242 - - [25/Nov/2018:15:26:25 +0700] "GET /tracking.gif?email=Maria%40tomip.net&mailing=132 HTTP/1.0" 200 197 "-" "Mozilla/5.0 (compatible; YandexImageResizer/2.0; +http://yandex.com/bots)"
81.19.78.161 - - [25/Nov/2018:15:26:30 +0700] "GET /tracking.gif?email=donkey41%40rambler.ru&mailing=124 HTTP/1.0" 200 197 "https://mail-pda.rambler.ru/" "RamblerMail/6.0 (incompatible; ImageProxy/6.0)"
188.93.56.123 - - [25/Nov/2018:15:26:32 +0700] "GET /tracking.gif?email=dizain_na_5%40mail.ru&mailing=132 HTTP/1.0" 200 197 "-" "Mozilla/5.0 (X11; Linux x86_64) AppleWebKit/537.36 (KHTML, like Gecko)"
188.93.56.123 - - [25/Nov/2018:15:26:55 +0700] "GET /tracking.gif?email=rybinki%40mail.ru&mailing=132 HTTP/1.0" 200 197 "-" "Mozilla/5.0 (X11; Linux x86_64) AppleWebKit/537.36 (KHTML, like Gecko)"
188.93.56.128 - - [25/Nov/2018:15:27:02 +0700] "GET /tracking.gif?email=nzvekova95%40mail.ru&mailing=132 HTTP/1.0" 200 197 "-" "Mozilla/5.0 (X11; Linux x86_64) AppleWebKit/537.36 (KHTML, like Gecko)"
188.93.56.126 - - [25/Nov/2018:15:27:50 +0700] "GET /tracking.gif?email=kushumovairina%40mail.ru&mailing=132 HTTP/1.0" 200 197 "-" "Mozilla/5.0 (X11; Linux x86_64) AppleWebKit/537.36 (KHTML, like Gecko)"
188.93.56.122 - - [25/Nov/2018:15:32:04 +0700] "GET /tracking.gif?email=pangin.maksim%40mail.ru&mailing=132 HTTP/1.0" 200 197 "-" "Mozilla/5.0 (X11; Linux x86_64) AppleWebKit/537.36 (KHTML, like Gecko)"
5.165.209.121 - - [25/Nov/2018:15:32:08 +0700] "GET /tracking.gif?email=nuttalie%40yahoo.com&mailing=132 HTTP/1.0" 200 197 "-" "Mozilla/5.0 (iPad; CPU OS 12_0 like Mac OS X) AppleWebKit/605.1.15 (KHTML, like Gecko) Mobile/16A366"
188.93.56.129 - - [25/Nov/2018:15:32:08 +0700] "GET /tracking.gif?email=kholodov_oleg%40mail.ru&mailing=132 HTTP/1.0" 200 197 "-" "Mozilla/5.0 (X11; Linux x86_64) AppleWebKit/537.36 (KHTML, like Gecko)"
79.104.4.90 - - [25/Nov/2018:15:32:19 +0700] "GET /tracking.gif?email=Irina.komissarova.97%40mail.ru&mailing=132 HTTP/1.0" 200 197 "-" "Mozilla/5.0 (iPhone; CPU iPhone OS 10_2 like Mac OS X) AppleWebKit/602.3.12 (KHTML, like Gecko) Mobile/14C92"
188.93.56.127 - - [25/Nov/2018:15:32:30 +0700] "GET /tracking.gif?email=camel_n%40mail.ru&mailing=132 HTTP/1.0" 200 197 "-" "Mozilla/5.0 (X11; Linux x86_64) AppleWebKit/537.36 (KHTML, like Gecko)"
188.93.56.124 - - [25/Nov/2018:15:32:46 +0700] "GET /tracking.gif?email=oswarovski%40mail.ru&mailing=132 HTTP/1.0" 200 197 "-" "Mozilla/5.0 (X11; Linux x86_64) AppleWebKit/537.36 (KHTML, like Gecko)"
188.93.56.128 - - [25/Nov/2018:15:33:36 +0700] "GET /tracking.gif?email=lenuulechka%40mail.ru&mailing=132 HTTP/1.0" 200 197 "-" "Mozilla/5.0 (X11; Linux x86_64) AppleWebKit/537.36 (KHTML, like Gecko)"
188.93.56.122 - - [25/Nov/2018:15:35:19 +0700] "GET /tracking.gif?email=ov_toropova%40mail.ru&mailing=132 HTTP/1.0" 200 197 "-" "Mozilla/5.0 (X11; Linux x86_64) AppleWebKit/537.36 (KHTML, like Gecko)"
188.93.56.126 - - [25/Nov/2018:15:35:36 +0700] "GET /tracking.gif?email=olesya_v.s%40mail.ru&mailing=132 HTTP/1.0" 200 197 "-" "Mozilla/5.0 (X11; Linux x86_64) AppleWebKit/537.36 (KHTML, like Gecko)"
188.93.56.123 - - [25/Nov/2018:15:36:19 +0700] "GET /tracking.gif?email=grishaeva_e%40mail.ru&mailing=132 HTTP/1.0" 200 197 "-" "Mozilla/5.0 (X11; Linux x86_64) AppleWebKit/537.36 (KHTML, like Gecko)"
188.93.56.128 - - [25/Nov/2018:15:37:28 +0700] "GET /tracking.gif?email=monica_xs%40mail.ru&mailing=132 HTTP/1.0" 200 197 "-" "Mozilla/5.0 (X11; Linux x86_64) AppleWebKit/537.36 (KHTML, like Gecko)"
188.93.56.121 - - [25/Nov/2018:15:37:44 +0700] "GET /tracking.gif?email=anatoli1990%40mail.ru&mailing=132 HTTP/1.0" 200 197 "-" "Mozilla/5.0 (X11; Linux x86_64) AppleWebKit/537.36 (KHTML, like Gecko)"
109.124.10.242 - - [25/Nov/2018:15:38:42 +0700] "GET /tracking.gif?email=kolbina.vieronika%40mail.ru&mailing=132 HTTP/1.0" 200 197 "-" "Mozilla/5.0 (iPhone; CPU iPhone OS 12_1 like Mac OS X) AppleWebKit/605.1.15 (KHTML, like Gecko) Mobile/16B92"
109.124.10.242 - - [25/Nov/2018:15:38:53 +0700] "GET /tracking.gif?email=kolbina.vieronika%40mail.ru&mailing=132 HTTP/1.0" 200 197 "-" "Mozilla/5.0 (iPhone; CPU iPhone OS 12_1 like Mac OS X) AppleWebKit/605.1.15 (KHTML, like Gecko) Mobile/16B92"
31.173.240.17 - - [25/Nov/2018:15:39:19 +0700] "GET /tracking.gif?email=aptrahova%40icloud.com&mailing=132 HTTP/1.0" 200 197 "-" "Mozilla/5.0 (iPhone; CPU iPhone OS 12_1 like Mac OS X) AppleWebKit/605.1.15 (KHTML, like Gecko) Mobile/16B92"
188.93.56.123 - - [25/Nov/2018:15:40:36 +0700] "GET /tracking.gif?email=79138633890%40mail.ru&mailing=132 HTTP/1.0" 200 197 "-" "Mozilla/5.0 (X11; Linux x86_64) AppleWebKit/537.36 (KHTML, like Gecko)"
213.87.120.7 - - [25/Nov/2018:15:40:50 +0700] "GET /tracking.gif?email=masha_x86%40yahoo.com&mailing=132 HTTP/1.0" 200 197 "-" "Mozilla/5.0 (iPhone; CPU iPhone OS 11_4 like Mac OS X) AppleWebKit/605.1.15 (KHTML, like Gecko) Mobile/15F79"
41.65.39.42 - - [25/Nov/2018:15:42:05 +0700] "GET /tracking.gif?email=Oilman-85%40mail.ru&mailing=132 HTTP/1.0" 200 197 "-" "Mozilla/5.0 (iPhone; CPU iPhone OS 12_0_1 like Mac OS X) AppleWebKit/605.1.15 (KHTML, like Gecko) Mobile/16A404"
78.139.199.78 - - [25/Nov/2018:15:42:45 +0700] "GET /tracking.gif?email=hormet77%40mail.ru&mailing=132 HTTP/1.0" 200 197 "-" "Mozilla/5.0 (iPad; CPU OS 12_1 like Mac OS X) AppleWebKit/605.1.15 (KHTML, like Gecko) Mobile/16B92"
62.68.130.177 - - [25/Nov/2018:15:42:58 +0700] "GET /tracking.gif?email=Bykusia%40mail.ru&mailing=132 HTTP/1.0" 200 197 "-" "Mozilla/5.0 (iPhone; CPU iPhone OS 11_4 like Mac OS X) AppleWebKit/605.1.15 (KHTML, like Gecko) Mobile/15F79"
188.93.56.130 - - [25/Nov/2018:15:43:19 +0700] "GET /tracking.gif?email=vanek999_is%40mail.ru&mailing=132 HTTP/1.0" 200 197 "-" "Mozilla/5.0 (X11; Linux x86_64) AppleWebKit/537.36 (KHTML, like Gecko)"
188.93.56.122 - - [25/Nov/2018:15:44:51 +0700] "GET /tracking.gif?email=Supis_Inessa%40mail.ru&mailing=132 HTTP/1.0" 200 197 "-" "Mozilla/5.0 (X11; Linux x86_64) AppleWebKit/537.36 (KHTML, like Gecko)"
66.102.9.14 - - [25/Nov/2018:15:45:42 +0700] "GET /tracking.gif?email=kirill.ruin%40gmail.com&mailing=132 HTTP/1.0" 200 197 "-" "Mozilla/5.0 (Windows NT 5.1; rv:11.0) Gecko Firefox/11.0 (via ggpht.com GoogleImageProxy)"
109.124.28.79 - - [25/Nov/2018:15:45:42 +0700] "GET /tracking.gif?email=Kayresav%40mail.ru&mailing=132 HTTP/1.0" 200 197 "-" "Mozilla/5.0 (iPhone; CPU iPhone OS 12_1 like Mac OS X) AppleWebKit/605.1.15 (KHTML, like Gecko) Mobile/16B92"
37.21.154.146 - - [25/Nov/2018:15:46:00 +0700] "GET /tracking.gif?email=negodin76%40mail.ru&mailing=132 HTTP/1.0" 200 197 "-" "Mozilla/5.0 (Linux; Android 5.1.1; SM-J120F Build/LMY47X; wv) AppleWebKit/537.36 (KHTML, like Gecko) Version/4.0 Chrome/70.0.3538.80 Mobile Safari/537.36"
188.93.56.124 - - [25/Nov/2018:15:46:07 +0700] "GET /tracking.gif?email=Im.92%40mail.ru&mailing=132 HTTP/1.0" 200 197 "-" "Mozilla/5.0 (X11; Linux x86_64) AppleWebKit/537.36 (KHTML, like Gecko)"
92.243.108.33 - - [25/Nov/2018:15:46:33 +0700] "GET /tracking.gif?email=lybasik.golovacheva.91%40mail.ru&mailing=132 HTTP/1.0" 200 197 "-" "Mozilla/5.0 (iPhone; CPU iPhone OS 12_1 like Mac OS X) AppleWebKit/605.1.15 (KHTML, like Gecko) Mobile/16B92"
188.93.56.130 - - [25/Nov/2018:15:46:51 +0700] "GET /tracking.gif?email=av_zhuravleva%40mail.ru&mailing=132 HTTP/1.0" 200 197 "-" "Mozilla/5.0 (X11; Linux x86_64) AppleWebKit/537.36 (KHTML, like Gecko)"
188.93.56.128 - - [25/Nov/2018:15:47:18 +0700] "GET /tracking.gif?email=marina.starkova.2014%40mail.ru&mailing=132 HTTP/1.0" 200 197 "-" "Mozilla/5.0 (X11; Linux x86_64) AppleWebKit/537.36 (KHTML, like Gecko)"
188.93.56.126 - - [25/Nov/2018:15:48:09 +0700] "GET /tracking.gif?email=Kuts-katerina%40mail.ru&mailing=132 HTTP/1.0" 200 197 "-" "Mozilla/5.0 (X11; Linux x86_64) AppleWebKit/537.36 (KHTML, like Gecko)"
188.93.56.123 - - [25/Nov/2018:15:48:23 +0700] "GET /tracking.gif?email=elena.lobes%40mail.ru&mailing=132 HTTP/1.0" 200 197 "-" "Mozilla/5.0 (X11; Linux x86_64) AppleWebKit/537.36 (KHTML, like Gecko)"
188.93.56.126 - - [25/Nov/2018:15:48:23 +0700] "GET /tracking.gif?email=john_ivlev%40mail.ru&mailing=132 HTTP/1.0" 200 197 "-" "Mozilla/5.0 (X11; Linux x86_64) AppleWebKit/537.36 (KHTML, like Gecko)"
5.165.208.43 - - [25/Nov/2018:15:49:11 +0700] "GET /browse/?email=john_ivlev%40mail.ru&mailing=132 HTTP/1.0" 200 118609 "-" "Mozilla/5.0 (Windows NT 10.0; Win64; x64) AppleWebKit/537.36 (KHTML, like Gecko) Chrome/69.0.3497.100 Safari/537.36 OPR/56.0.3051.99"
5.165.208.43 - - [25/Nov/2018:15:49:12 +0700] "GET /tracking.gif?email=john_ivlev%40mail.ru&mailing=132 HTTP/1.0" 200 197 "http://mailing.etobilet.ru/browse/?email=john_ivlev%40mail.ru&mailing=132" "Mozilla/5.0 (Windows NT 10.0; Win64; x64) AppleWebKit/537.36 (KHTML, like Gecko) Chrome/69.0.3497.100 Safari/537.36 OPR/56.0.3051.99"
81.19.78.161 - - [25/Nov/2018:15:50:05 +0700] "GET /tracking.gif?email=makerova_en%40rambler.ru&mailing=124 HTTP/1.0" 200 197 "https://mail-pda.rambler.ru/" "RamblerMail/6.0 (incompatible; ImageProxy/6.0)"
188.93.56.129 - - [25/Nov/2018:15:51:47 +0700] "GET /tracking.gif?email=1_aes%40mail.ru&mailing=132 HTTP/1.0" 200 197 "-" "Mozilla/5.0 (X11; Linux x86_64) AppleWebKit/537.36 (KHTML, like Gecko)"
188.93.56.130 - - [25/Nov/2018:15:51:47 +0700] "GET /tracking.gif?email=davman%40mail.ru&mailing=132 HTTP/1.0" 200 197 "-" "Mozilla/5.0 (X11; Linux x86_64) AppleWebKit/537.36 (KHTML, like Gecko)"
79.136.138.76 - - [25/Nov/2018:15:51:57 +0700] "GET /tracking.gif?email=savela6131%40mail.ru&mailing=132 HTTP/1.0" 200 197 "-" "Mozilla/5.0 (iPhone; CPU iPhone OS 11_4_1 like Mac OS X) AppleWebKit/605.1.15 (KHTML, like Gecko) Mobile/15G77"
188.93.56.125 - - [25/Nov/2018:15:53:03 +0700] "GET /tracking.gif?email=ebc%40mail.ru&mailing=132 HTTP/1.0" 200 197 "-" "Mozilla/5.0 (X11; Linux x86_64) AppleWebKit/537.36 (KHTML, like Gecko)"
188.93.56.121 - - [25/Nov/2018:15:53:05 +0700] "GET /tracking.gif?email=ivanova.nelle%40mail.ru&mailing=132 HTTP/1.0" 200 197 "-" "Mozilla/5.0 (X11; Linux x86_64) AppleWebKit/537.36 (KHTML, like Gecko)"
188.93.56.124 - - [25/Nov/2018:15:53:06 +0700] "GET /tracking.gif?email=mrneo247%40mail.ru&mailing=132 HTTP/1.0" 200 197 "-" "Mozilla/5.0 (X11; Linux x86_64) AppleWebKit/537.36 (KHTML, like Gecko)"
188.93.56.125 - - [25/Nov/2018:15:53:17 +0700] "GET /tracking.gif?email=ebc%40mail.ru&mailing=132 HTTP/1.0" 200 197 "-" "Mozilla/5.0 (X11; Linux x86_64) AppleWebKit/537.36 (KHTML, like Gecko)"
188.93.56.123 - - [25/Nov/2018:15:53:48 +0700] "GET /tracking.gif?email=p.s.a.25%40mail.ru&mailing=132 HTTP/1.0" 200 197 "-" "Mozilla/5.0 (X11; Linux x86_64) AppleWebKit/537.36 (KHTML, like Gecko)"
188.93.56.127 - - [25/Nov/2018:15:54:08 +0700] "GET /tracking.gif?email=o.karmazina%40mail.ru&mailing=132 HTTP/1.0" 200 197 "-" "Mozilla/5.0 (X11; Linux x86_64) AppleWebKit/537.36 (KHTML, like Gecko)"
217.118.79.38 - - [25/Nov/2018:15:54:08 +0700] "GET /tracking.gif?email=f1-suicide%40mail.ru&mailing=132 HTTP/1.0" 200 197 "-" "Mozilla/5.0 (iPhone; CPU iPhone OS 12_1 like Mac OS X) AppleWebKit/605.1.15 (KHTML, like Gecko) Mobile/16B92"
217.25.213.240 - - [25/Nov/2018:15:54:47 +0700] "GET /tracking.gif?email=Mramoromsk%40icloud.com&mailing=124 HTTP/1.0" 200 197 "-" "Mozilla/5.0 (iPad; CPU OS 9_3_5 like Mac OS X) AppleWebKit/601.1.46 (KHTML, like Gecko) Mobile/13G36"
188.93.56.122 - - [25/Nov/2018:15:55:17 +0700] "GET /tracking.gif?email=maks-lenin%40mail.ru&mailing=132 HTTP/1.0" 200 197 "-" "Mozilla/5.0 (X11; Linux x86_64) AppleWebKit/537.36 (KHTML, like Gecko)"
188.93.56.129 - - [25/Nov/2018:15:56:20 +0700] "GET /tracking.gif?email=novitskayamaria%40mail.ru&mailing=132 HTTP/1.0" 200 197 "-" "Mozilla/5.0 (X11; Linux x86_64) AppleWebKit/537.36 (KHTML, like Gecko)"
66.102.9.17 - - [25/Nov/2018:15:56:33 +0700] "GET /unsubscribe/?email=novitskayamaria%40mail.ru&mailing=132 HTTP/1.0" 200 990 "-" "Mozilla/5.0 (Linux; Android 8.1.0; Redmi Note 5) AppleWebKit/537.36 (KHTML, like Gecko) Chrome/70.0.3538.80 Mobile Safari/537.36"
66.102.9.14 - - [25/Nov/2018:15:56:34 +0700] "GET /img/popcorn.svg HTTP/1.0" 200 1187 "http://mailing.etobilet.ru/css/main.css" "Mozilla/5.0 (Linux; Android 8.1.0; Redmi Note 5) AppleWebKit/537.36 (KHTML, like Gecko) Chrome/70.0.3538.80 Mobile Safari/537.36"
188.93.56.129 - - [25/Nov/2018:15:56:35 +0700] "GET /tracking.gif?email=Choldug9%40yandex.ru&mailing=132 HTTP/1.0" 200 197 "-" "Mozilla/5.0 (X11; Linux x86_64) AppleWebKit/537.36 (KHTML, like Gecko)"
31.173.240.125 - - [25/Nov/2018:15:56:39 +0700] "GET /tracking.gif?email=Ap-tomsk%40mail.ru&mailing=132 HTTP/1.0" 200 197 "-" "Mozilla/4.0 (compatible; MSIE 7.0; Windows NT 6.2; Trident/7.0; .NET4.0E; .NET4.0C; Tablet PC 2.0; InfoPath.2; .NET CLR 3.5.30729; .NET CLR 2.0.50727; .NET CLR 3.0.30729; MSOffice 12)"
188.93.56.123 - - [25/Nov/2018:15:56:42 +0700] "GET /tracking.gif?email=hupy%40mail.ru&mailing=132 HTTP/1.0" 200 197 "-" "Mozilla/5.0 (X11; Linux x86_64) AppleWebKit/537.36 (KHTML, like Gecko)"
188.93.56.125 - - [25/Nov/2018:15:56:42 +0700] "GET /tracking.gif?email=lipniskaya%40mail.ru&mailing=132 HTTP/1.0" 200 197 "-" "Mozilla/5.0 (X11; Linux x86_64) AppleWebKit/537.36 (KHTML, like Gecko)"
66.102.9.20 - - [25/Nov/2018:15:56:43 +0700] "GET /unsubscribe/?email=novitskayamaria%40mail.ru&mailing=132&confirmed=1 HTTP/1.0" 200 747 "http://mailing.etobilet.ru/unsubscribe/?email=novitskayamaria%40mail.ru&mailing=132" "Mozilla/5.0 (Linux; Android 8.1.0; Redmi Note 5) AppleWebKit/537.36 (KHTML, like Gecko) Chrome/70.0.3538.80 Mobile Safari/537.36"
188.93.56.123 - - [25/Nov/2018:15:58:00 +0700] "GET /tracking.gif?email=vilud.serg%40mail.ru&mailing=132 HTTP/1.0" 200 197 "-" "Mozilla/5.0 (X11; Linux x86_64) AppleWebKit/537.36 (KHTML, like Gecko)"
188.93.56.124 - - [25/Nov/2018:15:58:04 +0700] "GET /tracking.gif?email=bairma2009%40mail.ru&mailing=132 HTTP/1.0" 200 197 "-" "Mozilla/5.0 (X11; Linux x86_64) AppleWebKit/537.36 (KHTML, like Gecko)"
188.93.56.128 - - [25/Nov/2018:15:58:21 +0700] "GET /tracking.gif?email=sushkova_el%40mail.ru&mailing=132 HTTP/1.0" 200 197 "-" "Mozilla/5.0 (X11; Linux x86_64) AppleWebKit/537.36 (KHTML, like Gecko)"
5.255.241.236 - - [25/Nov/2018:15:59:15 +0700] "GET /tracking.gif?email=svkoynov%40yandex.ru&mailing=132 HTTP/1.0" 200 197 "-" "Mozilla/5.0 (compatible; YandexImageResizer/2.0; +http://yandex.com/bots)"
188.93.56.124 - - [25/Nov/2018:15:59:20 +0700] "GET /tracking.gif?email=bairma2009%40mail.ru&mailing=132 HTTP/1.0" 200 197 "-" "Mozilla/5.0 (X11; Linux x86_64) AppleWebKit/537.36 (KHTML, like Gecko)"
188.93.56.124 - - [25/Nov/2018:15:59:25 +0700] "GET /tracking.gif?email=bairma2009%40mail.ru&mailing=132 HTTP/1.0" 200 197 "-" "Mozilla/5.0 (X11; Linux x86_64) AppleWebKit/537.36 (KHTML, like Gecko)"
188.93.56.125 - - [25/Nov/2018:15:59:35 +0700] "GET /tracking.gif?email=I.a.tarasova%40mail.ru&mailing=132 HTTP/1.0" 200 197 "-" "Mozilla/5.0 (X11; Linux x86_64) AppleWebKit/537.36 (KHTML, like Gecko)"
37.9.102.242 - - [25/Nov/2018:16:00:18 +0700] "GET /tracking.gif?email=89138884309%40yandex.ru&mailing=132 HTTP/1.0" 200 197 "-" "Mozilla/5.0 (compatible; YandexImageResizer/2.0; +http://yandex.com/bots)"
188.93.56.121 - - [25/Nov/2018:16:01:18 +0700] "GET /tracking.gif?email=Frost__%40mail.ru&mailing=132 HTTP/1.0" 200 197 "-" "Mozilla/5.0 (X11; Linux x86_64) AppleWebKit/537.36 (KHTML, like Gecko)"
