62.68.141.40 - - [15/Nov/2018:16:12:56 +0700] "GET /tracking.gif?email=[%VAR%20RCPT.EMAIL%20ESCAPE=URL%]&mailing=[%VAR%20MAILING.ID%] HTTP/1.0" 200 197 "-" "Mozilla/5.0 (Macintosh; Intel Mac OS X 10_14_1) AppleWebKit/537.36 (KHTML, like Gecko) Chrome/70.0.3538.102 Safari/537.36"
62.68.141.40 - - [15/Nov/2018:16:12:57 +0700] "GET /tracking.gif?email=[%VAR%20RCPT.EMAIL%20ESCAPE=URL%]&mailing=[%VAR%20MAILING.ID%] HTTP/1.0" 200 197 "-" "Mozilla/5.0 (Macintosh; Intel Mac OS X 10_14_1) AppleWebKit/537.36 (KHTML, like Gecko) Chrome/70.0.3538.102 Safari/537.36"
62.68.141.35 - - [15/Nov/2018:16:18:14 +0700] "GET /tracking.gif?email=%5b%25VAR%20RCPT.EMAIL%20ESCAPE=URL%25%5d&mailing=%5b%25VAR%20MAILING.ID%25%5d HTTP/1.0" 200 197 "-" "Mozilla/5.0 (compatible; MSIE 10.0; Windows NT 10.0; WOW64; Trident/7.0; Microsoft Outlook 16.0.11001; ms-office; MSOffice 16)"
62.68.141.35 - - [15/Nov/2018:16:18:24 +0700] "GET /tracking.gif?email=%5b%25VAR%20RCPT.EMAIL%20ESCAPE=URL%25%5d&mailing=%5b%25VAR%20MAILING.ID%25%5d HTTP/1.0" 200 197 "-" "Mozilla/5.0 (compatible; MSIE 10.0; Windows NT 10.0; WOW64; Trident/7.0; Microsoft Outlook 16.0.11001; ms-office; MSOffice 16)"
62.68.141.35 - - [15/Nov/2018:16:19:42 +0700] "GET /tracking.gif?email=%5b%25VAR%20RCPT.EMAIL%20ESCAPE=URL%25%5d&mailing=%5b%25VAR%20MAILING.ID%25%5d HTTP/1.0" 200 197 "-" "Mozilla/5.0 (compatible; MSIE 10.0; Windows NT 10.0; WOW64; Trident/7.0; Microsoft Outlook 16.0.11001; ms-office; MSOffice 16)"
62.68.141.35 - - [15/Nov/2018:16:19:44 +0700] "GET /tracking.gif?email=%5b%25VAR%20RCPT.EMAIL%20ESCAPE=URL%25%5d&mailing=%5b%25VAR%20MAILING.ID%25%5d HTTP/1.0" 200 197 "-" "Mozilla/5.0 (compatible; MSIE 10.0; Windows NT 10.0; WOW64; Trident/7.0; Microsoft Outlook 16.0.11001; ms-office; MSOffice 16)"
62.68.141.35 - - [15/Nov/2018:16:19:44 +0700] "GET /tracking.gif?email=%5b%25VAR%20RCPT.EMAIL%20ESCAPE=URL%25%5d&mailing=%5b%25VAR%20MAILING.ID%25%5d HTTP/1.0" 200 197 "-" "Mozilla/5.0 (compatible; MSIE 10.0; Windows NT 10.0; WOW64; Trident/7.0; Microsoft Outlook 16.0.11001; ms-office; MSOffice 16)"
62.68.141.35 - - [15/Nov/2018:16:19:47 +0700] "GET /tracking.gif?email=%5b%25VAR%20RCPT.EMAIL%20ESCAPE=URL%25%5d&mailing=%5b%25VAR%20MAILING.ID%25%5d HTTP/1.0" 200 197 "-" "Mozilla/5.0 (compatible; MSIE 10.0; Windows NT 10.0; WOW64; Trident/7.0; Microsoft Outlook 16.0.11001; ms-office; MSOffice 16)"
31.163.205.207 - - [15/Nov/2018:16:34:20 +0700] "GET /tracking.gif?email=musin2011%40gmail.com&mailing=83 HTTP/1.0" 200 197 "-" "Mozilla/4.0 (compatible; MSIE 7.0; Windows NT 6.1; WOW64; Trident/7.0; SLCC2; .NET CLR 2.0.50727; .NET CLR 3.5.30729; .NET CLR 3.0.30729; Media Center PC 6.0; .NET4.0C; .NET4.0E; InfoPath.3; Microsoft Outlook 15.0.5085; ms-office; MSOffice 15)"
31.163.205.207 - - [15/Nov/2018:16:34:20 +0700] "GET /tracking.gif?email=musin2011%40gmail.com&mailing=83 HTTP/1.0" 200 197 "-" "Mozilla/4.0 (compatible; MSIE 7.0; Windows NT 6.1; WOW64; Trident/7.0; SLCC2; .NET CLR 2.0.50727; .NET CLR 3.5.30729; .NET CLR 3.0.30729; Media Center PC 6.0; .NET4.0C; .NET4.0E; InfoPath.3; Microsoft Outlook 15.0.5085; ms-office; MSOffice 15)"
31.163.205.207 - - [15/Nov/2018:16:48:14 +0700] "GET /tracking.gif?email=musin2011%40gmail.com&mailing=83 HTTP/1.0" 200 197 "-" "Mozilla/4.0 (compatible; MSIE 7.0; Windows NT 6.1; WOW64; Trident/7.0; SLCC2; .NET CLR 2.0.50727; .NET CLR 3.5.30729; .NET CLR 3.0.30729; Media Center PC 6.0; .NET4.0C; .NET4.0E; InfoPath.3; Microsoft Outlook 15.0.5085; ms-office; MSOffice 15)"
62.68.141.40 - - [15/Nov/2018:16:53:30 +0700] "GET /tracking.gif?email=[%VAR%20RCPT.EMAIL%20ESCAPE=URL%]&mailing=[%VAR%20MAILING.ID%] HTTP/1.0" 200 197 "-" "Mozilla/5.0 (Macintosh; Intel Mac OS X 10_14_1) AppleWebKit/537.36 (KHTML, like Gecko) Chrome/70.0.3538.102 Safari/537.36"
62.68.141.40 - - [15/Nov/2018:16:53:33 +0700] "GET /tracking.gif?email=[%VAR%20RCPT.EMAIL%20ESCAPE=URL%]&mailing=[%VAR%20MAILING.ID%] HTTP/1.0" 200 197 "-" "Mozilla/5.0 (Macintosh; Intel Mac OS X 10_14_1) AppleWebKit/537.36 (KHTML, like Gecko) Chrome/70.0.3538.102 Safari/537.36"
62.68.141.40 - - [15/Nov/2018:16:54:46 +0700] "GET /tracking.gif?email=[%VAR%20RCPT.EMAIL%20ESCAPE=URL%]&mailing=[%VAR%20MAILING.ID%] HTTP/1.0" 200 197 "-" "Mozilla/5.0 (Macintosh; Intel Mac OS X 10_14_1) AppleWebKit/537.36 (KHTML, like Gecko) Chrome/70.0.3538.102 Safari/537.36"
188.93.56.121 - - [15/Nov/2018:16:54:57 +0700] "GET /tracking.gif?email=[%VAR%20RCPT.EMAIL%20ESCAPE=URL%]&mailing=[%VAR%20MAILING.ID%] HTTP/1.0" 200 197 "-" "Mozilla/5.0 (X11; Linux x86_64) AppleWebKit/537.36 (KHTML, like Gecko)"
62.68.141.40 - - [15/Nov/2018:16:55:11 +0700] "GET /tracking.gif?email=%5b%25VAR%20RCPT.EMAIL%20ESCAPE=URL%25%5d&mailing=%5b%25VAR%20MAILING.ID%25%5d HTTP/1.0" 200 197 "-" "Mozilla/5.0 (compatible; MSIE 10.0; Windows NT 10.0; WOW64; Trident/7.0; Microsoft Outlook 16.0.11001; ms-office; MSOffice 16)"
62.68.141.40 - - [15/Nov/2018:16:55:18 +0700] "GET /tracking.gif?email=%5b%25VAR%20RCPT.EMAIL%20ESCAPE=URL%25%5d&mailing=%5b%25VAR%20MAILING.ID%25%5d HTTP/1.0" 200 197 "-" "Mozilla/5.0 (compatible; MSIE 10.0; Windows NT 10.0; WOW64; Trident/7.0; Microsoft Outlook 16.0.11001; ms-office; MSOffice 16)"
62.68.141.40 - - [15/Nov/2018:16:55:19 +0700] "GET /tracking.gif?email=%5b%25VAR%20RCPT.EMAIL%20ESCAPE=URL%25%5d&mailing=%5b%25VAR%20MAILING.ID%25%5d HTTP/1.0" 200 197 "-" "Mozilla/5.0 (compatible; MSIE 10.0; Windows NT 10.0; WOW64; Trident/7.0; Microsoft Outlook 16.0.11001; ms-office; MSOffice 16)"
62.68.141.40 - - [15/Nov/2018:16:55:20 +0700] "GET /tracking.gif?email=%5b%25VAR%20RCPT.EMAIL%20ESCAPE=URL%25%5d&mailing=%5b%25VAR%20MAILING.ID%25%5d HTTP/1.0" 200 197 "-" "Mozilla/5.0 (compatible; MSIE 10.0; Windows NT 10.0; WOW64; Trident/7.0; Microsoft Outlook 16.0.11001; ms-office; MSOffice 16)"
62.68.141.40 - - [15/Nov/2018:16:55:20 +0700] "GET /tracking.gif?email=%5b%25VAR%20RCPT.EMAIL%20ESCAPE=URL%25%5d&mailing=%5b%25VAR%20MAILING.ID%25%5d HTTP/1.0" 200 197 "-" "Mozilla/5.0 (compatible; MSIE 10.0; Windows NT 10.0; WOW64; Trident/7.0; Microsoft Outlook 16.0.11001; ms-office; MSOffice 16)"
62.68.141.40 - - [15/Nov/2018:16:55:27 +0700] "GET /tracking.gif?email=%5b%25VAR%20RCPT.EMAIL%20ESCAPE=URL%25%5d&mailing=%5b%25VAR%20MAILING.ID%25%5d HTTP/1.0" 200 197 "-" "Mozilla/5.0 (compatible; MSIE 10.0; Windows NT 10.0; WOW64; Trident/7.0; Microsoft Outlook 16.0.11001; ms-office; MSOffice 16)"
62.68.141.40 - - [15/Nov/2018:16:55:27 +0700] "GET /tracking.gif?email=%5b%25VAR%20RCPT.EMAIL%20ESCAPE=URL%25%5d&mailing=%5b%25VAR%20MAILING.ID%25%5d HTTP/1.0" 200 197 "-" "Mozilla/5.0 (compatible; MSIE 10.0; Windows NT 10.0; WOW64; Trident/7.0; Microsoft Outlook 16.0.11001; ms-office; MSOffice 16)"
62.68.141.40 - - [15/Nov/2018:16:55:28 +0700] "GET /tracking.gif?email=%5b%25VAR%20RCPT.EMAIL%20ESCAPE=URL%25%5d&mailing=%5b%25VAR%20MAILING.ID%25%5d HTTP/1.0" 200 197 "-" "Mozilla/5.0 (compatible; MSIE 10.0; Windows NT 10.0; WOW64; Trident/7.0; Microsoft Outlook 16.0.11001; ms-office; MSOffice 16)"
62.68.141.40 - - [15/Nov/2018:16:55:28 +0700] "GET /tracking.gif?email=%5b%25VAR%20RCPT.EMAIL%20ESCAPE=URL%25%5d&mailing=%5b%25VAR%20MAILING.ID%25%5d HTTP/1.0" 200 197 "-" "Mozilla/5.0 (compatible; MSIE 10.0; Windows NT 10.0; WOW64; Trident/7.0; Microsoft Outlook 16.0.11001; ms-office; MSOffice 16)"
62.68.141.40 - - [15/Nov/2018:16:55:32 +0700] "GET /tracking.gif?email=%5b%25VAR%20RCPT.EMAIL%20ESCAPE=URL%25%5d&mailing=%5b%25VAR%20MAILING.ID%25%5d HTTP/1.0" 200 197 "-" "Mozilla/5.0 (compatible; MSIE 10.0; Windows NT 10.0; WOW64; Trident/7.0; Microsoft Outlook 16.0.11001; ms-office; MSOffice 16)"
62.68.141.40 - - [15/Nov/2018:16:55:32 +0700] "GET /tracking.gif?email=%5b%25VAR%20RCPT.EMAIL%20ESCAPE=URL%25%5d&mailing=%5b%25VAR%20MAILING.ID%25%5d HTTP/1.0" 200 197 "-" "Mozilla/5.0 (compatible; MSIE 10.0; Windows NT 10.0; WOW64; Trident/7.0; Microsoft Outlook 16.0.11001; ms-office; MSOffice 16)"
62.68.141.40 - - [15/Nov/2018:16:58:16 +0700] "GET /tracking.gif?email=%5b%25VAR%20RCPT.EMAIL%20ESCAPE=URL%25%5d&mailing=%5b%25VAR%20MAILING.ID%25%5d HTTP/1.0" 200 197 "-" "Mozilla/5.0 (compatible; MSIE 10.0; Windows NT 10.0; WOW64; Trident/7.0; Microsoft Outlook 16.0.11001; ms-office; MSOffice 16)"
62.68.141.40 - - [15/Nov/2018:16:58:16 +0700] "GET /tracking.gif?email=%5b%25VAR%20RCPT.EMAIL%20ESCAPE=URL%25%5d&mailing=%5b%25VAR%20MAILING.ID%25%5d HTTP/1.0" 200 197 "-" "Mozilla/5.0 (compatible; MSIE 10.0; Windows NT 10.0; WOW64; Trident/7.0; Microsoft Outlook 16.0.11001; ms-office; MSOffice 16)"
188.93.56.121 - - [15/Nov/2018:16:59:44 +0700] "GET /tracking.gif?email=[%VAR%20RCPT.EMAIL%20ESCAPE=URL%]&mailing=[%VAR%20MAILING.ID%] HTTP/1.0" 200 197 "-" "Mozilla/5.0 (X11; Linux x86_64) AppleWebKit/537.36 (KHTML, like Gecko)"
62.68.141.40 - - [15/Nov/2018:17:00:22 +0700] "GET /tracking.gif?email=%5b%25VAR%20RCPT.EMAIL%20ESCAPE=URL%25%5d&mailing=%5b%25VAR%20MAILING.ID%25%5d HTTP/1.0" 200 197 "-" "Mozilla/5.0 (compatible; MSIE 10.0; Windows NT 10.0; WOW64; Trident/7.0; Microsoft Outlook 16.0.11001; ms-office; MSOffice 16)"
62.68.141.40 - - [15/Nov/2018:17:00:23 +0700] "GET /tracking.gif?email=%5b%25VAR%20RCPT.EMAIL%20ESCAPE=URL%25%5d&mailing=%5b%25VAR%20MAILING.ID%25%5d HTTP/1.0" 200 197 "-" "Mozilla/5.0 (compatible; MSIE 10.0; Windows NT 10.0; WOW64; Trident/7.0; Microsoft Outlook 16.0.11001; ms-office; MSOffice 16)"
62.68.141.40 - - [15/Nov/2018:17:00:41 +0700] "GET /tracking.gif?email=%5b%25VAR%20RCPT.EMAIL%20ESCAPE=URL%25%5d&mailing=%5b%25VAR%20MAILING.ID%25%5d HTTP/1.0" 200 197 "-" "Mozilla/5.0 (compatible; MSIE 10.0; Windows NT 10.0; WOW64; Trident/7.0; Microsoft Outlook 16.0.11001; ms-office; MSOffice 16)"
62.68.141.40 - - [15/Nov/2018:17:00:43 +0700] "GET /tracking.gif?email=%5b%25VAR%20RCPT.EMAIL%20ESCAPE=URL%25%5d&mailing=%5b%25VAR%20MAILING.ID%25%5d HTTP/1.0" 200 197 "-" "Mozilla/5.0 (compatible; MSIE 10.0; Windows NT 10.0; WOW64; Trident/7.0; Microsoft Outlook 16.0.11001; ms-office; MSOffice 16)"
62.68.141.40 - - [15/Nov/2018:17:00:45 +0700] "GET /tracking.gif?email=%5b%25VAR%20RCPT.EMAIL%20ESCAPE=URL%25%5d&mailing=%5b%25VAR%20MAILING.ID%25%5d HTTP/1.0" 200 197 "-" "Mozilla/5.0 (compatible; MSIE 10.0; Windows NT 10.0; WOW64; Trident/7.0; Microsoft Outlook 16.0.11001; ms-office; MSOffice 16)"
62.68.141.40 - - [15/Nov/2018:17:00:46 +0700] "GET /tracking.gif?email=%5b%25VAR%20RCPT.EMAIL%20ESCAPE=URL%25%5d&mailing=%5b%25VAR%20MAILING.ID%25%5d HTTP/1.0" 200 197 "-" "Mozilla/5.0 (compatible; MSIE 10.0; Windows NT 10.0; WOW64; Trident/7.0; Microsoft Outlook 16.0.11001; ms-office; MSOffice 16)"
62.68.141.40 - - [15/Nov/2018:17:00:50 +0700] "GET /tracking.gif?email=%5b%25VAR%20RCPT.EMAIL%20ESCAPE=URL%25%5d&mailing=%5b%25VAR%20MAILING.ID%25%5d HTTP/1.0" 200 197 "-" "Mozilla/5.0 (compatible; MSIE 10.0; Windows NT 10.0; WOW64; Trident/7.0; Microsoft Outlook 16.0.11001; ms-office; MSOffice 16)"
62.68.141.40 - - [15/Nov/2018:17:00:51 +0700] "GET /tracking.gif?email=%5b%25VAR%20RCPT.EMAIL%20ESCAPE=URL%25%5d&mailing=%5b%25VAR%20MAILING.ID%25%5d HTTP/1.0" 200 197 "-" "Mozilla/5.0 (compatible; MSIE 10.0; Windows NT 10.0; WOW64; Trident/7.0; Microsoft Outlook 16.0.11001; ms-office; MSOffice 16)"
62.68.141.40 - - [15/Nov/2018:17:01:16 +0700] "GET /tracking.gif?email=%5b%25VAR%20RCPT.EMAIL%20ESCAPE=URL%25%5d&mailing=%5b%25VAR%20MAILING.ID%25%5d HTTP/1.0" 200 197 "-" "Mozilla/5.0 (compatible; MSIE 10.0; Windows NT 10.0; WOW64; Trident/7.0; Microsoft Outlook 16.0.11001; ms-office; MSOffice 16)"
62.68.141.40 - - [15/Nov/2018:17:01:16 +0700] "GET /tracking.gif?email=%5b%25VAR%20RCPT.EMAIL%20ESCAPE=URL%25%5d&mailing=%5b%25VAR%20MAILING.ID%25%5d HTTP/1.0" 200 197 "-" "Mozilla/5.0 (compatible; MSIE 10.0; Windows NT 10.0; WOW64; Trident/7.0; Microsoft Outlook 16.0.11001; ms-office; MSOffice 16)"
62.68.141.40 - - [15/Nov/2018:17:01:21 +0700] "GET /tracking.gif?email=%5b%25VAR%20RCPT.EMAIL%20ESCAPE=URL%25%5d&mailing=%5b%25VAR%20MAILING.ID%25%5d HTTP/1.0" 200 197 "-" "Mozilla/5.0 (compatible; MSIE 10.0; Windows NT 10.0; WOW64; Trident/7.0; Microsoft Outlook 16.0.11001; ms-office; MSOffice 16)"
62.68.141.40 - - [15/Nov/2018:17:01:21 +0700] "GET /tracking.gif?email=%5b%25VAR%20RCPT.EMAIL%20ESCAPE=URL%25%5d&mailing=%5b%25VAR%20MAILING.ID%25%5d HTTP/1.0" 200 197 "-" "Mozilla/5.0 (compatible; MSIE 10.0; Windows NT 10.0; WOW64; Trident/7.0; Microsoft Outlook 16.0.11001; ms-office; MSOffice 16)"
62.68.141.40 - - [15/Nov/2018:17:01:28 +0700] "GET /tracking.gif?email=%5b%25VAR%20RCPT.EMAIL%20ESCAPE=URL%25%5d&mailing=%5b%25VAR%20MAILING.ID%25%5d HTTP/1.0" 200 197 "-" "Mozilla/5.0 (compatible; MSIE 10.0; Windows NT 10.0; WOW64; Trident/7.0; Microsoft Outlook 16.0.11001; ms-office; MSOffice 16)"
62.68.141.40 - - [15/Nov/2018:17:01:28 +0700] "GET /tracking.gif?email=%5b%25VAR%20RCPT.EMAIL%20ESCAPE=URL%25%5d&mailing=%5b%25VAR%20MAILING.ID%25%5d HTTP/1.0" 200 197 "-" "Mozilla/5.0 (compatible; MSIE 10.0; Windows NT 10.0; WOW64; Trident/7.0; Microsoft Outlook 16.0.11001; ms-office; MSOffice 16)"
62.68.141.40 - - [15/Nov/2018:17:02:57 +0700] "GET /tracking.gif?email=[%VAR%20RCPT.EMAIL%20ESCAPE=URL%]&mailing=[%VAR%20MAILING.ID%] HTTP/1.0" 200 197 "-" "Mozilla/5.0 (Macintosh; Intel Mac OS X 10_14_1) AppleWebKit/537.36 (KHTML, like Gecko) Chrome/70.0.3538.102 Safari/537.36"
62.68.141.35 - - [15/Nov/2018:17:03:32 +0700] "GET /tracking.gif?email=%5b%25VAR%20RCPT.EMAIL%20ESCAPE=URL%25%5d&mailing=%5b%25VAR%20MAILING.ID%25%5d HTTP/1.0" 200 197 "-" "Mozilla/5.0 (compatible; MSIE 10.0; Windows NT 10.0; WOW64; Trident/7.0; Microsoft Outlook 16.0.11001; ms-office; MSOffice 16)"
62.68.141.35 - - [15/Nov/2018:17:03:32 +0700] "GET /tracking.gif?email=%5b%25VAR%20RCPT.EMAIL%20ESCAPE=URL%25%5d&mailing=%5b%25VAR%20MAILING.ID%25%5d HTTP/1.0" 200 197 "-" "Mozilla/5.0 (compatible; MSIE 10.0; Windows NT 10.0; WOW64; Trident/7.0; Microsoft Outlook 16.0.11001; ms-office; MSOffice 16)"
62.68.141.40 - - [15/Nov/2018:17:06:20 +0700] "GET /tracking.gif?email=%5b%25VAR%20RCPT.EMAIL%20ESCAPE=URL%25%5d&mailing=%5b%25VAR%20MAILING.ID%25%5d HTTP/1.0" 200 197 "-" "Mozilla/5.0 (compatible; MSIE 10.0; Windows NT 10.0; WOW64; Trident/7.0; Microsoft Outlook 16.0.11001; ms-office; MSOffice 16)"
62.68.141.40 - - [15/Nov/2018:17:06:20 +0700] "GET /tracking.gif?email=%5b%25VAR%20RCPT.EMAIL%20ESCAPE=URL%25%5d&mailing=%5b%25VAR%20MAILING.ID%25%5d HTTP/1.0" 200 197 "-" "Mozilla/5.0 (compatible; MSIE 10.0; Windows NT 10.0; WOW64; Trident/7.0; Microsoft Outlook 16.0.11001; ms-office; MSOffice 16)"
62.68.141.40 - - [15/Nov/2018:17:06:29 +0700] "GET /tracking.gif?email=%5b%25VAR%20RCPT.EMAIL%20ESCAPE=URL%25%5d&mailing=%5b%25VAR%20MAILING.ID%25%5d HTTP/1.0" 200 197 "-" "Mozilla/5.0 (compatible; MSIE 10.0; Windows NT 10.0; WOW64; Trident/7.0; Microsoft Outlook 16.0.11001; ms-office; MSOffice 16)"
62.68.141.40 - - [15/Nov/2018:17:06:29 +0700] "GET /tracking.gif?email=%5b%25VAR%20RCPT.EMAIL%20ESCAPE=URL%25%5d&mailing=%5b%25VAR%20MAILING.ID%25%5d HTTP/1.0" 200 197 "-" "Mozilla/5.0 (compatible; MSIE 10.0; Windows NT 10.0; WOW64; Trident/7.0; Microsoft Outlook 16.0.11001; ms-office; MSOffice 16)"
62.68.141.40 - - [15/Nov/2018:17:06:31 +0700] "GET /tracking.gif?email=%5b%25VAR%20RCPT.EMAIL%20ESCAPE=URL%25%5d&mailing=%5b%25VAR%20MAILING.ID%25%5d HTTP/1.0" 200 197 "-" "Mozilla/5.0 (compatible; MSIE 10.0; Windows NT 10.0; WOW64; Trident/7.0; Microsoft Outlook 16.0.11001; ms-office; MSOffice 16)"
62.68.141.40 - - [15/Nov/2018:17:06:31 +0700] "GET /tracking.gif?email=%5b%25VAR%20RCPT.EMAIL%20ESCAPE=URL%25%5d&mailing=%5b%25VAR%20MAILING.ID%25%5d HTTP/1.0" 200 197 "-" "Mozilla/5.0 (compatible; MSIE 10.0; Windows NT 10.0; WOW64; Trident/7.0; Microsoft Outlook 16.0.11001; ms-office; MSOffice 16)"
62.68.141.40 - - [15/Nov/2018:17:06:41 +0700] "GET /tracking.gif?email=[%VAR%20RCPT.EMAIL%20ESCAPE=URL%]&mailing=[%VAR%20MAILING.ID%] HTTP/1.0" 200 197 "-" "Mozilla/4.0 (compatible; MSIE 7.0; Windows NT 10.0; WOW64; Trident/7.0; .NET4.0C; .NET4.0E)"
62.68.141.40 - - [15/Nov/2018:17:06:53 +0700] "GET /tracking.gif?email=%5b%25VAR%20RCPT.EMAIL%20ESCAPE=URL%25%5d&mailing=%5b%25VAR%20MAILING.ID%25%5d HTTP/1.0" 200 197 "-" "Mozilla/5.0 (compatible; MSIE 10.0; Windows NT 10.0; WOW64; Trident/7.0; Microsoft Outlook 16.0.11001; ms-office; MSOffice 16)"
62.68.141.40 - - [15/Nov/2018:17:06:53 +0700] "GET /tracking.gif?email=%5b%25VAR%20RCPT.EMAIL%20ESCAPE=URL%25%5d&mailing=%5b%25VAR%20MAILING.ID%25%5d HTTP/1.0" 200 197 "-" "Mozilla/5.0 (compatible; MSIE 10.0; Windows NT 10.0; WOW64; Trident/7.0; Microsoft Outlook 16.0.11001; ms-office; MSOffice 16)"
62.68.141.40 - - [15/Nov/2018:17:06:56 +0700] "GET /tracking.gif?email=%5b%25VAR%20RCPT.EMAIL%20ESCAPE=URL%25%5d&mailing=%5b%25VAR%20MAILING.ID%25%5d HTTP/1.0" 200 197 "-" "Mozilla/5.0 (compatible; MSIE 10.0; Windows NT 10.0; WOW64; Trident/7.0; Microsoft Outlook 16.0.11001; ms-office; MSOffice 16)"
62.68.141.40 - - [15/Nov/2018:17:06:56 +0700] "GET /tracking.gif?email=%5b%25VAR%20RCPT.EMAIL%20ESCAPE=URL%25%5d&mailing=%5b%25VAR%20MAILING.ID%25%5d HTTP/1.0" 200 197 "-" "Mozilla/5.0 (compatible; MSIE 10.0; Windows NT 10.0; WOW64; Trident/7.0; Microsoft Outlook 16.0.11001; ms-office; MSOffice 16)"
62.68.141.40 - - [15/Nov/2018:17:06:58 +0700] "GET /tracking.gif?email=%5b%25VAR%20RCPT.EMAIL%20ESCAPE=URL%25%5d&mailing=%5b%25VAR%20MAILING.ID%25%5d HTTP/1.0" 200 197 "-" "Mozilla/5.0 (compatible; MSIE 10.0; Windows NT 10.0; WOW64; Trident/7.0; Microsoft Outlook 16.0.11001; ms-office; MSOffice 16)"
62.68.141.40 - - [15/Nov/2018:17:06:58 +0700] "GET /tracking.gif?email=%5b%25VAR%20RCPT.EMAIL%20ESCAPE=URL%25%5d&mailing=%5b%25VAR%20MAILING.ID%25%5d HTTP/1.0" 200 197 "-" "Mozilla/5.0 (compatible; MSIE 10.0; Windows NT 10.0; WOW64; Trident/7.0; Microsoft Outlook 16.0.11001; ms-office; MSOffice 16)"
62.68.141.40 - - [15/Nov/2018:17:07:02 +0700] "GET /tracking.gif?email=%5b%25VAR%20RCPT.EMAIL%20ESCAPE=URL%25%5d&mailing=%5b%25VAR%20MAILING.ID%25%5d HTTP/1.0" 200 197 "-" "Mozilla/5.0 (compatible; MSIE 10.0; Windows NT 10.0; WOW64; Trident/7.0; Microsoft Outlook 16.0.11001; ms-office; MSOffice 16)"
62.68.141.40 - - [15/Nov/2018:17:07:02 +0700] "GET /tracking.gif?email=%5b%25VAR%20RCPT.EMAIL%20ESCAPE=URL%25%5d&mailing=%5b%25VAR%20MAILING.ID%25%5d HTTP/1.0" 200 197 "-" "Mozilla/5.0 (compatible; MSIE 10.0; Windows NT 10.0; WOW64; Trident/7.0; Microsoft Outlook 16.0.11001; ms-office; MSOffice 16)"
62.68.141.40 - - [15/Nov/2018:17:07:08 +0700] "GET /tracking.gif?email=%5b%25VAR%20RCPT.EMAIL%20ESCAPE=URL%25%5d&mailing=%5b%25VAR%20MAILING.ID%25%5d HTTP/1.0" 200 197 "-" "Mozilla/5.0 (compatible; MSIE 10.0; Windows NT 10.0; WOW64; Trident/7.0; Microsoft Outlook 16.0.11001; ms-office; MSOffice 16)"
62.68.141.40 - - [15/Nov/2018:17:07:08 +0700] "GET /tracking.gif?email=%5b%25VAR%20RCPT.EMAIL%20ESCAPE=URL%25%5d&mailing=%5b%25VAR%20MAILING.ID%25%5d HTTP/1.0" 200 197 "-" "Mozilla/5.0 (compatible; MSIE 10.0; Windows NT 10.0; WOW64; Trident/7.0; Microsoft Outlook 16.0.11001; ms-office; MSOffice 16)"
62.68.141.40 - - [15/Nov/2018:17:07:09 +0700] "GET /tracking.gif?email=%5b%25VAR%20RCPT.EMAIL%20ESCAPE=URL%25%5d&mailing=%5b%25VAR%20MAILING.ID%25%5d HTTP/1.0" 200 197 "-" "Mozilla/5.0 (compatible; MSIE 10.0; Windows NT 10.0; WOW64; Trident/7.0; Microsoft Outlook 16.0.11001; ms-office; MSOffice 16)"
62.68.141.40 - - [15/Nov/2018:17:07:09 +0700] "GET /tracking.gif?email=%5b%25VAR%20RCPT.EMAIL%20ESCAPE=URL%25%5d&mailing=%5b%25VAR%20MAILING.ID%25%5d HTTP/1.0" 200 197 "-" "Mozilla/5.0 (compatible; MSIE 10.0; Windows NT 10.0; WOW64; Trident/7.0; Microsoft Outlook 16.0.11001; ms-office; MSOffice 16)"
62.68.141.40 - - [15/Nov/2018:17:09:14 +0700] "GET /tracking.gif?email=%5b%25VAR%20RCPT.EMAIL%20ESCAPE=URL%25%5d&mailing=%5b%25VAR%20MAILING.ID%25%5d HTTP/1.0" 200 197 "-" "Mozilla/5.0 (compatible; MSIE 10.0; Windows NT 10.0; WOW64; Trident/7.0; Microsoft Outlook 16.0.11001; ms-office; MSOffice 16)"
62.68.141.40 - - [15/Nov/2018:17:09:14 +0700] "GET /tracking.gif?email=%5b%25VAR%20RCPT.EMAIL%20ESCAPE=URL%25%5d&mailing=%5b%25VAR%20MAILING.ID%25%5d HTTP/1.0" 200 197 "-" "Mozilla/5.0 (compatible; MSIE 10.0; Windows NT 10.0; WOW64; Trident/7.0; Microsoft Outlook 16.0.11001; ms-office; MSOffice 16)"
188.93.56.122 - - [15/Nov/2018:17:09:16 +0700] "GET /tracking.gif?email=[%VAR%20RCPT.EMAIL%20ESCAPE=URL%]&mailing=[%VAR%20MAILING.ID%] HTTP/1.0" 200 197 "-" "Mozilla/5.0 (X11; Linux x86_64) AppleWebKit/537.36 (KHTML, like Gecko)"
62.68.141.40 - - [15/Nov/2018:17:09:34 +0700] "GET /tracking.gif?email=%5b%25VAR%20RCPT.EMAIL%20ESCAPE=URL%25%5d&mailing=%5b%25VAR%20MAILING.ID%25%5d HTTP/1.0" 200 197 "-" "Mozilla/5.0 (compatible; MSIE 10.0; Windows NT 10.0; WOW64; Trident/7.0; Microsoft Outlook 16.0.11001; ms-office; MSOffice 16)"
62.68.141.40 - - [15/Nov/2018:17:09:34 +0700] "GET /tracking.gif?email=%5b%25VAR%20RCPT.EMAIL%20ESCAPE=URL%25%5d&mailing=%5b%25VAR%20MAILING.ID%25%5d HTTP/1.0" 200 197 "-" "Mozilla/5.0 (compatible; MSIE 10.0; Windows NT 10.0; WOW64; Trident/7.0; Microsoft Outlook 16.0.11001; ms-office; MSOffice 16)"
62.68.141.40 - - [15/Nov/2018:17:09:35 +0700] "GET /tracking.gif?email=%5b%25VAR%20RCPT.EMAIL%20ESCAPE=URL%25%5d&mailing=%5b%25VAR%20MAILING.ID%25%5d HTTP/1.0" 200 197 "-" "Mozilla/5.0 (compatible; MSIE 10.0; Windows NT 10.0; WOW64; Trident/7.0; Microsoft Outlook 16.0.11001; ms-office; MSOffice 16)"
62.68.141.40 - - [15/Nov/2018:17:09:35 +0700] "GET /tracking.gif?email=%5b%25VAR%20RCPT.EMAIL%20ESCAPE=URL%25%5d&mailing=%5b%25VAR%20MAILING.ID%25%5d HTTP/1.0" 200 197 "-" "Mozilla/5.0 (compatible; MSIE 10.0; Windows NT 10.0; WOW64; Trident/7.0; Microsoft Outlook 16.0.11001; ms-office; MSOffice 16)"
62.68.141.40 - - [15/Nov/2018:17:09:55 +0700] "GET /tracking.gif?email=%5b%25VAR%20RCPT.EMAIL%20ESCAPE=URL%25%5d&mailing=%5b%25VAR%20MAILING.ID%25%5d HTTP/1.0" 200 197 "-" "Mozilla/5.0 (compatible; MSIE 10.0; Windows NT 10.0; WOW64; Trident/7.0; Microsoft Outlook 16.0.11001; ms-office; MSOffice 16)"
62.68.141.40 - - [15/Nov/2018:17:09:56 +0700] "GET /tracking.gif?email=%5b%25VAR%20RCPT.EMAIL%20ESCAPE=URL%25%5d&mailing=%5b%25VAR%20MAILING.ID%25%5d HTTP/1.0" 200 197 "-" "Mozilla/5.0 (compatible; MSIE 10.0; Windows NT 10.0; WOW64; Trident/7.0; Microsoft Outlook 16.0.11001; ms-office; MSOffice 16)"
62.68.141.40 - - [15/Nov/2018:17:09:56 +0700] "GET /tracking.gif?email=%5b%25VAR%20RCPT.EMAIL%20ESCAPE=URL%25%5d&mailing=%5b%25VAR%20MAILING.ID%25%5d HTTP/1.0" 200 197 "-" "Mozilla/5.0 (compatible; MSIE 10.0; Windows NT 10.0; WOW64; Trident/7.0; Microsoft Outlook 16.0.11001; ms-office; MSOffice 16)"
62.68.141.40 - - [15/Nov/2018:17:09:57 +0700] "GET /tracking.gif?email=%5b%25VAR%20RCPT.EMAIL%20ESCAPE=URL%25%5d&mailing=%5b%25VAR%20MAILING.ID%25%5d HTTP/1.0" 200 197 "-" "Mozilla/5.0 (compatible; MSIE 10.0; Windows NT 10.0; WOW64; Trident/7.0; Microsoft Outlook 16.0.11001; ms-office; MSOffice 16)"
62.68.141.40 - - [15/Nov/2018:17:09:59 +0700] "GET /tracking.gif?email=%5b%25VAR%20RCPT.EMAIL%20ESCAPE=URL%25%5d&mailing=%5b%25VAR%20MAILING.ID%25%5d HTTP/1.0" 200 197 "-" "Mozilla/5.0 (compatible; MSIE 10.0; Windows NT 10.0; WOW64; Trident/7.0; Microsoft Outlook 16.0.11001; ms-office; MSOffice 16)"
62.68.141.40 - - [15/Nov/2018:17:09:59 +0700] "GET /tracking.gif?email=%5b%25VAR%20RCPT.EMAIL%20ESCAPE=URL%25%5d&mailing=%5b%25VAR%20MAILING.ID%25%5d HTTP/1.0" 200 197 "-" "Mozilla/5.0 (compatible; MSIE 10.0; Windows NT 10.0; WOW64; Trident/7.0; Microsoft Outlook 16.0.11001; ms-office; MSOffice 16)"
62.68.141.40 - - [15/Nov/2018:17:10:02 +0700] "GET /tracking.gif?email=%5b%25VAR%20RCPT.EMAIL%20ESCAPE=URL%25%5d&mailing=%5b%25VAR%20MAILING.ID%25%5d HTTP/1.0" 200 197 "-" "Mozilla/5.0 (compatible; MSIE 10.0; Windows NT 10.0; WOW64; Trident/7.0; Microsoft Outlook 16.0.11001; ms-office; MSOffice 16)"
62.68.141.40 - - [15/Nov/2018:17:10:02 +0700] "GET /tracking.gif?email=%5b%25VAR%20RCPT.EMAIL%20ESCAPE=URL%25%5d&mailing=%5b%25VAR%20MAILING.ID%25%5d HTTP/1.0" 200 197 "-" "Mozilla/5.0 (compatible; MSIE 10.0; Windows NT 10.0; WOW64; Trident/7.0; Microsoft Outlook 16.0.11001; ms-office; MSOffice 16)"
62.68.141.40 - - [15/Nov/2018:17:10:06 +0700] "GET /tracking.gif?email=%5b%25VAR%20RCPT.EMAIL%20ESCAPE=URL%25%5d&mailing=%5b%25VAR%20MAILING.ID%25%5d HTTP/1.0" 200 197 "-" "Mozilla/5.0 (compatible; MSIE 10.0; Windows NT 10.0; WOW64; Trident/7.0; Microsoft Outlook 16.0.11001; ms-office; MSOffice 16)"
62.68.141.40 - - [15/Nov/2018:17:10:06 +0700] "GET /tracking.gif?email=%5b%25VAR%20RCPT.EMAIL%20ESCAPE=URL%25%5d&mailing=%5b%25VAR%20MAILING.ID%25%5d HTTP/1.0" 200 197 "-" "Mozilla/5.0 (compatible; MSIE 10.0; Windows NT 10.0; WOW64; Trident/7.0; Microsoft Outlook 16.0.11001; ms-office; MSOffice 16)"
93.158.130.176 - - [15/Nov/2018:17:11:42 +0700] "GET /tracking.gif?email=cyber.paw%40ya.ru&mailing=84 HTTP/1.0" 200 197 "-" "Mozilla/5.0 (compatible; YandexImageResizer/2.0; +http://yandex.com/bots)"
62.68.141.59 - - [15/Nov/2018:17:11:57 +0700] "GET /tracking.gif?email=anna%40nikolas.ru&mailing=84 HTTP/1.0" 200 197 "-" "Mozilla/4.0 (compatible; MSIE 7.0; Windows NT 10.0; Win64; x64; Trident/7.0; .NET4.0C; .NET4.0E; .NET CLR 2.0.50727; .NET CLR 3.0.30729; .NET CLR 3.5.30729; Microsoft Outlook 16.0.4351; ms-office; MSOffice 16)"
62.68.141.59 - - [15/Nov/2018:17:11:57 +0700] "GET /tracking.gif?email=anna%40nikolas.ru&mailing=84 HTTP/1.0" 200 197 "-" "Mozilla/4.0 (compatible; MSIE 7.0; Windows NT 10.0; Win64; x64; Trident/7.0; .NET4.0C; .NET4.0E; .NET CLR 2.0.50727; .NET CLR 3.0.30729; .NET CLR 3.5.30729; Microsoft Outlook 16.0.4351; ms-office; MSOffice 16)"
77.88.11.242 - - [15/Nov/2018:17:12:49 +0700] "GET /tracking.gif?email=cyber.paw%40ya.ru&mailing=84 HTTP/1.0" 200 197 "-" "Mozilla/5.0 (compatible; YandexImageResizer/2.0; +http://yandex.com/bots)"
62.68.141.40 - - [15/Nov/2018:17:13:28 +0700] "GET /tracking.gif?email=out%40caaat.pro&mailing=84 HTTP/1.0" 200 197 "-" "Mozilla/5.0 (compatible; MSIE 10.0; Windows NT 10.0; WOW64; Trident/7.0; Microsoft Outlook 16.0.11001; ms-office; MSOffice 16)"
62.68.141.40 - - [15/Nov/2018:17:13:29 +0700] "GET /tracking.gif?email=out%40caaat.pro&mailing=84 HTTP/1.0" 200 197 "-" "Mozilla/5.0 (compatible; MSIE 10.0; Windows NT 10.0; WOW64; Trident/7.0; Microsoft Outlook 16.0.11001; ms-office; MSOffice 16)"
62.68.141.59 - - [15/Nov/2018:17:14:06 +0700] "GET /tracking.gif?email=anna%40nikolas.ru&mailing=84 HTTP/1.0" 200 197 "-" "Mozilla/4.0 (compatible; MSIE 7.0; Windows NT 10.0; Win64; x64; Trident/7.0; .NET4.0C; .NET4.0E; .NET CLR 2.0.50727; .NET CLR 3.0.30729; .NET CLR 3.5.30729; Microsoft Outlook 16.0.4351; ms-office; MSOffice 16)"
188.162.84.54 - - [15/Nov/2018:17:14:50 +0700] "GET /tracking.gif?email=[%VAR%20RCPT.EMAIL%20ESCAPE=URL%]&mailing=[%VAR%20MAILING.ID%] HTTP/1.0" 200 197 "-" "Mozilla/5.0 (Linux; Android 7.1.1; MI MAX 2 Build/NMF26F; wv) AppleWebKit/537.36 (KHTML, like Gecko) Version/4.0 Chrome/70.0.3538.80 Mobile Safari/537.36"
188.162.84.54 - - [15/Nov/2018:17:15:04 +0700] "GET /tracking.gif?email=out%40caaat.pro&mailing=84 HTTP/1.0" 200 197 "-" "Mozilla/5.0 (Linux; Android 7.1.1; MI MAX 2 Build/NMF26F; wv) AppleWebKit/537.36 (KHTML, like Gecko) Version/4.0 Chrome/70.0.3538.80 Mobile Safari/537.36"
93.158.130.177 - - [15/Nov/2018:17:15:10 +0700] "GET /tracking.gif?email=sda123%40yandex.ru&mailing=82 HTTP/1.0" 200 197 "-" "Mozilla/5.0 (compatible; YandexImageResizer/2.0; +http://yandex.com/bots)"
77.88.11.250 - - [15/Nov/2018:17:15:28 +0700] "GET /tracking.gif?email=sda123%40yandex.ru&mailing=81 HTTP/1.0" 200 197 "-" "Mozilla/5.0 (compatible; YandexImageResizer/2.0; +http://yandex.com/bots)"
62.68.141.59 - - [15/Nov/2018:17:16:30 +0700] "GET /tracking.gif?email=anna%40nikolas.ru&mailing=84 HTTP/1.0" 200 197 "-" "Mozilla/4.0 (compatible; MSIE 7.0; Windows NT 10.0; Win64; x64; Trident/7.0; .NET4.0C; .NET4.0E; .NET CLR 2.0.50727; .NET CLR 3.0.30729; .NET CLR 3.5.30729; Microsoft Outlook 16.0.4351; ms-office; MSOffice 16)"
188.93.56.130 - - [15/Nov/2018:17:17:36 +0700] "GET /tracking.gif?email=out%40caaat.pro&mailing=84 HTTP/1.0" 200 197 "-" "Mozilla/5.0 (X11; Linux x86_64) AppleWebKit/537.36 (KHTML, like Gecko)"
62.68.141.40 - - [15/Nov/2018:17:19:40 +0700] "GET /tracking.gif?email=sda123%40yandex.ru&mailing=81 HTTP/1.0" 200 197 "-" "Mozilla/5.0 (Macintosh; Intel Mac OS X 10_14_1) AppleWebKit/605.1.15 (KHTML, like Gecko)"
62.68.141.35 - - [15/Nov/2018:17:19:44 +0700] "GET /browse/?email=sda123%40yandex.ru&mailing=81 HTTP/1.0" 200 85180 "-" "Mozilla/5.0 (Windows NT 10.0; Win64; x64) AppleWebKit/537.36 (KHTML, like Gecko) Chrome/70.0.3538.102 Safari/537.36"
62.68.141.59 - - [15/Nov/2018:17:20:47 +0700] "GET /tracking.gif?email=%5b%25VAR%20RCPT.EMAIL%20ESCAPE=URL%25%5d&mailing=%5b%25VAR%20MAILING.ID%25%5d HTTP/1.0" 200 197 "-" "Mozilla/4.0 (compatible; MSIE 7.0; Windows NT 10.0; Win64; x64; Trident/7.0; .NET4.0C; .NET4.0E; .NET CLR 2.0.50727; .NET CLR 3.0.30729; .NET CLR 3.5.30729; Microsoft Outlook 16.0.4351; ms-office; MSOffice 16)"
62.68.141.59 - - [15/Nov/2018:17:20:52 +0700] "GET /tracking.gif?email=%5b%25VAR%20RCPT.EMAIL%20ESCAPE=URL%25%5d&mailing=%5b%25VAR%20MAILING.ID%25%5d HTTP/1.0" 200 197 "-" "Mozilla/4.0 (compatible; MSIE 7.0; Windows NT 10.0; Win64; x64; Trident/7.0; .NET4.0C; .NET4.0E; .NET CLR 2.0.50727; .NET CLR 3.0.30729; .NET CLR 3.5.30729; Microsoft Outlook 16.0.4351; ms-office; MSOffice 16)"
62.68.141.40 - - [15/Nov/2018:17:21:10 +0700] "GET /tracking.gif?email=sda123%40yandex.ru&mailing=81 HTTP/1.0" 200 197 "-" "Mozilla/5.0 (Macintosh; Intel Mac OS X 10_14_1) AppleWebKit/537.36 (KHTML, like Gecko) Chrome/70.0.3538.77 Safari/537.36 Vivaldi/2.1.1337.36"
62.68.141.35 - - [15/Nov/2018:17:22:02 +0700] "GET /tracking.gif?email=sda123%40yandex.ru&mailing=81 HTTP/1.0" 200 197 "-" "Mozilla/5.0 (compatible; MSIE 10.0; Windows NT 10.0; WOW64; Trident/7.0; Microsoft Outlook 16.0.11001; ms-office; MSOffice 16)"
62.68.141.35 - - [15/Nov/2018:17:22:03 +0700] "GET /tracking.gif?email=sda123%40yandex.ru&mailing=81 HTTP/1.0" 200 197 "-" "Mozilla/5.0 (compatible; MSIE 10.0; Windows NT 10.0; WOW64; Trident/7.0; Microsoft Outlook 16.0.11001; ms-office; MSOffice 16)"
62.68.141.35 - - [15/Nov/2018:17:26:07 +0700] "GET /tracking.gif?email=sda%40nikolas.ru&mailing=85 HTTP/1.0" 200 197 "-" "Mozilla/5.0 (compatible; MSIE 10.0; Windows NT 10.0; WOW64; Trident/7.0; Microsoft Outlook 16.0.11001; ms-office; MSOffice 16)"
62.68.141.35 - - [15/Nov/2018:17:26:07 +0700] "GET /tracking.gif?email=sda%40nikolas.ru&mailing=85 HTTP/1.0" 200 197 "-" "Mozilla/5.0 (compatible; MSIE 10.0; Windows NT 10.0; WOW64; Trident/7.0; Microsoft Outlook 16.0.11001; ms-office; MSOffice 16)"
77.88.11.252 - - [15/Nov/2018:17:26:17 +0700] "GET /tracking.gif?email=sda123%40yandex.ru&mailing=85 HTTP/1.0" 200 197 "-" "Mozilla/5.0 (compatible; YandexImageResizer/2.0; +http://yandex.com/bots)"
62.68.141.59 - - [15/Nov/2018:17:27:57 +0700] "GET /tracking.gif?email=%5b%25VAR%20RCPT.EMAIL%20ESCAPE=URL%25%5d&mailing=%5b%25VAR%20MAILING.ID%25%5d HTTP/1.0" 200 197 "-" "Mozilla/4.0 (compatible; MSIE 7.0; Windows NT 10.0; Win64; x64; Trident/7.0; .NET4.0C; .NET4.0E; .NET CLR 2.0.50727; .NET CLR 3.0.30729; .NET CLR 3.5.30729; Microsoft Outlook 16.0.4351; ms-office; MSOffice 16)"
62.68.141.59 - - [15/Nov/2018:17:27:58 +0700] "GET /tracking.gif?email=%5b%25VAR%20RCPT.EMAIL%20ESCAPE=URL%25%5d&mailing=%5b%25VAR%20MAILING.ID%25%5d HTTP/1.0" 200 197 "-" "Mozilla/4.0 (compatible; MSIE 7.0; Windows NT 10.0; Win64; x64; Trident/7.0; .NET4.0C; .NET4.0E; .NET CLR 2.0.50727; .NET CLR 3.0.30729; .NET CLR 3.5.30729; Microsoft Outlook 16.0.4351; ms-office; MSOffice 16)"
62.68.141.35 - - [15/Nov/2018:17:28:02 +0700] "GET /tracking.gif?email=sda%40nikolas.ru&mailing=86 HTTP/1.0" 200 197 "-" "Mozilla/5.0 (compatible; MSIE 10.0; Windows NT 10.0; WOW64; Trident/7.0; Microsoft Outlook 16.0.11001; ms-office; MSOffice 16)"
62.68.141.59 - - [15/Nov/2018:17:28:02 +0700] "GET /tracking.gif?email=anna%40nikolas.ru&mailing=84 HTTP/1.0" 200 197 "-" "Mozilla/4.0 (compatible; MSIE 7.0; Windows NT 10.0; Win64; x64; Trident/7.0; .NET4.0C; .NET4.0E; .NET CLR 2.0.50727; .NET CLR 3.0.30729; .NET CLR 3.5.30729; Microsoft Outlook 16.0.4351; ms-office; MSOffice 16)"
62.68.141.35 - - [15/Nov/2018:17:28:02 +0700] "GET /tracking.gif?email=sda%40nikolas.ru&mailing=86 HTTP/1.0" 200 197 "-" "Mozilla/5.0 (compatible; MSIE 10.0; Windows NT 10.0; WOW64; Trident/7.0; Microsoft Outlook 16.0.11001; ms-office; MSOffice 16)"
62.68.141.35 - - [15/Nov/2018:17:28:06 +0700] "GET /tracking.gif?email=sda%40nikolas.ru&mailing=85 HTTP/1.0" 200 197 "-" "Mozilla/5.0 (compatible; MSIE 10.0; Windows NT 10.0; WOW64; Trident/7.0; Microsoft Outlook 16.0.11001; ms-office; MSOffice 16)"
62.68.141.35 - - [15/Nov/2018:17:28:06 +0700] "GET /tracking.gif?email=sda%40nikolas.ru&mailing=85 HTTP/1.0" 200 197 "-" "Mozilla/5.0 (compatible; MSIE 10.0; Windows NT 10.0; WOW64; Trident/7.0; Microsoft Outlook 16.0.11001; ms-office; MSOffice 16)"
62.68.141.59 - - [15/Nov/2018:17:28:06 +0700] "GET /tracking.gif?email=anna%40nikolas.ru&mailing=84 HTTP/1.0" 200 197 "-" "Mozilla/4.0 (compatible; MSIE 7.0; Windows NT 10.0; Win64; x64; Trident/7.0; .NET4.0C; .NET4.0E; .NET CLR 2.0.50727; .NET CLR 3.0.30729; .NET CLR 3.5.30729; Microsoft Outlook 16.0.4351; ms-office; MSOffice 16)"
62.68.141.59 - - [15/Nov/2018:17:28:07 +0700] "GET /tracking.gif?email=anna%40nikolas.ru&mailing=84 HTTP/1.0" 200 197 "-" "Mozilla/4.0 (compatible; MSIE 7.0; Windows NT 10.0; Win64; x64; Trident/7.0; .NET4.0C; .NET4.0E; .NET CLR 2.0.50727; .NET CLR 3.0.30729; .NET CLR 3.5.30729; Microsoft Outlook 16.0.4351; ms-office; MSOffice 16)"
62.68.141.35 - - [15/Nov/2018:17:28:08 +0700] "GET /tracking.gif?email=sda%40nikolas.ru&mailing=86 HTTP/1.0" 200 197 "-" "Mozilla/5.0 (compatible; MSIE 10.0; Windows NT 10.0; WOW64; Trident/7.0; Microsoft Outlook 16.0.11001; ms-office; MSOffice 16)"
62.68.141.35 - - [15/Nov/2018:17:28:09 +0700] "GET /tracking.gif?email=sda%40nikolas.ru&mailing=86 HTTP/1.0" 200 197 "-" "Mozilla/5.0 (compatible; MSIE 10.0; Windows NT 10.0; WOW64; Trident/7.0; Microsoft Outlook 16.0.11001; ms-office; MSOffice 16)"
37.9.102.240 - - [15/Nov/2018:17:28:16 +0700] "GET /tracking.gif?email=sda123%40yandex.ru&mailing=86 HTTP/1.0" 200 197 "-" "Mozilla/5.0 (compatible; YandexImageResizer/2.0; +http://yandex.com/bots)"
62.68.141.59 - - [15/Nov/2018:17:28:25 +0700] "GET /tracking.gif?email=anna%40nikolas.ru&mailing=84 HTTP/1.0" 200 197 "-" "Mozilla/4.0 (compatible; MSIE 7.0; Windows NT 10.0; Win64; x64; Trident/7.0; .NET4.0C; .NET4.0E; .NET CLR 2.0.50727; .NET CLR 3.0.30729; .NET CLR 3.5.30729; Microsoft Outlook 16.0.4351; ms-office; MSOffice 16)"
62.68.141.59 - - [15/Nov/2018:17:28:25 +0700] "GET /tracking.gif?email=anna%40nikolas.ru&mailing=84 HTTP/1.0" 200 197 "-" "Mozilla/4.0 (compatible; MSIE 7.0; Windows NT 10.0; Win64; x64; Trident/7.0; .NET4.0C; .NET4.0E; .NET CLR 2.0.50727; .NET CLR 3.0.30729; .NET CLR 3.5.30729; Microsoft Outlook 16.0.4351; ms-office; MSOffice 16)"
93.158.130.183 - - [15/Nov/2018:17:28:26 +0700] "GET /tracking.gif?email=cyber.paw%40ya.ru&mailing=85 HTTP/1.0" 200 197 "-" "Mozilla/5.0 (compatible; YandexImageResizer/2.0; +http://yandex.com/bots)"
93.158.130.183 - - [15/Nov/2018:17:28:30 +0700] "GET /tracking.gif?email=cyber.paw%40ya.ru&mailing=86 HTTP/1.0" 200 197 "-" "Mozilla/5.0 (compatible; YandexImageResizer/2.0; +http://yandex.com/bots)"
62.68.141.59 - - [15/Nov/2018:17:28:41 +0700] "GET /tracking.gif?email=anna%40nikolas.ru&mailing=84 HTTP/1.0" 200 197 "-" "Mozilla/4.0 (compatible; MSIE 7.0; Windows NT 10.0; Win64; x64; Trident/7.0; .NET4.0C; .NET4.0E; .NET CLR 2.0.50727; .NET CLR 3.0.30729; .NET CLR 3.5.30729; Microsoft Outlook 16.0.4351; ms-office; MSOffice 16)"
62.68.141.59 - - [15/Nov/2018:17:30:47 +0700] "GET /tracking.gif?email=anna%40nikolas.ru&mailing=84 HTTP/1.0" 200 197 "-" "Mozilla/4.0 (compatible; MSIE 7.0; Windows NT 10.0; Win64; x64; Trident/7.0; .NET4.0C; .NET4.0E; .NET CLR 2.0.50727; .NET CLR 3.0.30729; .NET CLR 3.5.30729; Microsoft Outlook 16.0.4351; ms-office; MSOffice 16)"
62.68.141.59 - - [15/Nov/2018:17:30:48 +0700] "GET /tracking.gif?email=anna%40nikolas.ru&mailing=84 HTTP/1.0" 200 197 "-" "Mozilla/4.0 (compatible; MSIE 7.0; Windows NT 10.0; Win64; x64; Trident/7.0; .NET4.0C; .NET4.0E; .NET CLR 2.0.50727; .NET CLR 3.0.30729; .NET CLR 3.5.30729; Microsoft Outlook 16.0.4351; ms-office; MSOffice 16)"
62.68.141.35 - - [15/Nov/2018:17:32:14 +0700] "GET /tracking.gif?email=%5b%25VAR%20RCPT.EMAIL%20ESCAPE=URL%25%5d&mailing=%5b%25VAR%20MAILING.ID%25%5d HTTP/1.0" 200 197 "-" "Mozilla/5.0 (compatible; MSIE 10.0; Windows NT 10.0; WOW64; Trident/7.0; Microsoft Outlook 16.0.11001; ms-office; MSOffice 16)"
62.68.141.35 - - [15/Nov/2018:17:32:14 +0700] "GET /tracking.gif?email=%5b%25VAR%20RCPT.EMAIL%20ESCAPE=URL%25%5d&mailing=%5b%25VAR%20MAILING.ID%25%5d HTTP/1.0" 200 197 "-" "Mozilla/5.0 (compatible; MSIE 10.0; Windows NT 10.0; WOW64; Trident/7.0; Microsoft Outlook 16.0.11001; ms-office; MSOffice 16)"
62.68.141.35 - - [15/Nov/2018:17:32:23 +0700] "GET /tracking.gif?email=%5b%25VAR%20RCPT.EMAIL%20ESCAPE=URL%25%5d&mailing=%5b%25VAR%20MAILING.ID%25%5d HTTP/1.0" 200 197 "-" "Mozilla/5.0 (compatible; MSIE 10.0; Windows NT 10.0; WOW64; Trident/7.0; Microsoft Outlook 16.0.11001; ms-office; MSOffice 16)"
62.68.141.35 - - [15/Nov/2018:17:32:23 +0700] "GET /tracking.gif?email=%5b%25VAR%20RCPT.EMAIL%20ESCAPE=URL%25%5d&mailing=%5b%25VAR%20MAILING.ID%25%5d HTTP/1.0" 200 197 "-" "Mozilla/5.0 (compatible; MSIE 10.0; Windows NT 10.0; WOW64; Trident/7.0; Microsoft Outlook 16.0.11001; ms-office; MSOffice 16)"
62.68.141.35 - - [15/Nov/2018:17:32:28 +0700] "GET /tracking.gif?email=%5b%25VAR%20RCPT.EMAIL%20ESCAPE=URL%25%5d&mailing=%5b%25VAR%20MAILING.ID%25%5d HTTP/1.0" 200 197 "-" "Mozilla/5.0 (compatible; MSIE 10.0; Windows NT 10.0; WOW64; Trident/7.0; Microsoft Outlook 16.0.11001; ms-office; MSOffice 16)"
62.68.141.35 - - [15/Nov/2018:17:32:28 +0700] "GET /tracking.gif?email=%5b%25VAR%20RCPT.EMAIL%20ESCAPE=URL%25%5d&mailing=%5b%25VAR%20MAILING.ID%25%5d HTTP/1.0" 200 197 "-" "Mozilla/5.0 (compatible; MSIE 10.0; Windows NT 10.0; WOW64; Trident/7.0; Microsoft Outlook 16.0.11001; ms-office; MSOffice 16)"
62.68.141.35 - - [15/Nov/2018:17:32:42 +0700] "GET /tracking.gif?email=%5b%25VAR%20RCPT.EMAIL%20ESCAPE=URL%25%5d&mailing=%5b%25VAR%20MAILING.ID%25%5d HTTP/1.0" 200 197 "-" "Mozilla/5.0 (compatible; MSIE 10.0; Windows NT 10.0; WOW64; Trident/7.0; Microsoft Outlook 16.0.11001; ms-office; MSOffice 16)"
62.68.141.35 - - [15/Nov/2018:17:32:42 +0700] "GET /tracking.gif?email=%5b%25VAR%20RCPT.EMAIL%20ESCAPE=URL%25%5d&mailing=%5b%25VAR%20MAILING.ID%25%5d HTTP/1.0" 200 197 "-" "Mozilla/5.0 (compatible; MSIE 10.0; Windows NT 10.0; WOW64; Trident/7.0; Microsoft Outlook 16.0.11001; ms-office; MSOffice 16)"
62.68.141.35 - - [15/Nov/2018:17:33:13 +0700] "GET /tracking.gif?email=sda%40nikolas.ru&mailing=84 HTTP/1.0" 200 197 "-" "Mozilla/5.0 (compatible; MSIE 10.0; Windows NT 10.0; WOW64; Trident/7.0; Microsoft Outlook 16.0.11001; ms-office; MSOffice 16)"
62.68.141.35 - - [15/Nov/2018:17:33:13 +0700] "GET /tracking.gif?email=sda%40nikolas.ru&mailing=84 HTTP/1.0" 200 197 "-" "Mozilla/5.0 (compatible; MSIE 10.0; Windows NT 10.0; WOW64; Trident/7.0; Microsoft Outlook 16.0.11001; ms-office; MSOffice 16)"
62.68.141.35 - - [15/Nov/2018:17:33:26 +0700] "GET /tracking.gif?email=sda123%40yandex.ru&mailing=81 HTTP/1.0" 200 197 "-" "Mozilla/5.0 (compatible; MSIE 10.0; Windows NT 10.0; WOW64; Trident/7.0; Microsoft Outlook 16.0.11001; ms-office; MSOffice 16)"
62.68.141.35 - - [15/Nov/2018:17:33:26 +0700] "GET /tracking.gif?email=sda123%40yandex.ru&mailing=81 HTTP/1.0" 200 197 "-" "Mozilla/5.0 (compatible; MSIE 10.0; Windows NT 10.0; WOW64; Trident/7.0; Microsoft Outlook 16.0.11001; ms-office; MSOffice 16)"
188.93.56.125 - - [15/Nov/2018:17:37:43 +0700] "GET /tracking.gif?email=[%VAR%20RCPT.EMAIL%20ESCAPE=URL%]&mailing=[%VAR%20MAILING.ID%] HTTP/1.0" 200 197 "-" "Mozilla/5.0 (X11; Linux x86_64) AppleWebKit/537.36 (KHTML, like Gecko)"
188.93.56.125 - - [15/Nov/2018:17:38:04 +0700] "GET /tracking.gif?email=[%VAR%20RCPT.EMAIL%20ESCAPE=URL%]&mailing=[%VAR%20MAILING.ID%] HTTP/1.0" 200 197 "-" "Mozilla/5.0 (X11; Linux x86_64) AppleWebKit/537.36 (KHTML, like Gecko)"
188.93.56.125 - - [15/Nov/2018:17:38:10 +0700] "GET /tracking.gif?email=[%VAR%20RCPT.EMAIL%20ESCAPE=URL%]&mailing=[%VAR%20MAILING.ID%] HTTP/1.0" 200 197 "-" "Mozilla/5.0 (X11; Linux x86_64) AppleWebKit/537.36 (KHTML, like Gecko)"
188.93.56.125 - - [15/Nov/2018:17:38:45 +0700] "GET /tracking.gif?email=[%VAR%20RCPT.EMAIL%20ESCAPE=URL%]&mailing=[%VAR%20MAILING.ID%] HTTP/1.0" 200 197 "-" "Mozilla/5.0 (X11; Linux x86_64) AppleWebKit/537.36 (KHTML, like Gecko)"
188.93.56.125 - - [15/Nov/2018:17:38:51 +0700] "GET /tracking.gif?email=[%VAR%20RCPT.EMAIL%20ESCAPE=URL%]&mailing=[%VAR%20MAILING.ID%] HTTP/1.0" 200 197 "-" "Mozilla/5.0 (X11; Linux x86_64) AppleWebKit/537.36 (KHTML, like Gecko)"
62.68.141.40 - - [15/Nov/2018:17:42:51 +0700] "GET /tracking.gif?email=[%VAR%20RCPT.EMAIL%20ESCAPE=URL%]&mailing=[%VAR%20MAILING.ID%] HTTP/1.0" 200 197 "-" "Mozilla/5.0 (Macintosh; Intel Mac OS X 10_14_1) AppleWebKit/537.36 (KHTML, like Gecko) Chrome/70.0.3538.77 Safari/537.36 Vivaldi/2.1.1337.36"
62.68.141.40 - - [15/Nov/2018:17:44:17 +0700] "GET /tracking.gif?email=[%VAR%20RCPT.EMAIL%20ESCAPE=URL%]&mailing=[%VAR%20MAILING.ID%] HTTP/1.0" 200 197 "-" "Mozilla/5.0 (Macintosh; Intel Mac OS X 10_14_1) AppleWebKit/537.36 (KHTML, like Gecko) Chrome/70.0.3538.77 Safari/537.36 Vivaldi/2.1.1337.36"
62.68.141.40 - - [15/Nov/2018:17:44:19 +0700] "GET /tracking.gif?email=[%VAR%20RCPT.EMAIL%20ESCAPE=URL%]&mailing=[%VAR%20MAILING.ID%] HTTP/1.0" 200 197 "-" "Mozilla/5.0 (Macintosh; Intel Mac OS X 10_14_1) AppleWebKit/537.36 (KHTML, like Gecko) Chrome/70.0.3538.77 Safari/537.36 Vivaldi/2.1.1337.36"
62.68.141.40 - - [15/Nov/2018:17:45:20 +0700] "GET /tracking.gif?email=[%VAR%20RCPT.EMAIL%20ESCAPE=URL%]&mailing=[%VAR%20MAILING.ID%] HTTP/1.0" 200 197 "-" "Mozilla/5.0 (Macintosh; Intel Mac OS X 10_14_1) AppleWebKit/537.36 (KHTML, like Gecko) Chrome/70.0.3538.77 Safari/537.36 Vivaldi/2.1.1337.36"
62.68.141.35 - - [15/Nov/2018:17:46:28 +0700] "GET /tracking.gif?email=sda%40nikolas.ru&mailing=86 HTTP/1.0" 200 197 "-" "Mozilla/5.0 (compatible; MSIE 10.0; Windows NT 10.0; WOW64; Trident/7.0; Microsoft Outlook 16.0.11001; ms-office; MSOffice 16)"
62.68.141.35 - - [15/Nov/2018:17:46:28 +0700] "GET /tracking.gif?email=sda%40nikolas.ru&mailing=86 HTTP/1.0" 200 197 "-" "Mozilla/5.0 (compatible; MSIE 10.0; Windows NT 10.0; WOW64; Trident/7.0; Microsoft Outlook 16.0.11001; ms-office; MSOffice 16)"
62.68.141.40 - - [15/Nov/2018:17:48:08 +0700] "GET /tracking.gif?email=[%VAR%20RCPT.EMAIL%20ESCAPE=URL%]&mailing=[%VAR%20MAILING.ID%] HTTP/1.0" 200 197 "-" "Mozilla/5.0 (Macintosh; Intel Mac OS X 10_14_1) AppleWebKit/537.36 (KHTML, like Gecko) Chrome/70.0.3538.77 Safari/537.36 Vivaldi/2.1.1337.36"
62.68.141.40 - - [15/Nov/2018:17:48:35 +0700] "GET /tracking.gif?email=[%VAR%20RCPT.EMAIL%20ESCAPE=URL%]&mailing=[%VAR%20MAILING.ID%] HTTP/1.0" 200 197 "-" "Mozilla/5.0 (Macintosh; Intel Mac OS X 10_14_1) AppleWebKit/537.36 (KHTML, like Gecko) Chrome/70.0.3538.77 Safari/537.36 Vivaldi/2.1.1337.36"
62.68.141.40 - - [15/Nov/2018:17:48:36 +0700] "GET /tracking.gif?email=[%VAR%20RCPT.EMAIL%20ESCAPE=URL%]&mailing=[%VAR%20MAILING.ID%] HTTP/1.0" 200 197 "-" "Mozilla/5.0 (Macintosh; Intel Mac OS X 10_14_1) AppleWebKit/537.36 (KHTML, like Gecko) Chrome/70.0.3538.77 Safari/537.36 Vivaldi/2.1.1337.36"
62.68.141.35 - - [15/Nov/2018:17:49:37 +0700] "GET /tracking.gif?email=sda%40nikolas.ru&mailing=86 HTTP/1.0" 200 197 "-" "Mozilla/5.0 (compatible; MSIE 10.0; Windows NT 10.0; WOW64; Trident/7.0; Microsoft Outlook 16.0.11001; ms-office; MSOffice 16)"
62.68.141.35 - - [15/Nov/2018:17:49:37 +0700] "GET /tracking.gif?email=sda%40nikolas.ru&mailing=86 HTTP/1.0" 200 197 "-" "Mozilla/5.0 (compatible; MSIE 10.0; Windows NT 10.0; WOW64; Trident/7.0; Microsoft Outlook 16.0.11001; ms-office; MSOffice 16)"
62.68.141.40 - - [15/Nov/2018:17:49:48 +0700] "GET /tracking.gif?email=[%VAR%20RCPT.EMAIL%20ESCAPE=URL%]&mailing=[%VAR%20MAILING.ID%] HTTP/1.0" 200 197 "-" "Mozilla/5.0 (Macintosh; Intel Mac OS X 10_14_1) AppleWebKit/537.36 (KHTML, like Gecko) Chrome/70.0.3538.77 Safari/537.36 Vivaldi/2.1.1337.36"
62.68.141.40 - - [15/Nov/2018:17:49:51 +0700] "GET /tracking.gif?email=[%VAR%20RCPT.EMAIL%20ESCAPE=URL%]&mailing=[%VAR%20MAILING.ID%] HTTP/1.0" 200 197 "-" "Mozilla/5.0 (Macintosh; Intel Mac OS X 10_14_1) AppleWebKit/537.36 (KHTML, like Gecko) Chrome/70.0.3538.77 Safari/537.36 Vivaldi/2.1.1337.36"
62.68.141.40 - - [15/Nov/2018:17:50:02 +0700] "GET /tracking.gif?email=[%VAR%20RCPT.EMAIL%20ESCAPE=URL%]&mailing=[%VAR%20MAILING.ID%] HTTP/1.0" 200 197 "-" "Mozilla/5.0 (Macintosh; Intel Mac OS X 10_14_1) AppleWebKit/537.36 (KHTML, like Gecko) Chrome/70.0.3538.77 Safari/537.36 Vivaldi/2.1.1337.36"
62.68.141.40 - - [15/Nov/2018:17:50:03 +0700] "GET /tracking.gif?email=[%VAR%20RCPT.EMAIL%20ESCAPE=URL%]&mailing=[%VAR%20MAILING.ID%] HTTP/1.0" 200 197 "-" "Mozilla/5.0 (Macintosh; Intel Mac OS X 10_14_1) AppleWebKit/537.36 (KHTML, like Gecko) Chrome/70.0.3538.77 Safari/537.36 Vivaldi/2.1.1337.36"
62.68.141.40 - - [15/Nov/2018:17:50:04 +0700] "GET /tracking.gif?email=[%VAR%20RCPT.EMAIL%20ESCAPE=URL%]&mailing=[%VAR%20MAILING.ID%] HTTP/1.0" 200 197 "-" "Mozilla/5.0 (Macintosh; Intel Mac OS X 10_14_1) AppleWebKit/537.36 (KHTML, like Gecko) Chrome/70.0.3538.77 Safari/537.36 Vivaldi/2.1.1337.36"
62.68.141.40 - - [15/Nov/2018:17:50:24 +0700] "GET /tracking.gif?email=[%VAR%20RCPT.EMAIL%20ESCAPE=URL%]&mailing=[%VAR%20MAILING.ID%] HTTP/1.0" 200 197 "-" "Mozilla/5.0 (Macintosh; Intel Mac OS X 10_14_1) AppleWebKit/537.36 (KHTML, like Gecko) Chrome/70.0.3538.77 Safari/537.36 Vivaldi/2.1.1337.36"
62.68.141.40 - - [15/Nov/2018:17:50:25 +0700] "GET /tracking.gif?email=[%VAR%20RCPT.EMAIL%20ESCAPE=URL%]&mailing=[%VAR%20MAILING.ID%] HTTP/1.0" 200 197 "-" "Mozilla/5.0 (Macintosh; Intel Mac OS X 10_14_1) AppleWebKit/537.36 (KHTML, like Gecko) Chrome/70.0.3538.77 Safari/537.36 Vivaldi/2.1.1337.36"
62.68.141.40 - - [15/Nov/2018:17:50:26 +0700] "GET /tracking.gif?email=[%VAR%20RCPT.EMAIL%20ESCAPE=URL%]&mailing=[%VAR%20MAILING.ID%] HTTP/1.0" 200 197 "-" "Mozilla/5.0 (Macintosh; Intel Mac OS X 10_14_1) AppleWebKit/537.36 (KHTML, like Gecko) Chrome/70.0.3538.77 Safari/537.36 Vivaldi/2.1.1337.36"
62.68.141.40 - - [15/Nov/2018:17:50:27 +0700] "GET /tracking.gif?email=[%VAR%20RCPT.EMAIL%20ESCAPE=URL%]&mailing=[%VAR%20MAILING.ID%] HTTP/1.0" 200 197 "-" "Mozilla/5.0 (Macintosh; Intel Mac OS X 10_14_1) AppleWebKit/537.36 (KHTML, like Gecko) Chrome/70.0.3538.77 Safari/537.36 Vivaldi/2.1.1337.36"
62.68.141.40 - - [15/Nov/2018:17:51:03 +0700] "GET /tracking.gif?email=[%VAR%20RCPT.EMAIL%20ESCAPE=URL%]&mailing=[%VAR%20MAILING.ID%] HTTP/1.0" 200 197 "-" "Mozilla/5.0 (Macintosh; Intel Mac OS X 10_14_1) AppleWebKit/537.36 (KHTML, like Gecko) Chrome/70.0.3538.77 Safari/537.36 Vivaldi/2.1.1337.36"
62.68.141.40 - - [15/Nov/2018:17:51:41 +0700] "GET /tracking.gif?email=[%VAR%20RCPT.EMAIL%20ESCAPE=URL%]&mailing=[%VAR%20MAILING.ID%] HTTP/1.0" 200 197 "-" "Mozilla/5.0 (Macintosh; Intel Mac OS X 10_14_1) AppleWebKit/537.36 (KHTML, like Gecko) Chrome/70.0.3538.77 Safari/537.36 Vivaldi/2.1.1337.36"
62.68.141.40 - - [15/Nov/2018:17:53:40 +0700] "GET /tracking.gif?email=[%VAR%20RCPT.EMAIL%20ESCAPE=URL%]&mailing=[%VAR%20MAILING.ID%] HTTP/1.0" 200 197 "-" "Mozilla/5.0 (Macintosh; Intel Mac OS X 10_14_1) AppleWebKit/537.36 (KHTML, like Gecko) Chrome/70.0.3538.77 Safari/537.36 Vivaldi/2.1.1337.36"
188.93.56.123 - - [15/Nov/2018:18:02:28 +0700] "GET /tracking.gif?email=[%VAR%20RCPT.EMAIL%20ESCAPE=URL%]&mailing=[%VAR%20MAILING.ID%] HTTP/1.0" 200 197 "-" "Mozilla/5.0 (X11; Linux x86_64) AppleWebKit/537.36 (KHTML, like Gecko)"
62.68.141.42 - - [15/Nov/2018:18:03:19 +0700] "GET /tracking.gif?email=vka%40nikolas.ru&mailing=87 HTTP/1.0" 200 197 "-" "Mozilla/4.0 (compatible; MSIE 7.0; Windows NT 10.0; Win64; x64; Trident/7.0; .NET4.0C; .NET4.0E; Microsoft Outlook 16.0.4573; ms-office; MSOffice 16)"
62.68.141.42 - - [15/Nov/2018:18:03:19 +0700] "GET /tracking.gif?email=vka%40nikolas.ru&mailing=87 HTTP/1.0" 200 197 "-" "Mozilla/4.0 (compatible; MSIE 7.0; Windows NT 10.0; Win64; x64; Trident/7.0; .NET4.0C; .NET4.0E; Microsoft Outlook 16.0.4573; ms-office; MSOffice 16)"
62.68.141.40 - - [15/Nov/2018:18:05:33 +0700] "GET /tracking.gif?email=[%VAR%20RCPT.EMAIL%20ESCAPE=URL%]&mailing=[%VAR%20MAILING.ID%] HTTP/1.0" 200 197 "-" "Mozilla/5.0 (Macintosh; Intel Mac OS X 10_14_1) AppleWebKit/537.36 (KHTML, like Gecko) Chrome/70.0.3538.77 Safari/537.36 Vivaldi/2.1.1337.36"
62.68.141.42 - - [15/Nov/2018:18:06:50 +0700] "GET /tracking.gif?email=vka%40nikolas.ru&mailing=87 HTTP/1.0" 200 197 "-" "Mozilla/4.0 (compatible; MSIE 7.0; Windows NT 10.0; Win64; x64; Trident/7.0; .NET4.0C; .NET4.0E; Microsoft Outlook 16.0.4573; ms-office; MSOffice 16)"
62.68.141.42 - - [15/Nov/2018:18:06:52 +0700] "GET /tracking.gif?email=vka%40nikolas.ru&mailing=88 HTTP/1.0" 200 197 "-" "Mozilla/4.0 (compatible; MSIE 7.0; Windows NT 10.0; Win64; x64; Trident/7.0; .NET4.0C; .NET4.0E; Microsoft Outlook 16.0.4573; ms-office; MSOffice 16)"
62.68.141.42 - - [15/Nov/2018:18:06:52 +0700] "GET /tracking.gif?email=vka%40nikolas.ru&mailing=88 HTTP/1.0" 200 197 "-" "Mozilla/4.0 (compatible; MSIE 7.0; Windows NT 10.0; Win64; x64; Trident/7.0; .NET4.0C; .NET4.0E; Microsoft Outlook 16.0.4573; ms-office; MSOffice 16)"
62.68.141.42 - - [15/Nov/2018:18:07:28 +0700] "GET /tracking.gif?email=vka%40nikolas.ru&mailing=87 HTTP/1.0" 200 197 "-" "Mozilla/4.0 (compatible; MSIE 7.0; Windows NT 10.0; Win64; x64; Trident/7.0; .NET4.0C; .NET4.0E; Microsoft Outlook 16.0.4573; ms-office; MSOffice 16)"
62.68.141.42 - - [15/Nov/2018:18:07:28 +0700] "GET /tracking.gif?email=vka%40nikolas.ru&mailing=87 HTTP/1.0" 200 197 "-" "Mozilla/4.0 (compatible; MSIE 7.0; Windows NT 10.0; Win64; x64; Trident/7.0; .NET4.0C; .NET4.0E; Microsoft Outlook 16.0.4573; ms-office; MSOffice 16)"
