127.0.0.1 - - [30/Dec/2018:06:25:53 +0700] "OPTIONS * HTTP/1.0" 200 126 "-" "Apache/2.2.22 (Debian) (internal dummy connection)"
141.105.55.54 - - [30/Dec/2018:06:26:23 +0700] "GET /tracking.gif?email=aromik9%40mail.ru&mailing=284 HTTP/1.0" 200 197 "-" "Mozilla/5.0 (Linux; Android 6.0.1; SM-G900FD Build/MMB29M; wv) AppleWebKit/537.36 (KHTML, like Gecko) Version/4.0 Chrome/71.0.3578.99 Mobile Safari/537.36"
85.115.243.43 - - [30/Dec/2018:06:33:37 +0700] "GET /tracking.gif?email=spartansw%40yandex.ru&mailing=289 HTTP/1.0" 200 197 "-" "Mozilla/5.0 (iPhone; CPU iPhone OS 12_1_2 like Mac OS X) AppleWebKit/605.1.15 (KHTML, like Gecko) Mobile/16C101"
188.93.56.127 - - [30/Dec/2018:06:37:54 +0700] "GET /tracking.gif?email=nib70%40mail.ru&mailing=286 HTTP/1.0" 200 197 "-" "Mozilla/5.0 (X11; Linux x86_64) AppleWebKit/537.36 (KHTML, like Gecko)"
188.93.56.129 - - [30/Dec/2018:06:38:26 +0700] "GET /tracking.gif?email=mahrav%40mail.ru&mailing=286 HTTP/1.0" 200 197 "-" "Mozilla/5.0 (X11; Linux x86_64) AppleWebKit/537.36 (KHTML, like Gecko)"
176.59.142.52 - - [30/Dec/2018:06:45:14 +0700] "GET /tracking.gif?email=Sergey08l%40mail.ru&mailing=289 HTTP/1.0" 200 197 "-" "Mozilla/5.0 (iPhone; CPU iPhone OS 11_4 like Mac OS X) AppleWebKit/605.1.15 (KHTML, like Gecko) Mobile/15F79"
188.93.56.127 - - [30/Dec/2018:06:53:32 +0700] "GET /tracking.gif?email=juliett140786%40mail.ru&mailing=289 HTTP/1.0" 200 197 "-" "Mozilla/5.0 (X11; Linux x86_64) AppleWebKit/537.36 (KHTML, like Gecko)"
188.93.56.125 - - [30/Dec/2018:07:14:26 +0700] "GET /tracking.gif?email=jonik-agentes%40mail.ru&mailing=280 HTTP/1.0" 200 197 "-" "Mozilla/5.0 (X11; Linux x86_64) AppleWebKit/537.36 (KHTML, like Gecko)"
176.59.136.38 - - [30/Dec/2018:07:15:44 +0700] "GET /tracking.gif?email=mysuicid%40rambler.ru&mailing=289 HTTP/1.0" 200 197 "http://mobile-mail.google.com/1077907929/-6306511279920628025" "Mozilla/5.0 (Linux; Android 7.1.2; Redmi 4A Build/N2G47H; wv) AppleWebKit/537.36 (KHTML, like Gecko) Version/4.0 Chrome/71.0.3578.98 Mobile Safari/537.36"
188.93.56.125 - - [30/Dec/2018:07:23:01 +0700] "GET /tracking.gif?email=svmalinkina%40mail.ru&mailing=286 HTTP/1.0" 200 197 "-" "Mozilla/5.0 (X11; Linux x86_64) AppleWebKit/537.36 (KHTML, like Gecko)"
66.102.9.20 - - [30/Dec/2018:07:24:38 +0700] "GET /tracking.gif?email=marinaleschenko910%40gmail.com&mailing=287 HTTP/1.0" 200 197 "-" "Mozilla/5.0 (Windows NT 5.1; rv:11.0) Gecko Firefox/11.0 (via ggpht.com GoogleImageProxy)"
37.9.65.67 - - [30/Dec/2018:07:27:44 +0700] "GET /tracking.gif?email=ElenaShip%40yandex.ru&mailing=286 HTTP/1.0" 200 197 "-" "Mozilla/5.0 (compatible; YandexImageResizer/2.0; +http://yandex.com/bots)"
176.215.240.115 - - [30/Dec/2018:07:28:10 +0700] "GET /tracking.gif?email=tabbu06%40rambler.ru&mailing=289 HTTP/1.0" 200 197 "-" "Mozilla/5.0 (iPhone; CPU iPhone OS 12_1_2 like Mac OS X) AppleWebKit/605.1.15 (KHTML, like Gecko) Mobile/16C101"
176.215.240.115 - - [30/Dec/2018:07:28:12 +0700] "GET /tracking.gif?email=tabbu06%40rambler.ru&mailing=289 HTTP/1.0" 200 197 "-" "Mozilla/5.0 (iPhone; CPU iPhone OS 12_1_2 like Mac OS X) AppleWebKit/605.1.15 (KHTML, like Gecko) Mobile/16C101"
176.215.240.115 - - [30/Dec/2018:07:28:13 +0700] "GET /tracking.gif?email=tabbu06%40rambler.ru&mailing=289 HTTP/1.0" 200 197 "-" "Mozilla/5.0 (iPhone; CPU iPhone OS 12_1_2 like Mac OS X) AppleWebKit/605.1.15 (KHTML, like Gecko) Mobile/16C101"
93.158.130.165 - - [30/Dec/2018:07:30:41 +0700] "GET /tracking.gif?email=ElenaShip%40yandex.ru&mailing=226 HTTP/1.0" 200 197 "-" "Mozilla/5.0 (compatible; YandexImageResizer/2.0; +http://yandex.com/bots)"
178.129.44.187 - - [30/Dec/2018:07:38:50 +0700] "GET /tracking.gif?email=ramzilya1%40mail.ru&mailing=286 HTTP/1.0" 200 197 "-" "Mozilla/5.0 (iPhone; CPU iPhone OS 12_1_2 like Mac OS X) AppleWebKit/605.1.15 (KHTML, like Gecko) Mobile/16C101"
188.93.56.130 - - [30/Dec/2018:07:43:18 +0700] "GET /tracking.gif?email=mozel_tomsk%40mail.ru&mailing=287 HTTP/1.0" 200 197 "-" "Mozilla/5.0 (X11; Linux x86_64) AppleWebKit/537.36 (KHTML, like Gecko)"
188.93.56.128 - - [30/Dec/2018:07:43:30 +0700] "GET /tracking.gif?email=mozel_tomsk%40mail.ru&mailing=286 HTTP/1.0" 200 197 "-" "Mozilla/5.0 (X11; Linux x86_64) AppleWebKit/537.36 (KHTML, like Gecko)"
91.219.138.245 - - [30/Dec/2018:07:47:23 +0700] "GET /tracking.gif?email=xvladimir88x%40mail.ru&mailing=289 HTTP/1.0" 200 197 "-" "Mozilla/5.0 (iPhone; CPU iPhone OS 12_1_2 like Mac OS X) AppleWebKit/605.1.15 (KHTML, like Gecko) Mobile/16C101"
207.102.138.158 - - [30/Dec/2018:07:47:41 +0700] "GET / HTTP/1.0" 404 180 "-" "Mozilla/5.0 (X11; Linux x86_64) AppleWebKit/537.36 (KHTML, like Gecko) Chrome/38.0.2125.101 Safari/537.36"
188.93.56.125 - - [30/Dec/2018:07:57:38 +0700] "GET /tracking.gif?email=lemuriha%40mail.ru&mailing=286 HTTP/1.0" 200 197 "-" "Mozilla/5.0 (X11; Linux x86_64) AppleWebKit/537.36 (KHTML, like Gecko)"
188.93.56.124 - - [30/Dec/2018:08:00:52 +0700] "GET /tracking.gif?email=kuzman1982%40mail.ru&mailing=286 HTTP/1.0" 200 197 "-" "Mozilla/5.0 (X11; Linux x86_64) AppleWebKit/537.36 (KHTML, like Gecko)"
213.87.225.195 - - [30/Dec/2018:08:02:57 +0700] "GET /unsubscribe/?email=hadkevi4%40mail.ru&mailing=286 HTTP/1.0" 200 976 "-" "Mozilla/5.0 (iPhone; CPU iPhone OS 12_1 like Mac OS X) AppleWebKit/605.1.15 (KHTML, like Gecko) Version/12.0 Mobile/15E148 Safari/604.1"
213.87.225.195 - - [30/Dec/2018:08:02:58 +0700] "GET /img/popcorn.svg HTTP/1.0" 200 1187 "http://mailing.etobilet.ru/unsubscribe/?email=hadkevi4%40mail.ru&mailing=286" "Mozilla/5.0 (iPhone; CPU iPhone OS 12_1 like Mac OS X) AppleWebKit/605.1.15 (KHTML, like Gecko) Version/12.0 Mobile/15E148 Safari/604.1"
213.87.225.195 - - [30/Dec/2018:08:02:59 +0700] "GET /unsubscribe/?email=hadkevi4%40mail.ru&mailing=286&confirmed=1 HTTP/1.0" 200 747 "http://mailing.etobilet.ru/unsubscribe/?email=hadkevi4%40mail.ru&mailing=286" "Mozilla/5.0 (iPhone; CPU iPhone OS 12_1 like Mac OS X) AppleWebKit/605.1.15 (KHTML, like Gecko) Version/12.0 Mobile/15E148 Safari/604.1"
188.93.56.126 - - [30/Dec/2018:08:05:30 +0700] "GET /tracking.gif?email=artem.tarakanov5%40mail.ru&mailing=280 HTTP/1.0" 200 197 "-" "Mozilla/5.0 (X11; Linux x86_64) AppleWebKit/537.36 (KHTML, like Gecko)"
188.93.56.123 - - [30/Dec/2018:08:07:58 +0700] "GET /tracking.gif?email=dom179%40mail.ru&mailing=280 HTTP/1.0" 200 197 "-" "Mozilla/5.0 (X11; Linux x86_64) AppleWebKit/537.36 (KHTML, like Gecko)"
188.93.56.130 - - [30/Dec/2018:08:08:05 +0700] "GET /tracking.gif?email=efim.85%40mail.ru&mailing=241 HTTP/1.0" 200 197 "-" "Mozilla/5.0 (X11; Linux x86_64) AppleWebKit/537.36 (KHTML, like Gecko)"
188.93.56.126 - - [30/Dec/2018:08:08:57 +0700] "GET /tracking.gif?email=alankaz%40bk.ru&mailing=287 HTTP/1.0" 200 197 "-" "Mozilla/5.0 (X11; Linux x86_64) AppleWebKit/537.36 (KHTML, like Gecko)"
188.93.56.121 - - [30/Dec/2018:08:12:35 +0700] "GET /tracking.gif?email=mistervovan%40mail.ru&mailing=289 HTTP/1.0" 200 197 "-" "Mozilla/5.0 (X11; Linux x86_64) AppleWebKit/537.36 (KHTML, like Gecko)"
66.102.9.14 - - [30/Dec/2018:08:15:30 +0700] "GET /tracking.gif?email=sveta0672.sp%40gmail.com&mailing=286 HTTP/1.0" 200 197 "-" "Mozilla/5.0 (Windows NT 5.1; rv:11.0) Gecko Firefox/11.0 (via ggpht.com GoogleImageProxy)"
188.93.56.128 - - [30/Dec/2018:08:15:56 +0700] "GET /tracking.gif?email=Yurii7422%40mail.ru&mailing=270 HTTP/1.0" 200 197 "-" "Mozilla/5.0 (X11; Linux x86_64) AppleWebKit/537.36 (KHTML, like Gecko)"
188.93.56.121 - - [30/Dec/2018:08:16:32 +0700] "GET /tracking.gif?email=masjnjsochi%40mail.ru&mailing=274 HTTP/1.0" 200 197 "-" "Mozilla/5.0 (X11; Linux x86_64) AppleWebKit/537.36 (KHTML, like Gecko)"
193.104.226.96 - - [30/Dec/2018:08:17:34 +0700] "GET /tracking.gif?email=Alexblake%40mail.ru&mailing=287 HTTP/1.0" 200 197 "-" "Mozilla/4.0 (compatible; MSIE 7.0; Windows NT 6.1; WOW64; Trident/7.0; SLCC2; .NET CLR 2.0.50727; .NET CLR 3.5.30729; .NET CLR 3.0.30729; Media Center PC 6.0; raidcall; .NET4.0C; .NET4.0E)"
188.93.56.129 - - [30/Dec/2018:08:17:51 +0700] "GET /tracking.gif?email=Valena_87%40bk.ru&mailing=286 HTTP/1.0" 200 197 "-" "Mozilla/5.0 (X11; Linux x86_64) AppleWebKit/537.36 (KHTML, like Gecko)"
188.93.56.124 - - [30/Dec/2018:08:21:34 +0700] "GET /tracking.gif?email=vcangara%40mail.ru&mailing=289 HTTP/1.0" 200 197 "-" "Mozilla/5.0 (X11; Linux x86_64) AppleWebKit/537.36 (KHTML, like Gecko)"
188.93.56.122 - - [30/Dec/2018:08:23:39 +0700] "GET /tracking.gif?email=deniskrasotkin%40mail.ru&mailing=280 HTTP/1.0" 200 197 "-" "Mozilla/5.0 (X11; Linux x86_64) AppleWebKit/537.36 (KHTML, like Gecko)"
66.102.9.20 - - [30/Dec/2018:08:24:18 +0700] "GET /tracking.gif?email=nikigo808%40gmail.com&mailing=286 HTTP/1.0" 200 197 "-" "Mozilla/5.0 (Windows NT 5.1; rv:11.0) Gecko Firefox/11.0 (via ggpht.com GoogleImageProxy)"
188.93.56.126 - - [30/Dec/2018:08:25:53 +0700] "GET /tracking.gif?email=ryabukhina%40inbox.ru&mailing=274 HTTP/1.0" 200 197 "-" "Mozilla/5.0 (X11; Linux x86_64) AppleWebKit/537.36 (KHTML, like Gecko)"
188.93.56.123 - - [30/Dec/2018:08:26:39 +0700] "GET /tracking.gif?email=ryabukhina%40inbox.ru&mailing=241 HTTP/1.0" 200 197 "-" "Mozilla/5.0 (X11; Linux x86_64) AppleWebKit/537.36 (KHTML, like Gecko)"
188.93.56.128 - - [30/Dec/2018:08:27:22 +0700] "GET /tracking.gif?email=shveddyyy%40mail.ru&mailing=286 HTTP/1.0" 200 197 "-" "Mozilla/5.0 (X11; Linux x86_64) AppleWebKit/537.36 (KHTML, like Gecko)"
188.93.56.121 - - [30/Dec/2018:08:30:12 +0700] "GET /tracking.gif?email=Eafentsel%40mail.ru&mailing=286 HTTP/1.0" 200 197 "-" "Mozilla/5.0 (X11; Linux x86_64) AppleWebKit/537.36 (KHTML, like Gecko)"
37.9.65.81 - - [30/Dec/2018:08:31:34 +0700] "GET /tracking.gif?email=aleha15%40yandex.ru&mailing=278 HTTP/1.0" 200 197 "-" "Mozilla/5.0 (compatible; YandexImageResizer/2.0; +http://yandex.com/bots)"
188.93.56.127 - - [30/Dec/2018:08:32:47 +0700] "GET /tracking.gif?email=tags_fss%40mail.ru&mailing=280 HTTP/1.0" 200 197 "-" "Mozilla/5.0 (X11; Linux x86_64) AppleWebKit/537.36 (KHTML, like Gecko)"
188.93.56.125 - - [30/Dec/2018:08:34:24 +0700] "GET /tracking.gif?email=mega_art_master%40mail.ru&mailing=280 HTTP/1.0" 200 197 "-" "Mozilla/5.0 (X11; Linux x86_64) AppleWebKit/537.36 (KHTML, like Gecko)"
188.93.56.123 - - [30/Dec/2018:08:38:53 +0700] "GET /tracking.gif?email=sok92%40bk.ru&mailing=280 HTTP/1.0" 200 197 "-" "Mozilla/5.0 (X11; Linux x86_64) AppleWebKit/537.36 (KHTML, like Gecko)"
188.93.56.126 - - [30/Dec/2018:08:41:09 +0700] "GET /tracking.gif?email=irina-zhilenkous%40mail.ru&mailing=274 HTTP/1.0" 200 197 "-" "Mozilla/5.0 (X11; Linux x86_64) AppleWebKit/537.36 (KHTML, like Gecko)"
188.93.56.122 - - [30/Dec/2018:08:41:14 +0700] "GET /tracking.gif?email=ira.shores%40mail.ru&mailing=286 HTTP/1.0" 200 197 "-" "Mozilla/5.0 (X11; Linux x86_64) AppleWebKit/537.36 (KHTML, like Gecko)"
188.93.56.124 - - [30/Dec/2018:08:43:03 +0700] "GET /tracking.gif?email=nafanya-omsk%40mail.ru&mailing=274 HTTP/1.0" 200 197 "-" "Mozilla/5.0 (X11; Linux x86_64) AppleWebKit/537.36 (KHTML, like Gecko)"
188.93.56.124 - - [30/Dec/2018:08:45:37 +0700] "GET /tracking.gif?email=melnikovalya77%40mail.ru&mailing=280 HTTP/1.0" 200 197 "-" "Mozilla/5.0 (X11; Linux x86_64) AppleWebKit/537.36 (KHTML, like Gecko)"
188.93.56.130 - - [30/Dec/2018:08:46:45 +0700] "GET /tracking.gif?email=rozalia_zr%40mail.ru&mailing=279 HTTP/1.0" 200 197 "-" "Mozilla/5.0 (X11; Linux x86_64) AppleWebKit/537.36 (KHTML, like Gecko)"
188.93.56.127 - - [30/Dec/2018:08:46:53 +0700] "GET /tracking.gif?email=shehovchova1975%40mail.ru&mailing=291 HTTP/1.0" 200 197 "-" "Mozilla/5.0 (X11; Linux x86_64) AppleWebKit/537.36 (KHTML, like Gecko)"
188.93.56.121 - - [30/Dec/2018:08:49:08 +0700] "GET /tracking.gif?email=ogfs.tom%40mail.ru&mailing=286 HTTP/1.0" 200 197 "-" "Mozilla/5.0 (X11; Linux x86_64) AppleWebKit/537.36 (KHTML, like Gecko)"
176.59.143.104 - - [30/Dec/2018:08:50:27 +0700] "GET /tracking.gif?email=usova0101%40icloud.com&mailing=284 HTTP/1.0" 200 197 "-" "Mozilla/5.0 (iPhone; CPU iPhone OS 11_4_1 like Mac OS X) AppleWebKit/605.1.15 (KHTML, like Gecko) Mobile/15G77"
85.140.22.171 - - [30/Dec/2018:08:50:39 +0700] "GET /tracking.gif?email=kurashov-an%40mail.ru&mailing=266 HTTP/1.0" 200 197 "-" "Mozilla/5.0 (Linux; Android 8.1.0; COL-L29 Build/HUAWEICOL-L29; wv) AppleWebKit/537.36 (KHTML, like Gecko) Version/4.0 Chrome/70.0.3538.110 Mobile Safari/537.36"
188.93.56.128 - - [30/Dec/2018:08:51:36 +0700] "GET /tracking.gif?email=dadadzhanov.karim.80%40bk.ru&mailing=268 HTTP/1.0" 200 197 "-" "Mozilla/5.0 (X11; Linux x86_64) AppleWebKit/537.36 (KHTML, like Gecko)"
188.93.56.124 - - [30/Dec/2018:08:52:12 +0700] "GET /tracking.gif?email=lenas_62%40mail.ru&mailing=286 HTTP/1.0" 200 197 "-" "Mozilla/5.0 (X11; Linux x86_64) AppleWebKit/537.36 (KHTML, like Gecko)"
5.255.241.236 - - [30/Dec/2018:08:52:45 +0700] "GET /tracking.gif?email=misyurin.ser%40yandex.ru&mailing=287 HTTP/1.0" 200 197 "-" "Mozilla/5.0 (compatible; YandexImageResizer/2.0; +http://yandex.com/bots)"
188.93.56.127 - - [30/Dec/2018:08:53:42 +0700] "GET /tracking.gif?email=juliett140786%40mail.ru&mailing=289 HTTP/1.0" 200 197 "-" "Mozilla/5.0 (X11; Linux x86_64) AppleWebKit/537.36 (KHTML, like Gecko)"
188.93.56.127 - - [30/Dec/2018:08:54:34 +0700] "GET /tracking.gif?email=skripkina1990%40list.ru&mailing=284 HTTP/1.0" 200 197 "-" "Mozilla/5.0 (X11; Linux x86_64) AppleWebKit/537.36 (KHTML, like Gecko)"
188.93.56.127 - - [30/Dec/2018:08:55:50 +0700] "GET /tracking.gif?email=skripkina1990%40list.ru&mailing=260 HTTP/1.0" 200 197 "-" "Mozilla/5.0 (X11; Linux x86_64) AppleWebKit/537.36 (KHTML, like Gecko)"
188.93.56.125 - - [30/Dec/2018:09:03:45 +0700] "GET /tracking.gif?email=eak2014%40bk.ru&mailing=274 HTTP/1.0" 200 197 "-" "Mozilla/5.0 (X11; Linux x86_64) AppleWebKit/537.36 (KHTML, like Gecko)"
188.93.56.121 - - [30/Dec/2018:09:06:53 +0700] "GET /tracking.gif?email=koctia84%40mail.ru&mailing=274 HTTP/1.0" 200 197 "-" "Mozilla/5.0 (X11; Linux x86_64) AppleWebKit/537.36 (KHTML, like Gecko)"
188.93.56.122 - - [30/Dec/2018:09:12:08 +0700] "GET /tracking.gif?email=ruslan_77775%40mail.ru&mailing=280 HTTP/1.0" 200 197 "-" "Mozilla/5.0 (X11; Linux x86_64) AppleWebKit/537.36 (KHTML, like Gecko)"
93.158.130.177 - - [30/Dec/2018:09:21:17 +0700] "GET /tracking.gif?email=Ecovata.tomsk%40yandex.ru&mailing=286 HTTP/1.0" 200 197 "-" "Mozilla/5.0 (compatible; YandexImageResizer/2.0; +http://yandex.com/bots)"
66.102.9.20 - - [30/Dec/2018:09:21:48 +0700] "GET /tracking.gif?email=Tanyakenig25%40gmail.com&mailing=257 HTTP/1.0" 200 197 "-" "Mozilla/5.0 (Windows NT 5.1; rv:11.0) Gecko Firefox/11.0 (via ggpht.com GoogleImageProxy)"
213.87.122.0 - - [30/Dec/2018:09:22:23 +0700] "GET /tracking.gif?email=Makovenko%40ngs.ru&mailing=241 HTTP/1.0" 200 197 "-" "Microsoft Office/16.0 (Microsoft Outlook 16.0.11029; Pro)"
95.191.19.76 - - [30/Dec/2018:09:23:20 +0700] "GET /tracking.gif?email=natali_05_1989%40mail.ru&mailing=286 HTTP/1.0" 200 197 "-" "Mozilla/5.0 (iPhone; CPU iPhone OS 12_1_2 like Mac OS X) AppleWebKit/605.1.15 (KHTML, like Gecko) Mobile/16C101"
188.93.56.128 - - [30/Dec/2018:09:24:51 +0700] "GET /tracking.gif?email=altergotmm%40yandex.ru&mailing=287 HTTP/1.0" 200 197 "-" "Mozilla/5.0 (X11; Linux x86_64) AppleWebKit/537.36 (KHTML, like Gecko)"
93.158.130.163 - - [30/Dec/2018:09:25:20 +0700] "GET /tracking.gif?email=ChrisBosh1%40yandex.ru&mailing=286 HTTP/1.0" 200 197 "-" "Mozilla/5.0 (compatible; YandexImageResizer/2.0; +http://yandex.com/bots)"
94.154.80.2 - - [30/Dec/2018:09:27:46 +0700] "GET /tracking.gif?email=lenin%40irkmail.ru&mailing=284 HTTP/1.0" 200 197 "-" "Mozilla/4.0 (compatible; MSIE 7.0; Windows NT 6.2; WOW64; Trident/7.0; .NET4.0C; .NET4.0E; .NET CLR 2.0.50727; .NET CLR 3.0.30729; .NET CLR 3.5.30729; ms-office; MSOffice 14)"
93.158.130.167 - - [30/Dec/2018:09:28:27 +0700] "GET /tracking.gif?email=79021765806%40ya.ru&mailing=289 HTTP/1.0" 200 197 "-" "Mozilla/5.0 (compatible; YandexImageResizer/2.0; +http://yandex.com/bots)"
188.93.56.123 - - [30/Dec/2018:09:30:04 +0700] "GET /tracking.gif?email=keiti-01%40mail.ru&mailing=274 HTTP/1.0" 200 197 "-" "Mozilla/5.0 (X11; Linux x86_64) AppleWebKit/537.36 (KHTML, like Gecko)"
188.93.56.123 - - [30/Dec/2018:09:32:27 +0700] "GET /tracking.gif?email=fogelzang.nellya%40mail.ru&mailing=287 HTTP/1.0" 200 197 "-" "Mozilla/5.0 (X11; Linux x86_64) AppleWebKit/537.36 (KHTML, like Gecko)"
188.93.56.123 - - [30/Dec/2018:09:33:41 +0700] "GET /tracking.gif?email=tin-ka._123%40mail.ru&mailing=286 HTTP/1.0" 200 197 "-" "Mozilla/5.0 (X11; Linux x86_64) AppleWebKit/537.36 (KHTML, like Gecko)"
93.158.130.174 - - [30/Dec/2018:09:34:46 +0700] "GET /tracking.gif?email=Chest08%40yandex.ru&mailing=279 HTTP/1.0" 200 197 "-" "Mozilla/5.0 (compatible; YandexImageResizer/2.0; +http://yandex.com/bots)"
188.93.56.121 - - [30/Dec/2018:09:37:24 +0700] "GET /tracking.gif?email=gatin75%40mail.ru&mailing=286 HTTP/1.0" 200 197 "-" "Mozilla/5.0 (X11; Linux x86_64) AppleWebKit/537.36 (KHTML, like Gecko)"
77.106.111.220 - - [30/Dec/2018:09:41:00 +0700] "GET /tracking.gif?email=vdovikkate%40icloud.com&mailing=287 HTTP/1.0" 200 197 "-" "Mozilla/5.0 (iPhone; CPU iPhone OS 12_1_2 like Mac OS X) AppleWebKit/605.1.15 (KHTML, like Gecko) Mobile/16C101"
5.255.241.229 - - [30/Dec/2018:09:41:38 +0700] "GET /tracking.gif?email=Porubova.galka%40yandex.ru&mailing=286 HTTP/1.0" 200 197 "-" "Mozilla/5.0 (compatible; YandexImageResizer/2.0; +http://yandex.com/bots)"
188.93.56.126 - - [30/Dec/2018:09:42:19 +0700] "GET /tracking.gif?email=Veriginstanislav%40mail.ru&mailing=287 HTTP/1.0" 200 197 "-" "Mozilla/5.0 (X11; Linux x86_64) AppleWebKit/537.36 (KHTML, like Gecko)"
188.93.56.125 - - [30/Dec/2018:09:44:58 +0700] "GET /tracking.gif?email=petra360%40inbox.ru&mailing=287 HTTP/1.0" 200 197 "-" "Mozilla/5.0 (X11; Linux x86_64) AppleWebKit/537.36 (KHTML, like Gecko)"
213.87.224.65 - - [30/Dec/2018:09:45:41 +0700] "GET /tracking.gif?email=verokkatkova%40mail.ru&mailing=280 HTTP/1.0" 200 197 "-" "Mozilla/5.0 (iPhone; CPU iPhone OS 12_1 like Mac OS X) AppleWebKit/605.1.15 (KHTML, like Gecko) Mobile/16B92"
213.87.224.65 - - [30/Dec/2018:09:45:45 +0700] "GET /tracking.gif?email=verokkatkova%40mail.ru&mailing=280 HTTP/1.0" 200 197 "-" "Mozilla/5.0 (iPhone; CPU iPhone OS 12_1 like Mac OS X) AppleWebKit/605.1.15 (KHTML, like Gecko) Mobile/16B92"
188.93.56.125 - - [30/Dec/2018:09:47:04 +0700] "GET /tracking.gif?email=Kurbackij_84%40mail.ru&mailing=270 HTTP/1.0" 200 197 "-" "Mozilla/5.0 (X11; Linux x86_64) AppleWebKit/537.36 (KHTML, like Gecko)"
188.93.56.129 - - [30/Dec/2018:09:47:58 +0700] "GET /tracking.gif?email=tpovilainen%40mail.ru&mailing=286 HTTP/1.0" 200 197 "-" "Mozilla/5.0 (X11; Linux x86_64) AppleWebKit/537.36 (KHTML, like Gecko)"
176.215.228.38 - - [30/Dec/2018:09:50:52 +0700] "GET /tracking.gif?email=94kin%40mail.ru&mailing=289 HTTP/1.0" 200 197 "-" "Mozilla/5.0 (iPad; CPU OS 12_0_1 like Mac OS X) AppleWebKit/605.1.15 (KHTML, like Gecko) Mobile/16A404"
188.93.56.128 - - [30/Dec/2018:09:51:23 +0700] "GET /tracking.gif?email=ekurlapova%40mail.ru&mailing=291 HTTP/1.0" 200 197 "-" "Mozilla/5.0 (X11; Linux x86_64) AppleWebKit/537.36 (KHTML, like Gecko)"
188.93.56.123 - - [30/Dec/2018:09:55:39 +0700] "GET /tracking.gif?email=vorobev.andrey88%40mail.ru&mailing=286 HTTP/1.0" 200 197 "-" "Mozilla/5.0 (X11; Linux x86_64) AppleWebKit/537.36 (KHTML, like Gecko)"
93.158.130.174 - - [30/Dec/2018:09:56:00 +0700] "GET /tracking.gif?email=stanislaw.teslya%40yandex.ru&mailing=286 HTTP/1.0" 200 197 "-" "Mozilla/5.0 (compatible; YandexImageResizer/2.0; +http://yandex.com/bots)"
188.93.56.129 - - [30/Dec/2018:09:56:29 +0700] "GET /tracking.gif?email=morozovaar1994%40mail.ru&mailing=286 HTTP/1.0" 200 197 "-" "Mozilla/5.0 (X11; Linux x86_64) AppleWebKit/537.36 (KHTML, like Gecko)"
188.93.56.129 - - [30/Dec/2018:09:57:37 +0700] "GET /tracking.gif?email=eljakuseva%40mail.ru&mailing=280 HTTP/1.0" 200 197 "-" "Mozilla/5.0 (X11; Linux x86_64) AppleWebKit/537.36 (KHTML, like Gecko)"
188.93.56.125 - - [30/Dec/2018:10:01:17 +0700] "GET /tracking.gif?email=1984lykovaav%40mail.ru&mailing=280 HTTP/1.0" 200 197 "-" "Mozilla/5.0 (X11; Linux x86_64) AppleWebKit/537.36 (KHTML, like Gecko)"
188.93.56.125 - - [30/Dec/2018:10:02:21 +0700] "GET /tracking.gif?email=ksn66%40mail.ru&mailing=289 HTTP/1.0" 200 197 "-" "Mozilla/5.0 (X11; Linux x86_64) AppleWebKit/537.36 (KHTML, like Gecko)"
5.255.241.229 - - [30/Dec/2018:10:04:25 +0700] "GET /tracking.gif?email=allsob%40yandex.ru&mailing=280 HTTP/1.0" 200 197 "-" "Mozilla/5.0 (compatible; YandexImageResizer/2.0; +http://yandex.com/bots)"
37.9.65.71 - - [30/Dec/2018:10:05:12 +0700] "GET /tracking.gif?email=Chisto-70%40yandex.ru&mailing=287 HTTP/1.0" 200 197 "-" "Mozilla/5.0 (compatible; YandexImageResizer/2.0; +http://yandex.com/bots)"
188.93.56.123 - - [30/Dec/2018:10:05:17 +0700] "GET /tracking.gif?email=mkuzakova%40inbox.ru&mailing=303 HTTP/1.0" 200 197 "-" "Mozilla/5.0 (X11; Linux x86_64) AppleWebKit/537.36 (KHTML, like Gecko)"
178.209.131.204 - - [30/Dec/2018:10:07:15 +0700] "GET /tracking.gif?email=komkowvalya%40gmail.com&mailing=284 HTTP/1.0" 200 217 "-" "Mozilla/5.0 (iPhone; CPU iPhone OS 12_1_1 like Mac OS X) AppleWebKit/605.1.15 (KHTML, like Gecko) Mobile/16C50"
188.93.56.129 - - [30/Dec/2018:10:07:25 +0700] "GET /tracking.gif?email=olj24%40bk.ru&mailing=287 HTTP/1.0" 200 197 "-" "Mozilla/5.0 (X11; Linux x86_64) AppleWebKit/537.36 (KHTML, like Gecko)"
188.93.56.124 - - [30/Dec/2018:10:07:37 +0700] "GET /tracking.gif?email=olj24%40bk.ru&mailing=286 HTTP/1.0" 200 197 "-" "Mozilla/5.0 (X11; Linux x86_64) AppleWebKit/537.36 (KHTML, like Gecko)"
188.93.56.121 - - [30/Dec/2018:10:08:43 +0700] "GET /tracking.gif?email=ouiimi%40mail.ru&mailing=291 HTTP/1.0" 200 197 "-" "Mozilla/5.0 (X11; Linux x86_64) AppleWebKit/537.36 (KHTML, like Gecko)"
188.93.56.124 - - [30/Dec/2018:10:09:47 +0700] "GET /tracking.gif?email=a_tipikin%40inbox.ru&mailing=270 HTTP/1.0" 200 197 "-" "Mozilla/5.0 (X11; Linux x86_64) AppleWebKit/537.36 (KHTML, like Gecko)"
188.93.56.126 - - [30/Dec/2018:10:10:34 +0700] "GET /tracking.gif?email=pozdeewa37%40mail.ru&mailing=270 HTTP/1.0" 200 197 "-" "Mozilla/5.0 (X11; Linux x86_64) AppleWebKit/537.36 (KHTML, like Gecko)"
188.93.56.126 - - [30/Dec/2018:10:10:56 +0700] "GET /tracking.gif?email=pozdeewa37%40mail.ru&mailing=270 HTTP/1.0" 200 197 "-" "Mozilla/5.0 (X11; Linux x86_64) AppleWebKit/537.36 (KHTML, like Gecko)"
188.93.56.126 - - [30/Dec/2018:10:10:59 +0700] "GET /tracking.gif?email=pozdeewa37%40mail.ru&mailing=270 HTTP/1.0" 200 197 "-" "Mozilla/5.0 (X11; Linux x86_64) AppleWebKit/537.36 (KHTML, like Gecko)"
188.93.56.126 - - [30/Dec/2018:10:11:04 +0700] "GET /tracking.gif?email=pozdeewa37%40mail.ru&mailing=270 HTTP/1.0" 200 197 "-" "Mozilla/5.0 (X11; Linux x86_64) AppleWebKit/537.36 (KHTML, like Gecko)"
92.243.107.178 - - [30/Dec/2018:10:12:17 +0700] "GET /tracking.gif?email=boukinitch%40mail.ru&mailing=287 HTTP/1.0" 200 197 "-" "Mozilla/5.0 (iPhone; CPU iPhone OS 11_1 like Mac OS X) AppleWebKit/604.3.5 (KHTML, like Gecko) Mobile/15B93"
5.255.241.236 - - [30/Dec/2018:10:12:19 +0700] "GET /tracking.gif?email=rechka.i%40yandex.ru&mailing=270 HTTP/1.0" 200 197 "-" "Mozilla/5.0 (compatible; YandexImageResizer/2.0; +http://yandex.com/bots)"
188.93.56.129 - - [30/Dec/2018:10:14:08 +0700] "GET /tracking.gif?email=dimka199%40inbox.ru&mailing=289 HTTP/1.0" 200 197 "-" "Mozilla/5.0 (X11; Linux x86_64) AppleWebKit/537.36 (KHTML, like Gecko)"
188.93.56.127 - - [30/Dec/2018:10:14:34 +0700] "GET /tracking.gif?email=Ruppel_Mariya%40mail.ru&mailing=286 HTTP/1.0" 200 197 "-" "Mozilla/5.0 (X11; Linux x86_64) AppleWebKit/537.36 (KHTML, like Gecko)"
188.93.56.126 - - [30/Dec/2018:10:15:14 +0700] "GET /tracking.gif?email=81555565%40mail.ru&mailing=257 HTTP/1.0" 200 197 "-" "Mozilla/5.0 (X11; Linux x86_64) AppleWebKit/537.36 (KHTML, like Gecko)"
188.93.56.126 - - [30/Dec/2018:10:15:19 +0700] "GET /tracking.gif?email=81555565%40mail.ru&mailing=257 HTTP/1.0" 200 197 "-" "Mozilla/5.0 (X11; Linux x86_64) AppleWebKit/537.36 (KHTML, like Gecko)"
188.93.56.129 - - [30/Dec/2018:10:15:23 +0700] "GET /tracking.gif?email=81555565%40mail.ru&mailing=257 HTTP/1.0" 200 197 "-" "Mozilla/5.0 (X11; Linux x86_64) AppleWebKit/537.36 (KHTML, like Gecko)"
217.118.79.40 - - [30/Dec/2018:10:17:29 +0700] "GET /tracking.gif?email=namestnikova59%40icloud.com&mailing=287 HTTP/1.0" 200 197 "-" "Mozilla/5.0 (iPhone; CPU iPhone OS 9_3_4 like Mac OS X) AppleWebKit/601.1.46 (KHTML, like Gecko) Mobile/13G35"
188.93.56.128 - - [30/Dec/2018:10:17:40 +0700] "GET /tracking.gif?email=inna.filippova.77%40mail.ru&mailing=287 HTTP/1.0" 200 197 "-" "Mozilla/5.0 (X11; Linux x86_64) AppleWebKit/537.36 (KHTML, like Gecko)"
66.102.9.20 - - [30/Dec/2018:10:18:20 +0700] "GET /tracking.gif?email=dragonbreath70%40gmail.com&mailing=286 HTTP/1.0" 200 197 "-" "Mozilla/5.0 (Windows NT 5.1; rv:11.0) Gecko Firefox/11.0 (via ggpht.com GoogleImageProxy)"
188.93.56.128 - - [30/Dec/2018:10:19:21 +0700] "GET /tracking.gif?email=81555565%40mail.ru&mailing=286 HTTP/1.0" 200 197 "-" "Mozilla/5.0 (X11; Linux x86_64) AppleWebKit/537.36 (KHTML, like Gecko)"
188.93.56.123 - - [30/Dec/2018:10:19:36 +0700] "GET /tracking.gif?email=81555565%40mail.ru&mailing=286 HTTP/1.0" 200 197 "-" "Mozilla/5.0 (X11; Linux x86_64) AppleWebKit/537.36 (KHTML, like Gecko)"
188.93.56.123 - - [30/Dec/2018:10:19:41 +0700] "GET /tracking.gif?email=81555565%40mail.ru&mailing=286 HTTP/1.0" 200 197 "-" "Mozilla/5.0 (X11; Linux x86_64) AppleWebKit/537.36 (KHTML, like Gecko)"
188.93.56.123 - - [30/Dec/2018:10:20:31 +0700] "GET /tracking.gif?email=valeria.mak95%40bk.ru&mailing=287 HTTP/1.0" 200 197 "-" "Mozilla/5.0 (X11; Linux x86_64) AppleWebKit/537.36 (KHTML, like Gecko)"
188.93.56.125 - - [30/Dec/2018:10:20:39 +0700] "GET /tracking.gif?email=81555565%40mail.ru&mailing=170 HTTP/1.0" 200 197 "-" "Mozilla/5.0 (X11; Linux x86_64) AppleWebKit/537.36 (KHTML, like Gecko)"
188.93.56.124 - - [30/Dec/2018:10:20:51 +0700] "GET /tracking.gif?email=81555565%40mail.ru&mailing=170 HTTP/1.0" 200 197 "-" "Mozilla/5.0 (X11; Linux x86_64) AppleWebKit/537.36 (KHTML, like Gecko)"
2.60.187.221 - - [30/Dec/2018:10:20:54 +0700] "GET /tracking.gif?email=novikovalg%40rambler.ru&mailing=274 HTTP/1.0" 200 197 "-" "Mozilla/5.0 (Linux; Android 8.0.0; SM-J330F Build/R16NW; wv) AppleWebKit/537.36 (KHTML, like Gecko) Version/4.0 Chrome/71.0.3578.99 Mobile Safari/537.36"
188.93.56.124 - - [30/Dec/2018:10:21:06 +0700] "GET /tracking.gif?email=81555565%40mail.ru&mailing=132 HTTP/1.0" 200 197 "-" "Mozilla/5.0 (X11; Linux x86_64) AppleWebKit/537.36 (KHTML, like Gecko)"
188.93.56.124 - - [30/Dec/2018:10:21:10 +0700] "GET /tracking.gif?email=81555565%40mail.ru&mailing=132 HTTP/1.0" 200 197 "-" "Mozilla/5.0 (X11; Linux x86_64) AppleWebKit/537.36 (KHTML, like Gecko)"
77.106.71.197 - - [30/Dec/2018:10:21:11 +0700] "GET /tracking.gif?email=Mamaeva-law%40mail.ru&mailing=287 HTTP/1.0" 200 197 "-" "Mozilla/5.0 (iPhone; CPU iPhone OS 12_1 like Mac OS X) AppleWebKit/605.1.15 (KHTML, like Gecko) Mobile/16B92"
178.184.84.38 - - [30/Dec/2018:10:21:12 +0700] "GET /tracking.gif?email=weru%40mail.ru&mailing=289 HTTP/1.0" 200 197 "-" "Mozilla/5.0 (iPhone; CPU iPhone OS 12_1 like Mac OS X) AppleWebKit/605.1.15 (KHTML, like Gecko) Mobile/16B92"
176.59.135.228 - - [30/Dec/2018:10:23:29 +0700] "GET /tracking.gif?email=nivoni38%40icloud.com&mailing=287 HTTP/1.0" 200 197 "-" "Mozilla/5.0 (iPhone; CPU iPhone OS 12_0 like Mac OS X) AppleWebKit/605.1.15 (KHTML, like Gecko) Mobile/16A366"
188.93.56.122 - - [30/Dec/2018:10:23:32 +0700] "GET /tracking.gif?email=butvolga%40mail.ru&mailing=286 HTTP/1.0" 200 197 "-" "Mozilla/5.0 (X11; Linux x86_64) AppleWebKit/537.36 (KHTML, like Gecko)"
93.158.130.181 - - [30/Dec/2018:10:24:00 +0700] "GET /tracking.gif?email=Olya.mikhailova2018%40yandex.ru&mailing=286 HTTP/1.0" 200 197 "-" "Mozilla/5.0 (compatible; YandexImageResizer/2.0; +http://yandex.com/bots)"
188.93.56.122 - - [30/Dec/2018:10:24:21 +0700] "GET /tracking.gif?email=cybikova_tatyana%40mail.ru&mailing=284 HTTP/1.0" 200 197 "-" "Mozilla/5.0 (X11; Linux x86_64) AppleWebKit/537.36 (KHTML, like Gecko)"
188.93.56.129 - - [30/Dec/2018:10:24:22 +0700] "GET /tracking.gif?email=79138633890%40mail.ru&mailing=286 HTTP/1.0" 200 197 "-" "Mozilla/5.0 (X11; Linux x86_64) AppleWebKit/537.36 (KHTML, like Gecko)"
188.93.56.130 - - [30/Dec/2018:10:26:36 +0700] "GET /tracking.gif?email=mega.aleksv%40mail.ru&mailing=286 HTTP/1.0" 200 197 "-" "Mozilla/5.0 (X11; Linux x86_64) AppleWebKit/537.36 (KHTML, like Gecko)"
188.93.56.125 - - [30/Dec/2018:10:27:29 +0700] "GET /tracking.gif?email=hold_fast89%40mail.ru&mailing=286 HTTP/1.0" 200 197 "-" "Mozilla/5.0 (X11; Linux x86_64) AppleWebKit/537.36 (KHTML, like Gecko)"
188.93.56.128 - - [30/Dec/2018:10:28:56 +0700] "GET /tracking.gif?email=mistervovan%40mail.ru&mailing=289 HTTP/1.0" 200 197 "-" "Mozilla/5.0 (X11; Linux x86_64) AppleWebKit/537.36 (KHTML, like Gecko)"
213.87.121.221 - - [30/Dec/2018:10:29:07 +0700] "GET /tracking.gif?email=karo.svetlana%40yandex.ru&mailing=286 HTTP/1.0" 200 197 "-" "Mozilla/5.0 (iPhone; CPU iPhone OS 10_3_3 like Mac OS X) AppleWebKit/603.3.8 (KHTML, like Gecko) Mobile/14G60"
213.87.123.140 - - [30/Dec/2018:10:29:08 +0700] "GET /tracking.gif?email=Ix83%40mail.ru&mailing=286 HTTP/1.0" 200 197 "-" "Mozilla/5.0 (Linux; Android 7.0; SM-N920C Build/NRD90M; wv) AppleWebKit/537.36 (KHTML, like Gecko) Version/4.0 Chrome/71.0.3578.99 Mobile Safari/537.36"
37.9.65.73 - - [30/Dec/2018:10:30:18 +0700] "GET /tracking.gif?email=djuliya.egorowa2011%40yandex.ru&mailing=260 HTTP/1.0" 200 197 "-" "Mozilla/5.0 (compatible; YandexImageResizer/2.0; +http://yandex.com/bots)"
109.227.202.2 - - [30/Dec/2018:10:31:16 +0700] "GET /tracking.gif?email=89138880728%40mail.ru&mailing=286 HTTP/1.0" 200 197 "-" "Mozilla/5.0 (iPhone; CPU iPhone OS 11_2_6 like Mac OS X) AppleWebKit/604.5.6 (KHTML, like Gecko) Mobile/15D100"
188.93.56.130 - - [30/Dec/2018:10:31:32 +0700] "GET /tracking.gif?email=Polina_tomlad%40mail.ru&mailing=286 HTTP/1.0" 200 197 "-" "Mozilla/5.0 (X11; Linux x86_64) AppleWebKit/537.36 (KHTML, like Gecko)"
188.93.56.128 - - [30/Dec/2018:10:32:26 +0700] "GET /tracking.gif?email=Imperiumx%40mail.ru&mailing=280 HTTP/1.0" 200 197 "-" "Mozilla/5.0 (X11; Linux x86_64) AppleWebKit/537.36 (KHTML, like Gecko)"
188.93.56.121 - - [30/Dec/2018:10:33:27 +0700] "GET /tracking.gif?email=olga.kolmakova.1979%40mail.ru&mailing=287 HTTP/1.0" 200 197 "-" "Mozilla/5.0 (X11; Linux x86_64) AppleWebKit/537.36 (KHTML, like Gecko)"
188.93.56.130 - - [30/Dec/2018:10:34:41 +0700] "GET /tracking.gif?email=shlapakova.tomsk%40mail.ru&mailing=287 HTTP/1.0" 200 197 "-" "Mozilla/5.0 (X11; Linux x86_64) AppleWebKit/537.36 (KHTML, like Gecko)"
37.9.65.73 - - [30/Dec/2018:10:35:36 +0700] "GET /tracking.gif?email=vovka-com2009%40yandex.ru&mailing=291 HTTP/1.0" 200 197 "-" "Mozilla/5.0 (compatible; YandexImageResizer/2.0; +http://yandex.com/bots)"
188.93.56.122 - - [30/Dec/2018:10:36:23 +0700] "GET /tracking.gif?email=lebedev.jenek%40mail.ru&mailing=280 HTTP/1.0" 200 197 "-" "Mozilla/5.0 (X11; Linux x86_64) AppleWebKit/537.36 (KHTML, like Gecko)"
188.93.56.130 - - [30/Dec/2018:10:40:21 +0700] "GET /tracking.gif?email=eridan-nienor%40mail.ru&mailing=280 HTTP/1.0" 200 197 "-" "Mozilla/5.0 (X11; Linux x86_64) AppleWebKit/537.36 (KHTML, like Gecko)"
93.158.130.162 - - [30/Dec/2018:10:41:01 +0700] "GET /tracking.gif?email=dimas950%40yandex.ru&mailing=241 HTTP/1.0" 200 197 "-" "Mozilla/5.0 (compatible; YandexImageResizer/2.0; +http://yandex.com/bots)"
188.93.56.122 - - [30/Dec/2018:10:41:42 +0700] "GET /tracking.gif?email=agent_rus_138%40mail.ru&mailing=289 HTTP/1.0" 200 197 "-" "Mozilla/5.0 (X11; Linux x86_64) AppleWebKit/537.36 (KHTML, like Gecko)"
188.93.56.130 - - [30/Dec/2018:10:43:36 +0700] "GET /tracking.gif?email=tvoya.katana%40mail.ru&mailing=284 HTTP/1.0" 200 197 "-" "Mozilla/5.0 (X11; Linux x86_64) AppleWebKit/537.36 (KHTML, like Gecko)"
188.93.56.130 - - [30/Dec/2018:10:43:40 +0700] "GET /tracking.gif?email=tvoya.katana%40mail.ru&mailing=289 HTTP/1.0" 200 197 "-" "Mozilla/5.0 (X11; Linux x86_64) AppleWebKit/537.36 (KHTML, like Gecko)"
188.93.56.122 - - [30/Dec/2018:10:44:05 +0700] "GET /tracking.gif?email=d.isakova%40mail.ru&mailing=280 HTTP/1.0" 200 197 "-" "Mozilla/5.0 (X11; Linux x86_64) AppleWebKit/537.36 (KHTML, like Gecko)"
188.93.56.125 - - [30/Dec/2018:10:45:32 +0700] "GET /tracking.gif?email=matskevih%40mail.ru&mailing=274 HTTP/1.0" 200 197 "-" "Mozilla/5.0 (X11; Linux x86_64) AppleWebKit/537.36 (KHTML, like Gecko)"
188.93.56.126 - - [30/Dec/2018:10:45:59 +0700] "GET /tracking.gif?email=scherba8%40mail.ru&mailing=241 HTTP/1.0" 200 197 "-" "Mozilla/5.0 (X11; Linux x86_64) AppleWebKit/537.36 (KHTML, like Gecko)"
188.93.56.129 - - [30/Dec/2018:10:47:20 +0700] "GET /tracking.gif?email=sadko71%40mail.ru&mailing=286 HTTP/1.0" 200 197 "-" "Mozilla/5.0 (X11; Linux x86_64) AppleWebKit/537.36 (KHTML, like Gecko)"
5.255.241.233 - - [30/Dec/2018:10:47:33 +0700] "GET /tracking.gif?email=alsofem%40yandex.ru&mailing=102 HTTP/1.0" 200 197 "-" "Mozilla/5.0 (compatible; YandexImageResizer/2.0; +http://yandex.com/bots)"
5.255.241.227 - - [30/Dec/2018:10:47:42 +0700] "GET /tracking.gif?email=alsofem%40yandex.ru&mailing=132 HTTP/1.0" 200 197 "-" "Mozilla/5.0 (compatible; YandexImageResizer/2.0; +http://yandex.com/bots)"
5.255.241.227 - - [30/Dec/2018:10:47:47 +0700] "GET /tracking.gif?email=alsofem%40yandex.ru&mailing=170 HTTP/1.0" 200 197 "-" "Mozilla/5.0 (compatible; YandexImageResizer/2.0; +http://yandex.com/bots)"
5.255.241.227 - - [30/Dec/2018:10:47:53 +0700] "GET /tracking.gif?email=alsofem%40yandex.ru&mailing=226 HTTP/1.0" 200 197 "-" "Mozilla/5.0 (compatible; YandexImageResizer/2.0; +http://yandex.com/bots)"
188.93.56.127 - - [30/Dec/2018:10:47:56 +0700] "GET /tracking.gif?email=89514081097%40bk.ru&mailing=274 HTTP/1.0" 200 197 "-" "Mozilla/5.0 (X11; Linux x86_64) AppleWebKit/537.36 (KHTML, like Gecko)"
5.255.241.227 - - [30/Dec/2018:10:47:57 +0700] "GET /tracking.gif?email=alsofem%40yandex.ru&mailing=286 HTTP/1.0" 200 197 "-" "Mozilla/5.0 (compatible; YandexImageResizer/2.0; +http://yandex.com/bots)"
37.9.65.77 - - [30/Dec/2018:10:50:14 +0700] "GET /tracking.gif?email=karmenyuk%40yandex.ru&mailing=289 HTTP/1.0" 200 197 "-" "Mozilla/5.0 (compatible; YandexImageResizer/2.0; +http://yandex.com/bots)"
46.236.136.170 - - [30/Dec/2018:10:50:33 +0700] "GET /tracking.gif?email=sergei-lesin777%40mail.ru&mailing=287 HTTP/1.0" 200 197 "-" "Mozilla/5.0 (iPhone; CPU iPhone OS 8_1_2 like Mac OS X) AppleWebKit/600.1.4 (KHTML, like Gecko) Mobile/12B440"
93.158.130.177 - - [30/Dec/2018:10:50:37 +0700] "GET /tracking.gif?email=omu68%40yandex.ru&mailing=286 HTTP/1.0" 200 197 "-" "Mozilla/5.0 (compatible; YandexImageResizer/2.0; +http://yandex.com/bots)"
46.236.136.170 - - [30/Dec/2018:10:51:44 +0700] "GET /tracking.gif?email=sergei-lesin777%40mail.ru&mailing=287 HTTP/1.0" 200 197 "-" "Mozilla/5.0 (iPhone; CPU iPhone OS 8_1_2 like Mac OS X) AppleWebKit/600.1.4 (KHTML, like Gecko) Mobile/12B440"
188.93.56.123 - - [30/Dec/2018:10:53:00 +0700] "GET /tracking.gif?email=myachin900%40mail.ru&mailing=286 HTTP/1.0" 200 197 "-" "Mozilla/5.0 (X11; Linux x86_64) AppleWebKit/537.36 (KHTML, like Gecko)"
188.93.56.129 - - [30/Dec/2018:10:53:04 +0700] "GET /tracking.gif?email=Churilov_sa%40mail.ru&mailing=303 HTTP/1.0" 200 197 "-" "Mozilla/5.0 (X11; Linux x86_64) AppleWebKit/537.36 (KHTML, like Gecko)"
66.102.9.20 - - [30/Dec/2018:10:54:05 +0700] "GET /tracking.gif?email=andrewsmashallworld%40gmail.com&mailing=284 HTTP/1.0" 200 197 "-" "Mozilla/5.0 (Windows NT 5.1; rv:11.0) Gecko Firefox/11.0 (via ggpht.com GoogleImageProxy)"
188.93.56.124 - - [30/Dec/2018:10:54:10 +0700] "GET /tracking.gif?email=Krivosheeva.oles%40mail.ru&mailing=289 HTTP/1.0" 200 197 "-" "Mozilla/5.0 (X11; Linux x86_64) AppleWebKit/537.36 (KHTML, like Gecko)"
188.93.56.124 - - [30/Dec/2018:10:54:55 +0700] "GET /tracking.gif?email=sergynia05782002%40mail.ru&mailing=287 HTTP/1.0" 200 197 "-" "Mozilla/5.0 (X11; Linux x86_64) AppleWebKit/537.36 (KHTML, like Gecko)"
188.93.56.124 - - [30/Dec/2018:10:55:50 +0700] "GET /tracking.gif?email=sergynia05782002%40mail.ru&mailing=286 HTTP/1.0" 200 197 "-" "Mozilla/5.0 (X11; Linux x86_64) AppleWebKit/537.36 (KHTML, like Gecko)"
5.255.241.232 - - [30/Dec/2018:10:57:13 +0700] "GET /tracking.gif?email=samelyk-olga%40yandex.ru&mailing=264 HTTP/1.0" 200 197 "-" "Mozilla/5.0 (compatible; YandexImageResizer/2.0; +http://yandex.com/bots)"
188.93.56.122 - - [30/Dec/2018:10:59:03 +0700] "GET /tracking.gif?email=m_sychugova%40mail.ru&mailing=274 HTTP/1.0" 200 197 "-" "Mozilla/5.0 (X11; Linux x86_64) AppleWebKit/537.36 (KHTML, like Gecko)"
81.25.79.224 - - [30/Dec/2018:11:00:11 +0700] "GET /tracking.gif?email=markeshas%40mail.ru&mailing=289 HTTP/1.0" 200 197 "-" "Mozilla/5.0 (compatible; MSIE 10.0; Windows NT 10.0; WOW64; Trident/7.0; Microsoft Outlook 16.0.11029; ms-office; MSOffice 16)"
213.87.127.15 - - [30/Dec/2018:11:00:17 +0700] "GET /tracking.gif?email=sergei-lesin777%40mail.ru&mailing=287 HTTP/1.0" 200 197 "-" "Mozilla/5.0 (iPhone; CPU iPhone OS 8_1_2 like Mac OS X) AppleWebKit/600.1.4 (KHTML, like Gecko) Mobile/12B440"
188.93.56.128 - - [30/Dec/2018:11:00:19 +0700] "GET /tracking.gif?email=viki1100%40mail.ru&mailing=274 HTTP/1.0" 200 197 "-" "Mozilla/5.0 (X11; Linux x86_64) AppleWebKit/537.36 (KHTML, like Gecko)"
213.87.127.15 - - [30/Dec/2018:11:00:30 +0700] "GET /tracking.gif?email=sergei-lesin777%40mail.ru&mailing=287 HTTP/1.0" 200 197 "-" "Mozilla/5.0 (iPhone; CPU iPhone OS 8_1_2 like Mac OS X) AppleWebKit/600.1.4 (KHTML, like Gecko) Mobile/12B440"
90.188.236.126 - - [30/Dec/2018:11:00:30 +0700] "GET /tracking.gif?email=pavlyuk_nv%40mail.ru&mailing=289 HTTP/1.0" 200 197 "-" "Mozilla/4.0 (compatible; MSIE 7.0; Windows NT 6.1; Trident/4.0; SLCC2; .NET CLR 2.0.50727; .NET CLR 3.5.30729; .NET CLR 3.0.30729; Media Center PC 6.0; .NET4.0C; .NET4.0E; ms-office; MSOffice 14)"
213.87.123.25 - - [30/Dec/2018:11:06:35 +0700] "GET /tracking.gif?email=alinakonfeetka%40icloud.com&mailing=286 HTTP/1.0" 200 197 "-" "Mozilla/5.0 (iPhone; CPU iPhone OS 11_4_1 like Mac OS X) AppleWebKit/605.1.15 (KHTML, like Gecko) Mobile/15G77"
188.93.56.123 - - [30/Dec/2018:11:06:43 +0700] "GET /tracking.gif?email=gracheva.1989%40bk.ru&mailing=270 HTTP/1.0" 200 197 "-" "Mozilla/5.0 (X11; Linux x86_64) AppleWebKit/537.36 (KHTML, like Gecko)"
188.93.56.122 - - [30/Dec/2018:11:07:14 +0700] "GET /tracking.gif?email=v.novoselov74%40mail.ru&mailing=270 HTTP/1.0" 200 197 "-" "Mozilla/5.0 (X11; Linux x86_64) AppleWebKit/537.36 (KHTML, like Gecko)"
188.93.56.122 - - [30/Dec/2018:11:08:08 +0700] "GET /tracking.gif?email=onskulpetr%40mail.ru&mailing=287 HTTP/1.0" 200 197 "-" "Mozilla/5.0 (X11; Linux x86_64) AppleWebKit/537.36 (KHTML, like Gecko)"
66.102.9.20 - - [30/Dec/2018:11:08:47 +0700] "GET /tracking.gif?email=kranina.m.y%40gmail.com&mailing=287 HTTP/1.0" 200 197 "-" "Mozilla/5.0 (Windows NT 5.1; rv:11.0) Gecko Firefox/11.0 (via ggpht.com GoogleImageProxy)"
188.93.56.123 - - [30/Dec/2018:11:09:44 +0700] "GET /tracking.gif?email=maks99711%40mail.ru&mailing=274 HTTP/1.0" 200 197 "-" "Mozilla/5.0 (X11; Linux x86_64) AppleWebKit/537.36 (KHTML, like Gecko)"
188.93.56.125 - - [30/Dec/2018:11:12:48 +0700] "GET /tracking.gif?email=widerspiegel%40mail.ru&mailing=286 HTTP/1.0" 200 197 "-" "Mozilla/5.0 (X11; Linux x86_64) AppleWebKit/537.36 (KHTML, like Gecko)"
78.139.193.88 - - [30/Dec/2018:11:14:10 +0700] "GET /tracking.gif?email=nagaiceva-e%40mail.ru&mailing=286 HTTP/1.0" 200 197 "-" "Mozilla/5.0 (Linux; Android 7.1.1; E6653 Build/32.4.A.1.54; wv) AppleWebKit/537.36 (KHTML, like Gecko) Version/4.0 Chrome/71.0.3578.99 Mobile Safari/537.36"
78.139.193.88 - - [30/Dec/2018:11:14:11 +0700] "GET /tracking.gif?email=nagaiceva-e%40mail.ru&mailing=286 HTTP/1.0" 200 197 "-" "Mozilla/5.0 (Linux; Android 7.1.1; E6653 Build/32.4.A.1.54; wv) AppleWebKit/537.36 (KHTML, like Gecko) Version/4.0 Chrome/71.0.3578.99 Mobile Safari/537.36"
195.206.49.141 - - [30/Dec/2018:11:15:47 +0700] "GET /tracking.gif?email=monolyt2003-95%40yandex.ru&mailing=289 HTTP/1.0" 200 197 "-" "Mozilla/5.0 (iPad; CPU OS 12_1 like Mac OS X) AppleWebKit/605.1.15 (KHTML, like Gecko) Mobile/16B92"
195.206.49.141 - - [30/Dec/2018:11:15:50 +0700] "GET /tracking.gif?email=monolyt2003-95%40yandex.ru&mailing=289 HTTP/1.0" 200 197 "-" "Mozilla/5.0 (iPad; CPU OS 12_1 like Mac OS X) AppleWebKit/605.1.15 (KHTML, like Gecko) Mobile/16B92"
188.93.56.122 - - [30/Dec/2018:11:15:57 +0700] "GET /tracking.gif?email=ilfat_irnazarov%40mail.ru&mailing=268 HTTP/1.0" 200 197 "-" "Mozilla/5.0 (X11; Linux x86_64) AppleWebKit/537.36 (KHTML, like Gecko)"
195.206.49.141 - - [30/Dec/2018:11:16:21 +0700] "GET /tracking.gif?email=monolyt2003-95%40yandex.ru&mailing=289 HTTP/1.0" 200 197 "-" "Mozilla/5.0 (iPad; CPU OS 12_1 like Mac OS X) AppleWebKit/605.1.15 (KHTML, like Gecko) Mobile/16B92"
176.215.228.136 - - [30/Dec/2018:11:18:06 +0700] "GET /tracking.gif?email=Gotovskaya-elena%40mail.ru&mailing=284 HTTP/1.0" 200 197 "-" "Mozilla/5.0 (iPad; CPU OS 12_1_1 like Mac OS X) AppleWebKit/605.1.15 (KHTML, like Gecko) Mobile/16C50"
188.93.56.128 - - [30/Dec/2018:11:18:11 +0700] "GET /tracking.gif?email=gamershmidt.miha97%40mail.ru&mailing=280 HTTP/1.0" 200 197 "-" "Mozilla/5.0 (X11; Linux x86_64) AppleWebKit/537.36 (KHTML, like Gecko)"
178.216.222.215 - - [30/Dec/2018:11:18:39 +0700] "GET /tracking.gif?email=sahalin_1975%40mail.ru&mailing=274 HTTP/1.0" 200 197 "-" "Mozilla/5.0 (Linux; Android 6.0; LG-K350 Build/MRA58K; wv) AppleWebKit/537.36 (KHTML, like Gecko) Version/4.0 Chrome/71.0.3578.99 Mobile Safari/537.36"
188.93.56.124 - - [30/Dec/2018:11:18:45 +0700] "GET /tracking.gif?email=tls%40list.ru&mailing=286 HTTP/1.0" 200 197 "-" "Mozilla/5.0 (X11; Linux x86_64) AppleWebKit/537.36 (KHTML, like Gecko)"
5.255.241.227 - - [30/Dec/2018:11:19:00 +0700] "GET /tracking.gif?email=aosedko%40yandex.ru&mailing=287 HTTP/1.0" 200 197 "-" "Mozilla/5.0 (compatible; YandexImageResizer/2.0; +http://yandex.com/bots)"
188.93.56.121 - - [30/Dec/2018:11:19:59 +0700] "GET /tracking.gif?email=cerega0606%40mail.ru&mailing=291 HTTP/1.0" 200 197 "-" "Mozilla/5.0 (X11; Linux x86_64) AppleWebKit/537.36 (KHTML, like Gecko)"
188.93.56.124 - - [30/Dec/2018:11:21:41 +0700] "GET /tracking.gif?email=m.a.savelieva%40mail.ru&mailing=286 HTTP/1.0" 200 197 "-" "Mozilla/5.0 (X11; Linux x86_64) AppleWebKit/537.36 (KHTML, like Gecko)"
188.93.56.127 - - [30/Dec/2018:11:24:14 +0700] "GET /tracking.gif?email=kirayr%40mail.ru&mailing=286 HTTP/1.0" 200 197 "-" "Mozilla/5.0 (X11; Linux x86_64) AppleWebKit/537.36 (KHTML, like Gecko)"
188.93.56.129 - - [30/Dec/2018:11:25:10 +0700] "GET /tracking.gif?email=Wasd8%40bk.ru&mailing=303 HTTP/1.0" 200 197 "-" "Mozilla/5.0 (X11; Linux x86_64) AppleWebKit/537.36 (KHTML, like Gecko)"
188.93.56.126 - - [30/Dec/2018:11:25:26 +0700] "GET /tracking.gif?email=Wasd8%40bk.ru&mailing=278 HTTP/1.0" 200 197 "-" "Mozilla/5.0 (X11; Linux x86_64) AppleWebKit/537.36 (KHTML, like Gecko)"
188.93.56.127 - - [30/Dec/2018:11:25:27 +0700] "GET /tracking.gif?email=d.marchenko.83%40mail.ru&mailing=274 HTTP/1.0" 200 197 "-" "Mozilla/5.0 (X11; Linux x86_64) AppleWebKit/537.36 (KHTML, like Gecko)"
188.93.56.127 - - [30/Dec/2018:11:25:34 +0700] "GET /tracking.gif?email=d.marchenko.83%40mail.ru&mailing=241 HTTP/1.0" 200 197 "-" "Mozilla/5.0 (X11; Linux x86_64) AppleWebKit/537.36 (KHTML, like Gecko)"
188.93.56.124 - - [30/Dec/2018:11:26:08 +0700] "GET /tracking.gif?email=bakushkin.ivan%40mail.ru&mailing=287 HTTP/1.0" 200 197 "-" "Mozilla/5.0 (X11; Linux x86_64) AppleWebKit/537.36 (KHTML, like Gecko)"
188.93.56.127 - - [30/Dec/2018:11:26:40 +0700] "GET /tracking.gif?email=reshetneva90%40list.ru&mailing=280 HTTP/1.0" 200 197 "-" "Mozilla/5.0 (X11; Linux x86_64) AppleWebKit/537.36 (KHTML, like Gecko)"
5.255.241.239 - - [30/Dec/2018:11:28:22 +0700] "GET /tracking.gif?email=e.burdakowa%40yandex.ru&mailing=270 HTTP/1.0" 200 197 "-" "Mozilla/5.0 (compatible; YandexImageResizer/2.0; +http://yandex.com/bots)"
188.93.56.128 - - [30/Dec/2018:11:28:30 +0700] "GET /tracking.gif?email=zl0y%40bk.ru&mailing=274 HTTP/1.0" 200 197 "-" "Mozilla/5.0 (X11; Linux x86_64) AppleWebKit/537.36 (KHTML, like Gecko)"
188.93.56.121 - - [30/Dec/2018:11:29:36 +0700] "GET /tracking.gif?email=Irinamaks1985%40mail.ru&mailing=279 HTTP/1.0" 200 197 "-" "Mozilla/5.0 (X11; Linux x86_64) AppleWebKit/537.36 (KHTML, like Gecko)"
37.9.65.69 - - [30/Dec/2018:11:30:40 +0700] "GET /tracking.gif?email=Zverka90%40yandex.ru&mailing=286 HTTP/1.0" 200 197 "-" "Mozilla/5.0 (compatible; YandexImageResizer/2.0; +http://yandex.com/bots)"
37.9.65.84 - - [30/Dec/2018:11:32:13 +0700] "GET /tracking.gif?email=Zverka90%40yandex.ru&mailing=257 HTTP/1.0" 200 197 "-" "Mozilla/5.0 (compatible; YandexImageResizer/2.0; +http://yandex.com/bots)"
109.171.80.93 - - [30/Dec/2018:11:33:16 +0700] "GET /tracking.gif?email=Lisa_men2010%40mail.ru&mailing=286 HTTP/1.0" 200 197 "-" "Mozilla/4.0 (compatible; MSIE 7.0; Windows Phone OS 7.0; Trident/3.1; IEMobile/7.0; NOKIA; Lumia 925)"
109.171.80.93 - - [30/Dec/2018:11:33:18 +0700] "GET /tracking.gif?email=Lisa_men2010%40mail.ru&mailing=286 HTTP/1.0" 200 197 "-" "Mozilla/4.0 (compatible; MSIE 7.0; Windows Phone OS 7.0; Trident/3.1; IEMobile/7.0; NOKIA; Lumia 925)"
188.93.56.124 - - [30/Dec/2018:11:34:23 +0700] "GET /tracking.gif?email=kharchenko.ai%40mail.ru&mailing=274 HTTP/1.0" 200 197 "-" "Mozilla/5.0 (X11; Linux x86_64) AppleWebKit/537.36 (KHTML, like Gecko)"
176.215.228.136 - - [30/Dec/2018:11:35:07 +0700] "GET /tracking.gif?email=Gotovskaya-elena%40mail.ru&mailing=260 HTTP/1.0" 200 197 "-" "Mozilla/5.0 (iPad; CPU OS 12_1_1 like Mac OS X) AppleWebKit/605.1.15 (KHTML, like Gecko) Mobile/16C50"
188.93.56.130 - - [30/Dec/2018:11:36:29 +0700] "GET /tracking.gif?email=86meksik86%40mail.ru&mailing=303 HTTP/1.0" 200 197 "-" "Mozilla/5.0 (X11; Linux x86_64) AppleWebKit/537.36 (KHTML, like Gecko)"
188.93.56.122 - - [30/Dec/2018:11:41:47 +0700] "GET /tracking.gif?email=domino09%40list.ru&mailing=270 HTTP/1.0" 200 197 "-" "Mozilla/5.0 (X11; Linux x86_64) AppleWebKit/537.36 (KHTML, like Gecko)"
185.54.238.77 - - [30/Dec/2018:11:41:54 +0700] "GET /unsubscribe/?email=domino09%40list.ru&mailing=270 HTTP/1.0" 200 983 "-" "Mozilla/5.0 (Windows NT 10.0; Win64; x64) AppleWebKit/537.36 (KHTML, like Gecko) Chrome/71.0.3578.98 Safari/537.36"
185.54.238.77 - - [30/Dec/2018:11:41:55 +0700] "GET /img/popcorn.svg HTTP/1.0" 200 1187 "http://mailing.etobilet.ru/css/main.css" "Mozilla/5.0 (Windows NT 10.0; Win64; x64) AppleWebKit/537.36 (KHTML, like Gecko) Chrome/71.0.3578.98 Safari/537.36"
185.54.238.77 - - [30/Dec/2018:11:42:09 +0700] "GET /unsubscribe/?email=domino09%40list.ru&mailing=270&confirmed=1 HTTP/1.0" 200 754 "http://mailing.etobilet.ru/unsubscribe/?email=domino09%40list.ru&mailing=270" "Mozilla/5.0 (Windows NT 10.0; Win64; x64) AppleWebKit/537.36 (KHTML, like Gecko) Chrome/71.0.3578.98 Safari/537.36"
188.93.56.128 - - [30/Dec/2018:11:42:42 +0700] "GET /tracking.gif?email=ulia.62%40mail.ru&mailing=279 HTTP/1.0" 200 197 "-" "Mozilla/5.0 (X11; Linux x86_64) AppleWebKit/537.36 (KHTML, like Gecko)"
188.93.56.123 - - [30/Dec/2018:11:43:23 +0700] "GET /tracking.gif?email=butvolga%40mail.ru&mailing=286 HTTP/1.0" 200 197 "-" "Mozilla/5.0 (X11; Linux x86_64) AppleWebKit/537.36 (KHTML, like Gecko)"
176.59.208.249 - - [30/Dec/2018:11:44:33 +0700] "GET /tracking.gif?email=anopa%40me.com&mailing=291 HTTP/1.0" 200 197 "-" "Mozilla/5.0 (iPhone; CPU iPhone OS 12_1 like Mac OS X) AppleWebKit/605.1.15 (KHTML, like Gecko) Mobile/16B92"
188.93.56.130 - - [30/Dec/2018:11:44:49 +0700] "GET /tracking.gif?email=ja38%40mail.ru&mailing=289 HTTP/1.0" 200 197 "-" "Mozilla/5.0 (X11; Linux x86_64) AppleWebKit/537.36 (KHTML, like Gecko)"
188.93.56.129 - - [30/Dec/2018:11:45:18 +0700] "GET /tracking.gif?email=karina-bes4astnyh%40mail.ru&mailing=303 HTTP/1.0" 200 197 "-" "Mozilla/5.0 (X11; Linux x86_64) AppleWebKit/537.36 (KHTML, like Gecko)"
188.93.56.130 - - [30/Dec/2018:11:45:19 +0700] "GET /tracking.gif?email=ja38%40mail.ru&mailing=289 HTTP/1.0" 200 197 "-" "Mozilla/5.0 (X11; Linux x86_64) AppleWebKit/537.36 (KHTML, like Gecko)"
188.93.56.130 - - [30/Dec/2018:11:45:20 +0700] "GET /tracking.gif?email=ja38%40mail.ru&mailing=289 HTTP/1.0" 200 197 "-" "Mozilla/5.0 (X11; Linux x86_64) AppleWebKit/537.36 (KHTML, like Gecko)"
188.93.56.124 - - [30/Dec/2018:11:45:50 +0700] "GET /tracking.gif?email=afanvera75%40mail.ru&mailing=270 HTTP/1.0" 200 197 "-" "Mozilla/5.0 (X11; Linux x86_64) AppleWebKit/537.36 (KHTML, like Gecko)"
188.93.56.123 - - [30/Dec/2018:11:46:26 +0700] "GET /tracking.gif?email=shs9%40bk.ru&mailing=280 HTTP/1.0" 200 197 "-" "Mozilla/5.0 (X11; Linux x86_64) AppleWebKit/537.36 (KHTML, like Gecko)"
77.106.111.220 - - [30/Dec/2018:11:47:13 +0700] "GET /tracking.gif?email=vdovikkate%40icloud.com&mailing=287 HTTP/1.0" 200 197 "-" "Mozilla/5.0 (iPhone; CPU iPhone OS 12_1_2 like Mac OS X) AppleWebKit/605.1.15 (KHTML, like Gecko) Mobile/16C101"
188.93.56.121 - - [30/Dec/2018:11:48:06 +0700] "GET /tracking.gif?email=ulia.62%40mail.ru&mailing=279 HTTP/1.0" 200 197 "-" "Mozilla/5.0 (X11; Linux x86_64) AppleWebKit/537.36 (KHTML, like Gecko)"
188.93.56.122 - - [30/Dec/2018:11:48:07 +0700] "GET /tracking.gif?email=ermilova3080%40mail.ru&mailing=287 HTTP/1.0" 200 197 "-" "Mozilla/5.0 (X11; Linux x86_64) AppleWebKit/537.36 (KHTML, like Gecko)"
188.93.56.122 - - [30/Dec/2018:11:48:18 +0700] "GET /tracking.gif?email=ermilova3080%40mail.ru&mailing=287 HTTP/1.0" 200 197 "-" "Mozilla/5.0 (X11; Linux x86_64) AppleWebKit/537.36 (KHTML, like Gecko)"
188.93.56.122 - - [30/Dec/2018:11:48:19 +0700] "GET /tracking.gif?email=ermilova3080%40mail.ru&mailing=287 HTTP/1.0" 200 197 "-" "Mozilla/5.0 (X11; Linux x86_64) AppleWebKit/537.36 (KHTML, like Gecko)"
93.158.130.167 - - [30/Dec/2018:11:50:01 +0700] "GET /tracking.gif?email=tinceev%40yandex.ru&mailing=255 HTTP/1.0" 200 197 "-" "Mozilla/5.0 (compatible; YandexImageResizer/2.0; +http://yandex.com/bots)"
