188.93.56.122 - - [03/Dec/2018:09:17:05 +0700] "GET /tracking.gif?email=japollgota%40mail.ru&mailing=170 HTTP/1.0" 200 197 "-" "Mozilla/5.0 (X11; Linux x86_64) AppleWebKit/537.36 (KHTML, like Gecko)"
188.93.56.127 - - [03/Dec/2018:09:17:52 +0700] "GET /tracking.gif?email=ses77%40mail.ru&mailing=170 HTTP/1.0" 200 197 "-" "Mozilla/5.0 (X11; Linux x86_64) AppleWebKit/537.36 (KHTML, like Gecko)"
188.93.56.127 - - [03/Dec/2018:09:18:38 +0700] "GET /tracking.gif?email=t.chaplinskaya%40mail.ru&mailing=170 HTTP/1.0" 200 197 "-" "Mozilla/5.0 (X11; Linux x86_64) AppleWebKit/537.36 (KHTML, like Gecko)"
188.93.56.121 - - [03/Dec/2018:09:20:31 +0700] "GET /tracking.gif?email=mikhail0213%40bk.ru&mailing=170 HTTP/1.0" 200 197 "-" "Mozilla/5.0 (X11; Linux x86_64) AppleWebKit/537.36 (KHTML, like Gecko)"
217.118.79.45 - - [03/Dec/2018:09:21:55 +0700] "GET /tracking.gif?email=vodoley97%40yandex.ru&mailing=170 HTTP/1.0" 200 197 "-" "Mozilla/5.0 (iPhone; CPU iPhone OS 11_4_1 like Mac OS X) AppleWebKit/605.1.15 (KHTML, like Gecko) Mobile/15G77"
83.172.0.250 - - [03/Dec/2018:09:25:13 +0700] "GET /tracking.gif?email=kan%40tomric.ru&mailing=170 HTTP/1.0" 200 197 "-" "Mozilla/5.0 (Windows NT 6.1; rv:60.0) Gecko/20100101 Thunderbird/60.3.1 Lightning/6.2.3.1"
188.93.56.129 - - [03/Dec/2018:09:26:36 +0700] "GET /tracking.gif?email=renatik2205%40mail.ru&mailing=170 HTTP/1.0" 200 197 "-" "Mozilla/5.0 (X11; Linux x86_64) AppleWebKit/537.36 (KHTML, like Gecko)"
81.19.78.160 - - [03/Dec/2018:09:28:04 +0700] "GET /tracking.gif?email=rtv.tata%40rambler.ru&mailing=170 HTTP/1.0" 200 197 "http://mail.rambler.ru/" "RamblerMail/6.0 (incompatible; ImageProxy/6.0)"
81.19.78.160 - - [03/Dec/2018:09:28:08 +0700] "GET /tracking.gif?email=rtv.tata%40rambler.ru&mailing=170 HTTP/1.0" 200 197 "http://mail.rambler.ru/" "RamblerMail/6.0 (incompatible; ImageProxy/6.0)"
178.154.244.1 - - [03/Dec/2018:09:29:12 +0700] "GET /robots.txt HTTP/1.0" 404 180 "-" "Mozilla/5.0 (compatible; YandexBot/3.0; +http://yandex.com/bots)"
5.45.207.53 - - [03/Dec/2018:09:29:16 +0700] "GET /unsubscribe/?email=v.golovin1975%40yandex.ru&mailing=170&confirmed=1 HTTP/1.0" 200 747 "-" "Mozilla/5.0 (compatible; YandexBot/3.0; +http://yandex.com/bots)"
66.102.9.17 - - [03/Dec/2018:09:30:49 +0700] "GET /tracking.gif?email=korzovatv%40gmail.com&mailing=170 HTTP/1.0" 200 197 "-" "Mozilla/5.0 (Windows NT 5.1; rv:11.0) Gecko Firefox/11.0 (via ggpht.com GoogleImageProxy)"
188.93.56.130 - - [03/Dec/2018:09:33:03 +0700] "GET /tracking.gif?email=sokolov.4427%40mail.ru&mailing=170 HTTP/1.0" 200 197 "-" "Mozilla/5.0 (X11; Linux x86_64) AppleWebKit/537.36 (KHTML, like Gecko)"
188.93.56.125 - - [03/Dec/2018:09:33:23 +0700] "GET /tracking.gif?email=flywings%40mail.ru&mailing=170 HTTP/1.0" 200 197 "-" "Mozilla/5.0 (X11; Linux x86_64) AppleWebKit/537.36 (KHTML, like Gecko)"
188.93.56.121 - - [03/Dec/2018:09:34:06 +0700] "GET /tracking.gif?email=dtv0407%40mail.ru&mailing=170 HTTP/1.0" 200 197 "-" "Mozilla/5.0 (X11; Linux x86_64) AppleWebKit/537.36 (KHTML, like Gecko)"
188.93.56.121 - - [03/Dec/2018:09:35:05 +0700] "GET /tracking.gif?email=olya_boltovskaya%40mail.ru&mailing=170 HTTP/1.0" 200 197 "-" "Mozilla/5.0 (X11; Linux x86_64) AppleWebKit/537.36 (KHTML, like Gecko)"
77.88.11.242 - - [03/Dec/2018:09:36:46 +0700] "GET /tracking.gif?email=zip84%40yandex.ru&mailing=170 HTTP/1.0" 200 197 "-" "Mozilla/5.0 (compatible; YandexImageResizer/2.0; +http://yandex.com/bots)"
188.93.56.124 - - [03/Dec/2018:09:36:52 +0700] "GET /tracking.gif?email=dizain_na_5%40mail.ru&mailing=170 HTTP/1.0" 200 197 "-" "Mozilla/5.0 (X11; Linux x86_64) AppleWebKit/537.36 (KHTML, like Gecko)"
188.93.56.130 - - [03/Dec/2018:09:37:32 +0700] "GET /tracking.gif?email=Anas_dem2%40mail.ru&mailing=170 HTTP/1.0" 200 197 "-" "Mozilla/5.0 (X11; Linux x86_64) AppleWebKit/537.36 (KHTML, like Gecko)"
81.19.78.161 - - [03/Dec/2018:09:38:21 +0700] "GET /tracking.gif?email=platon1%40rambler.ru&mailing=170 HTTP/1.0" 200 197 "https://mail.rambler.ru/" "RamblerMail/6.0 (incompatible; ImageProxy/6.0)"
188.93.56.128 - - [03/Dec/2018:09:38:27 +0700] "GET /tracking.gif?email=sim_vlad%40mail.ru&mailing=170 HTTP/1.0" 200 197 "-" "Mozilla/5.0 (X11; Linux x86_64) AppleWebKit/537.36 (KHTML, like Gecko)"
213.180.215.162 - - [03/Dec/2018:09:38:41 +0700] "GET /tracking.gif?email=speranto09%40yandex.ru&mailing=170 HTTP/1.0" 200 197 "-" "Mozilla/5.0 (compatible; YandexImageResizer/2.0; +http://yandex.com/bots)"
188.93.56.128 - - [03/Dec/2018:09:40:28 +0700] "GET /tracking.gif?email=berry13%40bk.ru&mailing=170 HTTP/1.0" 200 197 "-" "Mozilla/5.0 (X11; Linux x86_64) AppleWebKit/537.36 (KHTML, like Gecko)"
213.87.224.216 - - [03/Dec/2018:09:41:18 +0700] "GET /tracking.gif?email=Poleshuk2709%40mail.ru&mailing=132 HTTP/1.0" 200 197 "-" "Mozilla/5.0 (iPhone; CPU iPhone OS 12_0 like Mac OS X) AppleWebKit/605.1.15 (KHTML, like Gecko) Mobile/16A366"
188.93.56.130 - - [03/Dec/2018:09:42:39 +0700] "GET /tracking.gif?email=romanovats2017%40mail.ru&mailing=170 HTTP/1.0" 200 197 "-" "Mozilla/5.0 (X11; Linux x86_64) AppleWebKit/537.36 (KHTML, like Gecko)"
37.9.102.251 - - [03/Dec/2018:09:43:54 +0700] "GET /tracking.gif?email=vitalik-surgut%40yandex.ru&mailing=146 HTTP/1.0" 200 197 "-" "Mozilla/5.0 (compatible; YandexImageResizer/2.0; +http://yandex.com/bots)"
188.93.56.122 - - [03/Dec/2018:09:44:02 +0700] "GET /tracking.gif?email=kizilova_tn%40mail.ru&mailing=170 HTTP/1.0" 200 197 "-" "Mozilla/5.0 (X11; Linux x86_64) AppleWebKit/537.36 (KHTML, like Gecko)"
5.136.114.183 - - [03/Dec/2018:09:46:02 +0700] "GET /tracking.gif?email=shiban68%40gmail.com&mailing=132 HTTP/1.0" 200 197 "-" "Microsoft Office/16.0 (Microsoft Outlook 16.0.11001; Pro)"
188.93.56.125 - - [03/Dec/2018:09:51:35 +0700] "GET /tracking.gif?email=Yety_vtomske%40mail.ru&mailing=170 HTTP/1.0" 200 197 "-" "Mozilla/5.0 (X11; Linux x86_64) AppleWebKit/537.36 (KHTML, like Gecko)"
188.93.56.127 - - [03/Dec/2018:09:52:07 +0700] "GET /tracking.gif?email=mvk-70%40mail.ru&mailing=170 HTTP/1.0" 200 197 "-" "Mozilla/5.0 (X11; Linux x86_64) AppleWebKit/537.36 (KHTML, like Gecko)"
79.136.252.197 - - [03/Dec/2018:09:53:34 +0700] "GET /tracking.gif?email=badagasn%40gmail.com&mailing=170 HTTP/1.0" 200 197 "-" "Mozilla/5.0 (iPhone; CPU iPhone OS 12_1 like Mac OS X) AppleWebKit/605.1.15 (KHTML, like Gecko) Mobile/16B92"
188.93.56.126 - - [03/Dec/2018:09:53:50 +0700] "GET /tracking.gif?email=9158075%40mail.ru&mailing=170 HTTP/1.0" 200 197 "-" "Mozilla/5.0 (X11; Linux x86_64) AppleWebKit/537.36 (KHTML, like Gecko)"
188.93.56.125 - - [03/Dec/2018:09:54:52 +0700] "GET /tracking.gif?email=adora.m%40mail.ru&mailing=170 HTTP/1.0" 200 197 "-" "Mozilla/5.0 (X11; Linux x86_64) AppleWebKit/537.36 (KHTML, like Gecko)"
188.93.56.124 - - [03/Dec/2018:09:55:39 +0700] "GET /tracking.gif?email=aeon23%40mail.ru&mailing=170 HTTP/1.0" 200 197 "-" "Mozilla/5.0 (X11; Linux x86_64) AppleWebKit/537.36 (KHTML, like Gecko)"
188.93.56.130 - - [03/Dec/2018:09:55:59 +0700] "GET /tracking.gif?email=aeon23%40mail.ru&mailing=170 HTTP/1.0" 200 197 "-" "Mozilla/5.0 (X11; Linux x86_64) AppleWebKit/537.36 (KHTML, like Gecko)"
78.140.12.24 - - [03/Dec/2018:09:56:09 +0700] "GET /unsubscribe/?email=aeon23%40mail.ru&mailing=170 HTTP/1.0" 200 972 "-" "Mozilla/5.0 (Windows NT 10.0) AppleWebKit/537.36 (KHTML, like Gecko) Chrome/70.0.3538.110 Safari/537.36"
78.140.12.24 - - [03/Dec/2018:09:56:11 +0700] "GET /img/popcorn.svg HTTP/1.0" 200 1187 "http://mailing.etobilet.ru/css/main.css" "Mozilla/5.0 (Windows NT 10.0) AppleWebKit/537.36 (KHTML, like Gecko) Chrome/70.0.3538.110 Safari/537.36"
78.140.12.24 - - [03/Dec/2018:09:56:15 +0700] "GET /unsubscribe/?email=aeon23%40mail.ru&mailing=170&confirmed=1 HTTP/1.0" 200 747 "http://mailing.etobilet.ru/unsubscribe/?email=aeon23%40mail.ru&mailing=170" "Mozilla/5.0 (Windows NT 10.0) AppleWebKit/537.36 (KHTML, like Gecko) Chrome/70.0.3538.110 Safari/537.36"
185.37.190.41 - - [03/Dec/2018:09:59:27 +0700] "GET /tracking.gif?email=maximxxl%40mail.ru&mailing=170 HTTP/1.0" 200 197 "-" "Mozilla/4.0 (compatible; MSIE 7.0; Windows NT 10.0; WOW64; Trident/7.0; .NET4.0C; .NET4.0E; .NET CLR 2.0.50727; .NET CLR 3.0.30729; .NET CLR 3.5.30729; Microsoft Outlook 16.0.4771; ms-office; MSOffice 16)"
185.37.190.41 - - [03/Dec/2018:09:59:29 +0700] "GET /tracking.gif?email=maximxxl%40mail.ru&mailing=170 HTTP/1.0" 200 197 "-" "Mozilla/4.0 (compatible; MSIE 7.0; Windows NT 10.0; WOW64; Trident/7.0; .NET4.0C; .NET4.0E; .NET CLR 2.0.50727; .NET CLR 3.0.30729; .NET CLR 3.5.30729; Microsoft Outlook 16.0.4771; ms-office; MSOffice 16)"
188.93.56.125 - - [03/Dec/2018:10:00:30 +0700] "GET /tracking.gif?email=Sherbinina2015%40mail.ru&mailing=170 HTTP/1.0" 200 197 "-" "Mozilla/5.0 (X11; Linux x86_64) AppleWebKit/537.36 (KHTML, like Gecko)"
81.19.78.161 - - [03/Dec/2018:10:07:20 +0700] "GET /tracking.gif?email=kremnev%40ro.ru&mailing=168 HTTP/1.0" 200 197 "https://mail.rambler.ru/?utm_source=head&utm_campaign=self_promo&utm_medium=topline&utm_content=mail" "RamblerMail/6.0 (incompatible; ImageProxy/6.0)"
188.93.56.124 - - [03/Dec/2018:10:09:27 +0700] "GET /tracking.gif?email=a_lypkan%40inbox.ru&mailing=170 HTTP/1.0" 200 197 "-" "Mozilla/5.0 (X11; Linux x86_64) AppleWebKit/537.36 (KHTML, like Gecko)"
188.93.56.130 - - [03/Dec/2018:10:09:59 +0700] "GET /tracking.gif?email=a_lypkan%40inbox.ru&mailing=132 HTTP/1.0" 200 197 "-" "Mozilla/5.0 (X11; Linux x86_64) AppleWebKit/537.36 (KHTML, like Gecko)"
109.194.47.3 - - [03/Dec/2018:10:10:28 +0700] "GET /tracking.gif?email=Sl%40rde.ru&mailing=170 HTTP/1.0" 200 197 "-" "Outlook-Express/7.0 (MSIE 7.0; Windows NT 5.1; Trident/4.0; InfoPath.1; .NET CLR 2.0.50727; .NET4.0C; .NET4.0E; .NET CLR 3.0.4506.2152; .NET CLR 3.5.30729; TmstmpExt)"
188.93.56.125 - - [03/Dec/2018:10:11:28 +0700] "GET /tracking.gif?email=anikin.ivan.1997%40mail.ru&mailing=170 HTTP/1.0" 200 197 "-" "Mozilla/5.0 (X11; Linux x86_64) AppleWebKit/537.36 (KHTML, like Gecko)"
62.68.141.40 - - [03/Dec/2018:10:11:43 +0700] "GET /tracking.gif?email=[%VAR%20RCPT.EMAIL%20ESCAPE=URL%]&mailing=[%VAR%20MAILING.ID%] HTTP/1.0" 200 197 "-" "Mozilla/5.0 (Macintosh; Intel Mac OS X 10_14_1) AppleWebKit/537.36 (KHTML, like Gecko) Chrome/70.0.3538.110 Safari/537.36"
188.93.56.125 - - [03/Dec/2018:10:12:05 +0700] "GET /tracking.gif?email=jj_chertkova%40mail.ru&mailing=170 HTTP/1.0" 200 197 "-" "Mozilla/5.0 (X11; Linux x86_64) AppleWebKit/537.36 (KHTML, like Gecko)"
188.162.86.20 - - [03/Dec/2018:10:12:30 +0700] "GET /tracking.gif?email=vika972410%40gmail.com&mailing=124 HTTP/1.0" 200 197 "-" "Mozilla/5.0 (iPhone; CPU iPhone OS 12_1 like Mac OS X) AppleWebKit/605.1.15 (KHTML, like Gecko) Mobile/16B92"
62.68.141.40 - - [03/Dec/2018:10:13:04 +0700] "GET /tracking.gif?email=[%VAR%20RCPT.EMAIL%20ESCAPE=URL%]&mailing=[%VAR%20MAILING.ID%] HTTP/1.0" 200 197 "-" "Mozilla/5.0 (Macintosh; Intel Mac OS X 10_14_1) AppleWebKit/537.36 (KHTML, like Gecko) Chrome/70.0.3538.110 Safari/537.36"
62.68.141.40 - - [03/Dec/2018:10:13:25 +0700] "GET /tracking.gif?email=[%VAR%20RCPT.EMAIL%20ESCAPE=URL%]&mailing=[%VAR%20MAILING.ID%] HTTP/1.0" 200 197 "-" "Mozilla/5.0 (Macintosh; Intel Mac OS X 10_14_1) AppleWebKit/537.36 (KHTML, like Gecko) Chrome/70.0.3538.110 Safari/537.36"
188.93.56.125 - - [03/Dec/2018:10:14:01 +0700] "GET /tracking.gif?email=oksanaoxy%40mail.ru&mailing=170 HTTP/1.0" 200 197 "-" "Mozilla/5.0 (X11; Linux x86_64) AppleWebKit/537.36 (KHTML, like Gecko)"
188.93.56.122 - - [03/Dec/2018:10:15:21 +0700] "GET /tracking.gif?email=hyanitadomingas%40mail.ru&mailing=170 HTTP/1.0" 200 197 "-" "Mozilla/5.0 (X11; Linux x86_64) AppleWebKit/537.36 (KHTML, like Gecko)"
66.102.9.17 - - [03/Dec/2018:10:19:47 +0700] "GET /tracking.gif?email=mjdrnrsw%40gmail.com&mailing=124 HTTP/1.0" 200 197 "-" "Mozilla/5.0 (Windows NT 5.1; rv:11.0) Gecko Firefox/11.0 (via ggpht.com GoogleImageProxy)"
188.93.56.121 - - [03/Dec/2018:10:20:47 +0700] "GET /tracking.gif?email=serg_stasy%40mail.ru&mailing=170 HTTP/1.0" 200 197 "-" "Mozilla/5.0 (X11; Linux x86_64) AppleWebKit/537.36 (KHTML, like Gecko)"
109.194.47.3 - - [03/Dec/2018:10:21:42 +0700] "GET /tracking.gif?email=Lesvina%40rde.ru&mailing=170 HTTP/1.0" 200 197 "-" "Mozilla/4.0 (compatible; MSIE 7.0; Windows NT 5.1; Trident/4.0; .NET CLR 2.0.50727; .NET4.0C; .NET4.0E; .NET CLR 3.0.4506.2152; .NET CLR 3.5.30729)"
109.194.47.3 - - [03/Dec/2018:10:21:45 +0700] "GET /tracking.gif?email=Lesvina%40rde.ru&mailing=170 HTTP/1.0" 200 197 "-" "Mozilla/4.0 (compatible; MSIE 7.0; Windows NT 5.1; Trident/4.0; .NET CLR 2.0.50727; .NET4.0C; .NET4.0E; .NET CLR 3.0.4506.2152; .NET CLR 3.5.30729)"
37.21.217.40 - - [03/Dec/2018:10:24:10 +0700] "GET /tracking.gif?email=sda%40nikolas.ru&mailing=170 HTTP/1.0" 200 197 "-" "Mozilla/4.0 (compatible; MSIE 7.0; Windows NT 10.0; Win64; x64; Trident/7.0; .NET4.0C; .NET4.0E; Microsoft Outlook 16.0.4266; ms-office; MSOffice 16)"
81.19.78.161 - - [03/Dec/2018:10:24:49 +0700] "GET /tracking.gif?email=sopromatchik%40rambler.ru&mailing=170 HTTP/1.0" 200 197 "https://mail.rambler.ru/?utm_source=head&utm_campaign=self_promo&utm_medium=topline&utm_content=mail" "RamblerMail/6.0 (incompatible; ImageProxy/6.0)"
93.158.130.176 - - [03/Dec/2018:10:26:34 +0700] "GET /tracking.gif?email=utterly84%40yandex.ru&mailing=170 HTTP/1.0" 200 197 "-" "Mozilla/5.0 (compatible; YandexImageResizer/2.0; +http://yandex.com/bots)"
66.102.9.20 - - [03/Dec/2018:10:26:46 +0700] "GET /tracking.gif?email=kharlamova83%40gmail.com&mailing=170 HTTP/1.0" 200 197 "-" "Mozilla/5.0 (Windows NT 5.1; rv:11.0) Gecko Firefox/11.0 (via ggpht.com GoogleImageProxy)"
188.93.56.125 - - [03/Dec/2018:10:27:50 +0700] "GET /tracking.gif?email=ka_am%40mail.ru&mailing=170 HTTP/1.0" 200 197 "-" "Mozilla/5.0 (X11; Linux x86_64) AppleWebKit/537.36 (KHTML, like Gecko)"
188.93.56.126 - - [03/Dec/2018:10:28:27 +0700] "GET /tracking.gif?email=Dgdanilov%40mail.ru&mailing=170 HTTP/1.0" 200 197 "-" "Mozilla/5.0 (X11; Linux x86_64) AppleWebKit/537.36 (KHTML, like Gecko)"
188.93.56.121 - - [03/Dec/2018:10:28:41 +0700] "GET /tracking.gif?email=634012%40mail.ru&mailing=170 HTTP/1.0" 200 197 "-" "Mozilla/5.0 (X11; Linux x86_64) AppleWebKit/537.36 (KHTML, like Gecko)"
5.255.241.225 - - [03/Dec/2018:10:29:50 +0700] "GET /tracking.gif?email=kris-cup%40yandex.ru&mailing=170 HTTP/1.0" 200 197 "-" "Mozilla/5.0 (compatible; YandexImageResizer/2.0; +http://yandex.com/bots)"
188.93.56.125 - - [03/Dec/2018:10:30:13 +0700] "GET /tracking.gif?email=kobza_elena%40mail.ru&mailing=170 HTTP/1.0" 200 197 "-" "Mozilla/5.0 (X11; Linux x86_64) AppleWebKit/537.36 (KHTML, like Gecko)"
77.88.11.248 - - [03/Dec/2018:10:30:52 +0700] "GET /tracking.gif?email=sonya.mesch%40yandex.ru&mailing=170 HTTP/1.0" 200 197 "-" "Mozilla/5.0 (compatible; YandexImageResizer/2.0; +http://yandex.com/bots)"
188.93.56.130 - - [03/Dec/2018:10:32:47 +0700] "GET /tracking.gif?email=laura-dd%40mail.ru&mailing=170 HTTP/1.0" 200 197 "-" "Mozilla/5.0 (X11; Linux x86_64) AppleWebKit/537.36 (KHTML, like Gecko)"
188.93.56.124 - - [03/Dec/2018:10:35:36 +0700] "GET /tracking.gif?email=vms2485%40mail.ru&mailing=170 HTTP/1.0" 200 197 "-" "Mozilla/5.0 (X11; Linux x86_64) AppleWebKit/537.36 (KHTML, like Gecko)"
188.93.56.126 - - [03/Dec/2018:10:36:17 +0700] "GET /tracking.gif?email=Elenamarch1961%40MAIL.ru&mailing=170 HTTP/1.0" 200 197 "-" "Mozilla/5.0 (X11; Linux x86_64) AppleWebKit/537.36 (KHTML, like Gecko)"
62.68.141.40 - - [03/Dec/2018:10:36:57 +0700] "GET /tracking.gif?email=[%VAR%20RCPT.EMAIL%20ESCAPE=URL%]&mailing=[%VAR%20MAILING.ID%] HTTP/1.0" 200 197 "-" "Mozilla/5.0 (Macintosh; Intel Mac OS X 10_14_1) AppleWebKit/537.36 (KHTML, like Gecko) Chrome/70.0.3538.110 Safari/537.36"
188.93.56.124 - - [03/Dec/2018:10:39:13 +0700] "GET /tracking.gif?email=Strelcovaniur%40mail.ru&mailing=170 HTTP/1.0" 200 197 "-" "Mozilla/5.0 (X11; Linux x86_64) AppleWebKit/537.36 (KHTML, like Gecko)"
188.93.56.123 - - [03/Dec/2018:10:39:17 +0700] "GET /tracking.gif?email=Strelcovaniur%40mail.ru&mailing=170 HTTP/1.0" 200 197 "-" "Mozilla/5.0 (X11; Linux x86_64) AppleWebKit/537.36 (KHTML, like Gecko)"
188.93.56.127 - - [03/Dec/2018:10:40:43 +0700] "GET /tracking.gif?email=130582olga%40mail.ru&mailing=170 HTTP/1.0" 200 197 "-" "Mozilla/5.0 (X11; Linux x86_64) AppleWebKit/537.36 (KHTML, like Gecko)"
188.93.56.127 - - [03/Dec/2018:10:41:01 +0700] "GET /tracking.gif?email=130582olga%40mail.ru&mailing=170 HTTP/1.0" 200 197 "-" "Mozilla/5.0 (X11; Linux x86_64) AppleWebKit/537.36 (KHTML, like Gecko)"
188.93.56.124 - - [03/Dec/2018:10:42:46 +0700] "GET /tracking.gif?email=Nimax_09%40mail.ru&mailing=170 HTTP/1.0" 200 197 "-" "Mozilla/5.0 (X11; Linux x86_64) AppleWebKit/537.36 (KHTML, like Gecko)"
188.93.56.127 - - [03/Dec/2018:10:42:47 +0700] "GET /tracking.gif?email=kostya.kokorev.87%40mail.ru&mailing=170 HTTP/1.0" 200 197 "-" "Mozilla/5.0 (X11; Linux x86_64) AppleWebKit/537.36 (KHTML, like Gecko)"
188.93.56.126 - - [03/Dec/2018:10:43:24 +0700] "GET /tracking.gif?email=130582olga%40mail.ru&mailing=132 HTTP/1.0" 200 197 "-" "Mozilla/5.0 (X11; Linux x86_64) AppleWebKit/537.36 (KHTML, like Gecko)"
5.255.241.226 - - [03/Dec/2018:10:47:48 +0700] "GET /tracking.gif?email=[%25VAR%20RCPT.EMAIL%20ESCAPE=URL%25]&mailing=[%25VAR%20MAILING.ID%25] HTTP/1.0" 200 197 "-" "Mozilla/5.0 (compatible; YandexImageResizer/2.0; +http://yandex.com/bots)"
62.68.141.40 - - [03/Dec/2018:10:51:54 +0700] "GET /tracking.gif?email=%5b%25VAR%20RCPT.EMAIL%20ESCAPE=URL%25%5d&mailing=%5b%25VAR%20MAILING.ID%25%5d HTTP/1.0" 200 197 "-" "Mozilla/5.0 (compatible; MSIE 10.0; Windows NT 10.0; WOW64; Trident/7.0; Microsoft Outlook 16.0.11001; ms-office; MSOffice 16)"
62.68.141.40 - - [03/Dec/2018:10:51:54 +0700] "GET /tracking.gif?email=%5b%25VAR%20RCPT.EMAIL%20ESCAPE=URL%25%5d&mailing=%5b%25VAR%20MAILING.ID%25%5d HTTP/1.0" 200 197 "-" "Mozilla/5.0 (compatible; MSIE 10.0; Windows NT 10.0; WOW64; Trident/7.0; Microsoft Outlook 16.0.11001; ms-office; MSOffice 16)"
62.68.141.40 - - [03/Dec/2018:10:52:09 +0700] "GET /tracking.gif?email=%5b%25VAR%20RCPT.EMAIL%20ESCAPE=URL%25%5d&mailing=%5b%25VAR%20MAILING.ID%25%5d HTTP/1.0" 200 197 "-" "Mozilla/5.0 (compatible; MSIE 10.0; Windows NT 10.0; WOW64; Trident/7.0; Microsoft Outlook 16.0.11001; ms-office; MSOffice 16)"
62.68.141.40 - - [03/Dec/2018:10:52:11 +0700] "GET /tracking.gif?email=%5b%25VAR%20RCPT.EMAIL%20ESCAPE=URL%25%5d&mailing=%5b%25VAR%20MAILING.ID%25%5d HTTP/1.0" 200 197 "-" "Mozilla/5.0 (compatible; MSIE 10.0; Windows NT 10.0; WOW64; Trident/7.0; Microsoft Outlook 16.0.11001; ms-office; MSOffice 16)"
62.68.141.40 - - [03/Dec/2018:10:52:15 +0700] "GET /tracking.gif?email=%5b%25VAR%20RCPT.EMAIL%20ESCAPE=URL%25%5d&mailing=%5b%25VAR%20MAILING.ID%25%5d HTTP/1.0" 200 197 "-" "Mozilla/5.0 (compatible; MSIE 10.0; Windows NT 10.0; WOW64; Trident/7.0; Microsoft Outlook 16.0.11001; ms-office; MSOffice 16)"
62.68.141.40 - - [03/Dec/2018:10:52:15 +0700] "GET /tracking.gif?email=%5b%25VAR%20RCPT.EMAIL%20ESCAPE=URL%25%5d&mailing=%5b%25VAR%20MAILING.ID%25%5d HTTP/1.0" 200 197 "-" "Mozilla/5.0 (compatible; MSIE 10.0; Windows NT 10.0; WOW64; Trident/7.0; Microsoft Outlook 16.0.11001; ms-office; MSOffice 16)"
188.93.56.126 - - [03/Dec/2018:10:52:48 +0700] "GET /tracking.gif?email=Sergeyk.1980%40mail.ru&mailing=170 HTTP/1.0" 200 197 "-" "Mozilla/5.0 (X11; Linux x86_64) AppleWebKit/537.36 (KHTML, like Gecko)"
188.93.56.128 - - [03/Dec/2018:10:55:45 +0700] "GET /tracking.gif?email=kosandra1990%40mail.ru&mailing=170 HTTP/1.0" 200 197 "-" "Mozilla/5.0 (X11; Linux x86_64) AppleWebKit/537.36 (KHTML, like Gecko)"
62.68.141.40 - - [03/Dec/2018:10:55:45 +0700] "GET /tracking.gif?email=%5b%25VAR%20RCPT.EMAIL%20ESCAPE=URL%25%5d&mailing=%5b%25VAR%20MAILING.ID%25%5d HTTP/1.0" 200 197 "-" "Mozilla/5.0 (compatible; MSIE 10.0; Windows NT 10.0; WOW64; Trident/7.0; Microsoft Outlook 16.0.11001; ms-office; MSOffice 16)"
62.68.141.40 - - [03/Dec/2018:10:56:22 +0700] "GET /tracking.gif?email=%5b%25VAR%20RCPT.EMAIL%20ESCAPE=URL%25%5d&mailing=%5b%25VAR%20MAILING.ID%25%5d HTTP/1.0" 200 197 "-" "Mozilla/5.0 (compatible; MSIE 10.0; Windows NT 10.0; WOW64; Trident/7.0; Microsoft Outlook 16.0.11001; ms-office; MSOffice 16)"
62.68.141.40 - - [03/Dec/2018:10:56:22 +0700] "GET /tracking.gif?email=%5b%25VAR%20RCPT.EMAIL%20ESCAPE=URL%25%5d&mailing=%5b%25VAR%20MAILING.ID%25%5d HTTP/1.0" 200 197 "-" "Mozilla/5.0 (compatible; MSIE 10.0; Windows NT 10.0; WOW64; Trident/7.0; Microsoft Outlook 16.0.11001; ms-office; MSOffice 16)"
31.211.119.94 - - [03/Dec/2018:10:57:23 +0700] "GET /tracking.gif?email=aai8%40ya.ru&mailing=170 HTTP/1.0" 200 197 "-" "Mozilla/5.0 (Macintosh; Intel Mac OS X 10_14_1) AppleWebKit/605.1.15 (KHTML, like Gecko)"
37.21.217.40 - - [03/Dec/2018:10:57:30 +0700] "GET /tracking.gif?email=sda%40nikolas.ru&mailing=170 HTTP/1.0" 200 197 "-" "Mozilla/4.0 (compatible; MSIE 7.0; Windows NT 10.0; Win64; x64; Trident/7.0; .NET4.0C; .NET4.0E; Microsoft Outlook 16.0.4266; ms-office; MSOffice 16)"
188.93.56.125 - - [03/Dec/2018:10:58:57 +0700] "GET /tracking.gif?email=tanja.kudrjawzewa%40mail.ru&mailing=170 HTTP/1.0" 200 197 "-" "Mozilla/5.0 (X11; Linux x86_64) AppleWebKit/537.36 (KHTML, like Gecko)"
188.93.56.125 - - [03/Dec/2018:11:00:21 +0700] "GET /tracking.gif?email=Polina_tomlad%40mail.ru&mailing=170 HTTP/1.0" 200 197 "-" "Mozilla/5.0 (X11; Linux x86_64) AppleWebKit/537.36 (KHTML, like Gecko)"
188.93.56.123 - - [03/Dec/2018:11:02:42 +0700] "GET /tracking.gif?email=Kucherova-1960%40mail.ru&mailing=170 HTTP/1.0" 200 197 "-" "Mozilla/5.0 (X11; Linux x86_64) AppleWebKit/537.36 (KHTML, like Gecko)"
188.93.56.124 - - [03/Dec/2018:11:03:06 +0700] "GET /tracking.gif?email=japollgota%40mail.ru&mailing=170 HTTP/1.0" 200 197 "-" "Mozilla/5.0 (X11; Linux x86_64) AppleWebKit/537.36 (KHTML, like Gecko)"
188.93.56.123 - - [03/Dec/2018:11:03:42 +0700] "GET /tracking.gif?email=marina_tpu%40mail.ru&mailing=170 HTTP/1.0" 200 197 "-" "Mozilla/5.0 (X11; Linux x86_64) AppleWebKit/537.36 (KHTML, like Gecko)"
109.124.50.215 - - [03/Dec/2018:11:05:58 +0700] "GET /unsubscribe/?email=tomsk1604%40gmail.com&mailing=170 HTTP/1.0" 200 982 "-" "Mozilla/5.0 (Windows NT 6.1; Win64; x64) AppleWebKit/537.36 (KHTML, like Gecko) Chrome/69.0.3497.100 Safari/537.36"
109.124.50.215 - - [03/Dec/2018:11:05:58 +0700] "GET /img/popcorn.svg HTTP/1.0" 200 1187 "http://mailing.etobilet.ru/css/main.css" "Mozilla/5.0 (Windows NT 6.1; Win64; x64) AppleWebKit/537.36 (KHTML, like Gecko) Chrome/69.0.3497.100 Safari/537.36"
66.102.8.161 - - [03/Dec/2018:11:06:01 +0700] "GET /unsubscribe/?email=tomsk1604@gmail.com&mailing=170 HTTP/1.0" 200 982 "-" "Mozilla/5.0 (Windows NT 6.1; Win64; x64) AppleWebKit/537.36 (KHTML, like Gecko) Chrome/69.0.3497.100 Safari/537.36"
109.124.50.215 - - [03/Dec/2018:11:06:01 +0700] "GET /unsubscribe/?email=tomsk1604%40gmail.com&mailing=170&confirmed=1 HTTP/1.0" 200 747 "http://mailing.etobilet.ru/unsubscribe/?email=tomsk1604%40gmail.com&mailing=170" "Mozilla/5.0 (Windows NT 6.1; Win64; x64) AppleWebKit/537.36 (KHTML, like Gecko) Chrome/69.0.3497.100 Safari/537.36"
66.102.8.161 - - [03/Dec/2018:11:06:02 +0700] "GET /img/popcorn.svg HTTP/1.0" 200 1187 "http://mailing.etobilet.ru/css/main.css" "Mozilla/5.0 (Windows NT 6.1; Win64; x64) AppleWebKit/537.36 (KHTML, like Gecko) Chrome/69.0.3497.100 Safari/537.36"
188.93.56.124 - - [03/Dec/2018:11:06:11 +0700] "GET /tracking.gif?email=Optikon11%40mail.ru&mailing=170 HTTP/1.0" 200 197 "-" "Mozilla/5.0 (X11; Linux x86_64) AppleWebKit/537.36 (KHTML, like Gecko)"
188.93.56.128 - - [03/Dec/2018:11:06:49 +0700] "GET /tracking.gif?email=tgts-sveta%40mail.ru&mailing=170 HTTP/1.0" 200 197 "-" "Mozilla/5.0 (X11; Linux x86_64) AppleWebKit/537.36 (KHTML, like Gecko)"
78.140.8.112 - - [03/Dec/2018:11:07:40 +0700] "GET /tracking.gif?email=yulia.leontyeva%40mail.ru&mailing=170 HTTP/1.0" 200 197 "-" "Mozilla/5.0 (iPhone; CPU iPhone OS 12_1 like Mac OS X) AppleWebKit/605.1.15 (KHTML, like Gecko) Mobile/16B92"
66.102.9.17 - - [03/Dec/2018:11:09:30 +0700] "GET /tracking.gif?email=dmitrych81%40gmail.com&mailing=170 HTTP/1.0" 200 197 "-" "Mozilla/5.0 (Windows NT 5.1; rv:11.0) Gecko Firefox/11.0 (via ggpht.com GoogleImageProxy)"
176.59.129.194 - - [03/Dec/2018:11:11:59 +0700] "GET /tracking.gif?email=dashax555x%40mail.ru&mailing=132 HTTP/1.0" 200 197 "-" "Mozilla/5.0 (Linux; Android 8.1.0; DUA-L22 Build/HONORDUA-L22; wv) AppleWebKit/537.36 (KHTML, like Gecko) Version/4.0 Chrome/70.0.3538.110 Mobile Safari/537.36"
176.59.129.194 - - [03/Dec/2018:11:12:02 +0700] "GET /tracking.gif?email=dashax555x%40mail.ru&mailing=132 HTTP/1.0" 200 197 "-" "Mozilla/5.0 (Linux; Android 8.1.0; DUA-L22 Build/HONORDUA-L22; wv) AppleWebKit/537.36 (KHTML, like Gecko) Version/4.0 Chrome/70.0.3538.110 Mobile Safari/537.36"
176.59.129.194 - - [03/Dec/2018:11:12:41 +0700] "GET /tracking.gif?email=dashax555x%40mail.ru&mailing=132 HTTP/1.0" 200 197 "-" "Mozilla/5.0 (Linux; Android 8.1.0; DUA-L22 Build/HONORDUA-L22; wv) AppleWebKit/537.36 (KHTML, like Gecko) Version/4.0 Chrome/70.0.3538.110 Mobile Safari/537.36"
176.59.129.194 - - [03/Dec/2018:11:12:42 +0700] "GET /tracking.gif?email=dashax555x%40mail.ru&mailing=132 HTTP/1.0" 200 197 "-" "Mozilla/5.0 (Linux; Android 8.1.0; DUA-L22 Build/HONORDUA-L22; wv) AppleWebKit/537.36 (KHTML, like Gecko) Version/4.0 Chrome/70.0.3538.110 Mobile Safari/537.36"
188.93.56.130 - - [03/Dec/2018:11:12:54 +0700] "GET /tracking.gif?email=trusovropren%40mail.ru&mailing=170 HTTP/1.0" 200 197 "-" "Mozilla/5.0 (X11; Linux x86_64) AppleWebKit/537.36 (KHTML, like Gecko)"
192.162.243.226 - - [03/Dec/2018:11:15:58 +0700] "GET /tracking.gif?email=timur-tomsk%40mail.ru&mailing=170 HTTP/1.0" 200 197 "-" "Mozilla/5.0 (iPad; CPU OS 12_0_1 like Mac OS X) AppleWebKit/605.1.15 (KHTML, like Gecko) Mobile/16A404"
188.93.56.130 - - [03/Dec/2018:11:16:57 +0700] "GET /tracking.gif?email=Maximenya%40mail.ru&mailing=170 HTTP/1.0" 200 197 "-" "Mozilla/5.0 (X11; Linux x86_64) AppleWebKit/537.36 (KHTML, like Gecko)"
188.93.56.129 - - [03/Dec/2018:11:17:35 +0700] "GET /tracking.gif?email=gundova.v%40mail.ru&mailing=170 HTTP/1.0" 200 197 "-" "Mozilla/5.0 (X11; Linux x86_64) AppleWebKit/537.36 (KHTML, like Gecko)"
81.19.78.160 - - [03/Dec/2018:11:17:57 +0700] "GET /tracking.gif?email=bmx85%40rambler.ru&mailing=168 HTTP/1.0" 200 197 "https://mail.rambler.ru/?utm_source=head&utm_campaign=self_promo&utm_medium=widget&utm_content=mail&utm_term=inbox" "RamblerMail/6.0 (incompatible; ImageProxy/6.0)"
109.124.29.99 - - [03/Dec/2018:11:18:22 +0700] "GET /tracking.gif?email=saenoksv%40mail.ru&mailing=170 HTTP/1.0" 200 197 "-" "Mozilla/4.0 (compatible; MSIE 7.0; Windows NT 10.0; Win64; x64; Trident/7.0; .NET4.0C; .NET4.0E; .NET CLR 2.0.50727; .NET CLR 3.0.30729; .NET CLR 3.5.30729)"
81.19.78.160 - - [03/Dec/2018:11:18:29 +0700] "GET /tracking.gif?email=bmx85%40rambler.ru&mailing=168 HTTP/1.0" 200 197 "https://mail.rambler.ru/?utm_source=head&utm_campaign=self_promo&utm_medium=widget&utm_content=mail&utm_term=inbox" "RamblerMail/6.0 (incompatible; ImageProxy/6.0)"
178.74.175.200 - - [03/Dec/2018:11:18:33 +0700] "GET /unsubscribe/?email=bmx85%40rambler.ru&mailing=168 HTTP/1.0" 200 977 "-" "Mozilla/5.0 (Windows NT 6.1; Win64; x64) AppleWebKit/537.36 (KHTML, like Gecko) Chrome/70.0.3538.110 Safari/537.36"
178.74.175.200 - - [03/Dec/2018:11:18:34 +0700] "GET /img/popcorn.svg HTTP/1.0" 200 1187 "http://mailing.etobilet.ru/css/main.css" "Mozilla/5.0 (Windows NT 6.1; Win64; x64) AppleWebKit/537.36 (KHTML, like Gecko) Chrome/70.0.3538.110 Safari/537.36"
178.74.175.200 - - [03/Dec/2018:11:18:35 +0700] "GET /unsubscribe/?email=bmx85%40rambler.ru&mailing=168&confirmed=1 HTTP/1.0" 200 748 "http://mailing.etobilet.ru/unsubscribe/?email=bmx85%40rambler.ru&mailing=168" "Mozilla/5.0 (Windows NT 6.1; Win64; x64) AppleWebKit/537.36 (KHTML, like Gecko) Chrome/70.0.3538.110 Safari/537.36"
62.68.141.40 - - [03/Dec/2018:11:19:51 +0700] "GET /tracking.gif?email=[%VAR%20RCPT.EMAIL%20ESCAPE=URL%]&mailing=[%VAR%20MAILING.ID%] HTTP/1.0" 200 197 "-" "Mozilla/5.0 (Macintosh; Intel Mac OS X 10_14_1) AppleWebKit/537.36 (KHTML, like Gecko) Chrome/70.0.3538.110 Safari/537.36"
176.59.140.100 - - [03/Dec/2018:11:21:51 +0700] "GET /tracking.gif?email=medannbor%40mail.ru&mailing=170 HTTP/1.0" 200 197 "-" "Mozilla/5.0 (Linux; Android 8.0.0; FLA-LX1 Build/HUAWEIFLA-LX1; wv) AppleWebKit/537.36 (KHTML, like Gecko) Version/4.0 Chrome/70.0.3538.110 Mobile Safari/537.36"
62.68.141.40 - - [03/Dec/2018:11:22:33 +0700] "GET /tracking.gif?email=[%VAR%20RCPT.EMAIL%20ESCAPE=URL%]&mailing=[%VAR%20MAILING.ID%] HTTP/1.0" 200 197 "-" "Mozilla/5.0 (Macintosh; Intel Mac OS X 10_14_1) AppleWebKit/537.36 (KHTML, like Gecko) Chrome/70.0.3538.110 Safari/537.36"
62.68.141.40 - - [03/Dec/2018:11:22:35 +0700] "GET /tracking.gif?email=[%VAR%20RCPT.EMAIL%20ESCAPE=URL%]&mailing=[%VAR%20MAILING.ID%] HTTP/1.0" 200 197 "-" "Mozilla/5.0 (Macintosh; Intel Mac OS X 10_14_1) AppleWebKit/537.36 (KHTML, like Gecko) Chrome/70.0.3538.110 Safari/537.36"
188.162.84.41 - - [03/Dec/2018:11:22:49 +0700] "GET /tracking.gif?email=a.pisarov%40icloud.com&mailing=170 HTTP/1.0" 200 197 "-" "Mozilla/5.0 (iPhone; CPU iPhone OS 12_1 like Mac OS X) AppleWebKit/605.1.15 (KHTML, like Gecko) Mobile/16B93"
188.93.56.125 - - [03/Dec/2018:11:23:09 +0700] "GET /tracking.gif?email=ushakovda78.78%40mail.ru&mailing=170 HTTP/1.0" 200 197 "-" "Mozilla/5.0 (X11; Linux x86_64) AppleWebKit/537.36 (KHTML, like Gecko)"
188.93.56.123 - - [03/Dec/2018:11:24:31 +0700] "GET /tracking.gif?email=rybka92%40mail.ru&mailing=170 HTTP/1.0" 200 197 "-" "Mozilla/5.0 (X11; Linux x86_64) AppleWebKit/537.36 (KHTML, like Gecko)"
188.162.84.198 - - [03/Dec/2018:11:24:34 +0700] "GET /tracking.gif?email=karub-8%40yandex.ru&mailing=170 HTTP/1.0" 200 197 "-" "Mozilla/5.0 (Macintosh; Intel Mac OS X 10_14_1) AppleWebKit/605.1.15 (KHTML, like Gecko)"
188.162.84.41 - - [03/Dec/2018:11:25:21 +0700] "GET /tracking.gif?email=a.pisarov%40icloud.com&mailing=132 HTTP/1.0" 200 197 "-" "Mozilla/5.0 (iPhone; CPU iPhone OS 12_1 like Mac OS X) AppleWebKit/605.1.15 (KHTML, like Gecko) Mobile/16B93"
62.68.141.40 - - [03/Dec/2018:11:28:05 +0700] "GET /tracking.gif?email=[%VAR%20RCPT.EMAIL%20ESCAPE=URL%]&mailing=[%VAR%20MAILING.ID%] HTTP/1.0" 200 197 "-" "Mozilla/5.0 (Macintosh; Intel Mac OS X 10_14_1) AppleWebKit/537.36 (KHTML, like Gecko) Chrome/70.0.3538.110 Safari/537.36"
188.93.56.129 - - [03/Dec/2018:11:28:35 +0700] "GET /tracking.gif?email=nikolaylogutov%40mail.ru&mailing=170 HTTP/1.0" 200 197 "-" "Mozilla/5.0 (X11; Linux x86_64) AppleWebKit/537.36 (KHTML, like Gecko)"
62.68.141.40 - - [03/Dec/2018:11:28:47 +0700] "GET /tracking.gif?email=[%VAR%20RCPT.EMAIL%20ESCAPE=URL%]&mailing=[%VAR%20MAILING.ID%] HTTP/1.0" 200 197 "-" "Mozilla/5.0 (Macintosh; Intel Mac OS X 10_14_1) AppleWebKit/537.36 (KHTML, like Gecko) Chrome/70.0.3538.110 Safari/537.36"
62.68.141.40 - - [03/Dec/2018:11:28:49 +0700] "GET /tracking.gif?email=[%VAR%20RCPT.EMAIL%20ESCAPE=URL%]&mailing=[%VAR%20MAILING.ID%] HTTP/1.0" 200 197 "-" "Mozilla/5.0 (Macintosh; Intel Mac OS X 10_14_1) AppleWebKit/537.36 (KHTML, like Gecko) Chrome/70.0.3538.110 Safari/537.36"
213.87.122.42 - - [03/Dec/2018:11:29:14 +0700] "GET /tracking.gif?email=sofiamerkul%40icloud.com&mailing=132 HTTP/1.0" 200 197 "-" "Mozilla/5.0 (iPhone; CPU iPhone OS 11_4_1 like Mac OS X) AppleWebKit/605.1.15 (KHTML, like Gecko) Mobile/15G77"
188.93.56.127 - - [03/Dec/2018:11:29:37 +0700] "GET /tracking.gif?email=hdv1971%40mail.ru&mailing=170 HTTP/1.0" 200 197 "-" "Mozilla/5.0 (X11; Linux x86_64) AppleWebKit/537.36 (KHTML, like Gecko)"
62.68.141.40 - - [03/Dec/2018:11:29:45 +0700] "GET /tracking.gif?email=[%VAR%20RCPT.EMAIL%20ESCAPE=URL%]&mailing=[%VAR%20MAILING.ID%] HTTP/1.0" 200 197 "-" "Mozilla/5.0 (Macintosh; Intel Mac OS X 10_14_1) AppleWebKit/537.36 (KHTML, like Gecko) Chrome/70.0.3538.110 Safari/537.36"
188.93.56.121 - - [03/Dec/2018:11:29:45 +0700] "GET /tracking.gif?email=sergeyasi%40mail.ru&mailing=170 HTTP/1.0" 200 197 "-" "Mozilla/5.0 (X11; Linux x86_64) AppleWebKit/537.36 (KHTML, like Gecko)"
62.68.141.40 - - [03/Dec/2018:11:29:46 +0700] "GET /tracking.gif?email=[%VAR%20RCPT.EMAIL%20ESCAPE=URL%]&mailing=[%VAR%20MAILING.ID%] HTTP/1.0" 200 197 "-" "Mozilla/5.0 (Macintosh; Intel Mac OS X 10_14_1) AppleWebKit/537.36 (KHTML, like Gecko) Chrome/70.0.3538.110 Safari/537.36"
62.68.141.40 - - [03/Dec/2018:11:30:49 +0700] "GET /tracking.gif?email=[%VAR%20RCPT.EMAIL%20ESCAPE=URL%]&mailing=[%VAR%20MAILING.ID%] HTTP/1.0" 200 197 "-" "Mozilla/5.0 (Macintosh; Intel Mac OS X 10_14_1) AppleWebKit/537.36 (KHTML, like Gecko) Chrome/70.0.3538.110 Safari/537.36"
62.68.141.40 - - [03/Dec/2018:11:30:51 +0700] "GET /tracking.gif?email=[%VAR%20RCPT.EMAIL%20ESCAPE=URL%]&mailing=[%VAR%20MAILING.ID%] HTTP/1.0" 200 197 "-" "Mozilla/5.0 (Macintosh; Intel Mac OS X 10_14_1) AppleWebKit/537.36 (KHTML, like Gecko) Chrome/70.0.3538.110 Safari/537.36"
62.68.141.40 - - [03/Dec/2018:11:32:08 +0700] "GET /tracking.gif?email=[%VAR%20RCPT.EMAIL%20ESCAPE=URL%]&mailing=[%VAR%20MAILING.ID%] HTTP/1.0" 200 197 "-" "Mozilla/5.0 (Macintosh; Intel Mac OS X 10_14_1) AppleWebKit/537.36 (KHTML, like Gecko) Chrome/70.0.3538.110 Safari/537.36"
62.68.141.40 - - [03/Dec/2018:11:32:10 +0700] "GET /tracking.gif?email=[%VAR%20RCPT.EMAIL%20ESCAPE=URL%]&mailing=[%VAR%20MAILING.ID%] HTTP/1.0" 200 197 "-" "Mozilla/5.0 (Macintosh; Intel Mac OS X 10_14_1) AppleWebKit/537.36 (KHTML, like Gecko) Chrome/70.0.3538.110 Safari/537.36"
62.68.141.40 - - [03/Dec/2018:11:32:15 +0700] "GET /tracking.gif?email=[%VAR%20RCPT.EMAIL%20ESCAPE=URL%]&mailing=[%VAR%20MAILING.ID%] HTTP/1.0" 200 197 "-" "Mozilla/5.0 (Macintosh; Intel Mac OS X 10_14_1) AppleWebKit/537.36 (KHTML, like Gecko) Chrome/70.0.3538.110 Safari/537.36"
62.68.141.40 - - [03/Dec/2018:11:32:16 +0700] "GET /tracking.gif?email=[%VAR%20RCPT.EMAIL%20ESCAPE=URL%]&mailing=[%VAR%20MAILING.ID%] HTTP/1.0" 200 197 "-" "Mozilla/5.0 (Macintosh; Intel Mac OS X 10_14_1) AppleWebKit/537.36 (KHTML, like Gecko) Chrome/70.0.3538.110 Safari/537.36"
62.68.141.40 - - [03/Dec/2018:11:32:17 +0700] "GET /tracking.gif?email=[%VAR%20RCPT.EMAIL%20ESCAPE=URL%]&mailing=[%VAR%20MAILING.ID%] HTTP/1.0" 200 197 "-" "Mozilla/5.0 (Macintosh; Intel Mac OS X 10_14_1) AppleWebKit/537.36 (KHTML, like Gecko) Chrome/70.0.3538.110 Safari/537.36"
62.68.141.40 - - [03/Dec/2018:11:32:17 +0700] "GET /tracking.gif?email=[%VAR%20RCPT.EMAIL%20ESCAPE=URL%]&mailing=[%VAR%20MAILING.ID%] HTTP/1.0" 200 197 "-" "Mozilla/5.0 (Macintosh; Intel Mac OS X 10_14_1) AppleWebKit/537.36 (KHTML, like Gecko) Chrome/70.0.3538.110 Safari/537.36"
62.68.141.40 - - [03/Dec/2018:11:32:17 +0700] "GET /tracking.gif?email=[%VAR%20RCPT.EMAIL%20ESCAPE=URL%]&mailing=[%VAR%20MAILING.ID%] HTTP/1.0" 200 197 "-" "Mozilla/5.0 (Macintosh; Intel Mac OS X 10_14_1) AppleWebKit/537.36 (KHTML, like Gecko) Chrome/70.0.3538.110 Safari/537.36"
62.68.141.40 - - [03/Dec/2018:11:32:17 +0700] "GET /tracking.gif?email=[%VAR%20RCPT.EMAIL%20ESCAPE=URL%]&mailing=[%VAR%20MAILING.ID%] HTTP/1.0" 200 197 "-" "Mozilla/5.0 (Macintosh; Intel Mac OS X 10_14_1) AppleWebKit/537.36 (KHTML, like Gecko) Chrome/70.0.3538.110 Safari/537.36"
62.68.141.40 - - [03/Dec/2018:11:32:17 +0700] "GET /tracking.gif?email=[%VAR%20RCPT.EMAIL%20ESCAPE=URL%]&mailing=[%VAR%20MAILING.ID%] HTTP/1.0" 200 197 "-" "Mozilla/5.0 (Macintosh; Intel Mac OS X 10_14_1) AppleWebKit/537.36 (KHTML, like Gecko) Chrome/70.0.3538.110 Safari/537.36"
109.194.47.3 - - [03/Dec/2018:11:32:28 +0700] "GET /tracking.gif?email=Bakay%40rde.ru&mailing=170 HTTP/1.0" 200 197 "-" "Outlook-Express/7.0 (MSIE 7.0; Windows NT 6.1; WOW64; Trident/7.0; SLCC2; .NET CLR 2.0.50727; .NET CLR 3.5.30729; .NET CLR 3.0.30729; .NET4.0C; .NET4.0E; TmstmpExt)"
188.93.56.130 - - [03/Dec/2018:11:32:56 +0700] "GET /tracking.gif?email=queen513%40mail.ru&mailing=132 HTTP/1.0" 200 197 "-" "Mozilla/5.0 (X11; Linux x86_64) AppleWebKit/537.36 (KHTML, like Gecko)"
62.68.141.40 - - [03/Dec/2018:11:33:00 +0700] "GET /tracking.gif?email=[%VAR%20RCPT.EMAIL%20ESCAPE=URL%]&mailing=[%VAR%20MAILING.ID%] HTTP/1.0" 200 197 "-" "Mozilla/5.0 (Macintosh; Intel Mac OS X 10_14_1) AppleWebKit/537.36 (KHTML, like Gecko) Chrome/70.0.3538.110 Safari/537.36"
62.68.141.40 - - [03/Dec/2018:11:33:39 +0700] "GET /tracking.gif?email=[%VAR%20RCPT.EMAIL%20ESCAPE=URL%]&mailing=[%VAR%20MAILING.ID%] HTTP/1.0" 200 197 "-" "Mozilla/5.0 (Macintosh; Intel Mac OS X 10_14_1) AppleWebKit/537.36 (KHTML, like Gecko) Chrome/70.0.3538.110 Safari/537.36"
62.68.141.40 - - [03/Dec/2018:11:33:41 +0700] "GET /tracking.gif?email=[%VAR%20RCPT.EMAIL%20ESCAPE=URL%]&mailing=[%VAR%20MAILING.ID%] HTTP/1.0" 200 197 "-" "Mozilla/5.0 (Macintosh; Intel Mac OS X 10_14_1) AppleWebKit/537.36 (KHTML, like Gecko) Chrome/70.0.3538.110 Safari/537.36"
62.68.141.40 - - [03/Dec/2018:11:33:42 +0700] "GET /tracking.gif?email=[%VAR%20RCPT.EMAIL%20ESCAPE=URL%]&mailing=[%VAR%20MAILING.ID%] HTTP/1.0" 200 197 "-" "Mozilla/5.0 (Macintosh; Intel Mac OS X 10_14_1) AppleWebKit/537.36 (KHTML, like Gecko) Chrome/70.0.3538.110 Safari/537.36"
188.93.56.121 - - [03/Dec/2018:11:33:58 +0700] "GET /tracking.gif?email=voloshko77%40mail.ru&mailing=170 HTTP/1.0" 200 197 "-" "Mozilla/5.0 (X11; Linux x86_64) AppleWebKit/537.36 (KHTML, like Gecko)"
188.93.56.122 - - [03/Dec/2018:11:36:03 +0700] "GET /tracking.gif?email=uprel%40mail.ru&mailing=170 HTTP/1.0" 200 197 "-" "Mozilla/5.0 (X11; Linux x86_64) AppleWebKit/537.36 (KHTML, like Gecko)"
188.93.56.123 - - [03/Dec/2018:11:39:00 +0700] "GET /tracking.gif?email=irinads24%40mail.ru&mailing=170 HTTP/1.0" 200 197 "-" "Mozilla/5.0 (X11; Linux x86_64) AppleWebKit/537.36 (KHTML, like Gecko)"
81.19.78.161 - - [03/Dec/2018:11:40:43 +0700] "GET /tracking.gif?email=mpahom2078%40rambler.ru&mailing=168 HTTP/1.0" 200 197 "https://mail.rambler.ru/?utm_source=head&utm_campaign=self_promo&utm_medium=topline&utm_content=mail" "RamblerMail/6.0 (incompatible; ImageProxy/6.0)"
81.19.78.161 - - [03/Dec/2018:11:40:54 +0700] "GET /tracking.gif?email=Marininav%40rambler.ru&mailing=170 HTTP/1.0" 200 197 "http://mail.rambler.ru/" "RamblerMail/6.0 (incompatible; ImageProxy/6.0)"
62.68.141.40 - - [03/Dec/2018:11:41:51 +0700] "GET /tracking.gif?email=[%VAR%20RCPT.EMAIL%20ESCAPE=URL%]&mailing=[%VAR%20MAILING.ID%] HTTP/1.0" 200 197 "-" "Mozilla/5.0 (Macintosh; Intel Mac OS X 10_14_1) AppleWebKit/537.36 (KHTML, like Gecko) Chrome/70.0.3538.110 Safari/537.36"
213.87.120.167 - - [03/Dec/2018:11:42:04 +0700] "GET /tracking.gif?email=alinakonfeetka%40icloud.com&mailing=170 HTTP/1.0" 200 197 "-" "Mozilla/5.0 (iPhone; CPU iPhone OS 11_4_1 like Mac OS X) AppleWebKit/605.1.15 (KHTML, like Gecko) Mobile/15G77"
62.68.141.40 - - [03/Dec/2018:11:44:11 +0700] "GET /tracking.gif?email=[%VAR%20RCPT.EMAIL%20ESCAPE=URL%]&mailing=[%VAR%20MAILING.ID%] HTTP/1.0" 200 197 "-" "Mozilla/5.0 (Macintosh; Intel Mac OS X 10_14_1) AppleWebKit/537.36 (KHTML, like Gecko) Chrome/70.0.3538.110 Safari/537.36"
188.93.56.123 - - [03/Dec/2018:11:44:41 +0700] "GET /tracking.gif?email=marinaalex555%40mail.ru&mailing=170 HTTP/1.0" 200 197 "-" "Mozilla/5.0 (X11; Linux x86_64) AppleWebKit/537.36 (KHTML, like Gecko)"
188.162.84.206 - - [03/Dec/2018:11:45:06 +0700] "GET /tracking.gif?email=valmax2014%40icloud.com&mailing=170 HTTP/1.0" 200 197 "-" "Mozilla/5.0 (iPhone; CPU iPhone OS 11_4_1 like Mac OS X) AppleWebKit/605.1.15 (KHTML, like Gecko) Mobile/15G77"
188.93.56.123 - - [03/Dec/2018:11:45:28 +0700] "GET /tracking.gif?email=mdo1996%40mail.ru&mailing=170 HTTP/1.0" 200 197 "-" "Mozilla/5.0 (X11; Linux x86_64) AppleWebKit/537.36 (KHTML, like Gecko)"
188.93.56.127 - - [03/Dec/2018:11:46:28 +0700] "GET /tracking.gif?email=Bongonastya%40yandex.ru&mailing=168 HTTP/1.0" 200 197 "-" "Mozilla/5.0 (X11; Linux x86_64) AppleWebKit/537.36 (KHTML, like Gecko)"
188.93.56.126 - - [03/Dec/2018:11:46:39 +0700] "GET /tracking.gif?email=belokonevra%40mail.ru&mailing=170 HTTP/1.0" 200 197 "-" "Mozilla/5.0 (X11; Linux x86_64) AppleWebKit/537.36 (KHTML, like Gecko)"
62.68.133.105 - - [03/Dec/2018:11:46:40 +0700] "GET /tracking.gif?email=yulya.mineeva.90%40inbox.ru&mailing=170 HTTP/1.0" 200 197 "-" "Mozilla/5.0 (Linux; Android 8.0.0; LLD-L31 Build/HONORLLD-L31; wv) AppleWebKit/537.36 (KHTML, like Gecko) Version/4.0 Chrome/70.0.3538.110 Mobile Safari/537.36"
109.194.40.163 - - [03/Dec/2018:11:48:17 +0700] "GET /tracking.gif?email=vaganovmax%40icloud.com&mailing=170 HTTP/1.0" 200 197 "-" "Mozilla/5.0 (Macintosh; Intel Mac OS X 10_13_6) AppleWebKit/605.1.15 (KHTML, like Gecko)"
178.209.230.239 - - [03/Dec/2018:11:49:02 +0700] "GET /tracking.gif?email=well23%40rambler.ru&mailing=168 HTTP/1.0" 200 197 "-" "Mozilla/5.0 (iPhone; CPU iPhone OS 10_0_2 like Mac OS X) AppleWebKit/602.1.50 (KHTML, like Gecko) Mobile/14A456"
188.93.56.126 - - [03/Dec/2018:11:49:06 +0700] "GET /tracking.gif?email=shashkov.a.u%40mail.ru&mailing=170 HTTP/1.0" 200 197 "-" "Mozilla/5.0 (X11; Linux x86_64) AppleWebKit/537.36 (KHTML, like Gecko)"
109.124.29.99 - - [03/Dec/2018:11:53:55 +0700] "GET /tracking.gif?email=saenoksv%40mail.ru&mailing=170 HTTP/1.0" 200 197 "-" "Mozilla/4.0 (compatible; MSIE 7.0; Windows NT 10.0; Win64; x64; Trident/7.0; .NET4.0C; .NET4.0E; .NET CLR 2.0.50727; .NET CLR 3.0.30729; .NET CLR 3.5.30729)"
5.255.241.233 - - [03/Dec/2018:12:02:15 +0700] "GET /tracking.gif?email=[%25VAR%20RCPT.EMAIL%20ESCAPE=URL%25]&mailing=[%25VAR%20MAILING.ID%25] HTTP/1.0" 200 197 "-" "Mozilla/5.0 (compatible; YandexImageResizer/2.0; +http://yandex.com/bots)"
66.102.9.17 - - [03/Dec/2018:12:04:47 +0700] "GET /tracking.gif?email=malina041085%40gmail.com&mailing=132 HTTP/1.0" 200 197 "-" "Mozilla/5.0 (Windows NT 5.1; rv:11.0) Gecko Firefox/11.0 (via ggpht.com GoogleImageProxy)"
188.93.56.125 - - [03/Dec/2018:12:13:17 +0700] "GET /tracking.gif?email=nv.demakova%40mail.ru&mailing=170 HTTP/1.0" 200 197 "-" "Mozilla/5.0 (X11; Linux x86_64) AppleWebKit/537.36 (KHTML, like Gecko)"
37.9.102.245 - - [03/Dec/2018:12:15:50 +0700] "GET /tracking.gif?email=ivovchik2009%40yandex.ru&mailing=168 HTTP/1.0" 200 197 "-" "Mozilla/5.0 (compatible; YandexImageResizer/2.0; +http://yandex.com/bots)"
188.93.56.122 - - [03/Dec/2018:12:23:40 +0700] "GET /tracking.gif?email=tomskmail70%40mail.ru&mailing=170 HTTP/1.0" 200 197 "-" "Mozilla/5.0 (X11; Linux x86_64) AppleWebKit/537.36 (KHTML, like Gecko)"
213.87.225.113 - - [03/Dec/2018:12:25:59 +0700] "GET /tracking.gif?email=Valeriyapn%40mail.ru&mailing=170 HTTP/1.0" 200 197 "-" "Mozilla/5.0 (iPhone; CPU iPhone OS 11_4_1 like Mac OS X) AppleWebKit/605.1.15 (KHTML, like Gecko) Mobile/15G77"
188.162.84.105 - - [03/Dec/2018:12:29:32 +0700] "GET /tracking.gif?email=olzhas.fazylov%40icloud.com&mailing=170 HTTP/1.0" 200 197 "-" "Mozilla/5.0 (iPhone; CPU iPhone OS 12_0 like Mac OS X) AppleWebKit/605.1.15 (KHTML, like Gecko) Mobile/16A366"
62.68.141.40 - - [03/Dec/2018:12:34:37 +0700] "GET /tracking.gif?email=[%VAR%20RCPT.EMAIL%20ESCAPE=URL%]&mailing=[%VAR%20MAILING.ID%] HTTP/1.0" 200 197 "-" "Mozilla/5.0 (Macintosh; Intel Mac OS X 10_14_1) AppleWebKit/537.36 (KHTML, like Gecko) Chrome/70.0.3538.110 Safari/537.36"
62.68.141.40 - - [03/Dec/2018:12:34:45 +0700] "GET /tracking.gif?email=[%VAR%20RCPT.EMAIL%20ESCAPE=URL%]&mailing=[%VAR%20MAILING.ID%] HTTP/1.0" 200 197 "-" "Mozilla/5.0 (Macintosh; Intel Mac OS X 10_14_1) AppleWebKit/537.36 (KHTML, like Gecko) Chrome/70.0.3538.110 Safari/537.36"
62.68.141.40 - - [03/Dec/2018:12:35:09 +0700] "GET /tracking.gif?email=[%VAR%20RCPT.EMAIL%20ESCAPE=URL%]&mailing=[%VAR%20MAILING.ID%] HTTP/1.0" 200 197 "-" "Mozilla/5.0 (Macintosh; Intel Mac OS X 10_14_1) AppleWebKit/537.36 (KHTML, like Gecko) Chrome/70.0.3538.110 Safari/537.36"
62.68.141.40 - - [03/Dec/2018:12:35:10 +0700] "GET /tracking.gif?email=[%VAR%20RCPT.EMAIL%20ESCAPE=URL%]&mailing=[%VAR%20MAILING.ID%] HTTP/1.0" 200 197 "-" "Mozilla/5.0 (Macintosh; Intel Mac OS X 10_14_1) AppleWebKit/537.36 (KHTML, like Gecko) Chrome/70.0.3538.110 Safari/537.36"
62.68.141.40 - - [03/Dec/2018:12:35:52 +0700] "GET /tracking.gif?email=[%VAR%20RCPT.EMAIL%20ESCAPE=URL%]&mailing=[%VAR%20MAILING.ID%] HTTP/1.0" 200 197 "-" "Mozilla/5.0 (Macintosh; Intel Mac OS X 10_14_1) AppleWebKit/537.36 (KHTML, like Gecko) Chrome/70.0.3538.110 Safari/537.36"
176.59.151.183 - - [03/Dec/2018:12:36:01 +0700] "GET /tracking.gif?email=yurosova89%40mail.ru&mailing=170 HTTP/1.0" 200 197 "-" "Mozilla/5.0 (iPhone; CPU iPhone OS 12_1 like Mac OS X) AppleWebKit/605.1.15 (KHTML, like Gecko) Mobile/16B92"
62.68.141.40 - - [03/Dec/2018:12:37:06 +0700] "GET /tracking.gif?email=[%VAR%20RCPT.EMAIL%20ESCAPE=URL%]&mailing=[%VAR%20MAILING.ID%] HTTP/1.0" 200 197 "-" "Mozilla/5.0 (Macintosh; Intel Mac OS X 10_14_1) AppleWebKit/537.36 (KHTML, like Gecko) Chrome/70.0.3538.110 Safari/537.36"
62.68.141.40 - - [03/Dec/2018:12:37:50 +0700] "GET /tracking.gif?email=[%VAR%20RCPT.EMAIL%20ESCAPE=URL%]&mailing=[%VAR%20MAILING.ID%] HTTP/1.0" 200 197 "-" "Mozilla/5.0 (Macintosh; Intel Mac OS X 10_14_1) AppleWebKit/537.36 (KHTML, like Gecko) Chrome/70.0.3538.110 Safari/537.36"
62.68.141.40 - - [03/Dec/2018:12:37:54 +0700] "GET /tracking.gif?email=[%VAR%20RCPT.EMAIL%20ESCAPE=URL%]&mailing=[%VAR%20MAILING.ID%] HTTP/1.0" 200 197 "-" "Mozilla/5.0 (Macintosh; Intel Mac OS X 10_14_1) AppleWebKit/537.36 (KHTML, like Gecko) Chrome/70.0.3538.110 Safari/537.36"
62.68.141.40 - - [03/Dec/2018:12:38:02 +0700] "GET /tracking.gif?email=[%VAR%20RCPT.EMAIL%20ESCAPE=URL%]&mailing=[%VAR%20MAILING.ID%] HTTP/1.0" 200 197 "-" "Mozilla/5.0 (Macintosh; Intel Mac OS X 10_14_1) AppleWebKit/537.36 (KHTML, like Gecko) Chrome/70.0.3538.110 Safari/537.36"
78.140.11.211 - - [03/Dec/2018:12:44:35 +0700] "GET /tracking.gif?email=501610%40mail.ru&mailing=170 HTTP/1.0" 200 197 "-" "Mozilla/4.0 (compatible; MSIE 6.0; Windows NT 5.1; SV1; Mozilla/4.0 (compatible; MSIE 6.0; Windows NT 5.1; SV1) )"
188.93.56.121 - - [03/Dec/2018:12:44:42 +0700] "GET /tracking.gif?email=e.piterskaya%40mail.ru&mailing=170 HTTP/1.0" 200 197 "-" "Mozilla/5.0 (X11; Linux x86_64) AppleWebKit/537.36 (KHTML, like Gecko)"
81.19.78.161 - - [03/Dec/2018:12:46:54 +0700] "GET /tracking.gif?email=irsz79%40rambler.ru&mailing=170 HTTP/1.0" 200 197 "https://mail-pda.rambler.ru/" "RamblerMail/6.0 (incompatible; ImageProxy/6.0)"
176.59.134.72 - - [03/Dec/2018:12:48:22 +0700] "GET /tracking.gif?email=butorina80%40mail.ru&mailing=170 HTTP/1.0" 200 197 "-" "Mozilla/5.0 (Linux; Android 8.0.0; STF-L09 Build/HUAWEISTF-L09; wv) AppleWebKit/537.36 (KHTML, like Gecko) Version/4.0 Chrome/70.0.3538.80 Mobile Safari/537.36"
62.68.141.40 - - [03/Dec/2018:12:50:55 +0700] "GET /tracking.gif?email=[%VAR%20RCPT.EMAIL%20ESCAPE=URL%]&mailing=[%VAR%20MAILING.ID%] HTTP/1.0" 200 197 "-" "Mozilla/5.0 (Macintosh; Intel Mac OS X 10_14_1) AppleWebKit/537.36 (KHTML, like Gecko) Chrome/70.0.3538.110 Safari/537.36"
188.93.56.129 - - [03/Dec/2018:12:51:35 +0700] "GET /tracking.gif?email=2310701%40mail.ru&mailing=170 HTTP/1.0" 200 197 "-" "Mozilla/5.0 (X11; Linux x86_64) AppleWebKit/537.36 (KHTML, like Gecko)"
188.93.56.123 - - [03/Dec/2018:12:55:36 +0700] "GET /tracking.gif?email=Yana.blinova87%40mail.ru&mailing=170 HTTP/1.0" 200 197 "-" "Mozilla/5.0 (X11; Linux x86_64) AppleWebKit/537.36 (KHTML, like Gecko)"
188.93.56.130 - - [03/Dec/2018:12:57:30 +0700] "GET /tracking.gif?email=lilianas1978%40mail.ru&mailing=170 HTTP/1.0" 200 197 "-" "Mozilla/5.0 (X11; Linux x86_64) AppleWebKit/537.36 (KHTML, like Gecko)"
62.68.141.40 - - [03/Dec/2018:12:57:50 +0700] "GET /tracking.gif?email=[%VAR%20RCPT.EMAIL%20ESCAPE=URL%]&mailing=[%VAR%20MAILING.ID%] HTTP/1.0" 200 197 "-" "Mozilla/5.0 (Macintosh; Intel Mac OS X 10_14_1) AppleWebKit/537.36 (KHTML, like Gecko) Chrome/70.0.3538.110 Safari/537.36"
213.87.122.117 - - [03/Dec/2018:12:57:59 +0700] "GET /tracking.gif?email=smalinka95%40mail.ru&mailing=170 HTTP/1.0" 200 197 "-" "Mozilla/5.0 (iPhone; CPU iPhone OS 12_1 like Mac OS X) AppleWebKit/605.1.15 (KHTML, like Gecko) Mobile/16B92"
188.93.56.122 - - [03/Dec/2018:12:58:12 +0700] "GET /tracking.gif?email=30.40%40bk.ru&mailing=170 HTTP/1.0" 200 197 "-" "Mozilla/5.0 (X11; Linux x86_64) AppleWebKit/537.36 (KHTML, like Gecko)"
62.68.141.40 - - [03/Dec/2018:12:58:56 +0700] "GET /tracking.gif?email=[%VAR%20RCPT.EMAIL%20ESCAPE=URL%]&mailing=[%VAR%20MAILING.ID%] HTTP/1.0" 200 197 "-" "Mozilla/5.0 (Macintosh; Intel Mac OS X 10_14_1) AppleWebKit/537.36 (KHTML, like Gecko) Chrome/70.0.3538.110 Safari/537.36"
188.93.56.129 - - [03/Dec/2018:13:00:03 +0700] "GET /tracking.gif?email=lisa_marsa%40mail.ru&mailing=170 HTTP/1.0" 200 197 "-" "Mozilla/5.0 (X11; Linux x86_64) AppleWebKit/537.36 (KHTML, like Gecko)"
62.68.141.40 - - [03/Dec/2018:13:01:00 +0700] "GET /tracking.gif?email=[%VAR%20RCPT.EMAIL%20ESCAPE=URL%]&mailing=[%VAR%20MAILING.ID%] HTTP/1.0" 200 197 "-" "Mozilla/5.0 (Macintosh; Intel Mac OS X 10_14_1) AppleWebKit/537.36 (KHTML, like Gecko) Chrome/70.0.3538.110 Safari/537.36"
62.68.141.40 - - [03/Dec/2018:13:01:44 +0700] "GET /tracking.gif?email=[%VAR%20RCPT.EMAIL%20ESCAPE=URL%]&mailing=[%VAR%20MAILING.ID%] HTTP/1.0" 200 197 "-" "Mozilla/5.0 (Macintosh; Intel Mac OS X 10_14_1) AppleWebKit/537.36 (KHTML, like Gecko) Chrome/70.0.3538.110 Safari/537.36"
62.68.141.40 - - [03/Dec/2018:13:01:53 +0700] "GET /tracking.gif?email=[%VAR%20RCPT.EMAIL%20ESCAPE=URL%]&mailing=[%VAR%20MAILING.ID%] HTTP/1.0" 200 197 "-" "Mozilla/5.0 (Macintosh; Intel Mac OS X 10_14_1) AppleWebKit/537.36 (KHTML, like Gecko) Chrome/70.0.3538.110 Safari/537.36"
31.173.240.156 - - [03/Dec/2018:13:05:21 +0700] "GET /tracking.gif?email=maksim.kl90%40mail.ru&mailing=170 HTTP/1.0" 200 197 "-" "Mozilla/5.0 (Linux; Android 8.0.0; ANE-LX1 Build/HUAWEIANE-LX1; wv) AppleWebKit/537.36 (KHTML, like Gecko) Version/4.0 Chrome/70.0.3538.110 Mobile Safari/537.36"
188.93.56.121 - - [03/Dec/2018:13:07:24 +0700] "GET /tracking.gif?email=galya.chibrikova%40mail.ru&mailing=170 HTTP/1.0" 200 197 "-" "Mozilla/5.0 (X11; Linux x86_64) AppleWebKit/537.36 (KHTML, like Gecko)"
188.93.56.122 - - [03/Dec/2018:13:07:29 +0700] "GET /tracking.gif?email=west-iv%40mail.ru&mailing=170 HTTP/1.0" 200 197 "-" "Mozilla/5.0 (X11; Linux x86_64) AppleWebKit/537.36 (KHTML, like Gecko)"
