188.93.56.128 - - [15/Jan/2019:07:42:54 +0700] "GET /tracking.gif?email=apache96%40mail.ru&mailing=317 HTTP/1.0" 200 197 "-" "Mozilla/5.0 (X11; Linux x86_64) AppleWebKit/537.36 (KHTML, like Gecko)"
188.93.56.127 - - [15/Jan/2019:07:43:18 +0700] "GET /tracking.gif?email=apache96%40mail.ru&mailing=321 HTTP/1.0" 200 197 "-" "Mozilla/5.0 (X11; Linux x86_64) AppleWebKit/537.36 (KHTML, like Gecko)"
188.93.56.127 - - [15/Jan/2019:07:43:20 +0700] "GET /tracking.gif?email=apache96%40mail.ru&mailing=321 HTTP/1.0" 200 197 "-" "Mozilla/5.0 (X11; Linux x86_64) AppleWebKit/537.36 (KHTML, like Gecko)"
207.102.138.158 - - [15/Jan/2019:07:43:42 +0700] "GET / HTTP/1.0" 404 180 "-" "Mozilla/5.0 (X11; Linux x86_64) AppleWebKit/537.36 (KHTML, like Gecko) Chrome/38.0.2125.101 Safari/537.36"
188.93.56.126 - - [15/Jan/2019:07:52:25 +0700] "GET /tracking.gif?email=es.baranova%40mail.ru&mailing=320 HTTP/1.0" 200 197 "-" "Mozilla/5.0 (X11; Linux x86_64) AppleWebKit/537.36 (KHTML, like Gecko)"
188.93.56.122 - - [15/Jan/2019:08:15:26 +0700] "GET /tracking.gif?email=89136415386%40mail.ru&mailing=280 HTTP/1.0" 200 197 "-" "Mozilla/5.0 (X11; Linux x86_64) AppleWebKit/537.36 (KHTML, like Gecko)"
188.93.56.128 - - [15/Jan/2019:08:16:17 +0700] "GET /tracking.gif?email=89136415386%40mail.ru&mailing=254 HTTP/1.0" 200 197 "-" "Mozilla/5.0 (X11; Linux x86_64) AppleWebKit/537.36 (KHTML, like Gecko)"
66.102.9.17 - - [15/Jan/2019:08:16:49 +0700] "GET /unsubscribe/?email=kanahitou%40gmail.com&mailing=320 HTTP/1.0" 200 983 "-" "Mozilla/5.0 (Linux; Android 6.0.1; MI 4W) AppleWebKit/537.36 (KHTML, like Gecko) Chrome/71.0.3578.99 Mobile Safari/537.36"
66.102.9.14 - - [15/Jan/2019:08:16:52 +0700] "GET /img/popcorn.svg HTTP/1.0" 200 1187 "http://mailing.etobilet.ru/css/main.css" "Mozilla/5.0 (Linux; Android 6.0.1; MI 4W) AppleWebKit/537.36 (KHTML, like Gecko) Chrome/71.0.3578.99 Mobile Safari/537.36"
66.102.9.17 - - [15/Jan/2019:08:16:54 +0700] "GET /unsubscribe/?email=kanahitou%40gmail.com&mailing=320&confirmed=1 HTTP/1.0" 200 748 "http://mailing.etobilet.ru/unsubscribe/?email=kanahitou%40gmail.com&mailing=320" "Mozilla/5.0 (Linux; Android 6.0.1; MI 4W) AppleWebKit/537.36 (KHTML, like Gecko) Chrome/71.0.3578.99 Mobile Safari/537.36"
66.102.8.129 - - [15/Jan/2019:08:16:57 +0700] "GET /unsubscribe/?email=kanahitou@gmail.com&mailing=320 HTTP/1.0" 200 748 "-" "Mozilla/5.0 (Windows NT 10.0; Win64; x64) AppleWebKit/537.36 (KHTML, like Gecko) Chrome/65.0.3325.181 Safari/537.36"
66.102.8.156 - - [15/Jan/2019:08:16:58 +0700] "GET /img/popcorn.svg HTTP/1.0" 200 1187 "http://mailing.etobilet.ru/css/main.css" "Mozilla/5.0 (Windows NT 10.0; Win64; x64) AppleWebKit/537.36 (KHTML, like Gecko) Chrome/65.0.3325.181 Safari/537.36"
188.93.56.121 - - [15/Jan/2019:08:39:50 +0700] "GET /tracking.gif?email=planeta.zap%40mail.ru&mailing=321 HTTP/1.0" 200 197 "-" "Mozilla/5.0 (X11; Linux x86_64) AppleWebKit/537.36 (KHTML, like Gecko)"
66.102.9.17 - - [15/Jan/2019:08:40:14 +0700] "GET /tracking.gif?email=denisnaumchenko%40gmail.com&mailing=312 HTTP/1.0" 200 197 "-" "Mozilla/5.0 (Windows NT 5.1; rv:11.0) Gecko Firefox/11.0 (via ggpht.com GoogleImageProxy)"
188.93.56.122 - - [15/Jan/2019:08:40:38 +0700] "GET /tracking.gif?email=sergey.kar.89%40mail.ru&mailing=321 HTTP/1.0" 200 197 "-" "Mozilla/5.0 (X11; Linux x86_64) AppleWebKit/537.36 (KHTML, like Gecko)"
66.102.9.17 - - [15/Jan/2019:08:41:43 +0700] "GET /tracking.gif?email=denisnaumchenko%40gmail.com&mailing=311 HTTP/1.0" 200 197 "-" "Mozilla/5.0 (Windows NT 5.1; rv:11.0) Gecko Firefox/11.0 (via ggpht.com GoogleImageProxy)"
188.93.56.124 - - [15/Jan/2019:08:53:29 +0700] "GET /tracking.gif?email=Maksim-korobeinikov%40mail.ru&mailing=321 HTTP/1.0" 200 197 "-" "Mozilla/5.0 (X11; Linux x86_64) AppleWebKit/537.36 (KHTML, like Gecko)"
85.140.22.96 - - [15/Jan/2019:08:55:37 +0700] "GET /tracking.gif?email=rechon.86%40mail.ru&mailing=316 HTTP/1.0" 200 197 "-" "Mozilla/5.0 (Linux; Android 8.0.0; STF-L09 Build/HUAWEISTF-L09; wv) AppleWebKit/537.36 (KHTML, like Gecko) Version/4.0 Chrome/70.0.3538.80 Mobile Safari/537.36"
188.93.56.127 - - [15/Jan/2019:09:01:18 +0700] "GET /tracking.gif?email=1_fantasy%40mail.ru&mailing=241 HTTP/1.0" 200 197 "-" "Mozilla/5.0 (X11; Linux x86_64) AppleWebKit/537.36 (KHTML, like Gecko)"
178.74.74.235 - - [15/Jan/2019:09:01:32 +0700] "GET /unsubscribe/?email=1_fantasy%40mail.ru&mailing=241 HTTP/1.0" 200 975 "-" "Mozilla/5.0 (Android 6.0.1; Mobile; rv:63.0) Gecko/63.0 Firefox/63.0"
178.74.74.235 - - [15/Jan/2019:09:01:33 +0700] "GET /img/popcorn.svg HTTP/1.0" 200 1187 "http://mailing.etobilet.ru/css/main.css" "Mozilla/5.0 (Android 6.0.1; Mobile; rv:63.0) Gecko/63.0 Firefox/63.0"
178.74.74.235 - - [15/Jan/2019:09:01:34 +0700] "GET /unsubscribe/?email=1_fantasy%40mail.ru&mailing=241&confirmed=1 HTTP/1.0" 200 744 "http://mailing.etobilet.ru/unsubscribe/?email=1_fantasy%40mail.ru&mailing=241" "Mozilla/5.0 (Android 6.0.1; Mobile; rv:63.0) Gecko/63.0 Firefox/63.0"
188.93.56.129 - - [15/Jan/2019:09:15:49 +0700] "GET /tracking.gif?email=polina-v91%40mail.ru&mailing=321 HTTP/1.0" 200 197 "-" "Mozilla/5.0 (X11; Linux x86_64) AppleWebKit/537.36 (KHTML, like Gecko)"
188.93.56.122 - - [15/Jan/2019:09:21:01 +0700] "GET /tracking.gif?email=oksante%40bk.ru&mailing=316 HTTP/1.0" 200 197 "-" "Mozilla/5.0 (X11; Linux x86_64) AppleWebKit/537.36 (KHTML, like Gecko)"
109.123.148.141 - - [15/Jan/2019:09:32:22 +0700] "GET /tracking.gif?email=musorov%40yandex.ru&mailing=321 HTTP/1.0" 200 197 "-" "Mozilla/4.0 (compatible; MSIE 7.0; Windows NT 10.0; Win64; x64; Trident/7.0; .NET4.0C; .NET4.0E; .NET CLR 2.0.50727; .NET CLR 3.0.30729; .NET CLR 3.5.30729; Microsoft Outlook 16.0.4756; ms-office; MSOffice 16)"
109.123.148.141 - - [15/Jan/2019:09:33:56 +0700] "GET /tracking.gif?email=musorov%40yandex.ru&mailing=321 HTTP/1.0" 200 197 "-" "Mozilla/4.0 (compatible; MSIE 7.0; Windows NT 10.0; Win64; x64; Trident/7.0; .NET4.0C; .NET4.0E; .NET CLR 2.0.50727; .NET CLR 3.0.30729; .NET CLR 3.5.30729; Microsoft Outlook 16.0.4756; ms-office; MSOffice 16)"
5.255.241.232 - - [15/Jan/2019:09:38:38 +0700] "GET /tracking.gif?email=elena.minenkova2009%40yandex.ru&mailing=321 HTTP/1.0" 200 197 "-" "Mozilla/5.0 (compatible; YandexImageResizer/2.0; +http://yandex.com/bots)"
188.93.56.128 - - [15/Jan/2019:09:39:01 +0700] "GET /tracking.gif?email=kotovich-anastas%40mail.ru&mailing=320 HTTP/1.0" 200 197 "-" "Mozilla/5.0 (X11; Linux x86_64) AppleWebKit/537.36 (KHTML, like Gecko)"
188.93.56.128 - - [15/Jan/2019:09:44:49 +0700] "GET /tracking.gif?email=finogeeva-97%40mail.ru&mailing=321 HTTP/1.0" 200 197 "-" "Mozilla/5.0 (X11; Linux x86_64) AppleWebKit/537.36 (KHTML, like Gecko)"
80.83.235.52 - - [15/Jan/2019:09:46:11 +0700] "GET /tracking.gif?email=Gutya1992%40yandex.ru&mailing=260 HTTP/1.0" 200 197 "-" "Mozilla/5.0 (iPhone; CPU iPhone OS 12_1_2 like Mac OS X) AppleWebKit/605.1.15 (KHTML, like Gecko) Mobile/16C101"
188.93.56.124 - - [15/Jan/2019:09:52:59 +0700] "GET /tracking.gif?email=fish-202%40mail.ru&mailing=316 HTTP/1.0" 200 197 "-" "Mozilla/5.0 (X11; Linux x86_64) AppleWebKit/537.36 (KHTML, like Gecko)"
188.162.73.91 - - [15/Jan/2019:09:54:58 +0700] "GET /tracking.gif?email=julia1994zaitseva%40gmail.com&mailing=321 HTTP/1.0" 200 197 "-" "Mozilla/5.0 (iPhone; CPU iPhone OS 12_1_2 like Mac OS X) AppleWebKit/605.1.15 (KHTML, like Gecko) Mobile/16C101"
213.87.224.251 - - [15/Jan/2019:09:56:42 +0700] "GET /tracking.gif?email=Ilyaryndin%40mail.ru&mailing=321 HTTP/1.0" 200 197 "-" "Mozilla/5.0 (iPhone; CPU iPhone OS 12_0 like Mac OS X) AppleWebKit/605.1.15 (KHTML, like Gecko) Mobile/16A366"
188.93.56.130 - - [15/Jan/2019:09:57:24 +0700] "GET /tracking.gif?email=Mangutov_ms%40mail.ru&mailing=320 HTTP/1.0" 200 197 "-" "Mozilla/5.0 (X11; Linux x86_64) AppleWebKit/537.36 (KHTML, like Gecko)"
80.83.235.52 - - [15/Jan/2019:10:04:23 +0700] "GET /tracking.gif?email=Gutya1992%40yandex.ru&mailing=260 HTTP/1.0" 200 197 "-" "Mozilla/5.0 (iPhone; CPU iPhone OS 12_1_2 like Mac OS X) AppleWebKit/605.1.15 (KHTML, like Gecko) Mobile/16C101"
188.93.56.124 - - [15/Jan/2019:10:06:21 +0700] "GET /tracking.gif?email=arisha37%40mail.ru&mailing=321 HTTP/1.0" 200 197 "-" "Mozilla/5.0 (X11; Linux x86_64) AppleWebKit/537.36 (KHTML, like Gecko)"
66.102.9.17 - - [15/Jan/2019:10:10:18 +0700] "GET /tracking.gif?email=ruslan060365%40gmail.com&mailing=321 HTTP/1.0" 200 197 "-" "Mozilla/5.0 (Windows NT 5.1; rv:11.0) Gecko Firefox/11.0 (via ggpht.com GoogleImageProxy)"
213.87.249.43 - - [15/Jan/2019:10:11:03 +0700] "GET /tracking.gif?email=ant_anastasia%40mail.ru&mailing=316 HTTP/1.0" 200 197 "-" "Mozilla/5.0 (iPhone; CPU iPhone OS 12_1_2 like Mac OS X) AppleWebKit/605.1.15 (KHTML, like Gecko) Mobile/16C101"
188.93.56.126 - - [15/Jan/2019:10:20:22 +0700] "GET /tracking.gif?email=Shura.romankevich%40mail.ru&mailing=318 HTTP/1.0" 200 197 "-" "Mozilla/5.0 (X11; Linux x86_64) AppleWebKit/537.36 (KHTML, like Gecko)"
62.68.141.57 - - [15/Jan/2019:10:20:49 +0700] "GET /tracking.gif?email=%5b%25VAR%20RCPT.EMAIL%20ESCAPE=URL%25%5d&mailing=%5b%25VAR%20MAILING.ID%25%5d HTTP/1.0" 200 197 "-" "Mozilla/5.0 (compatible; MSIE 10.0; Windows NT 10.0; WOW64; Trident/8.0; Microsoft Outlook 16.0.10730; ms-office; MSOffice 16)"
62.68.141.57 - - [15/Jan/2019:10:20:49 +0700] "GET /tracking.gif?email=%5b%25VAR%20RCPT.EMAIL%20ESCAPE=URL%25%5d&mailing=%5b%25VAR%20MAILING.ID%25%5d HTTP/1.0" 200 197 "-" "Mozilla/5.0 (compatible; MSIE 10.0; Windows NT 10.0; WOW64; Trident/8.0; Microsoft Outlook 16.0.10730; ms-office; MSOffice 16)"
66.102.9.17 - - [15/Jan/2019:10:24:26 +0700] "GET /tracking.gif?email=Vm.artcube%40gmail.com&mailing=320 HTTP/1.0" 200 197 "-" "Mozilla/5.0 (Windows NT 5.1; rv:11.0) Gecko Firefox/11.0 (via ggpht.com GoogleImageProxy)"
62.68.141.57 - - [15/Jan/2019:10:24:52 +0700] "GET /tracking.gif?email=%5b%25VAR%20RCPT.EMAIL%20ESCAPE=URL%25%5d&mailing=%5b%25VAR%20MAILING.ID%25%5d HTTP/1.0" 200 197 "-" "Mozilla/5.0 (compatible; MSIE 10.0; Windows NT 10.0; WOW64; Trident/8.0; Microsoft Outlook 16.0.10730; ms-office; MSOffice 16)"
62.68.141.57 - - [15/Jan/2019:10:24:52 +0700] "GET /tracking.gif?email=%5b%25VAR%20RCPT.EMAIL%20ESCAPE=URL%25%5d&mailing=%5b%25VAR%20MAILING.ID%25%5d HTTP/1.0" 200 197 "-" "Mozilla/5.0 (compatible; MSIE 10.0; Windows NT 10.0; WOW64; Trident/8.0; Microsoft Outlook 16.0.10730; ms-office; MSOffice 16)"
62.68.141.57 - - [15/Jan/2019:10:25:01 +0700] "GET /tracking.gif?email=%5b%25VAR%20RCPT.EMAIL%20ESCAPE=URL%25%5d&mailing=%5b%25VAR%20MAILING.ID%25%5d HTTP/1.0" 200 197 "-" "Mozilla/5.0 (compatible; MSIE 10.0; Windows NT 10.0; WOW64; Trident/8.0; Microsoft Outlook 16.0.10730; ms-office; MSOffice 16)"
188.93.56.123 - - [15/Jan/2019:10:25:33 +0700] "GET /tracking.gif?email=JuravovAV%40mail.ru&mailing=317 HTTP/1.0" 200 197 "-" "Mozilla/5.0 (X11; Linux x86_64) AppleWebKit/537.36 (KHTML, like Gecko)"
5.255.241.227 - - [15/Jan/2019:10:26:54 +0700] "GET /tracking.gif?email=[%25VAR%20RCPT.EMAIL%20ESCAPE=URL%25]&mailing=[%25VAR%20MAILING.ID%25] HTTP/1.0" 200 197 "-" "Mozilla/5.0 (compatible; YandexImageResizer/2.0; +http://yandex.com/bots)"
188.93.56.122 - - [15/Jan/2019:10:28:14 +0700] "GET /tracking.gif?email=Victoria-kononova%40mail.ru&mailing=241 HTTP/1.0" 200 197 "-" "Mozilla/5.0 (X11; Linux x86_64) AppleWebKit/537.36 (KHTML, like Gecko)"
62.68.141.57 - - [15/Jan/2019:10:28:20 +0700] "GET /tracking.gif?email=%5b%25VAR%20RCPT.EMAIL%20ESCAPE=URL%25%5d&mailing=%5b%25VAR%20MAILING.ID%25%5d HTTP/1.0" 200 197 "-" "Mozilla/5.0 (compatible; MSIE 10.0; Windows NT 10.0; WOW64; Trident/8.0; Microsoft Outlook 16.0.10730; ms-office; MSOffice 16)"
188.93.56.127 - - [15/Jan/2019:10:32:20 +0700] "GET /tracking.gif?email=mclarens%40inbox.ru&mailing=320 HTTP/1.0" 200 197 "-" "Mozilla/5.0 (X11; Linux x86_64) AppleWebKit/537.36 (KHTML, like Gecko)"
62.68.141.42 - - [15/Jan/2019:10:33:25 +0700] "GET /tracking.gif?email=%5b%25VAR%20RCPT.EMAIL%20ESCAPE=URL%25%5d&mailing=%5b%25VAR%20MAILING.ID%25%5d HTTP/1.0" 200 197 "-" "Mozilla/4.0 (compatible; MSIE 7.0; Windows NT 10.0; Win64; x64; Trident/7.0; .NET4.0C; .NET4.0E; Microsoft Outlook 16.0.4573; ms-office; MSOffice 16)"
213.87.126.170 - - [15/Jan/2019:10:35:50 +0700] "GET /tracking.gif?email=antikill_31%40mail.ru&mailing=321 HTTP/1.0" 200 197 "-" "Mozilla/5.0 (iPhone; CPU iPhone OS 12_1_2 like Mac OS X) AppleWebKit/605.1.15 (KHTML, like Gecko) Mobile/16C101"
46.246.123.43 - - [15/Jan/2019:10:37:18 +0700] "GET /unsubscribe/?email=musenkoev%40gmail.com&mailing=321 HTTP/1.0" 200 982 "-" "Mozilla/5.0 (Windows NT 10.0; Win64; x64) AppleWebKit/537.36 (KHTML, like Gecko) Chrome/71.0.3578.98 Safari/537.36"
46.246.123.43 - - [15/Jan/2019:10:37:19 +0700] "GET /img/popcorn.svg HTTP/1.0" 200 1187 "http://mailing.etobilet.ru/css/main.css" "Mozilla/5.0 (Windows NT 10.0; Win64; x64) AppleWebKit/537.36 (KHTML, like Gecko) Chrome/71.0.3578.98 Safari/537.36"
46.246.123.43 - - [15/Jan/2019:10:37:20 +0700] "GET /unsubscribe/?email=musenkoev%40gmail.com&mailing=321&confirmed=1 HTTP/1.0" 200 747 "http://mailing.etobilet.ru/unsubscribe/?email=musenkoev%40gmail.com&mailing=321" "Mozilla/5.0 (Windows NT 10.0; Win64; x64) AppleWebKit/537.36 (KHTML, like Gecko) Chrome/71.0.3578.98 Safari/537.36"
62.68.141.42 - - [15/Jan/2019:10:38:32 +0700] "GET /tracking.gif?email=vka%40nikolas.ru&mailing=327 HTTP/1.0" 200 197 "-" "Mozilla/4.0 (compatible; MSIE 7.0; Windows NT 10.0; Win64; x64; Trident/7.0; .NET4.0C; .NET4.0E; Microsoft Outlook 16.0.4573; ms-office; MSOffice 16)"
37.9.65.80 - - [15/Jan/2019:10:40:59 +0700] "GET /tracking.gif?email=ras%40nikolas.ru&mailing=312 HTTP/1.0" 200 197 "-" "Mozilla/5.0 (compatible; YandexImageResizer/2.0; +http://yandex.com/bots)"
188.93.56.125 - - [15/Jan/2019:10:41:16 +0700] "GET /tracking.gif?email=Lorik191122%40mail.ru&mailing=317 HTTP/1.0" 200 197 "-" "Mozilla/5.0 (X11; Linux x86_64) AppleWebKit/537.36 (KHTML, like Gecko)"
62.68.141.42 - - [15/Jan/2019:10:41:46 +0700] "GET /tracking.gif?email=vka%40nikolas.ru&mailing=327 HTTP/1.0" 200 197 "-" "Mozilla/4.0 (compatible; MSIE 7.0; Windows NT 10.0; Win64; x64; Trident/7.0; .NET4.0C; .NET4.0E; Microsoft Outlook 16.0.4573; ms-office; MSOffice 16)"
62.68.141.42 - - [15/Jan/2019:10:41:46 +0700] "GET /tracking.gif?email=vka%40nikolas.ru&mailing=327 HTTP/1.0" 200 197 "-" "Mozilla/4.0 (compatible; MSIE 7.0; Windows NT 10.0; Win64; x64; Trident/7.0; .NET4.0C; .NET4.0E; Microsoft Outlook 16.0.4573; ms-office; MSOffice 16)"
37.9.65.83 - - [15/Jan/2019:10:43:26 +0700] "GET /tracking.gif?email=ras%40nikolas.ru&mailing=327 HTTP/1.0" 200 197 "-" "Mozilla/5.0 (compatible; YandexImageResizer/2.0; +http://yandex.com/bots)"
62.68.141.42 - - [15/Jan/2019:10:44:14 +0700] "GET /tracking.gif?email=vka%40nikolas.ru&mailing=327 HTTP/1.0" 200 197 "-" "Mozilla/4.0 (compatible; MSIE 7.0; Windows NT 10.0; Win64; x64; Trident/7.0; .NET4.0C; .NET4.0E; Microsoft Outlook 16.0.4573; ms-office; MSOffice 16)"
62.68.141.42 - - [15/Jan/2019:10:44:14 +0700] "GET /tracking.gif?email=vka%40nikolas.ru&mailing=327 HTTP/1.0" 200 197 "-" "Mozilla/4.0 (compatible; MSIE 7.0; Windows NT 10.0; Win64; x64; Trident/7.0; .NET4.0C; .NET4.0E; Microsoft Outlook 16.0.4573; ms-office; MSOffice 16)"
37.9.65.70 - - [15/Jan/2019:10:58:55 +0700] "GET /tracking.gif?email=torskaya%40mfc.tomsk.ru&mailing=317 HTTP/1.0" 200 197 "-" "Mozilla/5.0 (compatible; YandexImageResizer/2.0; +http://yandex.com/bots)"
188.93.56.128 - - [15/Jan/2019:11:03:17 +0700] "GET /tracking.gif?email=mcvitamin80%40mail.ru&mailing=321 HTTP/1.0" 200 197 "-" "Mozilla/5.0 (X11; Linux x86_64) AppleWebKit/537.36 (KHTML, like Gecko)"
62.68.141.42 - - [15/Jan/2019:11:03:21 +0700] "GET /tracking.gif?email=%5b%25VAR%20RCPT.EMAIL%20ESCAPE=URL%25%5d&mailing=%5b%25VAR%20MAILING.ID%25%5d HTTP/1.0" 200 197 "-" "Mozilla/4.0 (compatible; MSIE 7.0; Windows NT 10.0; Win64; x64; Trident/7.0; .NET4.0C; .NET4.0E; Microsoft Outlook 16.0.4573; ms-office; MSOffice 16)"
188.93.56.128 - - [15/Jan/2019:11:06:59 +0700] "GET /tracking.gif?email=Kukarskich_m%40mail.ru&mailing=321 HTTP/1.0" 200 197 "-" "Mozilla/5.0 (X11; Linux x86_64) AppleWebKit/537.36 (KHTML, like Gecko)"
93.158.130.171 - - [15/Jan/2019:11:10:21 +0700] "GET /tracking.gif?email=Romlena1%40yandex.ru&mailing=317 HTTP/1.0" 200 197 "-" "Mozilla/5.0 (compatible; YandexImageResizer/2.0; +http://yandex.com/bots)"
188.93.56.128 - - [15/Jan/2019:11:12:52 +0700] "GET /tracking.gif?email=zhenikam%40mail.ru&mailing=321 HTTP/1.0" 200 197 "-" "Mozilla/5.0 (X11; Linux x86_64) AppleWebKit/537.36 (KHTML, like Gecko)"
188.93.56.128 - - [15/Jan/2019:11:13:41 +0700] "GET /tracking.gif?email=Tandy_87%40mail.ru&mailing=321 HTTP/1.0" 200 197 "-" "Mozilla/5.0 (X11; Linux x86_64) AppleWebKit/537.36 (KHTML, like Gecko)"
188.93.56.127 - - [15/Jan/2019:11:15:32 +0700] "GET /tracking.gif?email=victordodonov%40mail.ru&mailing=321 HTTP/1.0" 200 197 "-" "Mozilla/5.0 (X11; Linux x86_64) AppleWebKit/537.36 (KHTML, like Gecko)"
188.93.56.128 - - [15/Jan/2019:11:27:00 +0700] "GET /tracking.gif?email=111niks111%40mail.ru&mailing=274 HTTP/1.0" 200 197 "-" "Mozilla/5.0 (X11; Linux x86_64) AppleWebKit/537.36 (KHTML, like Gecko)"
188.93.56.127 - - [15/Jan/2019:11:33:38 +0700] "GET /tracking.gif?email=keldian%40mail.ru&mailing=318 HTTP/1.0" 200 197 "-" "Mozilla/5.0 (X11; Linux x86_64) AppleWebKit/537.36 (KHTML, like Gecko)"
93.158.130.166 - - [15/Jan/2019:11:36:31 +0700] "GET /tracking.gif?email=nazarovrs%40yandex.ru&mailing=286 HTTP/1.0" 200 197 "-" "Mozilla/5.0 (compatible; YandexImageResizer/2.0; +http://yandex.com/bots)"
188.93.56.123 - - [15/Jan/2019:11:49:56 +0700] "GET /tracking.gif?email=jj_chertkova%40mail.ru&mailing=321 HTTP/1.0" 200 197 "-" "Mozilla/5.0 (X11; Linux x86_64) AppleWebKit/537.36 (KHTML, like Gecko)"
5.255.241.235 - - [15/Jan/2019:11:52:20 +0700] "GET /tracking.gif?email=s-mikhaylev%40yandex.ru&mailing=321 HTTP/1.0" 200 197 "-" "Mozilla/5.0 (compatible; YandexImageResizer/2.0; +http://yandex.com/bots)"
188.93.56.124 - - [15/Jan/2019:11:52:27 +0700] "GET /tracking.gif?email=metal-77%40mail.ru&mailing=312 HTTP/1.0" 200 197 "-" "Mozilla/5.0 (X11; Linux x86_64) AppleWebKit/537.36 (KHTML, like Gecko)"
188.93.56.124 - - [15/Jan/2019:11:52:29 +0700] "GET /tracking.gif?email=metal-77%40mail.ru&mailing=311 HTTP/1.0" 200 197 "-" "Mozilla/5.0 (X11; Linux x86_64) AppleWebKit/537.36 (KHTML, like Gecko)"
37.9.65.80 - - [15/Jan/2019:11:52:39 +0700] "GET /tracking.gif?email=s-mikhaylev%40yandex.ru&mailing=286 HTTP/1.0" 200 197 "-" "Mozilla/5.0 (compatible; YandexImageResizer/2.0; +http://yandex.com/bots)"
188.93.56.124 - - [15/Jan/2019:11:52:39 +0700] "GET /tracking.gif?email=metal-77%40mail.ru&mailing=309 HTTP/1.0" 200 197 "-" "Mozilla/5.0 (X11; Linux x86_64) AppleWebKit/537.36 (KHTML, like Gecko)"
188.93.56.124 - - [15/Jan/2019:11:52:43 +0700] "GET /tracking.gif?email=metal-77%40mail.ru&mailing=308 HTTP/1.0" 200 197 "-" "Mozilla/5.0 (X11; Linux x86_64) AppleWebKit/537.36 (KHTML, like Gecko)"
188.93.56.124 - - [15/Jan/2019:11:52:48 +0700] "GET /tracking.gif?email=metal-77%40mail.ru&mailing=307 HTTP/1.0" 200 197 "-" "Mozilla/5.0 (X11; Linux x86_64) AppleWebKit/537.36 (KHTML, like Gecko)"
188.93.56.124 - - [15/Jan/2019:11:53:12 +0700] "GET /tracking.gif?email=metal-77%40mail.ru&mailing=306 HTTP/1.0" 200 197 "-" "Mozilla/5.0 (X11; Linux x86_64) AppleWebKit/537.36 (KHTML, like Gecko)"
188.93.56.124 - - [15/Jan/2019:11:53:27 +0700] "GET /tracking.gif?email=metal-77%40mail.ru&mailing=305 HTTP/1.0" 200 197 "-" "Mozilla/5.0 (X11; Linux x86_64) AppleWebKit/537.36 (KHTML, like Gecko)"
188.93.56.126 - - [15/Jan/2019:11:54:37 +0700] "GET /tracking.gif?email=ksenya.loiko%40mail.ru&mailing=321 HTTP/1.0" 200 197 "-" "Mozilla/5.0 (X11; Linux x86_64) AppleWebKit/537.36 (KHTML, like Gecko)"
188.93.56.124 - - [15/Jan/2019:11:55:01 +0700] "GET /tracking.gif?email=metal-77%40mail.ru&mailing=304 HTTP/1.0" 200 197 "-" "Mozilla/5.0 (X11; Linux x86_64) AppleWebKit/537.36 (KHTML, like Gecko)"
188.93.56.124 - - [15/Jan/2019:11:55:06 +0700] "GET /tracking.gif?email=metal-77%40mail.ru&mailing=294 HTTP/1.0" 200 197 "-" "Mozilla/5.0 (X11; Linux x86_64) AppleWebKit/537.36 (KHTML, like Gecko)"
188.93.56.124 - - [15/Jan/2019:11:55:08 +0700] "GET /tracking.gif?email=metal-77%40mail.ru&mailing=293 HTTP/1.0" 200 197 "-" "Mozilla/5.0 (X11; Linux x86_64) AppleWebKit/537.36 (KHTML, like Gecko)"
188.93.56.127 - - [15/Jan/2019:12:05:23 +0700] "GET /tracking.gif?email=butygina.elena%40mail.ru&mailing=289 HTTP/1.0" 200 197 "-" "Mozilla/5.0 (X11; Linux x86_64) AppleWebKit/537.36 (KHTML, like Gecko)"
66.102.9.14 - - [15/Jan/2019:12:09:08 +0700] "GET /unsubscribe/?email=gatmao%40gmail.com&mailing=321 HTTP/1.0" 200 976 "android-app://com.google.android.gm" "Mozilla/5.0 (Linux; Android 7.1.2; Redmi 5A Build/N2G47H) AppleWebKit/537.36 (KHTML, like Gecko) Chrome/66.0.3359.158 Mobile Safari/537.36"
66.102.9.20 - - [15/Jan/2019:12:09:09 +0700] "GET /img/popcorn.svg HTTP/1.0" 200 1187 "http://mailing.etobilet.ru/css/main.css" "Mozilla/5.0 (Linux; Android 7.1.2; Redmi 5A Build/N2G47H) AppleWebKit/537.36 (KHTML, like Gecko) Chrome/66.0.3359.158 Mobile Safari/537.36"
66.102.9.20 - - [15/Jan/2019:12:09:11 +0700] "GET /unsubscribe/?email=gatmao%40gmail.com&mailing=321&confirmed=1 HTTP/1.0" 200 747 "http://mailing.etobilet.ru/unsubscribe/?email=gatmao%40gmail.com&mailing=321" "Mozilla/5.0 (Linux; Android 7.1.2; Redmi 5A Build/N2G47H) AppleWebKit/537.36 (KHTML, like Gecko) Chrome/66.0.3359.158 Mobile Safari/537.36"
188.93.56.122 - - [15/Jan/2019:12:13:29 +0700] "GET /tracking.gif?email=snezhana.abramenko%40mail.ru&mailing=320 HTTP/1.0" 200 197 "-" "Mozilla/5.0 (X11; Linux x86_64) AppleWebKit/537.36 (KHTML, like Gecko)"
188.93.56.122 - - [15/Jan/2019:12:14:46 +0700] "GET /tracking.gif?email=golubev_oh%40mail.ru&mailing=320 HTTP/1.0" 200 197 "-" "Mozilla/5.0 (X11; Linux x86_64) AppleWebKit/537.36 (KHTML, like Gecko)"
93.158.130.162 - - [15/Jan/2019:12:18:13 +0700] "GET /tracking.gif?email=chugal%40yandex.ru&mailing=321 HTTP/1.0" 200 197 "-" "Mozilla/5.0 (compatible; YandexImageResizer/2.0; +http://yandex.com/bots)"
93.158.130.170 - - [15/Jan/2019:12:21:35 +0700] "GET /tracking.gif?email=Ok.sonina2222%40yandex.ru&mailing=321 HTTP/1.0" 200 197 "-" "Mozilla/5.0 (compatible; YandexImageResizer/2.0; +http://yandex.com/bots)"
213.87.123.30 - - [15/Jan/2019:12:28:05 +0700] "GET /tracking.gif?email=podaandrey%40mail.ru&mailing=317 HTTP/1.0" 200 197 "-" "Mozilla/5.0 (iPhone; CPU iPhone OS 10_3_3 like Mac OS X) AppleWebKit/603.3.8 (KHTML, like Gecko) Mobile/14G60"
213.87.123.30 - - [15/Jan/2019:12:28:08 +0700] "GET /tracking.gif?email=podaandrey%40mail.ru&mailing=317 HTTP/1.0" 200 197 "-" "Mozilla/5.0 (iPhone; CPU iPhone OS 10_3_3 like Mac OS X) AppleWebKit/603.3.8 (KHTML, like Gecko) Mobile/14G60"
213.87.123.30 - - [15/Jan/2019:12:28:11 +0700] "GET /tracking.gif?email=podaandrey%40mail.ru&mailing=317 HTTP/1.0" 200 197 "-" "Mozilla/5.0 (iPhone; CPU iPhone OS 10_3_3 like Mac OS X) AppleWebKit/603.3.8 (KHTML, like Gecko) Mobile/14G60"
213.87.123.30 - - [15/Jan/2019:12:28:14 +0700] "GET /tracking.gif?email=podaandrey%40mail.ru&mailing=317 HTTP/1.0" 200 197 "-" "Mozilla/5.0 (iPhone; CPU iPhone OS 10_3_3 like Mac OS X) AppleWebKit/603.3.8 (KHTML, like Gecko) Mobile/14G60"
62.68.141.57 - - [15/Jan/2019:12:30:18 +0700] "GET /tracking.gif?email=%5b%25VAR%20RCPT.EMAIL%20ESCAPE=URL%25%5d&mailing=%5b%25VAR%20MAILING.ID%25%5d HTTP/1.0" 200 197 "-" "Mozilla/5.0 (compatible; MSIE 10.0; Windows NT 10.0; WOW64; Trident/8.0; Microsoft Outlook 16.0.10730; ms-office; MSOffice 16)"
62.68.141.57 - - [15/Jan/2019:12:31:00 +0700] "GET /tracking.gif?email=%5b%25VAR%20RCPT.EMAIL%20ESCAPE=URL%25%5d&mailing=%5b%25VAR%20MAILING.ID%25%5d HTTP/1.0" 200 197 "-" "Mozilla/5.0 (compatible; MSIE 10.0; Windows NT 10.0; WOW64; Trident/8.0; Microsoft Outlook 16.0.10730; ms-office; MSOffice 16)"
62.68.141.57 - - [15/Jan/2019:12:31:00 +0700] "GET /tracking.gif?email=%5b%25VAR%20RCPT.EMAIL%20ESCAPE=URL%25%5d&mailing=%5b%25VAR%20MAILING.ID%25%5d HTTP/1.0" 200 197 "-" "Mozilla/5.0 (compatible; MSIE 10.0; Windows NT 10.0; WOW64; Trident/8.0; Microsoft Outlook 16.0.10730; ms-office; MSOffice 16)"
62.68.141.57 - - [15/Jan/2019:12:31:02 +0700] "GET /tracking.gif?email=%5b%25VAR%20RCPT.EMAIL%20ESCAPE=URL%25%5d&mailing=%5b%25VAR%20MAILING.ID%25%5d HTTP/1.0" 200 197 "-" "Mozilla/5.0 (compatible; MSIE 10.0; Windows NT 10.0; WOW64; Trident/8.0; Microsoft Outlook 16.0.10730; ms-office; MSOffice 16)"
217.118.79.33 - - [15/Jan/2019:12:32:38 +0700] "GET /tracking.gif?email=mania270679%40mail.ru&mailing=321 HTTP/1.0" 200 197 "-" "Mozilla/5.0 (Linux; Android 8.0.0; BND-L21 Build/HONORBND-L21; wv) AppleWebKit/537.36 (KHTML, like Gecko) Version/4.0 Chrome/71.0.3578.99 Mobile Safari/537.36"
62.68.141.57 - - [15/Jan/2019:12:33:29 +0700] "GET /tracking.gif?email=%5b%25VAR%20RCPT.EMAIL%20ESCAPE=URL%25%5d&mailing=%5b%25VAR%20MAILING.ID%25%5d HTTP/1.0" 200 197 "-" "Mozilla/5.0 (compatible; MSIE 10.0; Windows NT 10.0; WOW64; Trident/8.0; Microsoft Outlook 16.0.10730; ms-office; MSOffice 16)"
62.68.141.57 - - [15/Jan/2019:12:34:28 +0700] "GET /tracking.gif?email=%5b%25VAR%20RCPT.EMAIL%20ESCAPE=URL%25%5d&mailing=%5b%25VAR%20MAILING.ID%25%5d HTTP/1.0" 200 197 "-" "Mozilla/5.0 (compatible; MSIE 10.0; Windows NT 10.0; WOW64; Trident/8.0; Microsoft Outlook 16.0.10730; ms-office; MSOffice 16)"
62.68.141.42 - - [15/Jan/2019:12:36:13 +0700] "GET /tracking.gif?email=vka%40nikolas.ru&mailing=327 HTTP/1.0" 200 197 "-" "Mozilla/4.0 (compatible; MSIE 7.0; Windows NT 10.0; Win64; x64; Trident/7.0; .NET4.0C; .NET4.0E; Microsoft Outlook 16.0.4573; ms-office; MSOffice 16)"
62.68.141.42 - - [15/Jan/2019:12:36:13 +0700] "GET /tracking.gif?email=vka%40nikolas.ru&mailing=327 HTTP/1.0" 200 197 "-" "Mozilla/4.0 (compatible; MSIE 7.0; Windows NT 10.0; Win64; x64; Trident/7.0; .NET4.0C; .NET4.0E; Microsoft Outlook 16.0.4573; ms-office; MSOffice 16)"
62.68.141.57 - - [15/Jan/2019:12:37:35 +0700] "GET /tracking.gif?email=%5b%25VAR%20RCPT.EMAIL%20ESCAPE=URL%25%5d&mailing=%5b%25VAR%20MAILING.ID%25%5d HTTP/1.0" 200 197 "-" "Mozilla/5.0 (compatible; MSIE 10.0; Windows NT 10.0; WOW64; Trident/8.0; Microsoft Outlook 16.0.10730; ms-office; MSOffice 16)"
93.158.130.168 - - [15/Jan/2019:12:38:08 +0700] "GET /tracking.gif?email=alena.cherneta%40yandex.ru&mailing=321 HTTP/1.0" 200 197 "-" "Mozilla/5.0 (compatible; YandexImageResizer/2.0; +http://yandex.com/bots)"
5.255.241.243 - - [15/Jan/2019:12:39:00 +0700] "GET /tracking.gif?email=alena.cherneta%40yandex.ru&mailing=286 HTTP/1.0" 200 197 "-" "Mozilla/5.0 (compatible; YandexImageResizer/2.0; +http://yandex.com/bots)"
62.68.141.57 - - [15/Jan/2019:12:41:01 +0700] "GET /tracking.gif?email=%5b%25VAR%20RCPT.EMAIL%20ESCAPE=URL%25%5d&mailing=%5b%25VAR%20MAILING.ID%25%5d HTTP/1.0" 200 197 "-" "Mozilla/5.0 (compatible; MSIE 10.0; Windows NT 10.0; WOW64; Trident/8.0; Microsoft Outlook 16.0.10730; ms-office; MSOffice 16)"
62.68.141.42 - - [15/Jan/2019:12:41:56 +0700] "GET /tracking.gif?email=%5b%25VAR%20RCPT.EMAIL%20ESCAPE=URL%25%5d&mailing=%5b%25VAR%20MAILING.ID%25%5d HTTP/1.0" 200 197 "-" "Mozilla/4.0 (compatible; MSIE 7.0; Windows NT 10.0; Win64; x64; Trident/7.0; .NET4.0C; .NET4.0E; Microsoft Outlook 16.0.4573; ms-office; MSOffice 16)"
62.68.141.42 - - [15/Jan/2019:12:41:57 +0700] "GET /tracking.gif?email=%5b%25VAR%20RCPT.EMAIL%20ESCAPE=URL%25%5d&mailing=%5b%25VAR%20MAILING.ID%25%5d HTTP/1.0" 200 197 "-" "Mozilla/4.0 (compatible; MSIE 7.0; Windows NT 10.0; Win64; x64; Trident/7.0; .NET4.0C; .NET4.0E; Microsoft Outlook 16.0.4573; ms-office; MSOffice 16)"
62.68.141.42 - - [15/Jan/2019:12:42:06 +0700] "GET /tracking.gif?email=%5b%25VAR%20RCPT.EMAIL%20ESCAPE=URL%25%5d&mailing=%5b%25VAR%20MAILING.ID%25%5d HTTP/1.0" 200 197 "-" "Mozilla/4.0 (compatible; MSIE 7.0; Windows NT 10.0; Win64; x64; Trident/7.0; .NET4.0C; .NET4.0E; Microsoft Outlook 16.0.4573; ms-office; MSOffice 16)"
62.68.141.42 - - [15/Jan/2019:12:42:06 +0700] "GET /tracking.gif?email=%5b%25VAR%20RCPT.EMAIL%20ESCAPE=URL%25%5d&mailing=%5b%25VAR%20MAILING.ID%25%5d HTTP/1.0" 200 197 "-" "Mozilla/4.0 (compatible; MSIE 7.0; Windows NT 10.0; Win64; x64; Trident/7.0; .NET4.0C; .NET4.0E; Microsoft Outlook 16.0.4573; ms-office; MSOffice 16)"
62.68.141.57 - - [15/Jan/2019:12:45:15 +0700] "GET /tracking.gif?email=%5b%25VAR%20RCPT.EMAIL%20ESCAPE=URL%25%5d&mailing=%5b%25VAR%20MAILING.ID%25%5d HTTP/1.0" 200 197 "-" "Mozilla/5.0 (compatible; MSIE 10.0; Windows NT 10.0; WOW64; Trident/8.0; Microsoft Outlook 16.0.10730; ms-office; MSOffice 16)"
62.68.141.57 - - [15/Jan/2019:12:46:19 +0700] "GET /tracking.gif?email=%5b%25VAR%20RCPT.EMAIL%20ESCAPE=URL%25%5d&mailing=%5b%25VAR%20MAILING.ID%25%5d HTTP/1.0" 200 197 "-" "Mozilla/5.0 (compatible; MSIE 10.0; Windows NT 10.0; WOW64; Trident/8.0; Microsoft Outlook 16.0.10730; ms-office; MSOffice 16)"
188.186.187.239 - - [15/Jan/2019:12:46:29 +0700] "GET /tracking.gif?email=thudic%40mail.ru&mailing=270 HTTP/1.0" 200 197 "-" "Mozilla/5.0 (iPhone; CPU iPhone OS 12_0_1 like Mac OS X) AppleWebKit/605.1.15 (KHTML, like Gecko) Mobile/16A404"
188.93.56.127 - - [15/Jan/2019:12:48:30 +0700] "GET /tracking.gif?email=vitalinka_666%40mail.ru&mailing=321 HTTP/1.0" 200 197 "-" "Mozilla/5.0 (X11; Linux x86_64) AppleWebKit/537.36 (KHTML, like Gecko)"
62.68.141.57 - - [15/Jan/2019:12:48:59 +0700] "GET /tracking.gif?email=%5b%25VAR%20RCPT.EMAIL%20ESCAPE=URL%25%5d&mailing=%5b%25VAR%20MAILING.ID%25%5d HTTP/1.0" 200 197 "-" "Mozilla/5.0 (compatible; MSIE 10.0; Windows NT 10.0; WOW64; Trident/8.0; Microsoft Outlook 16.0.10730; ms-office; MSOffice 16)"
109.194.25.130 - - [15/Jan/2019:12:49:31 +0700] "GET /tracking.gif?email=mihekate%40yandex.ru&mailing=318 HTTP/1.0" 200 197 "-" "Mozilla/5.0 (Linux; Android 6.0; LG-K350 Build/MRA58K; wv) AppleWebKit/537.36 (KHTML, like Gecko) Version/4.0 Chrome/70.0.3538.80 Mobile Safari/537.36"
92.63.69.14 - - [15/Jan/2019:12:50:25 +0700] "GET /tracking.gif?email=79446157%40qq.com&mailing=317 HTTP/1.0" 200 197 "-" "Mozilla/5.0 (iPhone; CPU iPhone OS 12_1 like Mac OS X) AppleWebKit/605.1.15 (KHTML, like Gecko) Mobile/16B92 mailapp/5.5.5"
62.68.141.57 - - [15/Jan/2019:12:52:01 +0700] "GET /tracking.gif?email=%5b%25VAR%20RCPT.EMAIL%20ESCAPE=URL%25%5d&mailing=%5b%25VAR%20MAILING.ID%25%5d HTTP/1.0" 200 197 "-" "Mozilla/5.0 (compatible; MSIE 10.0; Windows NT 10.0; WOW64; Trident/8.0; Microsoft Outlook 16.0.10730; ms-office; MSOffice 16)"
62.68.141.57 - - [15/Jan/2019:12:53:02 +0700] "GET /tracking.gif?email=%5b%25VAR%20RCPT.EMAIL%20ESCAPE=URL%25%5d&mailing=%5b%25VAR%20MAILING.ID%25%5d HTTP/1.0" 200 197 "-" "Mozilla/5.0 (compatible; MSIE 10.0; Windows NT 10.0; WOW64; Trident/8.0; Microsoft Outlook 16.0.10730; ms-office; MSOffice 16)"
62.68.141.42 - - [15/Jan/2019:12:53:11 +0700] "GET /tracking.gif?email=%5b%25VAR%20RCPT.EMAIL%20ESCAPE=URL%25%5d&mailing=%5b%25VAR%20MAILING.ID%25%5d HTTP/1.0" 200 197 "-" "Mozilla/4.0 (compatible; MSIE 7.0; Windows NT 10.0; Win64; x64; Trident/7.0; .NET4.0C; .NET4.0E; Microsoft Outlook 16.0.4573; ms-office; MSOffice 16)"
62.68.141.57 - - [15/Jan/2019:12:53:44 +0700] "GET /tracking.gif?email=%5b%25VAR%20RCPT.EMAIL%20ESCAPE=URL%25%5d&mailing=%5b%25VAR%20MAILING.ID%25%5d HTTP/1.0" 200 197 "-" "Mozilla/5.0 (compatible; MSIE 10.0; Windows NT 10.0; WOW64; Trident/8.0; Microsoft Outlook 16.0.10730; ms-office; MSOffice 16)"
62.68.141.57 - - [15/Jan/2019:12:54:45 +0700] "GET /tracking.gif?email=%5b%25VAR%20RCPT.EMAIL%20ESCAPE=URL%25%5d&mailing=%5b%25VAR%20MAILING.ID%25%5d HTTP/1.0" 200 197 "-" "Mozilla/5.0 (compatible; MSIE 10.0; Windows NT 10.0; WOW64; Trident/8.0; Microsoft Outlook 16.0.10730; ms-office; MSOffice 16)"
62.68.141.57 - - [15/Jan/2019:12:55:40 +0700] "GET /tracking.gif?email=%5b%25VAR%20RCPT.EMAIL%20ESCAPE=URL%25%5d&mailing=%5b%25VAR%20MAILING.ID%25%5d HTTP/1.0" 200 197 "-" "Mozilla/5.0 (compatible; MSIE 10.0; Windows NT 10.0; WOW64; Trident/8.0; Microsoft Outlook 16.0.10730; ms-office; MSOffice 16)"
188.93.56.124 - - [15/Jan/2019:12:56:03 +0700] "GET /tracking.gif?email=bozina1975%40mail.ru&mailing=321 HTTP/1.0" 200 197 "-" "Mozilla/5.0 (X11; Linux x86_64) AppleWebKit/537.36 (KHTML, like Gecko)"
188.93.56.121 - - [15/Jan/2019:12:56:30 +0700] "GET /tracking.gif?email=kolanish%40bk.ru&mailing=321 HTTP/1.0" 200 197 "-" "Mozilla/5.0 (X11; Linux x86_64) AppleWebKit/537.36 (KHTML, like Gecko)"
109.194.25.130 - - [15/Jan/2019:12:58:57 +0700] "GET /tracking.gif?email=mihekate%40yandex.ru&mailing=318 HTTP/1.0" 200 197 "-" "Mozilla/5.0 (Linux; Android 6.0; LG-K350 Build/MRA58K; wv) AppleWebKit/537.36 (KHTML, like Gecko) Version/4.0 Chrome/70.0.3538.80 Mobile Safari/537.36"
188.93.56.124 - - [15/Jan/2019:13:01:07 +0700] "GET /tracking.gif?email=butenko-06%40mail.ru&mailing=280 HTTP/1.0" 200 197 "-" "Mozilla/5.0 (X11; Linux x86_64) AppleWebKit/537.36 (KHTML, like Gecko)"
37.9.65.71 - - [15/Jan/2019:13:01:54 +0700] "GET /tracking.gif?email=zaharova.olga-1983%40yandex.ru&mailing=321 HTTP/1.0" 200 197 "-" "Mozilla/5.0 (compatible; YandexImageResizer/2.0; +http://yandex.com/bots)"
188.93.56.122 - - [15/Jan/2019:13:10:58 +0700] "GET /tracking.gif?email=tnpara%40mail.ru&mailing=286 HTTP/1.0" 200 197 "-" "Mozilla/5.0 (X11; Linux x86_64) AppleWebKit/537.36 (KHTML, like Gecko)"
188.93.56.127 - - [15/Jan/2019:13:11:14 +0700] "GET /tracking.gif?email=deniska-braun%40inbox.ru&mailing=316 HTTP/1.0" 200 197 "-" "Mozilla/5.0 (X11; Linux x86_64) AppleWebKit/537.36 (KHTML, like Gecko)"
188.93.56.128 - - [15/Jan/2019:13:13:06 +0700] "GET /tracking.gif?email=albert.rafikov.cat%40mail.ru&mailing=270 HTTP/1.0" 200 197 "-" "Mozilla/5.0 (X11; Linux x86_64) AppleWebKit/537.36 (KHTML, like Gecko)"
188.93.56.125 - - [15/Jan/2019:13:18:13 +0700] "GET /tracking.gif?email=9016632777%40mail.ru&mailing=320 HTTP/1.0" 200 197 "-" "Mozilla/5.0 (X11; Linux x86_64) AppleWebKit/537.36 (KHTML, like Gecko)"
188.93.56.123 - - [15/Jan/2019:13:20:52 +0700] "GET /tracking.gif?email=darina_orop%40mail.ru&mailing=321 HTTP/1.0" 200 197 "-" "Mozilla/5.0 (X11; Linux x86_64) AppleWebKit/537.36 (KHTML, like Gecko)"
188.93.56.127 - - [15/Jan/2019:13:23:57 +0700] "GET /tracking.gif?email=prohorova07%40mail.ru&mailing=321 HTTP/1.0" 200 197 "-" "Mozilla/5.0 (X11; Linux x86_64) AppleWebKit/537.36 (KHTML, like Gecko)"
188.93.56.130 - - [15/Jan/2019:13:28:41 +0700] "GET /tracking.gif?email=zubrin%40inbox.ru&mailing=321 HTTP/1.0" 200 197 "-" "Mozilla/5.0 (X11; Linux x86_64) AppleWebKit/537.36 (KHTML, like Gecko)"
188.93.56.126 - - [15/Jan/2019:13:34:59 +0700] "GET /tracking.gif?email=ivan-mazurov%40mail.ru&mailing=318 HTTP/1.0" 200 197 "-" "Mozilla/5.0 (X11; Linux x86_64) AppleWebKit/537.36 (KHTML, like Gecko)"
66.102.9.14 - - [15/Jan/2019:13:38:20 +0700] "GET /tracking.gif?email=ruslanangarsk%40gmail.com&mailing=320 HTTP/1.0" 200 197 "-" "Mozilla/5.0 (Windows NT 5.1; rv:11.0) Gecko Firefox/11.0 (via ggpht.com GoogleImageProxy)"
188.93.56.125 - - [15/Jan/2019:13:43:03 +0700] "GET /tracking.gif?email=suncar%40mail.ru&mailing=321 HTTP/1.0" 200 197 "-" "Mozilla/5.0 (X11; Linux x86_64) AppleWebKit/537.36 (KHTML, like Gecko)"
93.158.130.164 - - [15/Jan/2019:13:43:50 +0700] "GET /tracking.gif?email=obukhov.maxim%40yandex.ru&mailing=287 HTTP/1.0" 200 197 "-" "Mozilla/5.0 (compatible; YandexImageResizer/2.0; +http://yandex.com/bots)"
188.93.56.122 - - [15/Jan/2019:13:47:17 +0700] "GET /tracking.gif?email=indra19%40mail.ru&mailing=317 HTTP/1.0" 200 197 "-" "Mozilla/5.0 (X11; Linux x86_64) AppleWebKit/537.36 (KHTML, like Gecko)"
188.93.56.129 - - [15/Jan/2019:13:47:49 +0700] "GET /tracking.gif?email=karagod9%40mail.ru&mailing=317 HTTP/1.0" 200 197 "-" "Mozilla/5.0 (X11; Linux x86_64) AppleWebKit/537.36 (KHTML, like Gecko)"
188.93.56.126 - - [15/Jan/2019:13:48:44 +0700] "GET /tracking.gif?email=suny4%40mail.ru&mailing=316 HTTP/1.0" 200 197 "-" "Mozilla/5.0 (X11; Linux x86_64) AppleWebKit/537.36 (KHTML, like Gecko)"
188.93.56.127 - - [15/Jan/2019:13:48:48 +0700] "GET /tracking.gif?email=bespalova_bespalova%40mail.ru&mailing=317 HTTP/1.0" 200 197 "-" "Mozilla/5.0 (X11; Linux x86_64) AppleWebKit/537.36 (KHTML, like Gecko)"
46.45.50.66 - - [15/Jan/2019:13:48:54 +0700] "GET /unsubscribe/?email=suny4%40mail.ru&mailing=316 HTTP/1.0" 200 976 "-" "Mozilla/5.0 (Windows NT 10.0; Win64; x64) AppleWebKit/537.36 (KHTML, like Gecko) Chrome/71.0.3578.98 Safari/537.36"
46.45.50.66 - - [15/Jan/2019:13:48:55 +0700] "GET /img/popcorn.svg HTTP/1.0" 200 1187 "http://mailing.etobilet.ru/css/main.css" "Mozilla/5.0 (Windows NT 10.0; Win64; x64) AppleWebKit/537.36 (KHTML, like Gecko) Chrome/71.0.3578.98 Safari/537.36"
46.45.50.66 - - [15/Jan/2019:13:48:58 +0700] "GET /unsubscribe/?email=suny4%40mail.ru&mailing=316&confirmed=1 HTTP/1.0" 200 753 "http://mailing.etobilet.ru/unsubscribe/?email=suny4%40mail.ru&mailing=316" "Mozilla/5.0 (Windows NT 10.0; Win64; x64) AppleWebKit/537.36 (KHTML, like Gecko) Chrome/71.0.3578.98 Safari/537.36"
188.93.56.128 - - [15/Jan/2019:13:50:12 +0700] "GET /tracking.gif?email=karagod9%40mail.ru&mailing=287 HTTP/1.0" 200 197 "-" "Mozilla/5.0 (X11; Linux x86_64) AppleWebKit/537.36 (KHTML, like Gecko)"
188.93.56.126 - - [15/Jan/2019:13:51:49 +0700] "GET /tracking.gif?email=karagod9%40mail.ru&mailing=264 HTTP/1.0" 200 197 "-" "Mozilla/5.0 (X11; Linux x86_64) AppleWebKit/537.36 (KHTML, like Gecko)"
178.184.39.218 - - [15/Jan/2019:13:56:26 +0700] "GET /tracking.gif?email=yana.korennyh%40icloud.com&mailing=318 HTTP/1.0" 200 197 "-" "Mozilla/5.0 (iPhone; CPU iPhone OS 12_1 like Mac OS X) AppleWebKit/605.1.15 (KHTML, like Gecko) Mobile/16B92"
5.255.241.241 - - [15/Jan/2019:13:59:49 +0700] "GET /tracking.gif?email=Belova-nas%40yandex.ru&mailing=318 HTTP/1.0" 200 197 "-" "Mozilla/5.0 (compatible; YandexImageResizer/2.0; +http://yandex.com/bots)"
188.93.56.129 - - [15/Jan/2019:14:00:31 +0700] "GET /tracking.gif?email=Bedarew21%40mail.ru&mailing=317 HTTP/1.0" 200 197 "-" "Mozilla/5.0 (X11; Linux x86_64) AppleWebKit/537.36 (KHTML, like Gecko)"
81.19.78.160 - - [15/Jan/2019:14:02:25 +0700] "GET /tracking.gif?email=skbyk%40rambler.ru&mailing=321 HTTP/1.0" 200 197 "https://mail.rambler.ru/?utm_source=head&utm_campaign=self_promo&utm_medium=widget&utm_content=mail&utm_term=inbox" "RamblerMail/6.0 (incompatible; ImageProxy/6.0)"
188.93.56.128 - - [15/Jan/2019:14:03:32 +0700] "GET /tracking.gif?email=chippolino95%40mail.ru&mailing=320 HTTP/1.0" 200 197 "-" "Mozilla/5.0 (X11; Linux x86_64) AppleWebKit/537.36 (KHTML, like Gecko)"
188.93.56.127 - - [15/Jan/2019:14:04:40 +0700] "GET /tracking.gif?email=Nativ65%40mail.ru&mailing=321 HTTP/1.0" 200 197 "-" "Mozilla/5.0 (X11; Linux x86_64) AppleWebKit/537.36 (KHTML, like Gecko)"
188.93.56.124 - - [15/Jan/2019:14:05:11 +0700] "GET /tracking.gif?email=m.nikurov95%40mail.ru&mailing=316 HTTP/1.0" 200 197 "-" "Mozilla/5.0 (X11; Linux x86_64) AppleWebKit/537.36 (KHTML, like Gecko)"
87.245.179.83 - - [15/Jan/2019:14:07:19 +0700] "GET /tracking.gif?email=Andrey.a.borodin%40gmail.com&mailing=303 HTTP/1.0" 200 197 "-" "Mozilla/5.0 (iPad; CPU OS 12_1_1 like Mac OS X) AppleWebKit/605.1.15 (KHTML, like Gecko) Mobile/16C50"
188.93.56.128 - - [15/Jan/2019:14:15:14 +0700] "GET /tracking.gif?email=dashulya_belova%40mail.ru&mailing=280 HTTP/1.0" 200 197 "-" "Mozilla/5.0 (X11; Linux x86_64) AppleWebKit/537.36 (KHTML, like Gecko)"
188.19.59.75 - - [15/Jan/2019:14:16:10 +0700] "GET /tracking.gif?email=yguskova86%40gmail.com&mailing=270 HTTP/1.0" 200 197 "-" "Mozilla/5.0 (iPhone; CPU iPhone OS 12_1_2 like Mac OS X) AppleWebKit/605.1.15 (KHTML, like Gecko) Mobile/16C101"
80.83.234.3 - - [15/Jan/2019:14:16:49 +0700] "GET /tracking.gif?email=amfibioz%40icloud.com&mailing=321 HTTP/1.0" 200 197 "-" "Mozilla/5.0 (iPhone; CPU iPhone OS 12_0_1 like Mac OS X) AppleWebKit/605.1.15 (KHTML, like Gecko) Mobile/16A404"
78.140.22.209 - - [15/Jan/2019:14:17:17 +0700] "GET /tracking.gif?email=PanovDV%40mail.ru&mailing=321 HTTP/1.0" 200 197 "-" "Mozilla/4.0 (compatible; MSIE 7.0; Windows NT 6.1; WOW64; Trident/7.0; SLCC2; .NET CLR 2.0.50727; .NET CLR 3.5.30729; .NET CLR 3.0.30729; Media Center PC 6.0; .NET4.0C; .NET4.0E; MSOffice 12)"
188.93.56.122 - - [15/Jan/2019:14:20:05 +0700] "GET /tracking.gif?email=kisasns%40mail.ru&mailing=321 HTTP/1.0" 200 197 "-" "Mozilla/5.0 (X11; Linux x86_64) AppleWebKit/537.36 (KHTML, like Gecko)"
188.93.56.127 - - [15/Jan/2019:14:20:28 +0700] "GET /tracking.gif?email=vektor.ks%40mail.ru&mailing=308 HTTP/1.0" 200 197 "-" "Mozilla/5.0 (X11; Linux x86_64) AppleWebKit/537.36 (KHTML, like Gecko)"
188.93.56.130 - - [15/Jan/2019:14:20:32 +0700] "GET /tracking.gif?email=vektor.ks%40mail.ru&mailing=308 HTTP/1.0" 200 197 "-" "Mozilla/5.0 (X11; Linux x86_64) AppleWebKit/537.36 (KHTML, like Gecko)"
66.102.9.17 - - [15/Jan/2019:14:21:50 +0700] "GET /tracking.gif?email=viktor708563%40gmail.com&mailing=317 HTTP/1.0" 200 197 "-" "Mozilla/5.0 (Windows NT 5.1; rv:11.0) Gecko Firefox/11.0 (via ggpht.com GoogleImageProxy)"
188.93.56.126 - - [15/Jan/2019:14:26:17 +0700] "GET /tracking.gif?email=natama62%40list.ru&mailing=320 HTTP/1.0" 200 197 "-" "Mozilla/5.0 (X11; Linux x86_64) AppleWebKit/537.36 (KHTML, like Gecko)"
93.158.130.161 - - [15/Jan/2019:14:29:52 +0700] "GET /tracking.gif?email=artemii-zverev%40yandex.ru&mailing=321 HTTP/1.0" 200 197 "-" "Mozilla/5.0 (compatible; YandexImageResizer/2.0; +http://yandex.com/bots)"
188.93.56.121 - - [15/Jan/2019:14:35:25 +0700] "GET /tracking.gif?email=alexglyan%40mail.ru&mailing=321 HTTP/1.0" 200 197 "-" "Mozilla/5.0 (X11; Linux x86_64) AppleWebKit/537.36 (KHTML, like Gecko)"
188.93.56.128 - - [15/Jan/2019:14:35:30 +0700] "GET /tracking.gif?email=alexglyan%40mail.ru&mailing=321 HTTP/1.0" 200 197 "-" "Mozilla/5.0 (X11; Linux x86_64) AppleWebKit/537.36 (KHTML, like Gecko)"
66.102.9.20 - - [15/Jan/2019:14:36:22 +0700] "GET /tracking.gif?email=pesa80%40gmail.com&mailing=304 HTTP/1.0" 200 197 "-" "Mozilla/5.0 (Windows NT 5.1; rv:11.0) Gecko Firefox/11.0 (via ggpht.com GoogleImageProxy)"
66.102.9.20 - - [15/Jan/2019:14:37:25 +0700] "GET /tracking.gif?email=tany.ageeva1989%40gmail.com&mailing=320 HTTP/1.0" 200 197 "-" "Mozilla/5.0 (Windows NT 5.1; rv:11.0) Gecko Firefox/11.0 (via ggpht.com GoogleImageProxy)"
66.102.9.14 - - [15/Jan/2019:14:37:25 +0700] "GET /tracking.gif?email=tany.ageeva1989%40gmail.com&mailing=289 HTTP/1.0" 200 197 "-" "Mozilla/5.0 (Windows NT 5.1; rv:11.0) Gecko Firefox/11.0 (via ggpht.com GoogleImageProxy)"
81.19.78.160 - - [15/Jan/2019:14:41:10 +0700] "GET /tracking.gif?email=evstra2015%40rambler.ru&mailing=316 HTTP/1.0" 200 197 "https://mail.rambler.ru/?utm_source=head&utm_campaign=self_promo&utm_medium=widget&utm_content=mail&utm_term=inbox" "RamblerMail/6.0 (incompatible; ImageProxy/6.0)"
188.93.56.127 - - [15/Jan/2019:14:44:34 +0700] "GET /tracking.gif?email=trubkin_dm%40mail.ru&mailing=191 HTTP/1.0" 200 197 "-" "Mozilla/5.0 (X11; Linux x86_64) AppleWebKit/537.36 (KHTML, like Gecko)"
188.93.56.123 - - [15/Jan/2019:14:44:36 +0700] "GET /tracking.gif?email=krypton_2000%40mail.ru&mailing=320 HTTP/1.0" 200 197 "-" "Mozilla/5.0 (X11; Linux x86_64) AppleWebKit/537.36 (KHTML, like Gecko)"
109.123.148.54 - - [15/Jan/2019:14:44:52 +0700] "GET /tracking.gif?email=tsygankov%40vtomske.ru&mailing=321 HTTP/1.0" 200 197 "-" "Microsoft Office/16.0 (Microsoft Outlook 16.0.11029; Pro)"
66.102.9.17 - - [15/Jan/2019:14:56:50 +0700] "GET /tracking.gif?email=f.yavorskiy%40gmail.com&mailing=312 HTTP/1.0" 200 197 "-" "Mozilla/5.0 (Windows NT 5.1; rv:11.0) Gecko Firefox/11.0 (via ggpht.com GoogleImageProxy)"
37.9.65.66 - - [15/Jan/2019:14:57:28 +0700] "GET /tracking.gif?email=ann-silaeva77%40yandex.ru&mailing=312 HTTP/1.0" 200 197 "-" "Mozilla/5.0 (compatible; YandexImageResizer/2.0; +http://yandex.com/bots)"
188.93.56.123 - - [15/Jan/2019:15:05:50 +0700] "GET /tracking.gif?email=Elisger55%40mail.ru&mailing=280 HTTP/1.0" 200 197 "-" "Mozilla/5.0 (X11; Linux x86_64) AppleWebKit/537.36 (KHTML, like Gecko)"
66.102.9.20 - - [15/Jan/2019:15:07:54 +0700] "GET /tracking.gif?email=19lysenko82%40gmail.com&mailing=321 HTTP/1.0" 200 197 "-" "Mozilla/5.0 (Windows NT 5.1; rv:11.0) Gecko Firefox/11.0 (via ggpht.com GoogleImageProxy)"
188.93.56.128 - - [15/Jan/2019:15:09:24 +0700] "GET /tracking.gif?email=81555565%40mail.ru&mailing=321 HTTP/1.0" 200 197 "-" "Mozilla/5.0 (X11; Linux x86_64) AppleWebKit/537.36 (KHTML, like Gecko)"
188.93.56.125 - - [15/Jan/2019:15:11:21 +0700] "GET /tracking.gif?email=kla01011962%40mail.ru&mailing=321 HTTP/1.0" 200 197 "-" "Mozilla/5.0 (X11; Linux x86_64) AppleWebKit/537.36 (KHTML, like Gecko)"
188.93.56.125 - - [15/Jan/2019:15:12:03 +0700] "GET /tracking.gif?email=telegin5678%40mail.ru&mailing=254 HTTP/1.0" 200 197 "-" "Mozilla/5.0 (X11; Linux x86_64) AppleWebKit/537.36 (KHTML, like Gecko)"
81.19.78.160 - - [15/Jan/2019:15:14:03 +0700] "GET /tracking.gif?email=sopromatchik%40rambler.ru&mailing=321 HTTP/1.0" 200 197 "https://mail.rambler.ru/?utm_source=head&utm_campaign=self_promo&utm_medium=widget&utm_content=mail&utm_term=inbox" "RamblerMail/6.0 (incompatible; ImageProxy/6.0)"
188.93.56.124 - - [15/Jan/2019:15:14:41 +0700] "GET /tracking.gif?email=89821556331F%40mail.ru&mailing=316 HTTP/1.0" 200 197 "-" "Mozilla/5.0 (X11; Linux x86_64) AppleWebKit/537.36 (KHTML, like Gecko)"
188.93.56.125 - - [15/Jan/2019:15:17:35 +0700] "GET /tracking.gif?email=zona_tuninga%40mail.ru&mailing=270 HTTP/1.0" 200 197 "-" "Mozilla/5.0 (X11; Linux x86_64) AppleWebKit/537.36 (KHTML, like Gecko)"
62.68.141.42 - - [15/Jan/2019:15:22:52 +0700] "GET /tracking.gif?email=%5b%25VAR%20RCPT.EMAIL%20ESCAPE=URL%25%5d&mailing=%5b%25VAR%20MAILING.ID%25%5d HTTP/1.0" 200 197 "-" "Mozilla/4.0 (compatible; MSIE 7.0; Windows NT 10.0; Win64; x64; Trident/7.0; .NET4.0C; .NET4.0E; Microsoft Outlook 16.0.4573; ms-office; MSOffice 16)"
5.255.241.231 - - [15/Jan/2019:15:26:37 +0700] "GET /tracking.gif?email=andrei.mail%40qip.ru&mailing=280 HTTP/1.0" 200 197 "-" "Mozilla/5.0 (compatible; YandexImageResizer/2.0; +http://yandex.com/bots)"
37.9.65.83 - - [15/Jan/2019:15:26:41 +0700] "GET /tracking.gif?email=andrei.mail%40qip.ru&mailing=254 HTTP/1.0" 200 197 "-" "Mozilla/5.0 (compatible; YandexImageResizer/2.0; +http://yandex.com/bots)"
188.93.56.128 - - [15/Jan/2019:15:26:43 +0700] "GET /tracking.gif?email=79138633890%40mail.ru&mailing=321 HTTP/1.0" 200 197 "-" "Mozilla/5.0 (X11; Linux x86_64) AppleWebKit/537.36 (KHTML, like Gecko)"
37.9.65.83 - - [15/Jan/2019:15:27:02 +0700] "GET /tracking.gif?email=andrei.mail%40qip.ru&mailing=206 HTTP/1.0" 200 197 "-" "Mozilla/5.0 (compatible; YandexImageResizer/2.0; +http://yandex.com/bots)"
66.102.9.20 - - [15/Jan/2019:15:28:45 +0700] "GET /tracking.gif?email=gotseluk.ivan%40gmail.com&mailing=274 HTTP/1.0" 200 197 "-" "Mozilla/5.0 (Windows NT 5.1; rv:11.0) Gecko Firefox/11.0 (via ggpht.com GoogleImageProxy)"
62.68.141.57 - - [15/Jan/2019:15:31:17 +0700] "GET /tracking.gif?email=%5b%25VAR%20RCPT.EMAIL%20ESCAPE=URL%25%5d&mailing=%5b%25VAR%20MAILING.ID%25%5d HTTP/1.0" 200 197 "-" "Mozilla/5.0 (compatible; MSIE 10.0; Windows NT 10.0; WOW64; Trident/8.0; Microsoft Outlook 16.0.10730; ms-office; MSOffice 16)"
62.68.141.57 - - [15/Jan/2019:15:31:34 +0700] "GET /tracking.gif?email=%5b%25VAR%20RCPT.EMAIL%20ESCAPE=URL%25%5d&mailing=%5b%25VAR%20MAILING.ID%25%5d HTTP/1.0" 200 197 "-" "Mozilla/5.0 (compatible; MSIE 10.0; Windows NT 10.0; WOW64; Trident/8.0; Microsoft Outlook 16.0.10730; ms-office; MSOffice 16)"
62.68.141.57 - - [15/Jan/2019:15:33:35 +0700] "GET /tracking.gif?email=%5b%25VAR%20RCPT.EMAIL%20ESCAPE=URL%25%5d&mailing=%5b%25VAR%20MAILING.ID%25%5d HTTP/1.0" 200 197 "-" "Mozilla/5.0 (compatible; MSIE 10.0; Windows NT 10.0; WOW64; Trident/8.0; Microsoft Outlook 16.0.10730; ms-office; MSOffice 16)"
188.93.56.124 - - [15/Jan/2019:15:34:25 +0700] "GET /tracking.gif?email=harry_147%40mail.ru&mailing=320 HTTP/1.0" 200 197 "-" "Mozilla/5.0 (X11; Linux x86_64) AppleWebKit/537.36 (KHTML, like Gecko)"
37.49.160.201 - - [15/Jan/2019:15:34:31 +0700] "GET /unsubscribe/?email=harry_147%40mail.ru&mailing=320 HTTP/1.0" 200 979 "-" "Mozilla/5.0 (Windows NT 10.0; Win64; x64; rv:56.0) Gecko/20100101 Firefox/56.0"
37.49.160.201 - - [15/Jan/2019:15:34:32 +0700] "GET /img/popcorn.svg HTTP/1.0" 200 1187 "http://mailing.etobilet.ru/css/main.css" "Mozilla/5.0 (Windows NT 10.0; Win64; x64; rv:56.0) Gecko/20100101 Firefox/56.0"
37.49.160.201 - - [15/Jan/2019:15:34:35 +0700] "GET /unsubscribe/?email=harry_147%40mail.ru&mailing=320&confirmed=1 HTTP/1.0" 200 748 "http://mailing.etobilet.ru/unsubscribe/?email=harry_147%40mail.ru&mailing=320" "Mozilla/5.0 (Windows NT 10.0; Win64; x64; rv:56.0) Gecko/20100101 Firefox/56.0"
62.68.141.57 - - [15/Jan/2019:15:35:24 +0700] "GET /tracking.gif?email=%5b%25VAR%20RCPT.EMAIL%20ESCAPE=URL%25%5d&mailing=%5b%25VAR%20MAILING.ID%25%5d HTTP/1.0" 200 197 "-" "Mozilla/5.0 (compatible; MSIE 10.0; Windows NT 10.0; WOW64; Trident/8.0; Microsoft Outlook 16.0.10730; ms-office; MSOffice 16)"
62.68.141.57 - - [15/Jan/2019:15:36:30 +0700] "GET /tracking.gif?email=%5b%25VAR%20RCPT.EMAIL%20ESCAPE=URL%25%5d&mailing=%5b%25VAR%20MAILING.ID%25%5d HTTP/1.0" 200 197 "-" "Mozilla/5.0 (compatible; MSIE 10.0; Windows NT 10.0; WOW64; Trident/8.0; Microsoft Outlook 16.0.10730; ms-office; MSOffice 16)"
188.93.56.127 - - [15/Jan/2019:15:36:31 +0700] "GET /tracking.gif?email=mussova%40mail.ru&mailing=261 HTTP/1.0" 200 197 "-" "Mozilla/5.0 (X11; Linux x86_64) AppleWebKit/537.36 (KHTML, like Gecko)"
62.68.141.42 - - [15/Jan/2019:15:37:02 +0700] "GET /tracking.gif?email=%5b%25VAR%20RCPT.EMAIL%20ESCAPE=URL%25%5d&mailing=%5b%25VAR%20MAILING.ID%25%5d HTTP/1.0" 200 197 "-" "Mozilla/4.0 (compatible; MSIE 7.0; Windows NT 10.0; Win64; x64; Trident/7.0; .NET4.0C; .NET4.0E; Microsoft Outlook 16.0.4573; ms-office; MSOffice 16)"
213.87.225.60 - - [15/Jan/2019:15:38:04 +0700] "GET /tracking.gif?email=pakhomova71%40mail.ru&mailing=321 HTTP/1.0" 200 197 "-" "Mozilla/5.0 (Linux; Android 7.0; Redmi Note 4 Build/NRD90M; wv) AppleWebKit/537.36 (KHTML, like Gecko) Version/4.0 Chrome/71.0.3578.99 Mobile Safari/537.36"
