66.102.9.17 - - [07/Jan/2019:18:00:10 +0700] "GET /tracking.gif?email=eleng1109%40yandex.ru&mailing=308 HTTP/1.0" 200 197 "http://mailing.etobilet.ru/browse/?email=eleng1109%40yandex.ru&mailing=308" "Mozilla/5.0 (Linux; Android 7.0; PRA-TL10 Build/HONORPRA-TL10) AppleWebKit/537.36 (KHTML, like Gecko) Chrome/66.0.3359.158 Mobile Safari/537.36"
188.18.248.234 - - [07/Jan/2019:18:00:46 +0700] "GET /tracking.gif?email=bekhtyaeva1310%40icloud.com&mailing=279 HTTP/1.0" 200 197 "-" "Mozilla/5.0 (Macintosh; Intel Mac OS X 10_14_2) AppleWebKit/605.1.15 (KHTML, like Gecko)"
188.93.56.129 - - [07/Jan/2019:18:02:03 +0700] "GET /tracking.gif?email=Miro_Al%40mail.ru&mailing=308 HTTP/1.0" 200 197 "-" "Mozilla/5.0 (X11; Linux x86_64) AppleWebKit/537.36 (KHTML, like Gecko)"
188.93.56.125 - - [07/Jan/2019:18:02:23 +0700] "GET /tracking.gif?email=Miro_Al%40mail.ru&mailing=308 HTTP/1.0" 200 197 "-" "Mozilla/5.0 (X11; Linux x86_64) AppleWebKit/537.36 (KHTML, like Gecko)"
93.158.130.169 - - [07/Jan/2019:18:02:23 +0700] "GET /tracking.gif?email=savant139%40yandex.ru&mailing=306 HTTP/1.0" 200 197 "-" "Mozilla/5.0 (compatible; YandexImageResizer/2.0; +http://yandex.com/bots)"
5.255.241.235 - - [07/Jan/2019:18:02:27 +0700] "GET /tracking.gif?email=savant139%40yandex.ru&mailing=307 HTTP/1.0" 200 197 "-" "Mozilla/5.0 (compatible; YandexImageResizer/2.0; +http://yandex.com/bots)"
37.9.65.85 - - [07/Jan/2019:18:02:32 +0700] "GET /tracking.gif?email=savant139%40yandex.ru&mailing=308 HTTP/1.0" 200 197 "-" "Mozilla/5.0 (compatible; YandexImageResizer/2.0; +http://yandex.com/bots)"
188.19.58.41 - - [07/Jan/2019:18:03:44 +0700] "GET /tracking.gif?email=yul7887%40yandex.ru&mailing=308 HTTP/1.0" 200 197 "-" "Mozilla/5.0 (Linux; Android 6.0.1; SM-A500F) AppleWebKit/537.36 (KHTML, like Gecko) Chrome/71.0.3578.99 Mobile Safari/537.36"
188.93.56.127 - - [07/Jan/2019:18:05:20 +0700] "GET /tracking.gif?email=volfmar22%40mail.ru&mailing=284 HTTP/1.0" 200 197 "-" "Mozilla/5.0 (X11; Linux x86_64) AppleWebKit/537.36 (KHTML, like Gecko)"
93.158.130.183 - - [07/Jan/2019:18:06:09 +0700] "GET /tracking.gif?email=jurleonik%40yandex.ru&mailing=308 HTTP/1.0" 200 197 "-" "Mozilla/5.0 (compatible; YandexImageResizer/2.0; +http://yandex.com/bots)"
66.102.9.17 - - [07/Jan/2019:18:08:46 +0700] "GET /unsubscribe/?email=uliki%40list.ru&mailing=308 HTTP/1.0" 200 971 "-" "Mozilla/5.0 (Linux; Android 9; COL-L29) AppleWebKit/537.36 (KHTML, like Gecko) Chrome/71.0.3578.99 Mobile Safari/537.36"
66.102.9.14 - - [07/Jan/2019:18:08:46 +0700] "GET /img/popcorn.svg HTTP/1.0" 200 1187 "http://mailing.etobilet.ru/css/main.css" "Mozilla/5.0 (Linux; Android 9; COL-L29) AppleWebKit/537.36 (KHTML, like Gecko) Chrome/71.0.3578.99 Mobile Safari/537.36"
66.102.9.17 - - [07/Jan/2019:18:08:48 +0700] "GET /unsubscribe/?email=uliki%40list.ru&mailing=308&confirmed=1 HTTP/1.0" 200 748 "http://mailing.etobilet.ru/unsubscribe/?email=uliki%40list.ru&mailing=308" "Mozilla/5.0 (Linux; Android 9; COL-L29) AppleWebKit/537.36 (KHTML, like Gecko) Chrome/71.0.3578.99 Mobile Safari/537.36"
66.102.9.20 - - [07/Jan/2019:18:11:27 +0700] "GET /tracking.gif?email=eparigina%40gmail.com&mailing=274 HTTP/1.0" 200 197 "-" "Mozilla/5.0 (Windows NT 5.1; rv:11.0) Gecko Firefox/11.0 (via ggpht.com GoogleImageProxy)"
188.93.56.125 - - [07/Jan/2019:18:11:48 +0700] "GET /tracking.gif?email=k.khvostova%40mail.ru&mailing=307 HTTP/1.0" 200 197 "-" "Mozilla/5.0 (X11; Linux x86_64) AppleWebKit/537.36 (KHTML, like Gecko)"
188.93.56.124 - - [07/Jan/2019:18:12:15 +0700] "GET /tracking.gif?email=k.khvostova%40mail.ru&mailing=306 HTTP/1.0" 200 197 "-" "Mozilla/5.0 (X11; Linux x86_64) AppleWebKit/537.36 (KHTML, like Gecko)"
188.93.56.123 - - [07/Jan/2019:18:13:43 +0700] "GET /tracking.gif?email=k.khvostova%40mail.ru&mailing=305 HTTP/1.0" 200 197 "-" "Mozilla/5.0 (X11; Linux x86_64) AppleWebKit/537.36 (KHTML, like Gecko)"
188.93.56.124 - - [07/Jan/2019:18:14:08 +0700] "GET /tracking.gif?email=k.khvostova%40mail.ru&mailing=308 HTTP/1.0" 200 197 "-" "Mozilla/5.0 (X11; Linux x86_64) AppleWebKit/537.36 (KHTML, like Gecko)"
188.93.56.123 - - [07/Jan/2019:18:14:45 +0700] "GET /tracking.gif?email=andruha_haker%40mail.ru&mailing=308 HTTP/1.0" 200 197 "-" "Mozilla/5.0 (X11; Linux x86_64) AppleWebKit/537.36 (KHTML, like Gecko)"
188.93.56.128 - - [07/Jan/2019:18:15:04 +0700] "GET /tracking.gif?email=Kelvinac%40mail.ru&mailing=308 HTTP/1.0" 200 197 "-" "Mozilla/5.0 (X11; Linux x86_64) AppleWebKit/537.36 (KHTML, like Gecko)"
188.93.56.130 - - [07/Jan/2019:18:15:39 +0700] "GET /tracking.gif?email=k.khvostova%40mail.ru&mailing=306 HTTP/1.0" 200 197 "-" "Mozilla/5.0 (X11; Linux x86_64) AppleWebKit/537.36 (KHTML, like Gecko)"
188.93.56.129 - - [07/Jan/2019:18:16:12 +0700] "GET /tracking.gif?email=k.khvostova%40mail.ru&mailing=308 HTTP/1.0" 200 197 "-" "Mozilla/5.0 (X11; Linux x86_64) AppleWebKit/537.36 (KHTML, like Gecko)"
188.93.56.128 - - [07/Jan/2019:18:16:29 +0700] "GET /tracking.gif?email=yuliya.evseeva.73%40mail.ru&mailing=289 HTTP/1.0" 200 197 "-" "Mozilla/5.0 (X11; Linux x86_64) AppleWebKit/537.36 (KHTML, like Gecko)"
188.93.56.128 - - [07/Jan/2019:18:16:42 +0700] "GET /tracking.gif?email=yuliya.evseeva.73%40mail.ru&mailing=255 HTTP/1.0" 200 197 "-" "Mozilla/5.0 (X11; Linux x86_64) AppleWebKit/537.36 (KHTML, like Gecko)"
37.9.65.72 - - [07/Jan/2019:18:16:46 +0700] "GET /tracking.gif?email=kgv2008%40yandex.ru&mailing=308 HTTP/1.0" 200 197 "-" "Mozilla/5.0 (compatible; YandexImageResizer/2.0; +http://yandex.com/bots)"
188.93.56.127 - - [07/Jan/2019:18:18:03 +0700] "GET /tracking.gif?email=lesina.1984%40mail.ru&mailing=274 HTTP/1.0" 200 197 "-" "Mozilla/5.0 (X11; Linux x86_64) AppleWebKit/537.36 (KHTML, like Gecko)"
95.47.85.121 - - [07/Jan/2019:18:18:36 +0700] "GET /tracking.gif?email=beer83%40list.ru&mailing=308 HTTP/1.0" 200 197 "http://mobile-mail.google.com/-463697538/9149839619703715170" "Mozilla/5.0 (Linux; Android 8.1.0; SM-N960F Build/M1AJQ; wv) AppleWebKit/537.36 (KHTML, like Gecko) Version/4.0 Chrome/71.0.3578.99 Mobile Safari/537.36"
188.93.56.129 - - [07/Jan/2019:18:18:54 +0700] "GET /tracking.gif?email=abc_ltd%40list.ru&mailing=206 HTTP/1.0" 200 197 "-" "Mozilla/5.0 (X11; Linux x86_64) AppleWebKit/537.36 (KHTML, like Gecko)"
188.93.56.127 - - [07/Jan/2019:18:20:03 +0700] "GET /tracking.gif?email=ymka_1995.01.25%40mail.ru&mailing=264 HTTP/1.0" 200 197 "-" "Mozilla/5.0 (X11; Linux x86_64) AppleWebKit/537.36 (KHTML, like Gecko)"
188.93.56.127 - - [07/Jan/2019:18:28:23 +0700] "GET /tracking.gif?email=frunze_aur%40mail.ru&mailing=308 HTTP/1.0" 200 197 "-" "Mozilla/5.0 (X11; Linux x86_64) AppleWebKit/537.36 (KHTML, like Gecko)"
66.102.9.14 - - [07/Jan/2019:18:29:02 +0700] "GET /tracking.gif?email=isokols%40gmail.com&mailing=279 HTTP/1.0" 200 197 "-" "Mozilla/5.0 (Windows NT 5.1; rv:11.0) Gecko Firefox/11.0 (via ggpht.com GoogleImageProxy)"
188.93.56.128 - - [07/Jan/2019:18:29:16 +0700] "GET /tracking.gif?email=kuliev_sanan%40mail.ru&mailing=308 HTTP/1.0" 200 197 "-" "Mozilla/5.0 (X11; Linux x86_64) AppleWebKit/537.36 (KHTML, like Gecko)"
188.93.56.126 - - [07/Jan/2019:18:29:41 +0700] "GET /tracking.gif?email=kuliev_sanan%40mail.ru&mailing=308 HTTP/1.0" 200 197 "-" "Mozilla/5.0 (X11; Linux x86_64) AppleWebKit/537.36 (KHTML, like Gecko)"
188.93.56.126 - - [07/Jan/2019:18:30:36 +0700] "GET /tracking.gif?email=vanya_stim%40mail.ru&mailing=308 HTTP/1.0" 200 197 "-" "Mozilla/5.0 (X11; Linux x86_64) AppleWebKit/537.36 (KHTML, like Gecko)"
188.93.56.125 - - [07/Jan/2019:18:31:37 +0700] "GET /tracking.gif?email=ev_mazanova%40mail.ru&mailing=287 HTTP/1.0" 200 197 "-" "Mozilla/5.0 (X11; Linux x86_64) AppleWebKit/537.36 (KHTML, like Gecko)"
188.93.56.125 - - [07/Jan/2019:18:31:41 +0700] "GET /tracking.gif?email=ev_mazanova%40mail.ru&mailing=286 HTTP/1.0" 200 197 "-" "Mozilla/5.0 (X11; Linux x86_64) AppleWebKit/537.36 (KHTML, like Gecko)"
188.93.56.121 - - [07/Jan/2019:18:35:33 +0700] "GET /tracking.gif?email=roshupkin7710%40mail.ru&mailing=280 HTTP/1.0" 200 197 "-" "Mozilla/5.0 (X11; Linux x86_64) AppleWebKit/537.36 (KHTML, like Gecko)"
188.93.56.121 - - [07/Jan/2019:18:35:35 +0700] "GET /tracking.gif?email=roshupkin7710%40mail.ru&mailing=280 HTTP/1.0" 200 197 "-" "Mozilla/5.0 (X11; Linux x86_64) AppleWebKit/537.36 (KHTML, like Gecko)"
188.93.56.127 - - [07/Jan/2019:18:35:41 +0700] "GET /tracking.gif?email=roshupkin7710%40mail.ru&mailing=280 HTTP/1.0" 200 197 "-" "Mozilla/5.0 (X11; Linux x86_64) AppleWebKit/537.36 (KHTML, like Gecko)"
188.93.56.127 - - [07/Jan/2019:18:35:44 +0700] "GET /tracking.gif?email=roshupkin7710%40mail.ru&mailing=280 HTTP/1.0" 200 197 "-" "Mozilla/5.0 (X11; Linux x86_64) AppleWebKit/537.36 (KHTML, like Gecko)"
188.93.56.121 - - [07/Jan/2019:18:38:44 +0700] "GET /tracking.gif?email=k1cher86%40mail.ru&mailing=308 HTTP/1.0" 200 197 "-" "Mozilla/5.0 (X11; Linux x86_64) AppleWebKit/537.36 (KHTML, like Gecko)"
188.93.56.121 - - [07/Jan/2019:18:41:14 +0700] "GET /tracking.gif?email=lenta620%40mail.ru&mailing=308 HTTP/1.0" 200 197 "-" "Mozilla/5.0 (X11; Linux x86_64) AppleWebKit/537.36 (KHTML, like Gecko)"
188.93.56.122 - - [07/Jan/2019:18:41:47 +0700] "GET /tracking.gif?email=denis_g86%40mail.ru&mailing=307 HTTP/1.0" 200 197 "-" "Mozilla/5.0 (X11; Linux x86_64) AppleWebKit/537.36 (KHTML, like Gecko)"
188.93.56.125 - - [07/Jan/2019:18:41:48 +0700] "GET /tracking.gif?email=Ev_fink%40mail.ru&mailing=308 HTTP/1.0" 200 197 "-" "Mozilla/5.0 (X11; Linux x86_64) AppleWebKit/537.36 (KHTML, like Gecko)"
83.149.37.18 - - [07/Jan/2019:18:42:45 +0700] "GET /tracking.gif?email=Dvmingalev%40gmail.com&mailing=270 HTTP/1.0" 200 197 "-" "Mozilla/5.0 (iPhone; CPU iPhone OS 12_1_2 like Mac OS X) AppleWebKit/605.1.15 (KHTML, like Gecko) Mobile/16C101"
188.93.56.128 - - [07/Jan/2019:18:46:52 +0700] "GET /tracking.gif?email=roshupkin7710%40mail.ru&mailing=280 HTTP/1.0" 200 197 "-" "Mozilla/5.0 (X11; Linux x86_64) AppleWebKit/537.36 (KHTML, like Gecko)"
151.252.66.89 - - [07/Jan/2019:18:52:47 +0700] "GET /tracking.gif?email=riddikkill%40mail.ru&mailing=308 HTTP/1.0" 200 197 "-" "Mozilla/5.0 (iPhone; CPU iPhone OS 12_1 like Mac OS X) AppleWebKit/605.1.15 (KHTML, like Gecko) Mobile/16B92"
188.93.56.125 - - [07/Jan/2019:18:53:28 +0700] "GET /tracking.gif?email=razina-sasha%40mail.ru&mailing=308 HTTP/1.0" 200 197 "-" "Mozilla/5.0 (X11; Linux x86_64) AppleWebKit/537.36 (KHTML, like Gecko)"
188.19.160.68 - - [07/Jan/2019:18:54:47 +0700] "GET /tracking.gif?email=glamour_cat93%40mail.ru&mailing=307 HTTP/1.0" 200 197 "-" "Mozilla/5.0 (Macintosh; Intel Mac OS X 10_13_4) AppleWebKit/605.1.15 (KHTML, like Gecko)"
188.93.56.130 - - [07/Jan/2019:19:00:51 +0700] "GET /tracking.gif?email=chuprov%40mail.ru&mailing=308 HTTP/1.0" 200 197 "-" "Mozilla/5.0 (X11; Linux x86_64) AppleWebKit/537.36 (KHTML, like Gecko)"
188.93.56.121 - - [07/Jan/2019:19:01:40 +0700] "GET /tracking.gif?email=slava-777-79%40mail.ru&mailing=274 HTTP/1.0" 200 197 "-" "Mozilla/5.0 (X11; Linux x86_64) AppleWebKit/537.36 (KHTML, like Gecko)"
188.93.56.127 - - [07/Jan/2019:19:03:56 +0700] "GET /tracking.gif?email=anastasija2154%40yandex.ru&mailing=274 HTTP/1.0" 200 197 "-" "Mozilla/5.0 (X11; Linux x86_64) AppleWebKit/537.36 (KHTML, like Gecko)"
188.93.56.128 - - [07/Jan/2019:19:04:30 +0700] "GET /tracking.gif?email=sb220875%40mail.ru&mailing=308 HTTP/1.0" 200 197 "-" "Mozilla/5.0 (X11; Linux x86_64) AppleWebKit/537.36 (KHTML, like Gecko)"
188.93.56.128 - - [07/Jan/2019:19:04:58 +0700] "GET /tracking.gif?email=alenka_shokolad%40mail.ru&mailing=308 HTTP/1.0" 200 197 "-" "Mozilla/5.0 (X11; Linux x86_64) AppleWebKit/537.36 (KHTML, like Gecko)"
188.93.56.127 - - [07/Jan/2019:19:11:36 +0700] "GET /tracking.gif?email=ginmikhail%40mail.ru&mailing=308 HTTP/1.0" 200 197 "-" "Mozilla/5.0 (X11; Linux x86_64) AppleWebKit/537.36 (KHTML, like Gecko)"
213.87.122.157 - - [07/Jan/2019:19:15:31 +0700] "GET /tracking.gif?email=irina16sorokina%40mail.ru&mailing=308 HTTP/1.0" 200 197 "-" "Mozilla/5.0 (Linux; Android 8.1.0; SM-J710F Build/M1AJQ; wv) AppleWebKit/537.36 (KHTML, like Gecko) Version/4.0 Chrome/71.0.3578.99 Mobile Safari/537.36"
188.93.56.123 - - [07/Jan/2019:19:16:07 +0700] "GET /tracking.gif?email=malova-natalya%40mail.ru&mailing=308 HTTP/1.0" 200 197 "-" "Mozilla/5.0 (X11; Linux x86_64) AppleWebKit/537.36 (KHTML, like Gecko)"
188.93.56.128 - - [07/Jan/2019:19:21:34 +0700] "GET /tracking.gif?email=miss.yachmeneva%40bk.ru&mailing=284 HTTP/1.0" 200 197 "-" "Mozilla/5.0 (X11; Linux x86_64) AppleWebKit/537.36 (KHTML, like Gecko)"
176.59.213.109 - - [07/Jan/2019:19:21:45 +0700] "GET /tracking.gif?email=ya.maxrov%40ya.ru&mailing=308 HTTP/1.0" 200 197 "-" "Mozilla/5.0 (iPhone; CPU iPhone OS 12_1_2 like Mac OS X) AppleWebKit/605.1.15 (KHTML, like Gecko) Mobile/16C101"
66.102.9.20 - - [07/Jan/2019:19:29:23 +0700] "GET /tracking.gif?email=Tuniyadec2015%40gmail.com&mailing=274 HTTP/1.0" 200 197 "-" "Mozilla/5.0 (Windows NT 5.1; rv:11.0) Gecko Firefox/11.0 (via ggpht.com GoogleImageProxy)"
66.102.9.14 - - [07/Jan/2019:19:29:27 +0700] "GET /tracking.gif?email=Tuniyadec2015%40gmail.com&mailing=241 HTTP/1.0" 200 197 "-" "Mozilla/5.0 (Windows NT 5.1; rv:11.0) Gecko Firefox/11.0 (via ggpht.com GoogleImageProxy)"
188.93.56.121 - - [07/Jan/2019:19:33:07 +0700] "GET /tracking.gif?email=Ivanova.nv.10%40mail.ru&mailing=260 HTTP/1.0" 200 197 "-" "Mozilla/5.0 (X11; Linux x86_64) AppleWebKit/537.36 (KHTML, like Gecko)"
217.112.0.59 - - [07/Jan/2019:19:35:57 +0700] "GET /tracking.gif?email=zeleninasibcar%40yandex.ru&mailing=306 HTTP/1.0" 200 197 "-" "Mozilla/5.0 (iPhone; CPU iPhone OS 10_2 like Mac OS X) AppleWebKit/602.3.12 (KHTML, like Gecko) Mobile/14C92"
188.93.56.124 - - [07/Jan/2019:19:37:01 +0700] "GET /tracking.gif?email=motuzko_n%40mail.ru&mailing=308 HTTP/1.0" 200 197 "-" "Mozilla/5.0 (X11; Linux x86_64) AppleWebKit/537.36 (KHTML, like Gecko)"
81.19.78.160 - - [07/Jan/2019:19:37:19 +0700] "GET /tracking.gif?email=sapura-kurganova%40rambler.ru&mailing=160 HTTP/1.0" 200 197 "https://mail-pda.rambler.ru/" "RamblerMail/6.0 (incompatible; ImageProxy/6.0)"
188.93.56.123 - - [07/Jan/2019:19:39:30 +0700] "GET /tracking.gif?email=olga.mg8%40mail.ru&mailing=289 HTTP/1.0" 200 197 "-" "Mozilla/5.0 (X11; Linux x86_64) AppleWebKit/537.36 (KHTML, like Gecko)"
188.93.56.123 - - [07/Jan/2019:19:39:44 +0700] "GET /tracking.gif?email=olga.mg8%40mail.ru&mailing=255 HTTP/1.0" 200 197 "-" "Mozilla/5.0 (X11; Linux x86_64) AppleWebKit/537.36 (KHTML, like Gecko)"
93.158.130.183 - - [07/Jan/2019:19:42:33 +0700] "GET /tracking.gif?email=luchs77%40yandex.ru&mailing=308 HTTP/1.0" 200 197 "-" "Mozilla/5.0 (compatible; YandexImageResizer/2.0; +http://yandex.com/bots)"
188.93.56.121 - - [07/Jan/2019:19:43:04 +0700] "GET /tracking.gif?email=meh_n_u%40mail.ru&mailing=308 HTTP/1.0" 200 197 "-" "Mozilla/5.0 (X11; Linux x86_64) AppleWebKit/537.36 (KHTML, like Gecko)"
188.93.56.128 - - [07/Jan/2019:19:43:25 +0700] "GET /tracking.gif?email=ya_elvl%40mail.ru&mailing=308 HTTP/1.0" 200 197 "-" "Mozilla/5.0 (X11; Linux x86_64) AppleWebKit/537.36 (KHTML, like Gecko)"
188.93.56.128 - - [07/Jan/2019:19:43:27 +0700] "GET /tracking.gif?email=ya_elvl%40mail.ru&mailing=307 HTTP/1.0" 200 197 "-" "Mozilla/5.0 (X11; Linux x86_64) AppleWebKit/537.36 (KHTML, like Gecko)"
37.29.41.106 - - [07/Jan/2019:19:45:13 +0700] "GET /tracking.gif?email=Ser1099%40yandex.ru&mailing=225 HTTP/1.0" 200 197 "-" "Mozilla/5.0 (iPhone; CPU iPhone OS 12_1_2 like Mac OS X) AppleWebKit/605.1.15 (KHTML, like Gecko) Mobile/16C101"
213.87.123.139 - - [07/Jan/2019:19:45:23 +0700] "GET /tracking.gif?email=nikonovae%40icloud.com&mailing=287 HTTP/1.0" 200 197 "-" "Mozilla/5.0 (iPhone; CPU iPhone OS 11_4_1 like Mac OS X) AppleWebKit/605.1.15 (KHTML, like Gecko) Mobile/15G77"
188.93.56.130 - - [07/Jan/2019:19:46:00 +0700] "GET /tracking.gif?email=uralvek%40mail.ru&mailing=308 HTTP/1.0" 200 197 "-" "Mozilla/5.0 (X11; Linux x86_64) AppleWebKit/537.36 (KHTML, like Gecko)"
213.87.123.139 - - [07/Jan/2019:19:46:08 +0700] "GET /tracking.gif?email=nikonovae%40icloud.com&mailing=264 HTTP/1.0" 200 197 "-" "Mozilla/5.0 (iPhone; CPU iPhone OS 11_4_1 like Mac OS X) AppleWebKit/605.1.15 (KHTML, like Gecko) Mobile/15G77"
188.93.56.130 - - [07/Jan/2019:19:46:18 +0700] "GET /tracking.gif?email=uralvek%40mail.ru&mailing=307 HTTP/1.0" 200 197 "-" "Mozilla/5.0 (X11; Linux x86_64) AppleWebKit/537.36 (KHTML, like Gecko)"
188.93.56.129 - - [07/Jan/2019:19:47:28 +0700] "GET /tracking.gif?email=Logunovichlida%40mail.ru&mailing=286 HTTP/1.0" 200 197 "-" "Mozilla/5.0 (X11; Linux x86_64) AppleWebKit/537.36 (KHTML, like Gecko)"
188.93.56.129 - - [07/Jan/2019:19:47:54 +0700] "GET /tracking.gif?email=Julia-surgut%40inbox.ru&mailing=308 HTTP/1.0" 200 197 "-" "Mozilla/5.0 (X11; Linux x86_64) AppleWebKit/537.36 (KHTML, like Gecko)"
188.93.56.127 - - [07/Jan/2019:19:49:38 +0700] "GET /tracking.gif?email=dvoretskikh93%40mail.ru&mailing=226 HTTP/1.0" 200 197 "-" "Mozilla/5.0 (X11; Linux x86_64) AppleWebKit/537.36 (KHTML, like Gecko)"
213.59.138.14 - - [07/Jan/2019:19:51:15 +0700] "GET /tracking.gif?email=rushnikoletta%40yahoo.com&mailing=257 HTTP/1.0" 200 197 "-" "Mozilla/5.0 (iPad; CPU OS 12_1 like Mac OS X) AppleWebKit/605.1.15 (KHTML, like Gecko) Mobile/16B92"
188.93.56.129 - - [07/Jan/2019:19:51:48 +0700] "GET /tracking.gif?email=zvezdata-m%40mail.ru&mailing=308 HTTP/1.0" 200 197 "-" "Mozilla/5.0 (X11; Linux x86_64) AppleWebKit/537.36 (KHTML, like Gecko)"
93.158.130.165 - - [07/Jan/2019:19:52:37 +0700] "GET /tracking.gif?email=var777707%40yandex.ru&mailing=308 HTTP/1.0" 200 197 "-" "Mozilla/5.0 (compatible; YandexImageResizer/2.0; +http://yandex.com/bots)"
188.93.56.122 - - [07/Jan/2019:19:55:12 +0700] "GET /tracking.gif?email=samsonovegor%40mail.ru&mailing=308 HTTP/1.0" 200 197 "-" "Mozilla/5.0 (X11; Linux x86_64) AppleWebKit/537.36 (KHTML, like Gecko)"
94.143.58.208 - - [07/Jan/2019:19:56:57 +0700] "GET /tracking.gif?email=svetik-lusik%40mail.ru&mailing=308 HTTP/1.0" 200 197 "-" "Mozilla/5.0 (iPhone; CPU iPhone OS 12_1_2 like Mac OS X) AppleWebKit/605.1.15 (KHTML, like Gecko) Mobile/16C101"
188.93.56.121 - - [07/Jan/2019:19:57:33 +0700] "GET /tracking.gif?email=Sinad78%40mail.ru&mailing=308 HTTP/1.0" 200 197 "-" "Mozilla/5.0 (X11; Linux x86_64) AppleWebKit/537.36 (KHTML, like Gecko)"
188.93.56.125 - - [07/Jan/2019:19:57:38 +0700] "GET /tracking.gif?email=Sinad78%40mail.ru&mailing=307 HTTP/1.0" 200 197 "-" "Mozilla/5.0 (X11; Linux x86_64) AppleWebKit/537.36 (KHTML, like Gecko)"
188.93.56.130 - - [07/Jan/2019:19:57:43 +0700] "GET /tracking.gif?email=Sinad78%40mail.ru&mailing=306 HTTP/1.0" 200 197 "-" "Mozilla/5.0 (X11; Linux x86_64) AppleWebKit/537.36 (KHTML, like Gecko)"
188.93.56.130 - - [07/Jan/2019:19:58:31 +0700] "GET /tracking.gif?email=anastasiya_talisman%40mail.ru&mailing=308 HTTP/1.0" 200 197 "-" "Mozilla/5.0 (X11; Linux x86_64) AppleWebKit/537.36 (KHTML, like Gecko)"
176.210.0.221 - - [07/Jan/2019:20:01:38 +0700] "GET /tracking.gif?email=baikal1969%40mail.ru&mailing=241 HTTP/1.0" 200 197 "-" "Mozilla/5.0 (Linux; Android 7.0; SLA-L22 Build/HUAWEISLA-L22; wv) AppleWebKit/537.36 (KHTML, like Gecko) Version/4.0 Chrome/71.0.3578.99 Mobile Safari/537.36"
31.173.242.74 - - [07/Jan/2019:20:15:49 +0700] "GET /tracking.gif?email=smynmh%40gmail.com&mailing=287 HTTP/1.0" 200 197 "-" "Mozilla/5.0 (iPhone; CPU iPhone OS 12_1 like Mac OS X) AppleWebKit/605.1.15 (KHTML, like Gecko) Mobile/16B92"
188.93.56.123 - - [07/Jan/2019:20:16:05 +0700] "GET /tracking.gif?email=eugenroth%40mail.ru&mailing=308 HTTP/1.0" 200 197 "-" "Mozilla/5.0 (X11; Linux x86_64) AppleWebKit/537.36 (KHTML, like Gecko)"
188.18.254.254 - - [07/Jan/2019:20:22:19 +0700] "GET /tracking.gif?email=redkovalentin%40mail.ru&mailing=278 HTTP/1.0" 200 197 "-" "Mozilla/5.0 (Macintosh; Intel Mac OS X 10_12_6) AppleWebKit/603.3.8 (KHTML, like Gecko)"
188.93.56.130 - - [07/Jan/2019:20:24:31 +0700] "GET /tracking.gif?email=ekaterina_aks%40inbox.ru&mailing=241 HTTP/1.0" 200 197 "-" "Mozilla/5.0 (X11; Linux x86_64) AppleWebKit/537.36 (KHTML, like Gecko)"
217.118.83.196 - - [07/Jan/2019:20:26:34 +0700] "GET /tracking.gif?email=dr.ban%40mail.ru&mailing=308 HTTP/1.0" 200 197 "http://mobile-mail.google.com/1098996041/836528358583056207" "Mozilla/5.0 (Linux; Android 9; Mi A2 Build/PKQ1.180904.001; wv) AppleWebKit/537.36 (KHTML, like Gecko) Version/4.0 Chrome/71.0.3578.99 Mobile Safari/537.36"
188.93.56.122 - - [07/Jan/2019:20:28:42 +0700] "GET /tracking.gif?email=ynoyaksheva%40mail.ru&mailing=308 HTTP/1.0" 200 197 "-" "Mozilla/5.0 (X11; Linux x86_64) AppleWebKit/537.36 (KHTML, like Gecko)"
95.189.155.20 - - [07/Jan/2019:20:31:11 +0700] "GET /tracking.gif?email=Snejok05%40icloud.com&mailing=274 HTTP/1.0" 200 197 "-" "Mozilla/5.0 (iPhone; CPU iPhone OS 12_1_2 like Mac OS X) AppleWebKit/605.1.15 (KHTML, like Gecko) Mobile/16C101"
81.19.78.161 - - [07/Jan/2019:20:32:26 +0700] "GET /tracking.gif?email=1vfr111%40rambler.ru&mailing=308 HTTP/1.0" 200 197 "http://mail.rambler.ru/" "RamblerMail/6.0 (incompatible; ImageProxy/6.0)"
81.19.78.161 - - [07/Jan/2019:20:32:29 +0700] "GET /tracking.gif?email=1vfr111%40rambler.ru&mailing=308 HTTP/1.0" 200 197 "http://mail.rambler.ru/" "RamblerMail/6.0 (incompatible; ImageProxy/6.0)"
81.19.78.161 - - [07/Jan/2019:20:32:40 +0700] "GET /tracking.gif?email=1vfr111%40rambler.ru&mailing=308 HTTP/1.0" 200 197 "http://mail.rambler.ru/" "RamblerMail/6.0 (incompatible; ImageProxy/6.0)"
188.93.56.130 - - [07/Jan/2019:20:33:41 +0700] "GET /tracking.gif?email=pigorevat%40bk.ru&mailing=260 HTTP/1.0" 200 197 "-" "Mozilla/5.0 (X11; Linux x86_64) AppleWebKit/537.36 (KHTML, like Gecko)"
37.21.196.166 - - [07/Jan/2019:20:34:24 +0700] "GET /tracking.gif?email=lincor%40mail.tomsknet.ru&mailing=257 HTTP/1.0" 200 197 "-" "Mozilla/4.0 (compatible; MSIE 7.0; Windows NT 6.1; Trident/6.0; SLCC2; .NET CLR 2.0.50727; .NET CLR 3.5.30729; .NET CLR 3.0.30729; Media Center PC 6.0; .NET4.0C; .NET4.0E; InfoPath.3; Tablet PC 2.0; WebMoney Advisor)"
146.158.118.222 - - [07/Jan/2019:20:39:37 +0700] "GET /tracking.gif?email=sergeykavunov%40mail.ru&mailing=308 HTTP/1.0" 200 197 "-" "Mozilla/5.0 (Linux; Android 8.0.0; SM-G935F Build/R16NW; wv) AppleWebKit/537.36 (KHTML, like Gecko) Version/4.0 Chrome/71.0.3578.99 Mobile Safari/537.36"
217.112.0.59 - - [07/Jan/2019:20:45:39 +0700] "GET /tracking.gif?email=zeleninasibcar%40yandex.ru&mailing=306 HTTP/1.0" 200 197 "-" "Mozilla/5.0 (iPhone; CPU iPhone OS 10_2 like Mac OS X) AppleWebKit/602.3.12 (KHTML, like Gecko) Mobile/14C92"
188.93.56.123 - - [07/Jan/2019:20:46:52 +0700] "GET /tracking.gif?email=Valentina_mars%40mail.ru&mailing=222 HTTP/1.0" 200 197 "-" "Mozilla/5.0 (X11; Linux x86_64) AppleWebKit/537.36 (KHTML, like Gecko)"
93.158.130.163 - - [07/Jan/2019:20:47:52 +0700] "GET /tracking.gif?email=ser.dick2011%40yandex.ru&mailing=191 HTTP/1.0" 200 197 "-" "Mozilla/5.0 (compatible; YandexImageResizer/2.0; +http://yandex.com/bots)"
37.9.65.71 - - [07/Jan/2019:20:51:05 +0700] "GET /tracking.gif?email=ltsurgut%40yandex.ru&mailing=308 HTTP/1.0" 200 197 "-" "Mozilla/5.0 (compatible; YandexImageResizer/2.0; +http://yandex.com/bots)"
5.59.203.90 - - [07/Jan/2019:20:53:28 +0700] "GET /tracking.gif?email=matveykin_a%40mail.ru&mailing=306 HTTP/1.0" 200 197 "-" "Microsoft Office/16.0 (Microsoft Outlook 16.0.11029; Pro)"
95.189.155.20 - - [07/Jan/2019:21:00:57 +0700] "GET /tracking.gif?email=Snejok05%40icloud.com&mailing=274 HTTP/1.0" 200 197 "-" "Mozilla/5.0 (iPhone; CPU iPhone OS 12_1_2 like Mac OS X) AppleWebKit/605.1.15 (KHTML, like Gecko) Mobile/16C101"
188.93.56.125 - - [07/Jan/2019:21:01:00 +0700] "GET /tracking.gif?email=shkurenko81%40bk.ru&mailing=308 HTTP/1.0" 200 197 "-" "Mozilla/5.0 (X11; Linux x86_64) AppleWebKit/537.36 (KHTML, like Gecko)"
95.189.155.20 - - [07/Jan/2019:21:01:17 +0700] "GET /tracking.gif?email=Snejok05%40icloud.com&mailing=241 HTTP/1.0" 200 197 "-" "Mozilla/5.0 (iPhone; CPU iPhone OS 12_1_2 like Mac OS X) AppleWebKit/605.1.15 (KHTML, like Gecko) Mobile/16C101"
188.93.56.122 - - [07/Jan/2019:21:01:50 +0700] "GET /tracking.gif?email=alexz86%40mail.ru&mailing=308 HTTP/1.0" 200 197 "-" "Mozilla/5.0 (X11; Linux x86_64) AppleWebKit/537.36 (KHTML, like Gecko)"
188.93.56.125 - - [07/Jan/2019:21:12:19 +0700] "GET /tracking.gif?email=lykiantsova.am%40list.ru&mailing=286 HTTP/1.0" 200 197 "-" "Mozilla/5.0 (X11; Linux x86_64) AppleWebKit/537.36 (KHTML, like Gecko)"
188.93.56.125 - - [07/Jan/2019:21:12:21 +0700] "GET /tracking.gif?email=lykiantsova.am%40list.ru&mailing=257 HTTP/1.0" 200 197 "-" "Mozilla/5.0 (X11; Linux x86_64) AppleWebKit/537.36 (KHTML, like Gecko)"
188.93.56.125 - - [07/Jan/2019:21:12:22 +0700] "GET /tracking.gif?email=lykiantsova.am%40list.ru&mailing=226 HTTP/1.0" 200 197 "-" "Mozilla/5.0 (X11; Linux x86_64) AppleWebKit/537.36 (KHTML, like Gecko)"
188.93.56.121 - - [07/Jan/2019:21:14:40 +0700] "GET /tracking.gif?email=azqsx1979%40mail.ru&mailing=257 HTTP/1.0" 200 197 "-" "Mozilla/5.0 (X11; Linux x86_64) AppleWebKit/537.36 (KHTML, like Gecko)"
188.93.56.123 - - [07/Jan/2019:21:15:40 +0700] "GET /tracking.gif?email=krainih_555%40inbox.ru&mailing=308 HTTP/1.0" 200 197 "-" "Mozilla/5.0 (X11; Linux x86_64) AppleWebKit/537.36 (KHTML, like Gecko)"
93.158.130.169 - - [07/Jan/2019:21:16:10 +0700] "GET /tracking.gif?email=evgenij.frolov.96%40yandex.ru&mailing=286 HTTP/1.0" 200 197 "-" "Mozilla/5.0 (compatible; YandexImageResizer/2.0; +http://yandex.com/bots)"
188.93.56.128 - - [07/Jan/2019:21:16:20 +0700] "GET /tracking.gif?email=sts_sega%40mail.ru&mailing=308 HTTP/1.0" 200 197 "-" "Mozilla/5.0 (X11; Linux x86_64) AppleWebKit/537.36 (KHTML, like Gecko)"
188.93.56.123 - - [07/Jan/2019:21:16:34 +0700] "GET /tracking.gif?email=sannikova.angelina98%40mail.ru&mailing=170 HTTP/1.0" 200 197 "-" "Mozilla/5.0 (X11; Linux x86_64) AppleWebKit/537.36 (KHTML, like Gecko)"
188.93.56.123 - - [07/Jan/2019:21:16:39 +0700] "GET /tracking.gif?email=sannikova.angelina98%40mail.ru&mailing=286 HTTP/1.0" 200 197 "-" "Mozilla/5.0 (X11; Linux x86_64) AppleWebKit/537.36 (KHTML, like Gecko)"
188.93.56.130 - - [07/Jan/2019:21:16:50 +0700] "GET /tracking.gif?email=sannikova.angelina98%40mail.ru&mailing=257 HTTP/1.0" 200 197 "-" "Mozilla/5.0 (X11; Linux x86_64) AppleWebKit/537.36 (KHTML, like Gecko)"
188.93.56.130 - - [07/Jan/2019:21:17:04 +0700] "GET /tracking.gif?email=sannikova.angelina98%40mail.ru&mailing=226 HTTP/1.0" 200 197 "-" "Mozilla/5.0 (X11; Linux x86_64) AppleWebKit/537.36 (KHTML, like Gecko)"
188.93.56.130 - - [07/Jan/2019:21:27:06 +0700] "GET /tracking.gif?email=nina.buryak.2012%40mail.ru&mailing=287 HTTP/1.0" 200 197 "-" "Mozilla/5.0 (X11; Linux x86_64) AppleWebKit/537.36 (KHTML, like Gecko)"
188.93.56.122 - - [07/Jan/2019:21:27:35 +0700] "GET /tracking.gif?email=aleksandr.pershin.71%40mail.ru&mailing=308 HTTP/1.0" 200 197 "-" "Mozilla/5.0 (X11; Linux x86_64) AppleWebKit/537.36 (KHTML, like Gecko)"
188.93.56.130 - - [07/Jan/2019:21:28:58 +0700] "GET /tracking.gif?email=nina.buryak.2012%40mail.ru&mailing=286 HTTP/1.0" 200 197 "-" "Mozilla/5.0 (X11; Linux x86_64) AppleWebKit/537.36 (KHTML, like Gecko)"
188.93.56.121 - - [07/Jan/2019:21:36:24 +0700] "GET /tracking.gif?email=xersonsurgut%40mail.ru&mailing=308 HTTP/1.0" 200 197 "-" "Mozilla/5.0 (X11; Linux x86_64) AppleWebKit/537.36 (KHTML, like Gecko)"
217.118.79.38 - - [07/Jan/2019:21:39:15 +0700] "GET /tracking.gif?email=anna8d%40yandex.ru&mailing=264 HTTP/1.0" 200 197 "-" "Mozilla/5.0 (iPhone; CPU iPhone OS 12_0 like Mac OS X) AppleWebKit/605.1.15 (KHTML, like Gecko) Mobile/16A366"
188.93.56.129 - - [07/Jan/2019:21:41:42 +0700] "GET /tracking.gif?email=lev---80%40mail.ru&mailing=308 HTTP/1.0" 200 197 "-" "Mozilla/5.0 (X11; Linux x86_64) AppleWebKit/537.36 (KHTML, like Gecko)"
188.93.56.125 - - [07/Jan/2019:21:41:45 +0700] "GET /tracking.gif?email=ewrika2001%40mail.ru&mailing=286 HTTP/1.0" 200 197 "-" "Mozilla/5.0 (X11; Linux x86_64) AppleWebKit/537.36 (KHTML, like Gecko)"
188.93.56.129 - - [07/Jan/2019:21:43:29 +0700] "GET /tracking.gif?email=deva.77%40list.ru&mailing=308 HTTP/1.0" 200 197 "-" "Mozilla/5.0 (X11; Linux x86_64) AppleWebKit/537.36 (KHTML, like Gecko)"
5.255.241.239 - - [07/Jan/2019:21:44:06 +0700] "GET /tracking.gif?email=biryukoff.volodya2014%40yandex.ru&mailing=270 HTTP/1.0" 200 197 "-" "Mozilla/5.0 (compatible; YandexImageResizer/2.0; +http://yandex.com/bots)"
5.255.241.233 - - [07/Jan/2019:21:51:09 +0700] "GET /tracking.gif?email=Csanf%40yandex.ru&mailing=308 HTTP/1.0" 200 197 "-" "Mozilla/5.0 (compatible; YandexImageResizer/2.0; +http://yandex.com/bots)"
5.255.241.231 - - [07/Jan/2019:21:51:21 +0700] "GET /tracking.gif?email=Csanf%40yandex.ru&mailing=307 HTTP/1.0" 200 197 "-" "Mozilla/5.0 (compatible; YandexImageResizer/2.0; +http://yandex.com/bots)"
188.93.56.121 - - [07/Jan/2019:21:56:30 +0700] "GET /tracking.gif?email=rizvanov.1997%40list.ru&mailing=274 HTTP/1.0" 200 197 "-" "Mozilla/5.0 (X11; Linux x86_64) AppleWebKit/537.36 (KHTML, like Gecko)"
188.93.56.122 - - [07/Jan/2019:21:57:51 +0700] "GET /tracking.gif?email=alena070281%40mail.ru&mailing=308 HTTP/1.0" 200 197 "-" "Mozilla/5.0 (X11; Linux x86_64) AppleWebKit/537.36 (KHTML, like Gecko)"
217.112.0.59 - - [07/Jan/2019:21:58:13 +0700] "GET /tracking.gif?email=zeleninasibcar%40yandex.ru&mailing=306 HTTP/1.0" 200 197 "-" "Mozilla/5.0 (iPhone; CPU iPhone OS 10_2 like Mac OS X) AppleWebKit/602.3.12 (KHTML, like Gecko) Mobile/14C92"
188.93.56.129 - - [07/Jan/2019:22:04:06 +0700] "GET /tracking.gif?email=713711%40bk.ru&mailing=308 HTTP/1.0" 200 197 "-" "Mozilla/5.0 (X11; Linux x86_64) AppleWebKit/537.36 (KHTML, like Gecko)"
188.93.56.121 - - [07/Jan/2019:22:05:03 +0700] "GET /tracking.gif?email=v-i-t-a-s%40mail.ru&mailing=308 HTTP/1.0" 200 197 "-" "Mozilla/5.0 (X11; Linux x86_64) AppleWebKit/537.36 (KHTML, like Gecko)"
188.93.56.124 - - [07/Jan/2019:22:13:45 +0700] "GET /tracking.gif?email=zhenjasidorova%40mail.ru&mailing=280 HTTP/1.0" 200 197 "-" "Mozilla/5.0 (X11; Linux x86_64) AppleWebKit/537.36 (KHTML, like Gecko)"
188.93.56.129 - - [07/Jan/2019:22:14:41 +0700] "GET /tracking.gif?email=evgenyid%40mail.ru&mailing=308 HTTP/1.0" 200 197 "-" "Mozilla/5.0 (X11; Linux x86_64) AppleWebKit/537.36 (KHTML, like Gecko)"
66.102.9.17 - - [07/Jan/2019:22:17:20 +0700] "GET /tracking.gif?email=ek220281%40gmail.com&mailing=308 HTTP/1.0" 200 197 "-" "Mozilla/5.0 (Windows NT 5.1; rv:11.0) Gecko Firefox/11.0 (via ggpht.com GoogleImageProxy)"
217.118.79.33 - - [07/Jan/2019:22:18:22 +0700] "GET /tracking.gif?email=iriska.shishlak%40gmail.com&mailing=254 HTTP/1.0" 200 197 "-" "Mozilla/5.0 (iPhone; CPU iPhone OS 12_1 like Mac OS X) AppleWebKit/605.1.15 (KHTML, like Gecko) Mobile/16B92"
217.118.79.33 - - [07/Jan/2019:22:18:22 +0700] "GET /tracking.gif?email=iriska.shishlak%40gmail.com&mailing=280 HTTP/1.0" 200 197 "-" "Mozilla/5.0 (iPhone; CPU iPhone OS 12_1 like Mac OS X) AppleWebKit/605.1.15 (KHTML, like Gecko) Mobile/16B92"
66.102.9.20 - - [07/Jan/2019:22:19:34 +0700] "GET /tracking.gif?email=tomitota.bolo%40gmail.com&mailing=308 HTTP/1.0" 200 197 "-" "Mozilla/5.0 (Windows NT 5.1; rv:11.0) Gecko Firefox/11.0 (via ggpht.com GoogleImageProxy)"
188.93.56.126 - - [07/Jan/2019:22:20:08 +0700] "GET /tracking.gif?email=merinovarsen%40mail.ru&mailing=264 HTTP/1.0" 200 197 "-" "Mozilla/5.0 (X11; Linux x86_64) AppleWebKit/537.36 (KHTML, like Gecko)"
188.93.56.125 - - [07/Jan/2019:22:24:55 +0700] "GET /tracking.gif?email=surgutionok1984%40mail.ru&mailing=308 HTTP/1.0" 200 197 "-" "Mozilla/5.0 (X11; Linux x86_64) AppleWebKit/537.36 (KHTML, like Gecko)"
188.93.56.125 - - [07/Jan/2019:22:33:11 +0700] "GET /tracking.gif?email=aleksandr-panasyuk%40mail.ru&mailing=307 HTTP/1.0" 200 197 "-" "Mozilla/5.0 (X11; Linux x86_64) AppleWebKit/537.36 (KHTML, like Gecko)"
5.59.200.162 - - [07/Jan/2019:22:34:50 +0700] "GET /tracking.gif?email=tolokonnikov-73%40mail.ru&mailing=308 HTTP/1.0" 200 197 "-" "Microsoft Office/16.0 (Microsoft Outlook 16.0.11029; Pro)"
188.93.56.124 - - [07/Jan/2019:22:35:20 +0700] "GET /tracking.gif?email=dege66%40mail.ru&mailing=307 HTTP/1.0" 200 197 "-" "Mozilla/5.0 (X11; Linux x86_64) AppleWebKit/537.36 (KHTML, like Gecko)"
81.19.78.161 - - [07/Jan/2019:22:35:42 +0700] "GET /tracking.gif?email=tgeoc%40rambler.ru&mailing=270 HTTP/1.0" 200 197 "https://mail.rambler.ru/?utm_source=head&utm_campaign=self_promo&utm_medium=topline&utm_content=mail" "RamblerMail/6.0 (incompatible; ImageProxy/6.0)"
188.93.56.126 - - [07/Jan/2019:22:38:25 +0700] "GET /tracking.gif?email=bahmutskaya2002%40mail.ru&mailing=268 HTTP/1.0" 200 197 "-" "Mozilla/5.0 (X11; Linux x86_64) AppleWebKit/537.36 (KHTML, like Gecko)"
188.93.56.121 - - [07/Jan/2019:22:51:23 +0700] "GET /tracking.gif?email=d680988%40mail.ru&mailing=308 HTTP/1.0" 200 197 "-" "Mozilla/5.0 (X11; Linux x86_64) AppleWebKit/537.36 (KHTML, like Gecko)"
188.93.56.125 - - [07/Jan/2019:22:52:18 +0700] "GET /tracking.gif?email=tyoma_kish%40mail.ru&mailing=308 HTTP/1.0" 200 197 "-" "Mozilla/5.0 (X11; Linux x86_64) AppleWebKit/537.36 (KHTML, like Gecko)"
188.93.56.121 - - [07/Jan/2019:22:55:13 +0700] "GET /tracking.gif?email=v.kizilova%40inbox.ru&mailing=308 HTTP/1.0" 200 197 "-" "Mozilla/5.0 (X11; Linux x86_64) AppleWebKit/537.36 (KHTML, like Gecko)"
93.158.130.183 - - [07/Jan/2019:22:59:48 +0700] "GET /tracking.gif?email=tsypkinav%40yandex.ru&mailing=274 HTTP/1.0" 200 197 "-" "Mozilla/5.0 (compatible; YandexImageResizer/2.0; +http://yandex.com/bots)"
188.93.56.125 - - [07/Jan/2019:22:59:59 +0700] "GET /tracking.gif?email=klimchenko-mary%40mail.ru&mailing=308 HTTP/1.0" 200 197 "-" "Mozilla/5.0 (X11; Linux x86_64) AppleWebKit/537.36 (KHTML, like Gecko)"
188.93.56.130 - - [07/Jan/2019:23:00:18 +0700] "GET /tracking.gif?email=sveta_leo.66%40mail.ru&mailing=308 HTTP/1.0" 200 197 "-" "Mozilla/5.0 (X11; Linux x86_64) AppleWebKit/537.36 (KHTML, like Gecko)"
188.93.56.121 - - [07/Jan/2019:23:01:25 +0700] "GET /tracking.gif?email=vshekurova%40mail.ru&mailing=308 HTTP/1.0" 200 197 "-" "Mozilla/5.0 (X11; Linux x86_64) AppleWebKit/537.36 (KHTML, like Gecko)"
188.93.56.121 - - [07/Jan/2019:23:01:54 +0700] "GET /tracking.gif?email=vshekurova%40mail.ru&mailing=307 HTTP/1.0" 200 197 "-" "Mozilla/5.0 (X11; Linux x86_64) AppleWebKit/537.36 (KHTML, like Gecko)"
188.93.56.121 - - [07/Jan/2019:23:02:23 +0700] "GET /tracking.gif?email=vshekurova%40mail.ru&mailing=306 HTTP/1.0" 200 197 "-" "Mozilla/5.0 (X11; Linux x86_64) AppleWebKit/537.36 (KHTML, like Gecko)"
146.158.111.74 - - [07/Jan/2019:23:02:25 +0700] "GET /tracking.gif?email=ya.maxrov%40ya.ru&mailing=308 HTTP/1.0" 200 197 "-" "Mozilla/5.0 (iPhone; CPU iPhone OS 12_1_2 like Mac OS X) AppleWebKit/605.1.15 (KHTML, like Gecko) Mobile/16C101"
188.93.56.121 - - [07/Jan/2019:23:02:47 +0700] "GET /tracking.gif?email=vshekurova%40mail.ru&mailing=305 HTTP/1.0" 200 197 "-" "Mozilla/5.0 (X11; Linux x86_64) AppleWebKit/537.36 (KHTML, like Gecko)"
188.93.56.125 - - [07/Jan/2019:23:03:06 +0700] "GET /tracking.gif?email=albertdem%40mail.ru&mailing=308 HTTP/1.0" 200 197 "-" "Mozilla/5.0 (X11; Linux x86_64) AppleWebKit/537.36 (KHTML, like Gecko)"
188.93.56.122 - - [07/Jan/2019:23:04:57 +0700] "GET /tracking.gif?email=vshekurova%40mail.ru&mailing=304 HTTP/1.0" 200 197 "-" "Mozilla/5.0 (X11; Linux x86_64) AppleWebKit/537.36 (KHTML, like Gecko)"
188.93.56.130 - - [07/Jan/2019:23:05:22 +0700] "GET /tracking.gif?email=sveta_leo.66%40mail.ru&mailing=291 HTTP/1.0" 200 197 "-" "Mozilla/5.0 (X11; Linux x86_64) AppleWebKit/537.36 (KHTML, like Gecko)"
188.93.56.123 - - [07/Jan/2019:23:06:10 +0700] "GET /tracking.gif?email=alhesenova%40mail.ru&mailing=308 HTTP/1.0" 200 197 "-" "Mozilla/5.0 (X11; Linux x86_64) AppleWebKit/537.36 (KHTML, like Gecko)"
188.93.56.130 - - [07/Jan/2019:23:06:43 +0700] "GET /tracking.gif?email=avarice%40mail.ru&mailing=270 HTTP/1.0" 200 197 "-" "Mozilla/5.0 (X11; Linux x86_64) AppleWebKit/537.36 (KHTML, like Gecko)"
188.93.56.129 - - [07/Jan/2019:23:08:49 +0700] "GET /tracking.gif?email=serg_ws%40mail.ru&mailing=308 HTTP/1.0" 200 197 "-" "Mozilla/5.0 (X11; Linux x86_64) AppleWebKit/537.36 (KHTML, like Gecko)"
188.93.56.122 - - [07/Jan/2019:23:09:00 +0700] "GET /tracking.gif?email=litvichenko%40inbox.ru&mailing=270 HTTP/1.0" 200 197 "-" "Mozilla/5.0 (X11; Linux x86_64) AppleWebKit/537.36 (KHTML, like Gecko)"
188.93.56.129 - - [07/Jan/2019:23:10:47 +0700] "GET /tracking.gif?email=Knyaz1981%40mail.ru&mailing=278 HTTP/1.0" 200 197 "-" "Mozilla/5.0 (X11; Linux x86_64) AppleWebKit/537.36 (KHTML, like Gecko)"
188.19.167.243 - - [07/Jan/2019:23:10:53 +0700] "GET /tracking.gif?email=okkonovalova%40yandex.ru&mailing=308 HTTP/1.0" 200 197 "-" "Mozilla/4.0 (compatible; MSIE 7.0; Windows NT 10.0; Win64; x64; Trident/7.0; .NET4.0C; .NET4.0E; .NET CLR 2.0.50727; .NET CLR 3.0.30729; .NET CLR 3.5.30729; InfoPath.3; SLCC2; Media Center PC 6.0; Tablet PC 2.0; Microsoft Outlook 15.0.5093; ms-office; MSOffice 15)"
5.129.234.131 - - [07/Jan/2019:23:11:06 +0700] "GET /tracking.gif?email=surgutanin%40rambler.ru&mailing=308 HTTP/1.0" 200 197 "-" "Microsoft Office/16.0 (Microsoft Outlook 16.0.11029; Pro)"
188.93.56.123 - - [07/Jan/2019:23:12:08 +0700] "GET /tracking.gif?email=mari7771%40mail.ru&mailing=306 HTTP/1.0" 200 197 "-" "Mozilla/5.0 (X11; Linux x86_64) AppleWebKit/537.36 (KHTML, like Gecko)"
5.255.241.246 - - [07/Jan/2019:23:13:54 +0700] "GET /tracking.gif?email=fateevap%40yandex.ru&mailing=308 HTTP/1.0" 200 197 "-" "Mozilla/5.0 (compatible; YandexImageResizer/2.0; +http://yandex.com/bots)"
5.255.241.231 - - [07/Jan/2019:23:13:59 +0700] "GET /tracking.gif?email=fateevap%40yandex.ru&mailing=307 HTTP/1.0" 200 197 "-" "Mozilla/5.0 (compatible; YandexImageResizer/2.0; +http://yandex.com/bots)"
37.9.65.71 - - [07/Jan/2019:23:14:16 +0700] "GET /tracking.gif?email=fateevap%40yandex.ru&mailing=306 HTTP/1.0" 200 197 "-" "Mozilla/5.0 (compatible; YandexImageResizer/2.0; +http://yandex.com/bots)"
5.255.241.246 - - [07/Jan/2019:23:14:22 +0700] "GET /tracking.gif?email=fateevap%40yandex.ru&mailing=305 HTTP/1.0" 200 197 "-" "Mozilla/5.0 (compatible; YandexImageResizer/2.0; +http://yandex.com/bots)"
37.9.65.71 - - [07/Jan/2019:23:14:25 +0700] "GET /tracking.gif?email=fateevap%40yandex.ru&mailing=304 HTTP/1.0" 200 197 "-" "Mozilla/5.0 (compatible; YandexImageResizer/2.0; +http://yandex.com/bots)"
5.255.241.233 - - [07/Jan/2019:23:14:38 +0700] "GET /tracking.gif?email=fateevap%40yandex.ru&mailing=294 HTTP/1.0" 200 197 "-" "Mozilla/5.0 (compatible; YandexImageResizer/2.0; +http://yandex.com/bots)"
188.93.56.126 - - [07/Jan/2019:23:21:52 +0700] "GET /tracking.gif?email=directorfinn-flare%40mail.ru&mailing=308 HTTP/1.0" 200 197 "-" "Mozilla/5.0 (X11; Linux x86_64) AppleWebKit/537.36 (KHTML, like Gecko)"
81.19.78.161 - - [07/Jan/2019:23:22:46 +0700] "GET /tracking.gif?email=katya-tima777%40rambler.ru&mailing=241 HTTP/1.0" 200 197 "http://mail.rambler.ru/" "RamblerMail/6.0 (incompatible; ImageProxy/6.0)"
188.93.56.122 - - [07/Jan/2019:23:24:41 +0700] "GET /tracking.gif?email=Ktf78%40mail.ru&mailing=279 HTTP/1.0" 200 197 "-" "Mozilla/5.0 (X11; Linux x86_64) AppleWebKit/537.36 (KHTML, like Gecko)"
188.93.56.126 - - [07/Jan/2019:23:24:48 +0700] "GET /tracking.gif?email=Ktf78%40mail.ru&mailing=279 HTTP/1.0" 200 197 "-" "Mozilla/5.0 (X11; Linux x86_64) AppleWebKit/537.36 (KHTML, like Gecko)"
188.186.20.24 - - [07/Jan/2019:23:25:33 +0700] "GET /tracking.gif?email=fatcartman92%40icloud.com&mailing=270 HTTP/1.0" 200 197 "-" "Mozilla/5.0 (iPhone; CPU iPhone OS 12_1_2 like Mac OS X) AppleWebKit/605.1.15 (KHTML, like Gecko) Mobile/16C101"
188.93.56.130 - - [07/Jan/2019:23:25:55 +0700] "GET /tracking.gif?email=Ktf78%40mail.ru&mailing=279 HTTP/1.0" 200 197 "-" "Mozilla/5.0 (X11; Linux x86_64) AppleWebKit/537.36 (KHTML, like Gecko)"
93.158.130.181 - - [07/Jan/2019:23:26:38 +0700] "GET /tracking.gif?email=Ktf78%40mail.ru&mailing=279 HTTP/1.0" 200 197 "-" "Mozilla/5.0 (compatible; YandexImageResizer/2.0; +http://yandex.com/bots)"
188.93.56.128 - - [07/Jan/2019:23:33:16 +0700] "GET /tracking.gif?email=vissarionovi4%40mail.ru&mailing=308 HTTP/1.0" 200 197 "-" "Mozilla/5.0 (X11; Linux x86_64) AppleWebKit/537.36 (KHTML, like Gecko)"
66.102.9.20 - - [07/Jan/2019:23:35:25 +0700] "GET /tracking.gif?email=tsybinvitalik%40gmail.com&mailing=263 HTTP/1.0" 200 197 "-" "Mozilla/5.0 (Windows NT 5.1; rv:11.0) Gecko Firefox/11.0 (via ggpht.com GoogleImageProxy)"
188.93.56.125 - - [07/Jan/2019:23:35:59 +0700] "GET /tracking.gif?email=Kuksgauzen_Katrin1505%40mail.ru&mailing=270 HTTP/1.0" 200 197 "-" "Mozilla/5.0 (X11; Linux x86_64) AppleWebKit/537.36 (KHTML, like Gecko)"
176.59.199.37 - - [07/Jan/2019:23:38:12 +0700] "GET /tracking.gif?email=dorozhckina.ewg%40yandex.ru&mailing=308 HTTP/1.0" 200 197 "-" "Mozilla/5.0 (Linux; Android 7.0; JMM-L22 Build/HUAWEIJMM-L22; wv) AppleWebKit/537.36 (KHTML, like Gecko) Version/4.0 Chrome/71.0.3578.98 Mobile Safari/537.36"
188.93.56.130 - - [07/Jan/2019:23:39:04 +0700] "GET /tracking.gif?email=kzi76%40mail.ru&mailing=308 HTTP/1.0" 200 197 "-" "Mozilla/5.0 (X11; Linux x86_64) AppleWebKit/537.36 (KHTML, like Gecko)"
188.93.56.124 - - [07/Jan/2019:23:41:27 +0700] "GET /tracking.gif?email=batalceva89%40mail.ru&mailing=286 HTTP/1.0" 200 197 "-" "Mozilla/5.0 (X11; Linux x86_64) AppleWebKit/537.36 (KHTML, like Gecko)"
217.112.0.59 - - [07/Jan/2019:23:45:15 +0700] "GET /tracking.gif?email=zeleninasibcar%40yandex.ru&mailing=306 HTTP/1.0" 200 197 "-" "Mozilla/5.0 (iPhone; CPU iPhone OS 10_2 like Mac OS X) AppleWebKit/602.3.12 (KHTML, like Gecko) Mobile/14C92"
188.93.56.130 - - [07/Jan/2019:23:45:33 +0700] "GET /tracking.gif?email=kzi76%40mail.ru&mailing=308 HTTP/1.0" 200 197 "-" "Mozilla/5.0 (X11; Linux x86_64) AppleWebKit/537.36 (KHTML, like Gecko)"
188.93.56.130 - - [07/Jan/2019:23:45:37 +0700] "GET /tracking.gif?email=kzi76%40mail.ru&mailing=308 HTTP/1.0" 200 197 "-" "Mozilla/5.0 (X11; Linux x86_64) AppleWebKit/537.36 (KHTML, like Gecko)"
5.255.241.245 - - [07/Jan/2019:23:50:44 +0700] "GET /tracking.gif?email=jegorova84%40yandex.ru&mailing=306 HTTP/1.0" 200 197 "-" "Mozilla/5.0 (compatible; YandexImageResizer/2.0; +http://yandex.com/bots)"
188.93.56.121 - - [07/Jan/2019:23:52:20 +0700] "GET /tracking.gif?email=exile70%40mail.ru&mailing=294 HTTP/1.0" 200 197 "-" "Mozilla/5.0 (X11; Linux x86_64) AppleWebKit/537.36 (KHTML, like Gecko)"
188.93.56.121 - - [07/Jan/2019:23:52:22 +0700] "GET /tracking.gif?email=exile70%40mail.ru&mailing=304 HTTP/1.0" 200 197 "-" "Mozilla/5.0 (X11; Linux x86_64) AppleWebKit/537.36 (KHTML, like Gecko)"
178.46.45.254 - - [07/Jan/2019:23:53:41 +0700] "GET /tracking.gif?email=Ryashencev%40mail.ru&mailing=308 HTTP/1.0" 200 197 "-" "Mozilla/5.0 (iPhone; CPU iPhone OS 12_1 like Mac OS X) AppleWebKit/605.1.15 (KHTML, like Gecko) Mobile/16B92"
188.93.56.123 - - [08/Jan/2019:00:03:37 +0700] "GET /tracking.gif?email=ramamba90%40mail.ru&mailing=268 HTTP/1.0" 200 197 "-" "Mozilla/5.0 (X11; Linux x86_64) AppleWebKit/537.36 (KHTML, like Gecko)"
188.93.56.126 - - [08/Jan/2019:00:04:18 +0700] "GET /tracking.gif?email=polina-besk94%40mail.ru&mailing=241 HTTP/1.0" 200 197 "-" "Mozilla/5.0 (X11; Linux x86_64) AppleWebKit/537.36 (KHTML, like Gecko)"
188.93.56.122 - - [08/Jan/2019:00:21:11 +0700] "GET /tracking.gif?email=yaremenko_ai%40mail.ru&mailing=308 HTTP/1.0" 200 197 "-" "Mozilla/5.0 (X11; Linux x86_64) AppleWebKit/537.36 (KHTML, like Gecko)"
188.93.56.124 - - [08/Jan/2019:00:29:28 +0700] "GET /tracking.gif?email=kazakovaoks%40mail.ru&mailing=308 HTTP/1.0" 200 197 "-" "Mozilla/5.0 (X11; Linux x86_64) AppleWebKit/537.36 (KHTML, like Gecko)"
188.233.244.131 - - [08/Jan/2019:00:32:08 +0700] "GET /tracking.gif?email=Enigma-207%40yandex.ru&mailing=254 HTTP/1.0" 200 197 "-" "Mozilla/5.0 (iPhone; CPU iPhone OS 12_1_2 like Mac OS X) AppleWebKit/605.1.15 (KHTML, like Gecko) Mobile/16C101"
188.93.56.129 - - [08/Jan/2019:00:34:58 +0700] "GET /tracking.gif?email=alenycka2008%40mail.ru&mailing=308 HTTP/1.0" 200 197 "-" "Mozilla/5.0 (X11; Linux x86_64) AppleWebKit/537.36 (KHTML, like Gecko)"
188.93.56.125 - - [08/Jan/2019:00:35:03 +0700] "GET /tracking.gif?email=Sarkisovaom%40mail.ru&mailing=270 HTTP/1.0" 200 197 "-" "Mozilla/5.0 (X11; Linux x86_64) AppleWebKit/537.36 (KHTML, like Gecko)"
188.93.56.124 - - [08/Jan/2019:00:39:51 +0700] "GET /tracking.gif?email=976688%40mail.ru&mailing=308 HTTP/1.0" 200 197 "-" "Mozilla/5.0 (X11; Linux x86_64) AppleWebKit/537.36 (KHTML, like Gecko)"
81.19.78.160 - - [08/Jan/2019:00:44:16 +0700] "GET /tracking.gif?email=tanloz%40rambler.ru&mailing=308 HTTP/1.0" 200 197 "https://mail-pda.rambler.ru/" "RamblerMail/6.0 (incompatible; ImageProxy/6.0)"
188.232.224.30 - - [08/Jan/2019:00:50:05 +0700] "GET /tracking.gif?email=gnychay91%40gmail.com&mailing=254 HTTP/1.0" 200 197 "-" "Mozilla/5.0 (Linux; Android 7.0; SM-A310F Build/NRD90M; wv) AppleWebKit/537.36 (KHTML, like Gecko) Version/4.0 Chrome/71.0.3578.99 Mobile Safari/537.36"
188.232.224.30 - - [08/Jan/2019:00:50:08 +0700] "GET /tracking.gif?email=gnychay91%40gmail.com&mailing=280 HTTP/1.0" 200 197 "-" "Mozilla/5.0 (Linux; Android 7.0; SM-A310F Build/NRD90M; wv) AppleWebKit/537.36 (KHTML, like Gecko) Version/4.0 Chrome/71.0.3578.99 Mobile Safari/537.36"
188.18.241.156 - - [08/Jan/2019:00:51:34 +0700] "GET /tracking.gif?email=ovpervykh%40sberbank.ru&mailing=294 HTTP/1.0" 200 197 "-" "Mozilla/5.0 (iPad; CPU OS 12_0 like Mac OS X) AppleWebKit/605.1.15 (KHTML, like Gecko) Mobile/16A366"
188.18.241.156 - - [08/Jan/2019:00:51:34 +0700] "GET /tracking.gif?email=ovpervykh%40sberbank.ru&mailing=294 HTTP/1.0" 200 197 "-" "Mozilla/5.0 (iPad; CPU OS 12_0 like Mac OS X) AppleWebKit/605.1.15 (KHTML, like Gecko) Mobile/16A366"
188.18.241.156 - - [08/Jan/2019:00:53:41 +0700] "GET /tracking.gif?email=ovpervykh%40sberbank.ru&mailing=294 HTTP/1.0" 200 197 "-" "Mozilla/5.0 (iPad; CPU OS 12_0 like Mac OS X) AppleWebKit/605.1.15 (KHTML, like Gecko) Mobile/16A366"
146.158.96.31 - - [08/Jan/2019:00:59:11 +0700] "GET /tracking.gif?email=s_vetlana78%40mail.ru&mailing=268 HTTP/1.0" 200 197 "-" "Mozilla/5.0 (Linux; Android 5.1.1; SM-J320F Build/LMY47V; wv) AppleWebKit/537.36 (KHTML, like Gecko) Version/4.0 Chrome/70.0.3538.80 Mobile Safari/537.36"
146.158.96.31 - - [08/Jan/2019:00:59:22 +0700] "GET /tracking.gif?email=s_vetlana78%40mail.ru&mailing=268 HTTP/1.0" 200 197 "-" "Mozilla/5.0 (Linux; Android 5.1.1; SM-J320F Build/LMY47V; wv) AppleWebKit/537.36 (KHTML, like Gecko) Version/4.0 Chrome/70.0.3538.80 Mobile Safari/537.36"
188.93.56.126 - - [08/Jan/2019:01:02:13 +0700] "GET /tracking.gif?email=malova-natalya%40mail.ru&mailing=308 HTTP/1.0" 200 197 "-" "Mozilla/5.0 (X11; Linux x86_64) AppleWebKit/537.36 (KHTML, like Gecko)"
188.93.56.125 - - [08/Jan/2019:01:02:25 +0700] "GET /tracking.gif?email=malova-natalya%40mail.ru&mailing=308 HTTP/1.0" 200 197 "-" "Mozilla/5.0 (X11; Linux x86_64) AppleWebKit/537.36 (KHTML, like Gecko)"
188.93.56.126 - - [08/Jan/2019:01:08:00 +0700] "GET /tracking.gif?email=nusov7%40mail.ru&mailing=308 HTTP/1.0" 200 197 "-" "Mozilla/5.0 (X11; Linux x86_64) AppleWebKit/537.36 (KHTML, like Gecko)"
188.93.56.126 - - [08/Jan/2019:01:08:22 +0700] "GET /tracking.gif?email=nusov7%40mail.ru&mailing=307 HTTP/1.0" 200 197 "-" "Mozilla/5.0 (X11; Linux x86_64) AppleWebKit/537.36 (KHTML, like Gecko)"
188.93.56.130 - - [08/Jan/2019:01:13:54 +0700] "GET /tracking.gif?email=belik.vk%40mail.ru&mailing=308 HTTP/1.0" 200 197 "-" "Mozilla/5.0 (X11; Linux x86_64) AppleWebKit/537.36 (KHTML, like Gecko)"
37.60.18.90 - - [08/Jan/2019:01:22:11 +0700] "GET /tracking.gif?email=fistashka-92%40yandex.ru&mailing=308 HTTP/1.0" 200 197 "-" "Mozilla/5.0 (iPhone; CPU iPhone OS 11_3 like Mac OS X) AppleWebKit/605.1.15 (KHTML, like Gecko) Mobile/15E216"
5.53.29.28 - - [08/Jan/2019:01:22:59 +0700] "GET /tracking.gif?email=elvira_81%40inbox.ru&mailing=308 HTTP/1.0" 200 197 "-" "Mozilla/5.0 (iPhone; CPU iPhone OS 12_1_2 like Mac OS X) AppleWebKit/605.1.15 (KHTML, like Gecko) Mobile/16C101"
188.93.56.127 - - [08/Jan/2019:01:27:35 +0700] "GET /tracking.gif?email=ekaterina.koneva%40mail.ru&mailing=306 HTTP/1.0" 200 197 "-" "Mozilla/5.0 (X11; Linux x86_64) AppleWebKit/537.36 (KHTML, like Gecko)"
188.93.56.124 - - [08/Jan/2019:01:27:44 +0700] "GET /tracking.gif?email=kovalev.v%40bk.ru&mailing=274 HTTP/1.0" 200 197 "-" "Mozilla/5.0 (X11; Linux x86_64) AppleWebKit/537.36 (KHTML, like Gecko)"
188.93.56.128 - - [08/Jan/2019:01:29:06 +0700] "GET /tracking.gif?email=babylon.dav%40mail.ru&mailing=307 HTTP/1.0" 200 197 "-" "Mozilla/5.0 (X11; Linux x86_64) AppleWebKit/537.36 (KHTML, like Gecko)"
188.93.56.125 - - [08/Jan/2019:01:30:15 +0700] "GET /tracking.gif?email=svetikplotnikova%40mail.ru&mailing=274 HTTP/1.0" 200 197 "-" "Mozilla/5.0 (X11; Linux x86_64) AppleWebKit/537.36 (KHTML, like Gecko)"
188.93.56.123 - - [08/Jan/2019:01:34:34 +0700] "GET /tracking.gif?email=shas80%40mail.ru&mailing=305 HTTP/1.0" 200 197 "-" "Mozilla/5.0 (X11; Linux x86_64) AppleWebKit/537.36 (KHTML, like Gecko)"
188.93.56.125 - - [08/Jan/2019:01:35:15 +0700] "GET /tracking.gif?email=natali16_04_83%40mail.ru&mailing=306 HTTP/1.0" 200 197 "-" "Mozilla/5.0 (X11; Linux x86_64) AppleWebKit/537.36 (KHTML, like Gecko)"
188.93.56.125 - - [08/Jan/2019:01:35:39 +0700] "GET /tracking.gif?email=natali16_04_83%40mail.ru&mailing=305 HTTP/1.0" 200 197 "-" "Mozilla/5.0 (X11; Linux x86_64) AppleWebKit/537.36 (KHTML, like Gecko)"
81.19.78.161 - - [08/Jan/2019:01:36:34 +0700] "GET /tracking.gif?email=md-a%40rambler.ru&mailing=308 HTTP/1.0" 200 197 "http://mail.rambler.ru/" "RamblerMail/6.0 (incompatible; ImageProxy/6.0)"
188.93.56.129 - - [08/Jan/2019:01:47:03 +0700] "GET /tracking.gif?email=johnvolf%40list.ru&mailing=308 HTTP/1.0" 200 197 "-" "Mozilla/5.0 (X11; Linux x86_64) AppleWebKit/537.36 (KHTML, like Gecko)"
81.19.78.161 - - [08/Jan/2019:01:50:46 +0700] "GET /tracking.gif?email=trubacheva912%40rambler.ru&mailing=226 HTTP/1.0" 200 197 "https://mail-pda.rambler.ru/" "RamblerMail/6.0 (incompatible; ImageProxy/6.0)"
178.47.103.188 - - [08/Jan/2019:01:52:28 +0700] "GET /tracking.gif?email=alzero%40mail.ru&mailing=308 HTTP/1.0" 200 197 "-" "Mozilla/5.0 (iPhone; CPU iPhone OS 11_2_5 like Mac OS X) AppleWebKit/604.5.6 (KHTML, like Gecko) Mobile/15D60"
