188.93.56.121 - - [09/Dec/2018:21:50:49 +0700] "GET /tracking.gif?email=titmax%40mail.ru&mailing=206 HTTP/1.0" 200 197 "-" "Mozilla/5.0 (X11; Linux x86_64) AppleWebKit/537.36 (KHTML, like Gecko)"
188.93.56.121 - - [09/Dec/2018:21:51:48 +0700] "GET /tracking.gif?email=ivashevskiy1992%40mail.ru&mailing=206 HTTP/1.0" 200 197 "-" "Mozilla/5.0 (X11; Linux x86_64) AppleWebKit/537.36 (KHTML, like Gecko)"
188.93.56.122 - - [09/Dec/2018:21:52:22 +0700] "GET /tracking.gif?email=ivashevskiy1992%40mail.ru&mailing=206 HTTP/1.0" 200 197 "-" "Mozilla/5.0 (X11; Linux x86_64) AppleWebKit/537.36 (KHTML, like Gecko)"
188.93.56.129 - - [09/Dec/2018:21:52:28 +0700] "GET /tracking.gif?email=irina070.ru%40mail.ru&mailing=191 HTTP/1.0" 200 197 "-" "Mozilla/5.0 (X11; Linux x86_64) AppleWebKit/537.36 (KHTML, like Gecko)"
188.93.56.129 - - [09/Dec/2018:21:54:05 +0700] "GET /tracking.gif?email=kat_iea%40mail.ru&mailing=206 HTTP/1.0" 200 197 "-" "Mozilla/5.0 (X11; Linux x86_64) AppleWebKit/537.36 (KHTML, like Gecko)"
188.93.56.128 - - [09/Dec/2018:21:57:31 +0700] "GET /tracking.gif?email=Ylken%40mail.ru&mailing=206 HTTP/1.0" 200 197 "-" "Mozilla/5.0 (X11; Linux x86_64) AppleWebKit/537.36 (KHTML, like Gecko)"
188.93.56.122 - - [09/Dec/2018:22:02:34 +0700] "GET /tracking.gif?email=Tertyshnyj14%40bk.ru&mailing=193 HTTP/1.0" 200 197 "-" "Mozilla/5.0 (X11; Linux x86_64) AppleWebKit/537.36 (KHTML, like Gecko)"
188.93.56.127 - - [09/Dec/2018:22:03:40 +0700] "GET /tracking.gif?email=massolde%40mail.ru&mailing=206 HTTP/1.0" 200 197 "-" "Mozilla/5.0 (X11; Linux x86_64) AppleWebKit/537.36 (KHTML, like Gecko)"
188.93.56.126 - - [09/Dec/2018:22:07:28 +0700] "GET /tracking.gif?email=kulibabenko%40inbox.ru&mailing=192 HTTP/1.0" 200 197 "-" "Mozilla/5.0 (X11; Linux x86_64) AppleWebKit/537.36 (KHTML, like Gecko)"
188.93.56.121 - - [09/Dec/2018:22:09:44 +0700] "GET /tracking.gif?email=ukn__%40mail.ru&mailing=191 HTTP/1.0" 200 197 "-" "Mozilla/5.0 (X11; Linux x86_64) AppleWebKit/537.36 (KHTML, like Gecko)"
81.19.78.161 - - [09/Dec/2018:22:12:07 +0700] "GET /tracking.gif?email=020878%40rambler.ru&mailing=193 HTTP/1.0" 200 197 "https://mail-pda.rambler.ru/" "RamblerMail/6.0 (incompatible; ImageProxy/6.0)"
94.137.40.18 - - [09/Dec/2018:22:12:54 +0700] "GET /tracking.gif?email=off_mobile%40mail.ru&mailing=191 HTTP/1.0" 200 197 "-" "Mozilla/5.0 (Macintosh; Intel Mac OS X 10_14_1) AppleWebKit/605.1.15 (KHTML, like Gecko)"
188.93.56.126 - - [09/Dec/2018:22:14:07 +0700] "GET /tracking.gif?email=sashakarabanov%40mail.ru&mailing=206 HTTP/1.0" 200 197 "-" "Mozilla/5.0 (X11; Linux x86_64) AppleWebKit/537.36 (KHTML, like Gecko)"
213.180.215.167 - - [09/Dec/2018:22:14:37 +0700] "GET /tracking.gif?email=sobol-1988%40yandex.ru&mailing=191 HTTP/1.0" 200 197 "-" "Mozilla/5.0 (compatible; YandexImageResizer/2.0; +http://yandex.com/bots)"
188.93.56.127 - - [09/Dec/2018:22:16:59 +0700] "GET /tracking.gif?email=o.2112%40mail.ru&mailing=206 HTTP/1.0" 200 197 "-" "Mozilla/5.0 (X11; Linux x86_64) AppleWebKit/537.36 (KHTML, like Gecko)"
188.93.56.122 - - [09/Dec/2018:22:17:54 +0700] "GET /tracking.gif?email=rita199718%40mail.ru&mailing=206 HTTP/1.0" 200 197 "-" "Mozilla/5.0 (X11; Linux x86_64) AppleWebKit/537.36 (KHTML, like Gecko)"
188.93.56.125 - - [09/Dec/2018:22:18:27 +0700] "GET /tracking.gif?email=lebedewaanna%40mail.ru&mailing=206 HTTP/1.0" 200 197 "-" "Mozilla/5.0 (X11; Linux x86_64) AppleWebKit/537.36 (KHTML, like Gecko)"
188.232.248.5 - - [09/Dec/2018:22:18:32 +0700] "GET /tracking.gif?email=chiv%40nxt.ru&mailing=191 HTTP/1.0" 200 197 "-" "Outlook-Express/7.0 (MSIE 7.0; Windows NT 6.1; WOW64; Trident/7.0; SLCC2; .NET CLR 2.0.50727; .NET CLR 3.5.30729; .NET CLR 3.0.30729; Media Center PC 6.0; .NET4.0C; .NET4.0E; InfoPath.3; TmstmpExt)"
188.93.56.129 - - [09/Dec/2018:22:18:45 +0700] "GET /tracking.gif?email=Step.7%40mail.ru&mailing=206 HTTP/1.0" 200 197 "-" "Mozilla/5.0 (X11; Linux x86_64) AppleWebKit/537.36 (KHTML, like Gecko)"
213.180.215.164 - - [09/Dec/2018:22:20:04 +0700] "GET /tracking.gif?email=kaya1704%40mail.ru&mailing=206 HTTP/1.0" 200 197 "-" "Mozilla/5.0 (compatible; YandexImageResizer/2.0; +http://yandex.com/bots)"
188.93.56.127 - - [09/Dec/2018:22:20:37 +0700] "GET /tracking.gif?email=12681990%40mail.ru&mailing=206 HTTP/1.0" 200 197 "-" "Mozilla/5.0 (X11; Linux x86_64) AppleWebKit/537.36 (KHTML, like Gecko)"
5.255.241.244 - - [09/Dec/2018:22:20:59 +0700] "GET /tracking.gif?email=marahina.ov%40yandex.ru&mailing=206 HTTP/1.0" 200 197 "-" "Mozilla/5.0 (compatible; YandexImageResizer/2.0; +http://yandex.com/bots)"
188.93.56.129 - - [09/Dec/2018:22:21:35 +0700] "GET /tracking.gif?email=tjysha%40mail.ru&mailing=206 HTTP/1.0" 200 197 "-" "Mozilla/5.0 (X11; Linux x86_64) AppleWebKit/537.36 (KHTML, like Gecko)"
188.93.56.124 - - [09/Dec/2018:22:23:11 +0700] "GET /tracking.gif?email=zubova_ol%40mail.ru&mailing=206 HTTP/1.0" 200 197 "-" "Mozilla/5.0 (X11; Linux x86_64) AppleWebKit/537.36 (KHTML, like Gecko)"
46.39.20.67 - - [09/Dec/2018:22:24:02 +0700] "GET /tracking.gif?email=ars0nyx%40mail.ru&mailing=192 HTTP/1.0" 200 197 "-" "Mozilla/5.0 (iPhone; CPU iPhone OS 12_1_1 like Mac OS X) AppleWebKit/605.1.15 (KHTML, like Gecko) Mobile/16C50"
188.93.56.130 - - [09/Dec/2018:22:25:27 +0700] "GET /tracking.gif?email=primak87%40mail.ru&mailing=206 HTTP/1.0" 200 197 "-" "Mozilla/5.0 (X11; Linux x86_64) AppleWebKit/537.36 (KHTML, like Gecko)"
66.102.9.17 - - [09/Dec/2018:22:25:35 +0700] "GET /tracking.gif?email=Synk17%40gmail.com&mailing=170 HTTP/1.0" 200 197 "-" "Mozilla/5.0 (Windows NT 5.1; rv:11.0) Gecko Firefox/11.0 (via ggpht.com GoogleImageProxy)"
188.93.56.127 - - [09/Dec/2018:22:26:05 +0700] "GET /tracking.gif?email=radagor58%40mail.ru&mailing=206 HTTP/1.0" 200 197 "-" "Mozilla/5.0 (X11; Linux x86_64) AppleWebKit/537.36 (KHTML, like Gecko)"
188.93.56.123 - - [09/Dec/2018:22:27:44 +0700] "GET /tracking.gif?email=roma.kirzhak%40mail.ru&mailing=206 HTTP/1.0" 200 197 "-" "Mozilla/5.0 (X11; Linux x86_64) AppleWebKit/537.36 (KHTML, like Gecko)"
66.102.9.14 - - [09/Dec/2018:22:29:27 +0700] "GET /tracking.gif?email=Synk17%40gmail.com&mailing=132 HTTP/1.0" 200 197 "-" "Mozilla/5.0 (Windows NT 5.1; rv:11.0) Gecko Firefox/11.0 (via ggpht.com GoogleImageProxy)"
188.93.56.122 - - [09/Dec/2018:22:30:30 +0700] "GET /tracking.gif?email=marinaP_vostok%40mail.ru&mailing=206 HTTP/1.0" 200 197 "-" "Mozilla/5.0 (X11; Linux x86_64) AppleWebKit/537.36 (KHTML, like Gecko)"
188.93.56.130 - - [09/Dec/2018:22:31:56 +0700] "GET /tracking.gif?email=straj777%40mail.ru&mailing=206 HTTP/1.0" 200 197 "-" "Mozilla/5.0 (X11; Linux x86_64) AppleWebKit/537.36 (KHTML, like Gecko)"
188.93.56.130 - - [09/Dec/2018:22:32:15 +0700] "GET /tracking.gif?email=rgsir%40mail.ru&mailing=206 HTTP/1.0" 200 197 "-" "Mozilla/5.0 (X11; Linux x86_64) AppleWebKit/537.36 (KHTML, like Gecko)"
188.93.56.122 - - [09/Dec/2018:22:33:12 +0700] "GET /tracking.gif?email=pilatera%40mail.ru&mailing=206 HTTP/1.0" 200 197 "-" "Mozilla/5.0 (X11; Linux x86_64) AppleWebKit/537.36 (KHTML, like Gecko)"
188.93.56.121 - - [09/Dec/2018:22:34:14 +0700] "GET /tracking.gif?email=scoolptor%40mail.ru&mailing=206 HTTP/1.0" 200 197 "-" "Mozilla/5.0 (X11; Linux x86_64) AppleWebKit/537.36 (KHTML, like Gecko)"
2.60.37.206 - - [09/Dec/2018:22:34:32 +0700] "GET /tracking.gif?email=vladik5550%40mail.ru&mailing=206 HTTP/1.0" 200 197 "-" "Mozilla/5.0 (iPad; CPU OS 12_1 like Mac OS X) AppleWebKit/605.1.15 (KHTML, like Gecko) Mobile/16B92"
2.60.37.206 - - [09/Dec/2018:22:34:42 +0700] "GET /tracking.gif?email=vladik5550%40mail.ru&mailing=206 HTTP/1.0" 200 197 "-" "Mozilla/5.0 (iPad; CPU OS 12_1 like Mac OS X) AppleWebKit/605.1.15 (KHTML, like Gecko) Mobile/16B92"
5.255.241.238 - - [09/Dec/2018:22:34:44 +0700] "GET /tracking.gif?email=planer15061978%40yandex.ru&mailing=191 HTTP/1.0" 200 197 "-" "Mozilla/5.0 (compatible; YandexImageResizer/2.0; +http://yandex.com/bots)"
77.88.11.246 - - [09/Dec/2018:22:37:01 +0700] "GET /tracking.gif?email=umka121289%40yandex.ru&mailing=191 HTTP/1.0" 200 197 "-" "Mozilla/5.0 (compatible; YandexImageResizer/2.0; +http://yandex.com/bots)"
188.93.56.124 - - [09/Dec/2018:22:38:13 +0700] "GET /tracking.gif?email=merida55%40mail.ru&mailing=206 HTTP/1.0" 200 197 "-" "Mozilla/5.0 (X11; Linux x86_64) AppleWebKit/537.36 (KHTML, like Gecko)"
188.93.56.127 - - [09/Dec/2018:22:38:41 +0700] "GET /tracking.gif?email=ignatchik80%40mail.ru&mailing=206 HTTP/1.0" 200 197 "-" "Mozilla/5.0 (X11; Linux x86_64) AppleWebKit/537.36 (KHTML, like Gecko)"
176.62.90.252 - - [09/Dec/2018:22:39:34 +0700] "GET /tracking.gif?email=gorreich%40mail.ru&mailing=191 HTTP/1.0" 200 197 "-" "Mozilla/5.0 (iPhone; CPU iPhone OS 12_1 like Mac OS X) AppleWebKit/605.1.15 (KHTML, like Gecko) Mobile/16B92"
188.93.56.124 - - [09/Dec/2018:22:40:08 +0700] "GET /tracking.gif?email=zman88%40bk.ru&mailing=193 HTTP/1.0" 200 197 "-" "Mozilla/5.0 (X11; Linux x86_64) AppleWebKit/537.36 (KHTML, like Gecko)"
188.93.56.122 - - [09/Dec/2018:22:41:15 +0700] "GET /tracking.gif?email=krab_31%40mail.ru&mailing=206 HTTP/1.0" 200 197 "-" "Mozilla/5.0 (X11; Linux x86_64) AppleWebKit/537.36 (KHTML, like Gecko)"
188.93.56.122 - - [09/Dec/2018:22:42:18 +0700] "GET /tracking.gif?email=pobedash_90%40mail.ru&mailing=206 HTTP/1.0" 200 197 "-" "Mozilla/5.0 (X11; Linux x86_64) AppleWebKit/537.36 (KHTML, like Gecko)"
114.115.190.4 - - [09/Dec/2018:22:42:52 +0700] "GET /robots.txt HTTP/1.0" 404 180 "-" "Mozilla/5.0 (compatible; MSIE 10.0; Windows NT 6.1; WOW64; Trident/6.0)"
114.115.190.4 - - [09/Dec/2018:22:42:53 +0700] "GET / HTTP/1.0" 404 180 "-" "Mozilla/5.0 (compatible; MSIE 10.0; Windows NT 6.1; WOW64; Trident/6.0)"
188.93.56.126 - - [09/Dec/2018:22:43:05 +0700] "GET /tracking.gif?email=tatin-89%40mail.ru&mailing=206 HTTP/1.0" 200 197 "-" "Mozilla/5.0 (X11; Linux x86_64) AppleWebKit/537.36 (KHTML, like Gecko)"
188.93.56.126 - - [09/Dec/2018:22:43:36 +0700] "GET /tracking.gif?email=tatin-89%40mail.ru&mailing=206 HTTP/1.0" 200 197 "-" "Mozilla/5.0 (X11; Linux x86_64) AppleWebKit/537.36 (KHTML, like Gecko)"
5.255.241.249 - - [09/Dec/2018:22:48:40 +0700] "GET /tracking.gif?email=kuzo17%40yandex.ru&mailing=206 HTTP/1.0" 200 197 "-" "Mozilla/5.0 (compatible; YandexImageResizer/2.0; +http://yandex.com/bots)"
188.93.56.126 - - [09/Dec/2018:22:50:57 +0700] "GET /tracking.gif?email=vladmav%40mail.ru&mailing=206 HTTP/1.0" 200 197 "-" "Mozilla/5.0 (X11; Linux x86_64) AppleWebKit/537.36 (KHTML, like Gecko)"
46.233.252.55 - - [09/Dec/2018:22:52:10 +0700] "GET /tracking.gif?email=kimmelru%40mail.ru&mailing=191 HTTP/1.0" 200 197 "-" "Mozilla/5.0 (iPhone; CPU iPhone OS 12_0_1 like Mac OS X) AppleWebKit/605.1.15 (KHTML, like Gecko) Mobile/16A404"
109.227.252.116 - - [09/Dec/2018:22:53:42 +0700] "GET /unsubscribe/?email=sergey_m%40sibmail.com&mailing=132 HTTP/1.0" 200 984 "http://www.sibmail.com/sq/src/read_body.php?passed_id=1328&ent_id=1&mailbox=INBOX&sort=6&startMessage=1&show_more=0&passed_ent_id=0&view_unsafe_images=1" "Mozilla/5.0 (Windows NT 6.1; Win64; x64) AppleWebKit/537.36 (KHTML, like Gecko) Chrome/71.0.3578.80 Safari/537.36"
109.227.252.116 - - [09/Dec/2018:22:53:43 +0700] "GET /img/popcorn.svg HTTP/1.0" 200 1187 "http://mailing.etobilet.ru/css/main.css" "Mozilla/5.0 (Windows NT 6.1; Win64; x64) AppleWebKit/537.36 (KHTML, like Gecko) Chrome/71.0.3578.80 Safari/537.36"
109.227.252.116 - - [09/Dec/2018:22:53:44 +0700] "GET /unsubscribe/?email=sergey_m%40sibmail.com&mailing=132&confirmed=1 HTTP/1.0" 200 747 "http://mailing.etobilet.ru/unsubscribe/?email=sergey_m%40sibmail.com&mailing=132" "Mozilla/5.0 (Windows NT 6.1; Win64; x64) AppleWebKit/537.36 (KHTML, like Gecko) Chrome/71.0.3578.80 Safari/537.36"
188.93.56.128 - - [09/Dec/2018:22:54:17 +0700] "GET /tracking.gif?email=Serik_55%40inbox.ru&mailing=206 HTTP/1.0" 200 197 "-" "Mozilla/5.0 (X11; Linux x86_64) AppleWebKit/537.36 (KHTML, like Gecko)"
188.93.56.122 - - [09/Dec/2018:22:54:34 +0700] "GET /tracking.gif?email=rusanovaoo%40mail.ru&mailing=206 HTTP/1.0" 200 197 "-" "Mozilla/5.0 (X11; Linux x86_64) AppleWebKit/537.36 (KHTML, like Gecko)"
93.158.130.180 - - [09/Dec/2018:22:56:27 +0700] "GET /tracking.gif?email=den-yakushin%40yandex.ru&mailing=193 HTTP/1.0" 200 197 "-" "Mozilla/5.0 (compatible; YandexImageResizer/2.0; +http://yandex.com/bots)"
188.93.56.128 - - [09/Dec/2018:22:57:04 +0700] "GET /tracking.gif?email=romashka2006%40bk.ru&mailing=193 HTTP/1.0" 200 197 "-" "Mozilla/5.0 (X11; Linux x86_64) AppleWebKit/537.36 (KHTML, like Gecko)"
188.93.56.129 - - [09/Dec/2018:22:58:16 +0700] "GET /tracking.gif?email=Julia_ryabova83%40mail.ru&mailing=206 HTTP/1.0" 200 197 "-" "Mozilla/5.0 (X11; Linux x86_64) AppleWebKit/537.36 (KHTML, like Gecko)"
188.93.56.127 - - [09/Dec/2018:23:01:32 +0700] "GET /tracking.gif?email=sophie95%40inbox.ru&mailing=132 HTTP/1.0" 200 197 "-" "Mozilla/5.0 (X11; Linux x86_64) AppleWebKit/537.36 (KHTML, like Gecko)"
188.93.56.127 - - [09/Dec/2018:23:01:43 +0700] "GET /tracking.gif?email=sophie95%40inbox.ru&mailing=132 HTTP/1.0" 200 197 "-" "Mozilla/5.0 (X11; Linux x86_64) AppleWebKit/537.36 (KHTML, like Gecko)"
188.93.56.126 - - [09/Dec/2018:23:04:14 +0700] "GET /tracking.gif?email=Vin8621%40mail.ru&mailing=206 HTTP/1.0" 200 197 "-" "Mozilla/5.0 (X11; Linux x86_64) AppleWebKit/537.36 (KHTML, like Gecko)"
188.93.56.122 - - [09/Dec/2018:23:04:25 +0700] "GET /tracking.gif?email=nkurazh%40list.ru&mailing=193 HTTP/1.0" 200 197 "-" "Mozilla/5.0 (X11; Linux x86_64) AppleWebKit/537.36 (KHTML, like Gecko)"
188.93.56.122 - - [09/Dec/2018:23:04:56 +0700] "GET /tracking.gif?email=Kubaeva-olya%40mail.ru&mailing=206 HTTP/1.0" 200 197 "-" "Mozilla/5.0 (X11; Linux x86_64) AppleWebKit/537.36 (KHTML, like Gecko)"
188.93.56.129 - - [09/Dec/2018:23:06:54 +0700] "GET /tracking.gif?email=hil_92%40mail.ru&mailing=206 HTTP/1.0" 200 197 "-" "Mozilla/5.0 (X11; Linux x86_64) AppleWebKit/537.36 (KHTML, like Gecko)"
188.93.56.122 - - [09/Dec/2018:23:07:13 +0700] "GET /tracking.gif?email=nkurazh%40list.ru&mailing=193 HTTP/1.0" 200 197 "-" "Mozilla/5.0 (X11; Linux x86_64) AppleWebKit/537.36 (KHTML, like Gecko)"
188.93.56.122 - - [09/Dec/2018:23:07:14 +0700] "GET /tracking.gif?email=nkurazh%40list.ru&mailing=193 HTTP/1.0" 200 197 "-" "Mozilla/5.0 (X11; Linux x86_64) AppleWebKit/537.36 (KHTML, like Gecko)"
188.93.56.122 - - [09/Dec/2018:23:07:18 +0700] "GET /tracking.gif?email=nkurazh%40list.ru&mailing=193 HTTP/1.0" 200 197 "-" "Mozilla/5.0 (X11; Linux x86_64) AppleWebKit/537.36 (KHTML, like Gecko)"
91.225.215.27 - - [09/Dec/2018:23:09:31 +0700] "GET /tracking.gif?email=kolesova12212428%40icloud.com&mailing=206 HTTP/1.0" 200 197 "-" "Mozilla/5.0 (iPhone; CPU iPhone OS 12_1 like Mac OS X) AppleWebKit/605.1.15 (KHTML, like Gecko) Mobile/16B92"
188.93.56.128 - - [09/Dec/2018:23:11:18 +0700] "GET /tracking.gif?email=ppd44%40mail.ru&mailing=206 HTTP/1.0" 200 197 "-" "Mozilla/5.0 (X11; Linux x86_64) AppleWebKit/537.36 (KHTML, like Gecko)"
188.93.56.128 - - [09/Dec/2018:23:11:33 +0700] "GET /tracking.gif?email=ppd44%40mail.ru&mailing=206 HTTP/1.0" 200 197 "-" "Mozilla/5.0 (X11; Linux x86_64) AppleWebKit/537.36 (KHTML, like Gecko)"
5.255.241.232 - - [09/Dec/2018:23:11:48 +0700] "GET /tracking.gif?email=marachmarina%40yandex.ru&mailing=191 HTTP/1.0" 200 197 "-" "Mozilla/5.0 (compatible; YandexImageResizer/2.0; +http://yandex.com/bots)"
188.93.56.129 - - [09/Dec/2018:23:12:18 +0700] "GET /tracking.gif?email=vasilenko.darya%40mail.ru&mailing=206 HTTP/1.0" 200 197 "-" "Mozilla/5.0 (X11; Linux x86_64) AppleWebKit/537.36 (KHTML, like Gecko)"
213.180.215.167 - - [09/Dec/2018:23:12:22 +0700] "GET /tracking.gif?email=kyb%40spectr-omsk.ru&mailing=206 HTTP/1.0" 200 197 "-" "Mozilla/5.0 (compatible; YandexImageResizer/2.0; +http://yandex.com/bots)"
77.88.11.254 - - [09/Dec/2018:23:14:01 +0700] "GET /tracking.gif?email=Alesya2907%40yandex.ru&mailing=206 HTTP/1.0" 200 197 "-" "Mozilla/5.0 (compatible; YandexImageResizer/2.0; +http://yandex.com/bots)"
188.93.56.126 - - [09/Dec/2018:23:18:25 +0700] "GET /tracking.gif?email=ksenia0827%40mail.ru&mailing=206 HTTP/1.0" 200 197 "-" "Mozilla/5.0 (X11; Linux x86_64) AppleWebKit/537.36 (KHTML, like Gecko)"
178.47.111.171 - - [09/Dec/2018:23:19:38 +0700] "GET /tracking.gif?email=Twins89%40bk.ru&mailing=193 HTTP/1.0" 200 197 "-" "Mozilla/5.0 (Macintosh; Intel Mac OS X 10_14_1) AppleWebKit/605.1.15 (KHTML, like Gecko)"
94.137.30.247 - - [09/Dec/2018:23:19:48 +0700] "GET /tracking.gif?email=minar1875%40mail.ru&mailing=206 HTTP/1.0" 200 197 "-" "Mozilla/5.0 (iPhone; CPU iPhone OS 12_0_1 like Mac OS X) AppleWebKit/605.1.15 (KHTML, like Gecko) Mobile/16A404"
188.93.56.126 - - [09/Dec/2018:23:19:48 +0700] "GET /tracking.gif?email=salewii%40mail.ru&mailing=191 HTTP/1.0" 200 197 "-" "Mozilla/5.0 (X11; Linux x86_64) AppleWebKit/537.36 (KHTML, like Gecko)"
188.93.56.122 - - [09/Dec/2018:23:22:53 +0700] "GET /tracking.gif?email=Platinum_33%40mail.ru&mailing=206 HTTP/1.0" 200 197 "-" "Mozilla/5.0 (X11; Linux x86_64) AppleWebKit/537.36 (KHTML, like Gecko)"
188.93.56.124 - - [09/Dec/2018:23:25:09 +0700] "GET /tracking.gif?email=kb-ac%40mail.ru&mailing=206 HTTP/1.0" 200 197 "-" "Mozilla/5.0 (X11; Linux x86_64) AppleWebKit/537.36 (KHTML, like Gecko)"
37.9.102.246 - - [09/Dec/2018:23:25:30 +0700] "GET /tracking.gif?email=iq8090%40yandex.ru&mailing=191 HTTP/1.0" 200 197 "-" "Mozilla/5.0 (compatible; YandexImageResizer/2.0; +http://yandex.com/bots)"
188.93.56.123 - - [09/Dec/2018:23:30:02 +0700] "GET /tracking.gif?email=maryen55%40mail.ru&mailing=206 HTTP/1.0" 200 197 "-" "Mozilla/5.0 (X11; Linux x86_64) AppleWebKit/537.36 (KHTML, like Gecko)"
188.93.56.121 - - [09/Dec/2018:23:31:40 +0700] "GET /tracking.gif?email=podnebesnova_n%40mail.ru&mailing=206 HTTP/1.0" 200 197 "-" "Mozilla/5.0 (X11; Linux x86_64) AppleWebKit/537.36 (KHTML, like Gecko)"
66.102.9.20 - - [09/Dec/2018:23:32:25 +0700] "GET /tracking.gif?email=luizavorobeva7220%40gmail.com&mailing=191 HTTP/1.0" 200 197 "-" "Mozilla/5.0 (Windows NT 5.1; rv:11.0) Gecko Firefox/11.0 (via ggpht.com GoogleImageProxy)"
188.93.56.123 - - [09/Dec/2018:23:34:58 +0700] "GET /tracking.gif?email=Viktoria-Gordeeva.sbrf%40yandex.ru&mailing=206 HTTP/1.0" 200 197 "-" "Mozilla/5.0 (X11; Linux x86_64) AppleWebKit/537.36 (KHTML, like Gecko)"
2.60.98.61 - - [09/Dec/2018:23:36:03 +0700] "GET /tracking.gif?email=Ilar2003%40mail.ru&mailing=206 HTTP/1.0" 200 197 "-" "Mozilla/5.0 (iPhone; CPU iPhone OS 11_4 like Mac OS X) AppleWebKit/605.1.15 (KHTML, like Gecko) Mobile/15F79"
188.93.56.125 - - [09/Dec/2018:23:38:15 +0700] "GET /tracking.gif?email=makar-yury%40mail.ru&mailing=206 HTTP/1.0" 200 197 "-" "Mozilla/5.0 (X11; Linux x86_64) AppleWebKit/537.36 (KHTML, like Gecko)"
188.93.56.123 - - [09/Dec/2018:23:40:21 +0700] "GET /tracking.gif?email=e.vlasova.71%40mail.ru&mailing=191 HTTP/1.0" 200 197 "-" "Mozilla/5.0 (X11; Linux x86_64) AppleWebKit/537.36 (KHTML, like Gecko)"
2.60.74.57 - - [09/Dec/2018:23:40:45 +0700] "GET /tracking.gif?email=sai1674%40mail.ru&mailing=206 HTTP/1.0" 200 197 "-" "Mozilla/5.0 (iPhone; CPU iPhone OS 11_3 like Mac OS X) AppleWebKit/605.1.15 (KHTML, like Gecko) Mobile/15E216"
188.93.56.127 - - [09/Dec/2018:23:41:03 +0700] "GET /tracking.gif?email=vladislav-kent1812%40mail.ru&mailing=206 HTTP/1.0" 200 197 "-" "Mozilla/5.0 (X11; Linux x86_64) AppleWebKit/537.36 (KHTML, like Gecko)"
188.93.56.123 - - [09/Dec/2018:23:42:47 +0700] "GET /tracking.gif?email=sinxxx%40mail.ru&mailing=206 HTTP/1.0" 200 197 "-" "Mozilla/5.0 (X11; Linux x86_64) AppleWebKit/537.36 (KHTML, like Gecko)"
188.93.56.127 - - [09/Dec/2018:23:43:33 +0700] "GET /tracking.gif?email=majoke%40mail.ru&mailing=206 HTTP/1.0" 200 197 "-" "Mozilla/5.0 (X11; Linux x86_64) AppleWebKit/537.36 (KHTML, like Gecko)"
5.53.17.33 - - [09/Dec/2018:23:45:35 +0700] "GET /tracking.gif?email=zxc888%40rambler.ru&mailing=188 HTTP/1.0" 200 197 "-" "Mozilla/5.0 (Macintosh; Intel Mac OS X 10_14_1) AppleWebKit/605.1.15 (KHTML, like Gecko)"
37.9.102.250 - - [09/Dec/2018:23:45:40 +0700] "GET /tracking.gif?email=evgeniy55555%40yandex.ru&mailing=193 HTTP/1.0" 200 197 "-" "Mozilla/5.0 (compatible; YandexImageResizer/2.0; +http://yandex.com/bots)"
188.232.216.12 - - [09/Dec/2018:23:49:03 +0700] "GET /tracking.gif?email=nadezhda_mazepova%40mail.ru&mailing=191 HTTP/1.0" 200 197 "-" "Microsoft Office/16.0 (Microsoft Outlook 16.0.11001; Pro)"
188.93.56.127 - - [09/Dec/2018:23:49:50 +0700] "GET /tracking.gif?email=antufeva.1962%40mail.ru&mailing=191 HTTP/1.0" 200 197 "-" "Mozilla/5.0 (X11; Linux x86_64) AppleWebKit/537.36 (KHTML, like Gecko)"
188.93.56.129 - - [09/Dec/2018:23:50:28 +0700] "GET /tracking.gif?email=heidt78%40mail.ru&mailing=206 HTTP/1.0" 200 197 "-" "Mozilla/5.0 (X11; Linux x86_64) AppleWebKit/537.36 (KHTML, like Gecko)"
188.93.56.128 - - [09/Dec/2018:23:52:33 +0700] "GET /tracking.gif?email=yarlikva%40mail.ru&mailing=206 HTTP/1.0" 200 197 "-" "Mozilla/5.0 (X11; Linux x86_64) AppleWebKit/537.36 (KHTML, like Gecko)"
37.9.102.239 - - [09/Dec/2018:23:53:25 +0700] "GET /tracking.gif?email=Liliya104%40yandex.ru&mailing=206 HTTP/1.0" 200 197 "-" "Mozilla/5.0 (compatible; YandexImageResizer/2.0; +http://yandex.com/bots)"
188.93.56.126 - - [09/Dec/2018:23:57:11 +0700] "GET /tracking.gif?email=stasya-87_09%40mail.ru&mailing=206 HTTP/1.0" 200 197 "-" "Mozilla/5.0 (X11; Linux x86_64) AppleWebKit/537.36 (KHTML, like Gecko)"
188.93.56.127 - - [09/Dec/2018:23:59:33 +0700] "GET /tracking.gif?email=ishak_%40mail.ru&mailing=191 HTTP/1.0" 200 197 "-" "Mozilla/5.0 (X11; Linux x86_64) AppleWebKit/537.36 (KHTML, like Gecko)"
188.93.56.122 - - [10/Dec/2018:00:02:05 +0700] "GET /tracking.gif?email=madriders%40mail.ru&mailing=206 HTTP/1.0" 200 197 "-" "Mozilla/5.0 (X11; Linux x86_64) AppleWebKit/537.36 (KHTML, like Gecko)"
5.255.241.249 - - [10/Dec/2018:00:02:36 +0700] "GET /tracking.gif?email=apenzeva%40yandex.ru&mailing=191 HTTP/1.0" 200 197 "-" "Mozilla/5.0 (compatible; YandexImageResizer/2.0; +http://yandex.com/bots)"
85.140.26.105 - - [10/Dec/2018:00:03:50 +0700] "GET /tracking.gif?email=alexeymelnik2012%40gmail.com&mailing=193 HTTP/1.0" 200 197 "-" "Mozilla/5.0 (Linux; Android 6.0.1; SM-G900F Build/MMB29M; wv) AppleWebKit/537.36 (KHTML, like Gecko) Version/4.0 Chrome/70.0.3538.80 Mobile Safari/537.36"
188.93.56.125 - - [10/Dec/2018:00:07:47 +0700] "GET /tracking.gif?email=albert.smolyakov%40mail.ru&mailing=191 HTTP/1.0" 200 197 "-" "Mozilla/5.0 (X11; Linux x86_64) AppleWebKit/537.36 (KHTML, like Gecko)"
2.60.4.15 - - [10/Dec/2018:00:10:50 +0700] "GET /tracking.gif?email=Ksun1992%40mail.ru&mailing=206 HTTP/1.0" 200 197 "-" "Mozilla/5.0 (iPhone; CPU iPhone OS 12_1 like Mac OS X) AppleWebKit/605.1.15 (KHTML, like Gecko) Mobile/16B92"
176.59.141.107 - - [10/Dec/2018:00:10:52 +0700] "GET /tracking.gif?email=salimova8585%40mail.ru&mailing=206 HTTP/1.0" 200 197 "-" "Mozilla/5.0 (iPhone; CPU iPhone OS 11_4_1 like Mac OS X) AppleWebKit/605.1.15 (KHTML, like Gecko) Mobile/15G77"
5.255.241.249 - - [10/Dec/2018:00:13:14 +0700] "GET /tracking.gif?email=grishanovatv%40yandex.ru&mailing=191 HTTP/1.0" 200 197 "-" "Mozilla/5.0 (compatible; YandexImageResizer/2.0; +http://yandex.com/bots)"
5.255.241.226 - - [10/Dec/2018:00:13:33 +0700] "GET /tracking.gif?email=grishanovatv%40yandex.ru&mailing=206 HTTP/1.0" 200 197 "-" "Mozilla/5.0 (compatible; YandexImageResizer/2.0; +http://yandex.com/bots)"
176.59.146.235 - - [10/Dec/2018:00:15:23 +0700] "GET /tracking.gif?email=yulayula%40mail.ru&mailing=206 HTTP/1.0" 200 197 "-" "Mozilla/5.0 (iPhone; CPU iPhone OS 12_1 like Mac OS X) AppleWebKit/605.1.15 (KHTML, like Gecko) Mobile/16B92"
188.93.56.123 - - [10/Dec/2018:00:22:44 +0700] "GET /tracking.gif?email=pershinaav2%40mail.ru&mailing=206 HTTP/1.0" 200 197 "-" "Mozilla/5.0 (X11; Linux x86_64) AppleWebKit/537.36 (KHTML, like Gecko)"
188.93.56.129 - - [10/Dec/2018:00:22:50 +0700] "GET /tracking.gif?email=Zhulduzochkaz%40mail.ru&mailing=206 HTTP/1.0" 200 197 "-" "Mozilla/5.0 (X11; Linux x86_64) AppleWebKit/537.36 (KHTML, like Gecko)"
31.173.103.75 - - [10/Dec/2018:00:26:09 +0700] "GET /tracking.gif?email=lyudochka.klimova.90%40icloud.com&mailing=192 HTTP/1.0" 200 197 "-" "Mozilla/5.0 (iPhone; CPU iPhone OS 11_0_1 like Mac OS X) AppleWebKit/604.1.38 (KHTML, like Gecko) Mobile/15A402"
188.93.56.128 - - [10/Dec/2018:00:28:19 +0700] "GET /tracking.gif?email=kayunt%40mail.ru&mailing=206 HTTP/1.0" 200 197 "-" "Mozilla/5.0 (X11; Linux x86_64) AppleWebKit/537.36 (KHTML, like Gecko)"
188.93.56.128 - - [10/Dec/2018:00:28:22 +0700] "GET /tracking.gif?email=kayunt%40mail.ru&mailing=206 HTTP/1.0" 200 197 "-" "Mozilla/5.0 (X11; Linux x86_64) AppleWebKit/537.36 (KHTML, like Gecko)"
5.255.241.248 - - [10/Dec/2018:00:29:34 +0700] "GET /tracking.gif?email=a.shenina%40yandex.ru&mailing=193 HTTP/1.0" 200 197 "-" "Mozilla/5.0 (compatible; YandexImageResizer/2.0; +http://yandex.com/bots)"
188.93.56.124 - - [10/Dec/2018:00:29:38 +0700] "GET /tracking.gif?email=mprolygina%40mail.ru&mailing=206 HTTP/1.0" 200 197 "-" "Mozilla/5.0 (X11; Linux x86_64) AppleWebKit/537.36 (KHTML, like Gecko)"
109.252.29.249 - - [10/Dec/2018:00:29:40 +0700] "GET /tracking.gif?email=lexar_omsk%40mail.ru&mailing=206 HTTP/1.0" 200 197 "-" "Mozilla/5.0 (Macintosh; Intel Mac OS X 10_14_1) AppleWebKit/605.1.15 (KHTML, like Gecko)"
66.102.9.17 - - [10/Dec/2018:00:32:28 +0700] "GET /tracking.gif?email=crazyjuliet91%40gmail.com&mailing=191 HTTP/1.0" 200 197 "-" "Mozilla/5.0 (Windows NT 5.1; rv:11.0) Gecko Firefox/11.0 (via ggpht.com GoogleImageProxy)"
66.102.9.20 - - [10/Dec/2018:00:34:36 +0700] "GET /tracking.gif?email=tania.apple.a%40gmail.com&mailing=191 HTTP/1.0" 200 197 "-" "Mozilla/5.0 (Windows NT 5.1; rv:11.0) Gecko Firefox/11.0 (via ggpht.com GoogleImageProxy)"
109.120.31.255 - - [10/Dec/2018:00:35:14 +0700] "GET /tracking.gif?email=mikeded%40yandex.ru&mailing=206 HTTP/1.0" 200 197 "-" "Mozilla/5.0 (iPad; CPU OS 12_1 like Mac OS X) AppleWebKit/605.1.15 (KHTML, like Gecko) Mobile/16B92"
188.93.56.123 - - [10/Dec/2018:00:36:04 +0700] "GET /tracking.gif?email=maksim.silivanov%40mail.ru&mailing=191 HTTP/1.0" 200 197 "-" "Mozilla/5.0 (X11; Linux x86_64) AppleWebKit/537.36 (KHTML, like Gecko)"
188.93.56.123 - - [10/Dec/2018:00:36:20 +0700] "GET /tracking.gif?email=malina2010b%40mail.ru&mailing=206 HTTP/1.0" 200 197 "-" "Mozilla/5.0 (X11; Linux x86_64) AppleWebKit/537.36 (KHTML, like Gecko)"
188.93.56.129 - - [10/Dec/2018:00:40:31 +0700] "GET /tracking.gif?email=natka-skrjab%40mail.ru&mailing=206 HTTP/1.0" 200 197 "-" "Mozilla/5.0 (X11; Linux x86_64) AppleWebKit/537.36 (KHTML, like Gecko)"
2.60.98.61 - - [10/Dec/2018:00:44:38 +0700] "GET /tracking.gif?email=Ilar2003%40mail.ru&mailing=206 HTTP/1.0" 200 197 "-" "Mozilla/5.0 (iPhone; CPU iPhone OS 11_4 like Mac OS X) AppleWebKit/605.1.15 (KHTML, like Gecko) Mobile/15F79"
188.93.56.127 - - [10/Dec/2018:00:46:09 +0700] "GET /tracking.gif?email=ana-888%40mail.ru&mailing=191 HTTP/1.0" 200 197 "-" "Mozilla/5.0 (X11; Linux x86_64) AppleWebKit/537.36 (KHTML, like Gecko)"
188.93.56.128 - - [10/Dec/2018:00:48:00 +0700] "GET /tracking.gif?email=meikl80%40mail.ru&mailing=206 HTTP/1.0" 200 197 "-" "Mozilla/5.0 (X11; Linux x86_64) AppleWebKit/537.36 (KHTML, like Gecko)"
188.93.56.126 - - [10/Dec/2018:00:48:43 +0700] "GET /tracking.gif?email=Vladimir_bobinov%40mail.ru&mailing=206 HTTP/1.0" 200 197 "-" "Mozilla/5.0 (X11; Linux x86_64) AppleWebKit/537.36 (KHTML, like Gecko)"
188.93.56.123 - - [10/Dec/2018:00:48:43 +0700] "GET /tracking.gif?email=saveri2%40mail.ru&mailing=206 HTTP/1.0" 200 197 "-" "Mozilla/5.0 (X11; Linux x86_64) AppleWebKit/537.36 (KHTML, like Gecko)"
188.93.56.130 - - [10/Dec/2018:00:49:32 +0700] "GET /tracking.gif?email=sofya_leonova_20023%40mail.ru&mailing=206 HTTP/1.0" 200 197 "-" "Mozilla/5.0 (X11; Linux x86_64) AppleWebKit/537.36 (KHTML, like Gecko)"
188.93.56.121 - - [10/Dec/2018:00:50:35 +0700] "GET /tracking.gif?email=maks_figu%40mail.ru&mailing=191 HTTP/1.0" 200 197 "-" "Mozilla/5.0 (X11; Linux x86_64) AppleWebKit/537.36 (KHTML, like Gecko)"
188.93.56.125 - - [10/Dec/2018:00:55:15 +0700] "GET /tracking.gif?email=77365%40bk.ru&mailing=193 HTTP/1.0" 200 197 "-" "Mozilla/5.0 (X11; Linux x86_64) AppleWebKit/537.36 (KHTML, like Gecko)"
188.18.250.4 - - [10/Dec/2018:00:57:54 +0700] "GET /tracking.gif?email=Postoyan.alena%40gmail.com&mailing=192 HTTP/1.0" 200 197 "-" "Mozilla/5.0 (iPhone; CPU iPhone OS 12_0_1 like Mac OS X) AppleWebKit/605.1.15 (KHTML, like Gecko) Mobile/16A404"
81.19.78.161 - - [10/Dec/2018:01:03:24 +0700] "GET /tracking.gif?email=tanloz%40rambler.ru&mailing=188 HTTP/1.0" 200 197 "https://mail-pda.rambler.ru/" "RamblerMail/6.0 (incompatible; ImageProxy/6.0)"
188.93.56.121 - - [10/Dec/2018:01:05:07 +0700] "GET /tracking.gif?email=kraev75%40list.ru&mailing=206 HTTP/1.0" 200 197 "-" "Mozilla/5.0 (X11; Linux x86_64) AppleWebKit/537.36 (KHTML, like Gecko)"
188.93.56.123 - - [10/Dec/2018:01:08:11 +0700] "GET /tracking.gif?email=TrofAndr18%40mail.ru&mailing=191 HTTP/1.0" 200 197 "-" "Mozilla/5.0 (X11; Linux x86_64) AppleWebKit/537.36 (KHTML, like Gecko)"
188.93.56.126 - - [10/Dec/2018:01:10:49 +0700] "GET /tracking.gif?email=vidastar1%40mail.ru&mailing=206 HTTP/1.0" 200 197 "-" "Mozilla/5.0 (X11; Linux x86_64) AppleWebKit/537.36 (KHTML, like Gecko)"
81.19.78.161 - - [10/Dec/2018:01:12:47 +0700] "GET /tracking.gif?email=vpmikhalev%40rambler.ru&mailing=206 HTTP/1.0" 200 197 "https://mail.rambler.ru/" "RamblerMail/6.0 (incompatible; ImageProxy/6.0)"
37.9.102.247 - - [10/Dec/2018:01:14:47 +0700] "GET /tracking.gif?email=lobovvs%40mail.ru&mailing=206 HTTP/1.0" 200 197 "-" "Mozilla/5.0 (compatible; YandexImageResizer/2.0; +http://yandex.com/bots)"
95.189.225.161 - - [10/Dec/2018:01:15:07 +0700] "GET /tracking.gif?email=Tselko93%40mail.ru&mailing=206 HTTP/1.0" 200 197 "-" "Mozilla/5.0 (iPhone; CPU iPhone OS 12_1 like Mac OS X) AppleWebKit/605.1.15 (KHTML, like Gecko) Mobile/16B92"
5.255.241.238 - - [10/Dec/2018:01:15:43 +0700] "GET /tracking.gif?email=ya.mikan-san%40yandex.ru&mailing=193 HTTP/1.0" 200 197 "-" "Mozilla/5.0 (compatible; YandexImageResizer/2.0; +http://yandex.com/bots)"
66.102.9.17 - - [10/Dec/2018:01:21:59 +0700] "GET /tracking.gif?email=ryssss86%40gmail.com&mailing=192 HTTP/1.0" 200 197 "-" "Mozilla/5.0 (Windows NT 5.1; rv:11.0) Gecko Firefox/11.0 (via ggpht.com GoogleImageProxy)"
188.93.56.127 - - [10/Dec/2018:01:22:26 +0700] "GET /tracking.gif?email=ulak87%40mail.ru&mailing=191 HTTP/1.0" 200 197 "-" "Mozilla/5.0 (X11; Linux x86_64) AppleWebKit/537.36 (KHTML, like Gecko)"
188.93.56.130 - - [10/Dec/2018:01:24:51 +0700] "GET /tracking.gif?email=Bazarova2008%40bk.ru&mailing=193 HTTP/1.0" 200 197 "-" "Mozilla/5.0 (X11; Linux x86_64) AppleWebKit/537.36 (KHTML, like Gecko)"
188.93.56.124 - - [10/Dec/2018:01:33:50 +0700] "GET /tracking.gif?email=spincast%40mail.ru&mailing=206 HTTP/1.0" 200 197 "-" "Mozilla/5.0 (X11; Linux x86_64) AppleWebKit/537.36 (KHTML, like Gecko)"
5.255.241.231 - - [10/Dec/2018:01:34:37 +0700] "GET /tracking.gif?email=julenkakondrashova%40yandex.ru&mailing=206 HTTP/1.0" 200 197 "-" "Mozilla/5.0 (compatible; YandexImageResizer/2.0; +http://yandex.com/bots)"
90.151.207.128 - - [10/Dec/2018:01:35:18 +0700] "GET /tracking.gif?email=Innaleon1%40yandex.ru&mailing=193 HTTP/1.0" 200 197 "-" "Mozilla/5.0 (iPhone; CPU iPhone OS 12_0_1 like Mac OS X) AppleWebKit/605.1.15 (KHTML, like Gecko) Mobile/16A404"
2.60.34.172 - - [10/Dec/2018:01:37:13 +0700] "GET /tracking.gif?email=Gls149%40mail.ru&mailing=191 HTTP/1.0" 200 197 "-" "Outlook-iOS/698.1277917.prod.iphone (2.106.0)"
188.93.56.122 - - [10/Dec/2018:01:37:56 +0700] "GET /tracking.gif?email=marina_vay%40mail.ru&mailing=206 HTTP/1.0" 200 197 "-" "Mozilla/5.0 (X11; Linux x86_64) AppleWebKit/537.36 (KHTML, like Gecko)"
188.93.56.129 - - [10/Dec/2018:01:38:35 +0700] "GET /tracking.gif?email=measpes%40mail.ru&mailing=206 HTTP/1.0" 200 197 "-" "Mozilla/5.0 (X11; Linux x86_64) AppleWebKit/537.36 (KHTML, like Gecko)"
188.93.56.129 - - [10/Dec/2018:01:39:34 +0700] "GET /tracking.gif?email=nata_33394%40mail.ru&mailing=206 HTTP/1.0" 200 197 "-" "Mozilla/5.0 (X11; Linux x86_64) AppleWebKit/537.36 (KHTML, like Gecko)"
2.60.97.240 - - [10/Dec/2018:01:50:18 +0700] "GET /tracking.gif?email=leks-mc36%40mail.ru&mailing=191 HTTP/1.0" 200 197 "-" "Mozilla/5.0 (iPhone; CPU iPhone OS 11_4_1 like Mac OS X) AppleWebKit/605.1.15 (KHTML, like Gecko) Mobile/15G77"
188.93.56.121 - - [10/Dec/2018:01:51:48 +0700] "GET /tracking.gif?email=lithium_av%40mail.ru&mailing=206 HTTP/1.0" 200 197 "-" "Mozilla/5.0 (X11; Linux x86_64) AppleWebKit/537.36 (KHTML, like Gecko)"
188.93.56.123 - - [10/Dec/2018:01:54:38 +0700] "GET /tracking.gif?email=pgarant55%40mail.ru&mailing=191 HTTP/1.0" 200 197 "-" "Mozilla/5.0 (X11; Linux x86_64) AppleWebKit/537.36 (KHTML, like Gecko)"
188.93.56.128 - - [10/Dec/2018:01:56:27 +0700] "GET /tracking.gif?email=podvorotman%40mail.ru&mailing=206 HTTP/1.0" 200 197 "-" "Mozilla/5.0 (X11; Linux x86_64) AppleWebKit/537.36 (KHTML, like Gecko)"
188.93.56.130 - - [10/Dec/2018:01:56:58 +0700] "GET /tracking.gif?email=Savina_sv%40list.ru&mailing=191 HTTP/1.0" 200 197 "-" "Mozilla/5.0 (X11; Linux x86_64) AppleWebKit/537.36 (KHTML, like Gecko)"
188.93.56.126 - - [10/Dec/2018:01:58:58 +0700] "GET /tracking.gif?email=tropik_84%40mail.ru&mailing=191 HTTP/1.0" 200 197 "-" "Mozilla/5.0 (X11; Linux x86_64) AppleWebKit/537.36 (KHTML, like Gecko)"
188.93.56.127 - - [10/Dec/2018:02:09:26 +0700] "GET /tracking.gif?email=89533909707wikti%40mail.ru&mailing=191 HTTP/1.0" 200 197 "-" "Mozilla/5.0 (X11; Linux x86_64) AppleWebKit/537.36 (KHTML, like Gecko)"
77.88.11.249 - - [10/Dec/2018:02:23:48 +0700] "GET /tracking.gif?email=hakova.iulia%40yandex.ru&mailing=193 HTTP/1.0" 200 197 "-" "Mozilla/5.0 (compatible; YandexImageResizer/2.0; +http://yandex.com/bots)"
188.93.56.127 - - [10/Dec/2018:02:26:36 +0700] "GET /tracking.gif?email=8geor8%40mail.ru&mailing=206 HTTP/1.0" 200 197 "-" "Mozilla/5.0 (X11; Linux x86_64) AppleWebKit/537.36 (KHTML, like Gecko)"
188.93.56.127 - - [10/Dec/2018:02:31:05 +0700] "GET /tracking.gif?email=100top76%40mail.ru&mailing=191 HTTP/1.0" 200 197 "-" "Mozilla/5.0 (X11; Linux x86_64) AppleWebKit/537.36 (KHTML, like Gecko)"
2.60.11.171 - - [10/Dec/2018:02:31:50 +0700] "GET /tracking.gif?email=okalyuk99%40mail.ru&mailing=206 HTTP/1.0" 200 197 "-" "Mozilla/5.0 (Linux; Android 8.1.0; SM-J530FM Build/M1AJQ; wv) AppleWebKit/537.36 (KHTML, like Gecko) Version/4.0 Chrome/69.0.3497.100 Mobile Safari/537.36"
188.93.56.123 - - [10/Dec/2018:02:33:46 +0700] "GET /tracking.gif?email=mea-55%40mail.ru&mailing=206 HTTP/1.0" 200 197 "-" "Mozilla/5.0 (X11; Linux x86_64) AppleWebKit/537.36 (KHTML, like Gecko)"
213.180.215.167 - - [10/Dec/2018:02:37:05 +0700] "GET /tracking.gif?email=andrey.andreev.941%40yandex.ru&mailing=191 HTTP/1.0" 200 197 "-" "Mozilla/5.0 (compatible; YandexImageResizer/2.0; +http://yandex.com/bots)"
188.93.56.125 - - [10/Dec/2018:02:38:18 +0700] "GET /tracking.gif?email=roshupkin7710%40mail.ru&mailing=206 HTTP/1.0" 200 197 "-" "Mozilla/5.0 (X11; Linux x86_64) AppleWebKit/537.36 (KHTML, like Gecko)"
188.93.56.125 - - [10/Dec/2018:02:47:46 +0700] "GET /tracking.gif?email=bair-1972%40mail.ru&mailing=191 HTTP/1.0" 200 197 "-" "Mozilla/5.0 (X11; Linux x86_64) AppleWebKit/537.36 (KHTML, like Gecko)"
188.93.56.122 - - [10/Dec/2018:03:09:29 +0700] "GET /tracking.gif?email=vera_margun%40mail.ru&mailing=191 HTTP/1.0" 200 197 "-" "Mozilla/5.0 (X11; Linux x86_64) AppleWebKit/537.36 (KHTML, like Gecko)"
188.93.56.129 - - [10/Dec/2018:03:10:13 +0700] "GET /tracking.gif?email=matskevih%40mail.ru&mailing=191 HTTP/1.0" 200 197 "-" "Mozilla/5.0 (X11; Linux x86_64) AppleWebKit/537.36 (KHTML, like Gecko)"
188.93.56.121 - - [10/Dec/2018:03:16:03 +0700] "GET /tracking.gif?email=vaniy730571%40mail.ru&mailing=206 HTTP/1.0" 200 197 "-" "Mozilla/5.0 (X11; Linux x86_64) AppleWebKit/537.36 (KHTML, like Gecko)"
46.233.206.102 - - [10/Dec/2018:03:16:23 +0700] "GET /unsubscribe/?email=vaniy730571%40mail.ru&mailing=206 HTTP/1.0" 200 982 "-" "Mozilla/5.0 (Linux; Android 8.0.0; LG-H870S) AppleWebKit/537.36 (KHTML, like Gecko) Chrome/70.0.3538.110 Mobile Safari/537.36"
46.233.206.102 - - [10/Dec/2018:03:16:24 +0700] "GET /img/popcorn.svg HTTP/1.0" 200 1187 "http://mailing.etobilet.ru/css/main.css" "Mozilla/5.0 (Linux; Android 8.0.0; LG-H870S) AppleWebKit/537.36 (KHTML, like Gecko) Chrome/70.0.3538.110 Mobile Safari/537.36"
46.233.206.102 - - [10/Dec/2018:03:16:25 +0700] "GET /unsubscribe/?email=vaniy730571%40mail.ru&mailing=206&confirmed=1 HTTP/1.0" 200 747 "http://mailing.etobilet.ru/unsubscribe/?email=vaniy730571%40mail.ru&mailing=206" "Mozilla/5.0 (Linux; Android 8.0.0; LG-H870S) AppleWebKit/537.36 (KHTML, like Gecko) Chrome/70.0.3538.110 Mobile Safari/537.36"
2.60.232.31 - - [10/Dec/2018:03:18:34 +0700] "GET /tracking.gif?email=Slav85%40mail.ru&mailing=206 HTTP/1.0" 200 197 "-" "Mozilla/5.0 (iPhone; CPU iPhone OS 12_1_1 like Mac OS X) AppleWebKit/605.1.15 (KHTML, like Gecko) Mobile/16C50"
188.93.56.124 - - [10/Dec/2018:03:40:30 +0700] "GET /tracking.gif?email=princesska_88%40list.ru&mailing=192 HTTP/1.0" 200 197 "-" "Mozilla/5.0 (X11; Linux x86_64) AppleWebKit/537.36 (KHTML, like Gecko)"
213.87.123.236 - - [10/Dec/2018:03:55:03 +0700] "GET /tracking.gif?email=vera.stepanova.1996%40gmail.com&mailing=191 HTTP/1.0" 200 197 "-" "Mozilla/5.0 (iPhone; CPU iPhone OS 12_1_1 like Mac OS X) AppleWebKit/605.1.15 (KHTML, like Gecko) Mobile/16C50"
188.93.56.125 - - [10/Dec/2018:03:55:37 +0700] "GET /tracking.gif?email=natali.7248%40mail.ru&mailing=191 HTTP/1.0" 200 197 "-" "Mozilla/5.0 (X11; Linux x86_64) AppleWebKit/537.36 (KHTML, like Gecko)"
188.93.56.130 - - [10/Dec/2018:03:56:24 +0700] "GET /tracking.gif?email=tanya_14.63%40mail.ru&mailing=206 HTTP/1.0" 200 197 "-" "Mozilla/5.0 (X11; Linux x86_64) AppleWebKit/537.36 (KHTML, like Gecko)"
188.93.56.129 - - [10/Dec/2018:04:03:47 +0700] "GET /tracking.gif?email=mini-bfg%40mail.ru&mailing=191 HTTP/1.0" 200 197 "-" "Mozilla/5.0 (X11; Linux x86_64) AppleWebKit/537.36 (KHTML, like Gecko)"
188.93.56.128 - - [10/Dec/2018:04:58:35 +0700] "GET /tracking.gif?email=vfvf77711%40mail.ru&mailing=191 HTTP/1.0" 200 197 "-" "Mozilla/5.0 (X11; Linux x86_64) AppleWebKit/537.36 (KHTML, like Gecko)"
188.93.56.127 - - [10/Dec/2018:06:46:49 +0700] "GET /tracking.gif?email=natserva%40mail.ru&mailing=206 HTTP/1.0" 200 197 "-" "Mozilla/5.0 (X11; Linux x86_64) AppleWebKit/537.36 (KHTML, like Gecko)"
188.93.56.126 - - [10/Dec/2018:06:56:44 +0700] "GET /tracking.gif?email=w.rust%40mail.ru&mailing=206 HTTP/1.0" 200 197 "-" "Mozilla/5.0 (X11; Linux x86_64) AppleWebKit/537.36 (KHTML, like Gecko)"
188.93.56.121 - - [10/Dec/2018:07:03:03 +0700] "GET /tracking.gif?email=tigrara.82%40mail.ru&mailing=206 HTTP/1.0" 200 197 "-" "Mozilla/5.0 (X11; Linux x86_64) AppleWebKit/537.36 (KHTML, like Gecko)"
94.137.30.251 - - [10/Dec/2018:07:10:19 +0700] "GET /tracking.gif?email=Hope1omsk%40mail.ru&mailing=206 HTTP/1.0" 200 197 "-" "Mozilla/5.0 (iPhone; CPU iPhone OS 12_1 like Mac OS X) AppleWebKit/605.1.15 (KHTML, like Gecko) Mobile/16B92"
188.93.56.123 - - [10/Dec/2018:07:12:40 +0700] "GET /tracking.gif?email=Betehtinaelena814%40yandex.ru&mailing=170 HTTP/1.0" 200 197 "-" "Mozilla/5.0 (X11; Linux x86_64) AppleWebKit/537.36 (KHTML, like Gecko)"
188.93.56.123 - - [10/Dec/2018:07:12:53 +0700] "GET /tracking.gif?email=Betehtinaelena814%40yandex.ru&mailing=132 HTTP/1.0" 200 197 "-" "Mozilla/5.0 (X11; Linux x86_64) AppleWebKit/537.36 (KHTML, like Gecko)"
188.93.56.124 - - [10/Dec/2018:07:27:47 +0700] "GET /tracking.gif?email=de.vi.ko%40mail.ru&mailing=191 HTTP/1.0" 200 197 "-" "Mozilla/5.0 (X11; Linux x86_64) AppleWebKit/537.36 (KHTML, like Gecko)"
188.93.56.123 - - [10/Dec/2018:08:01:56 +0700] "GET /tracking.gif?email=mk_wdd%40mail.ru&mailing=206 HTTP/1.0" 200 197 "-" "Mozilla/5.0 (X11; Linux x86_64) AppleWebKit/537.36 (KHTML, like Gecko)"
188.93.56.129 - - [10/Dec/2018:08:05:29 +0700] "GET /tracking.gif?email=berestov.denis%40mail.ru&mailing=191 HTTP/1.0" 200 197 "-" "Mozilla/5.0 (X11; Linux x86_64) AppleWebKit/537.36 (KHTML, like Gecko)"
188.93.56.121 - - [10/Dec/2018:08:13:37 +0700] "GET /tracking.gif?email=mr.mishanja78%40mail.ru&mailing=206 HTTP/1.0" 200 197 "-" "Mozilla/5.0 (X11; Linux x86_64) AppleWebKit/537.36 (KHTML, like Gecko)"
66.102.9.14 - - [10/Dec/2018:08:15:13 +0700] "GET /tracking.gif?email=shomabox%40gmail.com&mailing=206 HTTP/1.0" 200 197 "-" "Mozilla/5.0 (Windows NT 5.1; rv:11.0) Gecko Firefox/11.0 (via ggpht.com GoogleImageProxy)"
188.93.56.130 - - [10/Dec/2018:08:24:41 +0700] "GET /tracking.gif?email=oksana5581%40mail.ru&mailing=206 HTTP/1.0" 200 197 "-" "Mozilla/5.0 (X11; Linux x86_64) AppleWebKit/537.36 (KHTML, like Gecko)"
5.255.241.231 - - [10/Dec/2018:08:27:08 +0700] "GET /tracking.gif?email=zholudev1990%40ya.ru&mailing=206 HTTP/1.0" 200 197 "-" "Mozilla/5.0 (compatible; YandexImageResizer/2.0; +http://yandex.com/bots)"
94.137.30.238 - - [10/Dec/2018:08:35:53 +0700] "GET /tracking.gif?email=Hope1omsk%40mail.ru&mailing=206 HTTP/1.0" 200 197 "-" "Mozilla/5.0 (iPhone; CPU iPhone OS 12_1 like Mac OS X) AppleWebKit/605.1.15 (KHTML, like Gecko) Mobile/16B92"
188.93.56.123 - - [10/Dec/2018:08:38:03 +0700] "GET /tracking.gif?email=Mashystris%40list.ru&mailing=192 HTTP/1.0" 200 197 "-" "Mozilla/5.0 (X11; Linux x86_64) AppleWebKit/537.36 (KHTML, like Gecko)"
188.93.56.127 - - [10/Dec/2018:08:40:03 +0700] "GET /tracking.gif?email=olesya_yakovleva2016%40mail.ru&mailing=170 HTTP/1.0" 200 197 "-" "Mozilla/5.0 (X11; Linux x86_64) AppleWebKit/537.36 (KHTML, like Gecko)"
188.93.56.121 - - [10/Dec/2018:08:44:42 +0700] "GET /tracking.gif?email=zykov_d%40mail.ru&mailing=206 HTTP/1.0" 200 197 "-" "Mozilla/5.0 (X11; Linux x86_64) AppleWebKit/537.36 (KHTML, like Gecko)"
94.137.11.220 - - [10/Dec/2018:08:49:21 +0700] "GET /tracking.gif?email=evg_22%40icloud.com&mailing=206 HTTP/1.0" 200 197 "-" "Mozilla/5.0 (iPhone; CPU iPhone OS 12_1_1 like Mac OS X) AppleWebKit/605.1.15 (KHTML, like Gecko) Mobile/16C50"
94.137.11.220 - - [10/Dec/2018:08:51:20 +0700] "GET /tracking.gif?email=evg_22%40icloud.com&mailing=104 HTTP/1.0" 200 197 "-" "Mozilla/5.0 (iPhone; CPU iPhone OS 12_1_1 like Mac OS X) AppleWebKit/605.1.15 (KHTML, like Gecko) Mobile/16C50"
213.87.127.219 - - [10/Dec/2018:08:58:17 +0700] "GET /tracking.gif?email=natalya_patrina%40mail.ru&mailing=206 HTTP/1.0" 200 197 "-" "Mozilla/5.0 (iPhone; CPU iPhone OS 12_1 like Mac OS X) AppleWebKit/605.1.15 (KHTML, like Gecko) Mobile/16B92"
188.93.56.125 - - [10/Dec/2018:08:59:34 +0700] "GET /tracking.gif?email=vera.medvedeva.1980%40mail.ru&mailing=191 HTTP/1.0" 200 197 "-" "Mozilla/5.0 (X11; Linux x86_64) AppleWebKit/537.36 (KHTML, like Gecko)"
188.93.56.126 - - [10/Dec/2018:08:59:46 +0700] "GET /tracking.gif?email=mk_78%40inbox.ru&mailing=206 HTTP/1.0" 200 197 "-" "Mozilla/5.0 (X11; Linux x86_64) AppleWebKit/537.36 (KHTML, like Gecko)"
188.93.56.124 - - [10/Dec/2018:09:01:42 +0700] "GET /tracking.gif?email=tashmuratov.1982%40mail.ru&mailing=206 HTTP/1.0" 200 197 "-" "Mozilla/5.0 (X11; Linux x86_64) AppleWebKit/537.36 (KHTML, like Gecko)"
5.255.241.239 - - [10/Dec/2018:09:04:23 +0700] "GET /tracking.gif?email=ol.kuclina%40yandex.ru&mailing=206 HTTP/1.0" 200 197 "-" "Mozilla/5.0 (compatible; YandexImageResizer/2.0; +http://yandex.com/bots)"
212.176.213.124 - - [10/Dec/2018:09:07:40 +0700] "GET /tracking.gif?email=anastasia.panchenko%40lenta.com&mailing=206 HTTP/1.0" 200 197 "-" "Mozilla/4.0 (compatible; MSIE 7.0; Windows NT 10.0; WOW64; Trident/7.0; .NET4.0C; .NET4.0E; InfoPath.3; .NET CLR 2.0.50727; .NET CLR 3.0.30729; .NET CLR 3.5.30729; Microsoft Outlook 16.0.4756; ms-office; MSOffice 16)"
212.176.213.124 - - [10/Dec/2018:09:07:40 +0700] "GET /tracking.gif?email=anastasia.panchenko%40lenta.com&mailing=206 HTTP/1.0" 200 197 "-" "Mozilla/4.0 (compatible; MSIE 7.0; Windows NT 10.0; WOW64; Trident/7.0; .NET4.0C; .NET4.0E; InfoPath.3; .NET CLR 2.0.50727; .NET CLR 3.0.30729; .NET CLR 3.5.30729; Microsoft Outlook 16.0.4756; ms-office; MSOffice 16)"
188.93.56.128 - - [10/Dec/2018:09:08:29 +0700] "GET /tracking.gif?email=vancharskaya77%40mail.ru&mailing=206 HTTP/1.0" 200 197 "-" "Mozilla/5.0 (X11; Linux x86_64) AppleWebKit/537.36 (KHTML, like Gecko)"
188.93.56.129 - - [10/Dec/2018:09:11:00 +0700] "GET /tracking.gif?email=vadim-matts%40mail.ru&mailing=191 HTTP/1.0" 200 197 "-" "Mozilla/5.0 (X11; Linux x86_64) AppleWebKit/537.36 (KHTML, like Gecko)"
82.200.36.146 - - [10/Dec/2018:09:12:17 +0700] "GET /tracking.gif?email=veter_daa%40rambler.ru&mailing=191 HTTP/1.0" 200 197 "-" "Mozilla/5.0 (Windows NT 6.1; rv:52.0) Gecko/20100101 Thunderbird/52.9.1"
188.93.56.123 - - [10/Dec/2018:09:20:32 +0700] "GET /tracking.gif?email=London_daleko%40mail.ru&mailing=206 HTTP/1.0" 200 197 "-" "Mozilla/5.0 (X11; Linux x86_64) AppleWebKit/537.36 (KHTML, like Gecko)"
188.93.56.126 - - [10/Dec/2018:09:21:02 +0700] "GET /tracking.gif?email=s_a_n_5%40mail.ru&mailing=206 HTTP/1.0" 200 197 "-" "Mozilla/5.0 (X11; Linux x86_64) AppleWebKit/537.36 (KHTML, like Gecko)"
213.87.224.155 - - [10/Dec/2018:09:21:20 +0700] "GET /tracking.gif?email=kolesova12212428%40icloud.com&mailing=206 HTTP/1.0" 200 197 "-" "Mozilla/5.0 (iPhone; CPU iPhone OS 12_1 like Mac OS X) AppleWebKit/605.1.15 (KHTML, like Gecko) Mobile/16B92"
188.232.120.3 - - [10/Dec/2018:09:21:28 +0700] "GET /tracking.gif?email=bachalova.laila%40yandex.ru&mailing=191 HTTP/1.0" 200 197 "-" "Mozilla/5.0 (Linux; Android 6.0; LG-K350 Build/MRA58K; wv) AppleWebKit/537.36 (KHTML, like Gecko) Version/4.0 Chrome/71.0.3578.83 Mobile Safari/537.36"
213.87.122.255 - - [10/Dec/2018:09:23:01 +0700] "GET /tracking.gif?email=ne_god.en%40icloud.com&mailing=170 HTTP/1.0" 200 197 "-" "Mozilla/5.0 (iPhone; CPU iPhone OS 12_1 like Mac OS X) AppleWebKit/605.1.15 (KHTML, like Gecko) Mobile/16B92"
188.93.56.130 - - [10/Dec/2018:09:23:01 +0700] "GET /tracking.gif?email=petrov_mv%40mail.ru&mailing=191 HTTP/1.0" 200 197 "-" "Mozilla/5.0 (X11; Linux x86_64) AppleWebKit/537.36 (KHTML, like Gecko)"
5.255.241.234 - - [10/Dec/2018:09:28:51 +0700] "GET /tracking.gif?email=lady.nata5637%40yandex.ru&mailing=193 HTTP/1.0" 200 197 "-" "Mozilla/5.0 (compatible; YandexImageResizer/2.0; +http://yandex.com/bots)"
188.93.56.123 - - [10/Dec/2018:09:29:29 +0700] "GET /tracking.gif?email=dragoh%40inbox.ru&mailing=206 HTTP/1.0" 200 197 "-" "Mozilla/5.0 (X11; Linux x86_64) AppleWebKit/537.36 (KHTML, like Gecko)"
188.93.56.125 - - [10/Dec/2018:09:29:34 +0700] "GET /tracking.gif?email=omskgbubaimova%40bk.ru&mailing=206 HTTP/1.0" 200 197 "-" "Mozilla/5.0 (X11; Linux x86_64) AppleWebKit/537.36 (KHTML, like Gecko)"
188.93.56.123 - - [10/Dec/2018:09:31:27 +0700] "GET /tracking.gif?email=gamershmidt.miha97%40mail.ru&mailing=206 HTTP/1.0" 200 197 "-" "Mozilla/5.0 (X11; Linux x86_64) AppleWebKit/537.36 (KHTML, like Gecko)"
188.93.56.127 - - [10/Dec/2018:09:31:52 +0700] "GET /tracking.gif?email=leon.w84%40mail.ru&mailing=191 HTTP/1.0" 200 197 "-" "Mozilla/5.0 (X11; Linux x86_64) AppleWebKit/537.36 (KHTML, like Gecko)"
93.158.130.178 - - [10/Dec/2018:09:35:23 +0700] "GET /tracking.gif?email=alex19880112%40yandex.ru&mailing=206 HTTP/1.0" 200 197 "-" "Mozilla/5.0 (compatible; YandexImageResizer/2.0; +http://yandex.com/bots)"
188.93.56.130 - - [10/Dec/2018:09:36:36 +0700] "GET /tracking.gif?email=yogurt_yogurt%40mail.ru&mailing=191 HTTP/1.0" 200 197 "-" "Mozilla/5.0 (X11; Linux x86_64) AppleWebKit/537.36 (KHTML, like Gecko)"
188.93.56.126 - - [10/Dec/2018:09:38:39 +0700] "GET /tracking.gif?email=nana_rey%40mail.ru&mailing=206 HTTP/1.0" 200 197 "-" "Mozilla/5.0 (X11; Linux x86_64) AppleWebKit/537.36 (KHTML, like Gecko)"
188.93.56.126 - - [10/Dec/2018:09:39:37 +0700] "GET /tracking.gif?email=valeria2594%40mail.ru&mailing=206 HTTP/1.0" 200 197 "-" "Mozilla/5.0 (X11; Linux x86_64) AppleWebKit/537.36 (KHTML, like Gecko)"
188.93.56.122 - - [10/Dec/2018:09:39:40 +0700] "GET /tracking.gif?email=nata-smeta%40mail.ru&mailing=191 HTTP/1.0" 200 197 "-" "Mozilla/5.0 (X11; Linux x86_64) AppleWebKit/537.36 (KHTML, like Gecko)"
176.59.137.125 - - [10/Dec/2018:09:42:03 +0700] "GET /tracking.gif?email=irishka_88%40mail.ru&mailing=206 HTTP/1.0" 200 197 "-" "Mozilla/5.0 (Linux; Android 8.1.0; COL-L29 Build/HUAWEICOL-L29; wv) AppleWebKit/537.36 (KHTML, like Gecko) Version/4.0 Chrome/70.0.3538.80 Mobile Safari/537.36"
188.93.56.124 - - [10/Dec/2018:09:45:23 +0700] "GET /tracking.gif?email=SHALUPA.VIKTORIA%40MAIL.RU&mailing=206 HTTP/1.0" 200 197 "-" "Mozilla/5.0 (X11; Linux x86_64) AppleWebKit/537.36 (KHTML, like Gecko)"
31.173.243.24 - - [10/Dec/2018:09:49:41 +0700] "GET /tracking.gif?email=vazalex%40mail.ru&mailing=191 HTTP/1.0" 200 197 "-" "Mozilla/5.0 (Linux; Android 5.1.1; SM-T285 Build/LMY47V; wv) AppleWebKit/537.36 (KHTML, like Gecko) Version/4.0 Chrome/55.0.2883.91 Safari/537.36"
81.19.78.161 - - [10/Dec/2018:09:50:10 +0700] "GET /tracking.gif?email=albukov_a%40rambler.ru&mailing=191 HTTP/1.0" 200 197 "https://mail.rambler.ru/?utm_source=head&utm_campaign=self_promo&utm_medium=widget&utm_content=mail&utm_term=inbox" "RamblerMail/6.0 (incompatible; ImageProxy/6.0)"
188.93.56.126 - - [10/Dec/2018:09:52:12 +0700] "GET /tracking.gif?email=Lakeeva-95%40mail.ru&mailing=191 HTTP/1.0" 200 197 "-" "Mozilla/5.0 (X11; Linux x86_64) AppleWebKit/537.36 (KHTML, like Gecko)"
92.255.181.219 - - [10/Dec/2018:09:52:40 +0700] "GET /tracking.gif?email=migan55%40mail.ru&mailing=206 HTTP/1.0" 200 197 "-" "Mozilla/5.0 (Macintosh; Intel Mac OS X 10_14_2) AppleWebKit/605.1.15 (KHTML, like Gecko)"
188.93.56.127 - - [10/Dec/2018:09:53:11 +0700] "GET /tracking.gif?email=010778lena%40mail.ru&mailing=206 HTTP/1.0" 200 197 "-" "Mozilla/5.0 (X11; Linux x86_64) AppleWebKit/537.36 (KHTML, like Gecko)"
188.93.56.122 - - [10/Dec/2018:09:53:33 +0700] "GET /tracking.gif?email=pt-55%40mail.ru&mailing=206 HTTP/1.0" 200 197 "-" "Mozilla/5.0 (X11; Linux x86_64) AppleWebKit/537.36 (KHTML, like Gecko)"
188.93.56.122 - - [10/Dec/2018:09:54:37 +0700] "GET /tracking.gif?email=ashelehin%40mail.ru&mailing=191 HTTP/1.0" 200 197 "-" "Mozilla/5.0 (X11; Linux x86_64) AppleWebKit/537.36 (KHTML, like Gecko)"
