93.158.130.172 - - [29/Jan/2019:16:00:04 +0700] "GET /tracking.gif?email=ras%40nikolas.ru&mailing=377 HTTP/1.0" 200 197 "-" "Mozilla/5.0 (compatible; YandexImageResizer/2.0; +http://yandex.com/bots)"
37.9.65.84 - - [29/Jan/2019:16:00:19 +0700] "GET /tracking.gif?email=ras%40nikolas.ru&mailing=346 HTTP/1.0" 200 197 "-" "Mozilla/5.0 (compatible; YandexImageResizer/2.0; +http://yandex.com/bots)"
93.158.130.181 - - [29/Jan/2019:16:00:52 +0700] "GET /tracking.gif?email=firdavs-160%40yandex.ru&mailing=375 HTTP/1.0" 200 197 "-" "Mozilla/5.0 (compatible; YandexImageResizer/2.0; +http://yandex.com/bots)"
62.68.141.57 - - [29/Jan/2019:16:01:00 +0700] "GET /browse/?email=ras%40nikolas.ru&mailing=346 HTTP/1.0" 200 73881 "-" "Mozilla/5.0 (Macintosh; Intel Mac OS X 10_14_3) AppleWebKit/537.36 (KHTML, like Gecko) Chrome/71.0.3578.98 Safari/537.36"
62.68.141.57 - - [29/Jan/2019:16:01:01 +0700] "GET /tracking.gif?email=ras%40nikolas.ru&mailing=346 HTTP/1.0" 200 197 "http://mailing.etobilet.ru/browse/?email=ras%40nikolas.ru&mailing=346" "Mozilla/5.0 (Macintosh; Intel Mac OS X 10_14_3) AppleWebKit/537.36 (KHTML, like Gecko) Chrome/71.0.3578.98 Safari/537.36"
5.255.241.238 - - [29/Jan/2019:16:01:03 +0700] "GET /tracking.gif?email=firdavs-160%40yandex.ru&mailing=330 HTTP/1.0" 200 197 "-" "Mozilla/5.0 (compatible; YandexImageResizer/2.0; +http://yandex.com/bots)"
188.93.56.129 - - [29/Jan/2019:16:01:41 +0700] "GET /tracking.gif?email=bogachev.evgeniy.2014%40mail.ru&mailing=384 HTTP/1.0" 200 197 "-" "Mozilla/5.0 (X11; Linux x86_64) AppleWebKit/537.36 (KHTML, like Gecko)"
188.93.56.129 - - [29/Jan/2019:16:01:46 +0700] "GET /tracking.gif?email=bogachev.evgeniy.2014%40mail.ru&mailing=384 HTTP/1.0" 200 197 "-" "Mozilla/5.0 (X11; Linux x86_64) AppleWebKit/537.36 (KHTML, like Gecko)"
62.68.141.57 - - [29/Jan/2019:16:02:07 +0700] "GET /tracking.gif?email=[%VAR%20RCPT.EMAIL%20ESCAPE=URL%]&mailing=[%VAR%20MAILING.ID%] HTTP/1.0" 200 197 "-" "Mozilla/5.0 (Macintosh; Intel Mac OS X 10_14_3) AppleWebKit/537.36 (KHTML, like Gecko) Chrome/71.0.3578.98 Safari/537.36"
188.93.56.129 - - [29/Jan/2019:16:03:01 +0700] "GET /tracking.gif?email=shmagz%40mail.ru&mailing=375 HTTP/1.0" 200 197 "-" "Mozilla/5.0 (X11; Linux x86_64) AppleWebKit/537.36 (KHTML, like Gecko)"
62.68.141.57 - - [29/Jan/2019:16:03:05 +0700] "GET /tracking.gif?email=[%VAR%20RCPT.EMAIL%20ESCAPE=URL%]&mailing=[%VAR%20MAILING.ID%] HTTP/1.0" 200 197 "-" "Mozilla/5.0 (Macintosh; Intel Mac OS X 10_14_3) AppleWebKit/537.36 (KHTML, like Gecko) Chrome/71.0.3578.98 Safari/537.36"
62.68.141.57 - - [29/Jan/2019:16:03:07 +0700] "GET /tracking.gif?email=[%VAR%20RCPT.EMAIL%20ESCAPE=URL%]&mailing=[%VAR%20MAILING.ID%] HTTP/1.0" 200 197 "-" "Mozilla/5.0 (Macintosh; Intel Mac OS X 10_14_3) AppleWebKit/537.36 (KHTML, like Gecko) Chrome/71.0.3578.98 Safari/537.36"
66.102.9.20 - - [29/Jan/2019:16:03:43 +0700] "GET /tracking.gif?email=kovalevairina88%40gmail.com&mailing=384 HTTP/1.0" 200 197 "-" "Mozilla/5.0 (Windows NT 5.1; rv:11.0) Gecko Firefox/11.0 (via ggpht.com GoogleImageProxy)"
188.93.56.124 - - [29/Jan/2019:16:06:35 +0700] "GET /tracking.gif?email=Vbekshenekov%40bk.ru&mailing=384 HTTP/1.0" 200 197 "-" "Mozilla/5.0 (X11; Linux x86_64) AppleWebKit/537.36 (KHTML, like Gecko)"
213.87.123.124 - - [29/Jan/2019:16:09:26 +0700] "GET /tracking.gif?email=jonathandavis2007%40yandex.ru&mailing=375 HTTP/1.0" 200 197 "-" "Mozilla/5.0 (iPhone; CPU iPhone OS 12_1_2 like Mac OS X) AppleWebKit/605.1.15 (KHTML, like Gecko) Mobile/16C101"
188.93.56.122 - - [29/Jan/2019:16:09:36 +0700] "GET /tracking.gif?email=palkina.natali1982%40yandex.ru&mailing=370 HTTP/1.0" 200 197 "-" "Mozilla/5.0 (X11; Linux x86_64) AppleWebKit/537.36 (KHTML, like Gecko)"
62.68.141.57 - - [29/Jan/2019:16:10:13 +0700] "GET /tracking.gif?email=[%VAR%20RCPT.EMAIL%20ESCAPE=URL%]&mailing=[%VAR%20MAILING.ID%] HTTP/1.0" 200 197 "-" "Mozilla/5.0 (Macintosh; Intel Mac OS X 10_14_3) AppleWebKit/537.36 (KHTML, like Gecko) Chrome/71.0.3578.98 Safari/537.36"
62.68.141.57 - - [29/Jan/2019:16:10:14 +0700] "GET /tracking.gif?email=[%VAR%20RCPT.EMAIL%20ESCAPE=URL%]&mailing=[%VAR%20MAILING.ID%] HTTP/1.0" 200 197 "-" "Mozilla/5.0 (Macintosh; Intel Mac OS X 10_14_3) AppleWebKit/537.36 (KHTML, like Gecko) Chrome/71.0.3578.98 Safari/537.36"
62.68.141.42 - - [29/Jan/2019:16:12:13 +0700] "GET /tracking.gif?email=vka%40nikolas.ru&mailing=327 HTTP/1.0" 200 197 "-" "Mozilla/4.0 (compatible; MSIE 7.0; Windows NT 10.0; Win64; x64; Trident/7.0; .NET4.0C; .NET4.0E; Microsoft Outlook 16.0.4573; ms-office; MSOffice 16)"
62.68.141.57 - - [29/Jan/2019:16:12:59 +0700] "GET /tracking.gif?email=[%VAR%20RCPT.EMAIL%20ESCAPE=URL%]&mailing=[%VAR%20MAILING.ID%] HTTP/1.0" 200 197 "-" "Mozilla/5.0 (Macintosh; Intel Mac OS X 10_14_3) AppleWebKit/537.36 (KHTML, like Gecko) Chrome/71.0.3578.98 Safari/537.36"
62.68.141.57 - - [29/Jan/2019:16:13:00 +0700] "GET /tracking.gif?email=[%VAR%20RCPT.EMAIL%20ESCAPE=URL%]&mailing=[%VAR%20MAILING.ID%] HTTP/1.0" 200 197 "-" "Mozilla/5.0 (Macintosh; Intel Mac OS X 10_14_3) AppleWebKit/537.36 (KHTML, like Gecko) Chrome/71.0.3578.98 Safari/537.36"
62.68.141.57 - - [29/Jan/2019:16:13:01 +0700] "GET /tracking.gif?email=[%VAR%20RCPT.EMAIL%20ESCAPE=URL%]&mailing=[%VAR%20MAILING.ID%] HTTP/1.0" 200 197 "-" "Mozilla/5.0 (Macintosh; Intel Mac OS X 10_14_3) AppleWebKit/537.36 (KHTML, like Gecko) Chrome/71.0.3578.98 Safari/537.36"
217.118.79.40 - - [29/Jan/2019:16:13:48 +0700] "GET /tracking.gif?email=89659798585%40yandex.ru&mailing=375 HTTP/1.0" 200 197 "-" "Mozilla/5.0 (iPhone; CPU iPhone OS 12_0_1 like Mac OS X) AppleWebKit/605.1.15 (KHTML, like Gecko) Mobile/16A404"
62.68.141.57 - - [29/Jan/2019:16:14:41 +0700] "GET /tracking.gif?email=[%VAR%20RCPT.EMAIL%20ESCAPE=URL%]&mailing=[%VAR%20MAILING.ID%] HTTP/1.0" 200 197 "-" "Mozilla/5.0 (Macintosh; Intel Mac OS X 10_14_3) AppleWebKit/537.36 (KHTML, like Gecko) Chrome/71.0.3578.98 Safari/537.36"
62.68.141.57 - - [29/Jan/2019:16:15:24 +0700] "GET /tracking.gif?email=[%VAR%20RCPT.EMAIL%20ESCAPE=URL%]&mailing=[%VAR%20MAILING.ID%] HTTP/1.0" 200 197 "-" "Mozilla/5.0 (Macintosh; Intel Mac OS X 10_14_3) AppleWebKit/537.36 (KHTML, like Gecko) Chrome/71.0.3578.98 Safari/537.36"
62.68.141.57 - - [29/Jan/2019:16:16:34 +0700] "GET /tracking.gif?email=[%VAR%20RCPT.EMAIL%20ESCAPE=URL%]&mailing=[%VAR%20MAILING.ID%] HTTP/1.0" 200 197 "-" "Mozilla/5.0 (Macintosh; Intel Mac OS X 10_14_3) AppleWebKit/537.36 (KHTML, like Gecko) Chrome/71.0.3578.98 Safari/537.36"
217.118.79.40 - - [29/Jan/2019:16:16:41 +0700] "GET /tracking.gif?email=89659798585%40yandex.ru&mailing=330 HTTP/1.0" 200 197 "-" "Mozilla/5.0 (iPhone; CPU iPhone OS 12_0_1 like Mac OS X) AppleWebKit/605.1.15 (KHTML, like Gecko) Mobile/16A404"
62.68.141.57 - - [29/Jan/2019:16:18:29 +0700] "GET /tracking.gif?email=[%VAR%20RCPT.EMAIL%20ESCAPE=URL%]&mailing=[%VAR%20MAILING.ID%] HTTP/1.0" 200 197 "-" "Mozilla/5.0 (Macintosh; Intel Mac OS X 10_14_3) AppleWebKit/537.36 (KHTML, like Gecko) Chrome/71.0.3578.98 Safari/537.36"
62.68.141.57 - - [29/Jan/2019:16:20:04 +0700] "GET /tracking.gif?email=[%VAR%20RCPT.EMAIL%20ESCAPE=URL%]&mailing=[%VAR%20MAILING.ID%] HTTP/1.0" 200 197 "-" "Mozilla/5.0 (Macintosh; Intel Mac OS X 10_14_3) AppleWebKit/537.36 (KHTML, like Gecko) Chrome/71.0.3578.98 Safari/537.36"
62.68.141.57 - - [29/Jan/2019:16:20:23 +0700] "GET /tracking.gif?email=[%VAR%20RCPT.EMAIL%20ESCAPE=URL%]&mailing=[%VAR%20MAILING.ID%] HTTP/1.0" 200 197 "-" "Mozilla/5.0 (Macintosh; Intel Mac OS X 10_14_3) AppleWebKit/537.36 (KHTML, like Gecko) Chrome/71.0.3578.98 Safari/537.36"
62.68.141.57 - - [29/Jan/2019:16:20:53 +0700] "GET /tracking.gif?email=[%VAR%20RCPT.EMAIL%20ESCAPE=URL%]&mailing=[%VAR%20MAILING.ID%] HTTP/1.0" 200 197 "-" "Mozilla/5.0 (Macintosh; Intel Mac OS X 10_14_3) AppleWebKit/537.36 (KHTML, like Gecko) Chrome/71.0.3578.98 Safari/537.36"
62.68.141.57 - - [29/Jan/2019:16:21:57 +0700] "GET /tracking.gif?email=[%VAR%20RCPT.EMAIL%20ESCAPE=URL%]&mailing=[%VAR%20MAILING.ID%] HTTP/1.0" 200 197 "-" "Mozilla/5.0 (Macintosh; Intel Mac OS X 10_14_3) AppleWebKit/537.36 (KHTML, like Gecko) Chrome/71.0.3578.98 Safari/537.36"
62.68.141.57 - - [29/Jan/2019:16:21:58 +0700] "GET /tracking.gif?email=[%VAR%20RCPT.EMAIL%20ESCAPE=URL%]&mailing=[%VAR%20MAILING.ID%] HTTP/1.0" 200 197 "-" "Mozilla/5.0 (Macintosh; Intel Mac OS X 10_14_3) AppleWebKit/537.36 (KHTML, like Gecko) Chrome/71.0.3578.98 Safari/537.36"
62.68.141.57 - - [29/Jan/2019:16:22:44 +0700] "GET /tracking.gif?email=[%VAR%20RCPT.EMAIL%20ESCAPE=URL%]&mailing=[%VAR%20MAILING.ID%] HTTP/1.0" 200 197 "-" "Mozilla/5.0 (Macintosh; Intel Mac OS X 10_14_3) AppleWebKit/537.36 (KHTML, like Gecko) Chrome/71.0.3578.98 Safari/537.36"
62.68.141.42 - - [29/Jan/2019:16:22:50 +0700] "GET /tracking.gif?email=vka%40nikolas.ru&mailing=399 HTTP/1.0" 200 197 "-" "Mozilla/4.0 (compatible; MSIE 7.0; Windows NT 10.0; Win64; x64; Trident/7.0; .NET4.0C; .NET4.0E; Microsoft Outlook 16.0.4573; ms-office; MSOffice 16)"
62.68.141.57 - - [29/Jan/2019:16:22:52 +0700] "GET /tracking.gif?email=[%VAR%20RCPT.EMAIL%20ESCAPE=URL%]&mailing=[%VAR%20MAILING.ID%] HTTP/1.0" 200 197 "-" "Mozilla/5.0 (Macintosh; Intel Mac OS X 10_14_3) AppleWebKit/537.36 (KHTML, like Gecko) Chrome/71.0.3578.98 Safari/537.36"
62.68.141.42 - - [29/Jan/2019:16:22:54 +0700] "GET /tracking.gif?email=vka%40nikolas.ru&mailing=397 HTTP/1.0" 200 197 "-" "Mozilla/4.0 (compatible; MSIE 7.0; Windows NT 10.0; Win64; x64; Trident/7.0; .NET4.0C; .NET4.0E; Microsoft Outlook 16.0.4573; ms-office; MSOffice 16)"
62.68.141.57 - - [29/Jan/2019:16:23:22 +0700] "GET /tracking.gif?email=[%VAR%20RCPT.EMAIL%20ESCAPE=URL%]&mailing=[%VAR%20MAILING.ID%] HTTP/1.0" 200 197 "-" "Mozilla/5.0 (Macintosh; Intel Mac OS X 10_14_3) AppleWebKit/537.36 (KHTML, like Gecko) Chrome/71.0.3578.98 Safari/537.36"
62.68.141.57 - - [29/Jan/2019:16:23:23 +0700] "GET /tracking.gif?email=[%VAR%20RCPT.EMAIL%20ESCAPE=URL%]&mailing=[%VAR%20MAILING.ID%] HTTP/1.0" 200 197 "-" "Mozilla/5.0 (Macintosh; Intel Mac OS X 10_14_3) AppleWebKit/537.36 (KHTML, like Gecko) Chrome/71.0.3578.98 Safari/537.36"
62.68.141.42 - - [29/Jan/2019:16:24:02 +0700] "GET /tracking.gif?email=vka%40nikolas.ru&mailing=397 HTTP/1.0" 200 197 "-" "Mozilla/4.0 (compatible; MSIE 7.0; Windows NT 10.0; Win64; x64; Trident/7.0; .NET4.0C; .NET4.0E; Microsoft Outlook 16.0.4573; ms-office; MSOffice 16)"
62.68.141.42 - - [29/Jan/2019:16:24:07 +0700] "GET /tracking.gif?email=vka%40nikolas.ru&mailing=400 HTTP/1.0" 200 197 "-" "Mozilla/4.0 (compatible; MSIE 7.0; Windows NT 10.0; Win64; x64; Trident/7.0; .NET4.0C; .NET4.0E; Microsoft Outlook 16.0.4573; ms-office; MSOffice 16)"
62.68.141.42 - - [29/Jan/2019:16:24:27 +0700] "GET /tracking.gif?email=vka%40nikolas.ru&mailing=399 HTTP/1.0" 200 197 "-" "Mozilla/4.0 (compatible; MSIE 7.0; Windows NT 10.0; Win64; x64; Trident/7.0; .NET4.0C; .NET4.0E; Microsoft Outlook 16.0.4573; ms-office; MSOffice 16)"
62.68.141.57 - - [29/Jan/2019:16:24:35 +0700] "GET /tracking.gif?email=[%VAR%20RCPT.EMAIL%20ESCAPE=URL%]&mailing=[%VAR%20MAILING.ID%] HTTP/1.0" 200 197 "-" "Mozilla/5.0 (Macintosh; Intel Mac OS X 10_14_3) AppleWebKit/537.36 (KHTML, like Gecko) Chrome/71.0.3578.98 Safari/537.36"
62.68.141.42 - - [29/Jan/2019:16:25:12 +0700] "GET /tracking.gif?email=vka%40nikolas.ru&mailing=399 HTTP/1.0" 200 197 "-" "Mozilla/4.0 (compatible; MSIE 7.0; Windows NT 10.0; Win64; x64; Trident/7.0; .NET4.0C; .NET4.0E; Microsoft Outlook 16.0.4573; ms-office; MSOffice 16)"
62.68.141.42 - - [29/Jan/2019:16:25:24 +0700] "GET /tracking.gif?email=vka%40nikolas.ru&mailing=398 HTTP/1.0" 200 197 "-" "Mozilla/4.0 (compatible; MSIE 7.0; Windows NT 10.0; Win64; x64; Trident/7.0; .NET4.0C; .NET4.0E; Microsoft Outlook 16.0.4573; ms-office; MSOffice 16)"
62.68.141.42 - - [29/Jan/2019:16:25:29 +0700] "GET /tracking.gif?email=vka%40nikolas.ru&mailing=399 HTTP/1.0" 200 197 "-" "Mozilla/4.0 (compatible; MSIE 7.0; Windows NT 10.0; Win64; x64; Trident/7.0; .NET4.0C; .NET4.0E; Microsoft Outlook 16.0.4573; ms-office; MSOffice 16)"
188.93.56.124 - - [29/Jan/2019:16:25:56 +0700] "GET /tracking.gif?email=kistner%40galaktika-omsk.ru&mailing=400 HTTP/1.0" 200 197 "-" "Mozilla/5.0 (X11; Linux x86_64) AppleWebKit/537.36 (KHTML, like Gecko)"
62.68.141.57 - - [29/Jan/2019:16:26:29 +0700] "GET /tracking.gif?email=[%VAR%20RCPT.EMAIL%20ESCAPE=URL%]&mailing=[%VAR%20MAILING.ID%] HTTP/1.0" 200 197 "-" "Mozilla/5.0 (Macintosh; Intel Mac OS X 10_14_3) AppleWebKit/537.36 (KHTML, like Gecko) Chrome/71.0.3578.98 Safari/537.36"
188.93.56.124 - - [29/Jan/2019:16:26:50 +0700] "GET /tracking.gif?email=kistner%40galaktika-omsk.ru&mailing=398 HTTP/1.0" 200 197 "-" "Mozilla/5.0 (X11; Linux x86_64) AppleWebKit/537.36 (KHTML, like Gecko)"
62.68.141.57 - - [29/Jan/2019:16:27:29 +0700] "GET /tracking.gif?email=[%VAR%20RCPT.EMAIL%20ESCAPE=URL%]&mailing=[%VAR%20MAILING.ID%] HTTP/1.0" 200 197 "-" "Mozilla/5.0 (Macintosh; Intel Mac OS X 10_14_3) AppleWebKit/537.36 (KHTML, like Gecko) Chrome/71.0.3578.98 Safari/537.36"
62.68.141.57 - - [29/Jan/2019:16:27:31 +0700] "GET /tracking.gif?email=[%VAR%20RCPT.EMAIL%20ESCAPE=URL%]&mailing=[%VAR%20MAILING.ID%] HTTP/1.0" 200 197 "-" "Mozilla/5.0 (Macintosh; Intel Mac OS X 10_14_3) AppleWebKit/537.36 (KHTML, like Gecko) Chrome/71.0.3578.98 Safari/537.36"
62.68.141.57 - - [29/Jan/2019:16:27:50 +0700] "GET /tracking.gif?email=[%VAR%20RCPT.EMAIL%20ESCAPE=URL%]&mailing=[%VAR%20MAILING.ID%] HTTP/1.0" 200 197 "-" "Mozilla/5.0 (Macintosh; Intel Mac OS X 10_14_3) AppleWebKit/537.36 (KHTML, like Gecko) Chrome/71.0.3578.98 Safari/537.36"
62.68.141.57 - - [29/Jan/2019:16:27:51 +0700] "GET /tracking.gif?email=[%VAR%20RCPT.EMAIL%20ESCAPE=URL%]&mailing=[%VAR%20MAILING.ID%] HTTP/1.0" 200 197 "-" "Mozilla/5.0 (Macintosh; Intel Mac OS X 10_14_3) AppleWebKit/537.36 (KHTML, like Gecko) Chrome/71.0.3578.98 Safari/537.36"
62.68.141.57 - - [29/Jan/2019:16:27:51 +0700] "GET /tracking.gif?email=[%VAR%20RCPT.EMAIL%20ESCAPE=URL%]&mailing=[%VAR%20MAILING.ID%] HTTP/1.0" 200 197 "-" "Mozilla/5.0 (Macintosh; Intel Mac OS X 10_14_3) AppleWebKit/537.36 (KHTML, like Gecko) Chrome/71.0.3578.98 Safari/537.36"
62.68.141.57 - - [29/Jan/2019:16:28:00 +0700] "GET /tracking.gif?email=[%VAR%20RCPT.EMAIL%20ESCAPE=URL%]&mailing=[%VAR%20MAILING.ID%] HTTP/1.0" 200 197 "-" "Mozilla/5.0 (Macintosh; Intel Mac OS X 10_14_3) AppleWebKit/537.36 (KHTML, like Gecko) Chrome/71.0.3578.98 Safari/537.36"
62.68.141.57 - - [29/Jan/2019:16:28:02 +0700] "GET /tracking.gif?email=[%VAR%20RCPT.EMAIL%20ESCAPE=URL%]&mailing=[%VAR%20MAILING.ID%] HTTP/1.0" 200 197 "-" "Mozilla/5.0 (Macintosh; Intel Mac OS X 10_14_3) AppleWebKit/537.36 (KHTML, like Gecko) Chrome/71.0.3578.98 Safari/537.36"
62.68.141.57 - - [29/Jan/2019:16:28:02 +0700] "GET /tracking.gif?email=[%VAR%20RCPT.EMAIL%20ESCAPE=URL%]&mailing=[%VAR%20MAILING.ID%] HTTP/1.0" 200 197 "-" "Mozilla/5.0 (Macintosh; Intel Mac OS X 10_14_3) AppleWebKit/537.36 (KHTML, like Gecko) Chrome/71.0.3578.98 Safari/537.36"
62.68.141.57 - - [29/Jan/2019:16:28:03 +0700] "GET /tracking.gif?email=[%VAR%20RCPT.EMAIL%20ESCAPE=URL%]&mailing=[%VAR%20MAILING.ID%] HTTP/1.0" 200 197 "-" "Mozilla/5.0 (Macintosh; Intel Mac OS X 10_14_3) AppleWebKit/537.36 (KHTML, like Gecko) Chrome/71.0.3578.98 Safari/537.36"
62.68.141.57 - - [29/Jan/2019:16:28:03 +0700] "GET /tracking.gif?email=[%VAR%20RCPT.EMAIL%20ESCAPE=URL%]&mailing=[%VAR%20MAILING.ID%] HTTP/1.0" 200 197 "-" "Mozilla/5.0 (Macintosh; Intel Mac OS X 10_14_3) AppleWebKit/537.36 (KHTML, like Gecko) Chrome/71.0.3578.98 Safari/537.36"
62.68.141.57 - - [29/Jan/2019:16:28:04 +0700] "GET /tracking.gif?email=[%VAR%20RCPT.EMAIL%20ESCAPE=URL%]&mailing=[%VAR%20MAILING.ID%] HTTP/1.0" 200 197 "-" "Mozilla/5.0 (Macintosh; Intel Mac OS X 10_14_3) AppleWebKit/537.36 (KHTML, like Gecko) Chrome/71.0.3578.98 Safari/537.36"
62.68.141.57 - - [29/Jan/2019:16:28:05 +0700] "GET /tracking.gif?email=[%VAR%20RCPT.EMAIL%20ESCAPE=URL%]&mailing=[%VAR%20MAILING.ID%] HTTP/1.0" 200 197 "-" "Mozilla/5.0 (Macintosh; Intel Mac OS X 10_14_3) AppleWebKit/537.36 (KHTML, like Gecko) Chrome/71.0.3578.98 Safari/537.36"
62.68.141.57 - - [29/Jan/2019:16:28:07 +0700] "GET /tracking.gif?email=[%VAR%20RCPT.EMAIL%20ESCAPE=URL%]&mailing=[%VAR%20MAILING.ID%] HTTP/1.0" 200 197 "-" "Mozilla/5.0 (Macintosh; Intel Mac OS X 10_14_3) AppleWebKit/537.36 (KHTML, like Gecko) Chrome/71.0.3578.98 Safari/537.36"
62.68.141.57 - - [29/Jan/2019:16:28:08 +0700] "GET /tracking.gif?email=[%VAR%20RCPT.EMAIL%20ESCAPE=URL%]&mailing=[%VAR%20MAILING.ID%] HTTP/1.0" 200 197 "-" "Mozilla/5.0 (Macintosh; Intel Mac OS X 10_14_3) AppleWebKit/537.36 (KHTML, like Gecko) Chrome/71.0.3578.98 Safari/537.36"
62.68.141.57 - - [29/Jan/2019:16:28:08 +0700] "GET /tracking.gif?email=[%VAR%20RCPT.EMAIL%20ESCAPE=URL%]&mailing=[%VAR%20MAILING.ID%] HTTP/1.0" 200 197 "-" "Mozilla/5.0 (Macintosh; Intel Mac OS X 10_14_3) AppleWebKit/537.36 (KHTML, like Gecko) Chrome/71.0.3578.98 Safari/537.36"
62.68.141.57 - - [29/Jan/2019:16:28:09 +0700] "GET /tracking.gif?email=[%VAR%20RCPT.EMAIL%20ESCAPE=URL%]&mailing=[%VAR%20MAILING.ID%] HTTP/1.0" 200 197 "-" "Mozilla/5.0 (Macintosh; Intel Mac OS X 10_14_3) AppleWebKit/537.36 (KHTML, like Gecko) Chrome/71.0.3578.98 Safari/537.36"
62.68.141.57 - - [29/Jan/2019:16:28:10 +0700] "GET /tracking.gif?email=[%VAR%20RCPT.EMAIL%20ESCAPE=URL%]&mailing=[%VAR%20MAILING.ID%] HTTP/1.0" 200 197 "-" "Mozilla/5.0 (Macintosh; Intel Mac OS X 10_14_3) AppleWebKit/537.36 (KHTML, like Gecko) Chrome/71.0.3578.98 Safari/537.36"
62.68.141.57 - - [29/Jan/2019:16:28:14 +0700] "GET /tracking.gif?email=[%VAR%20RCPT.EMAIL%20ESCAPE=URL%]&mailing=[%VAR%20MAILING.ID%] HTTP/1.0" 200 197 "-" "Mozilla/5.0 (Macintosh; Intel Mac OS X 10_14_3) AppleWebKit/537.36 (KHTML, like Gecko) Chrome/71.0.3578.98 Safari/537.36"
188.93.56.124 - - [29/Jan/2019:16:28:40 +0700] "GET /tracking.gif?email=kistner%40galaktika-omsk.ru&mailing=400 HTTP/1.0" 200 197 "-" "Mozilla/5.0 (X11; Linux x86_64) AppleWebKit/537.36 (KHTML, like Gecko)"
188.93.56.124 - - [29/Jan/2019:16:28:54 +0700] "GET /tracking.gif?email=kistner%40galaktika-omsk.ru&mailing=398 HTTP/1.0" 200 197 "-" "Mozilla/5.0 (X11; Linux x86_64) AppleWebKit/537.36 (KHTML, like Gecko)"
62.68.141.57 - - [29/Jan/2019:16:29:18 +0700] "GET /tracking.gif?email=[%VAR%20RCPT.EMAIL%20ESCAPE=URL%]&mailing=[%VAR%20MAILING.ID%] HTTP/1.0" 200 197 "-" "Mozilla/5.0 (Macintosh; Intel Mac OS X 10_14_3) AppleWebKit/537.36 (KHTML, like Gecko) Chrome/71.0.3578.98 Safari/537.36"
62.68.141.57 - - [29/Jan/2019:16:29:27 +0700] "GET /tracking.gif?email=[%VAR%20RCPT.EMAIL%20ESCAPE=URL%]&mailing=[%VAR%20MAILING.ID%] HTTP/1.0" 200 197 "-" "Mozilla/5.0 (Macintosh; Intel Mac OS X 10_14_3) AppleWebKit/537.36 (KHTML, like Gecko) Chrome/71.0.3578.98 Safari/537.36"
62.68.141.57 - - [29/Jan/2019:16:29:28 +0700] "GET /tracking.gif?email=[%VAR%20RCPT.EMAIL%20ESCAPE=URL%]&mailing=[%VAR%20MAILING.ID%] HTTP/1.0" 200 197 "-" "Mozilla/5.0 (Macintosh; Intel Mac OS X 10_14_3) AppleWebKit/537.36 (KHTML, like Gecko) Chrome/71.0.3578.98 Safari/537.36"
62.68.141.57 - - [29/Jan/2019:16:29:42 +0700] "GET /tracking.gif?email=[%VAR%20RCPT.EMAIL%20ESCAPE=URL%]&mailing=[%VAR%20MAILING.ID%] HTTP/1.0" 200 197 "-" "Mozilla/5.0 (Macintosh; Intel Mac OS X 10_14_3) AppleWebKit/537.36 (KHTML, like Gecko) Chrome/71.0.3578.98 Safari/537.36"
62.68.141.57 - - [29/Jan/2019:16:29:42 +0700] "GET /tracking.gif?email=[%VAR%20RCPT.EMAIL%20ESCAPE=URL%]&mailing=[%VAR%20MAILING.ID%] HTTP/1.0" 200 197 "-" "Mozilla/5.0 (Macintosh; Intel Mac OS X 10_14_3) AppleWebKit/537.36 (KHTML, like Gecko) Chrome/71.0.3578.98 Safari/537.36"
188.93.56.124 - - [29/Jan/2019:16:29:52 +0700] "GET /tracking.gif?email=kanaevmail%40mail.ru&mailing=384 HTTP/1.0" 200 197 "-" "Mozilla/5.0 (X11; Linux x86_64) AppleWebKit/537.36 (KHTML, like Gecko)"
62.68.141.57 - - [29/Jan/2019:16:30:11 +0700] "GET /tracking.gif?email=[%VAR%20RCPT.EMAIL%20ESCAPE=URL%]&mailing=[%VAR%20MAILING.ID%] HTTP/1.0" 200 197 "-" "Mozilla/5.0 (Macintosh; Intel Mac OS X 10_14_3) AppleWebKit/537.36 (KHTML, like Gecko) Chrome/71.0.3578.98 Safari/537.36"
62.68.141.57 - - [29/Jan/2019:16:30:13 +0700] "GET /tracking.gif?email=[%VAR%20RCPT.EMAIL%20ESCAPE=URL%]&mailing=[%VAR%20MAILING.ID%] HTTP/1.0" 200 197 "-" "Mozilla/5.0 (Macintosh; Intel Mac OS X 10_14_3) AppleWebKit/537.36 (KHTML, like Gecko) Chrome/71.0.3578.98 Safari/537.36"
188.93.56.126 - - [29/Jan/2019:16:30:26 +0700] "GET /tracking.gif?email=Oxezin90%40bk.ru&mailing=375 HTTP/1.0" 200 197 "-" "Mozilla/5.0 (X11; Linux x86_64) AppleWebKit/537.36 (KHTML, like Gecko)"
62.68.141.42 - - [29/Jan/2019:16:30:31 +0700] "GET /tracking.gif?email=vka%40nikolas.ru&mailing=346 HTTP/1.0" 200 197 "-" "Mozilla/4.0 (compatible; MSIE 7.0; Windows NT 10.0; Win64; x64; Trident/7.0; .NET4.0C; .NET4.0E; Microsoft Outlook 16.0.4573; ms-office; MSOffice 16)"
62.68.141.42 - - [29/Jan/2019:16:30:34 +0700] "GET /tracking.gif?email=vka%40nikolas.ru&mailing=346 HTTP/1.0" 200 197 "-" "Mozilla/4.0 (compatible; MSIE 7.0; Windows NT 10.0; Win64; x64; Trident/7.0; .NET4.0C; .NET4.0E; Microsoft Outlook 16.0.4573; ms-office; MSOffice 16)"
62.68.141.42 - - [29/Jan/2019:16:30:38 +0700] "GET /tracking.gif?email=vka%40nikolas.ru&mailing=346 HTTP/1.0" 200 197 "-" "Mozilla/4.0 (compatible; MSIE 7.0; Windows NT 10.0; Win64; x64; Trident/7.0; .NET4.0C; .NET4.0E; Microsoft Outlook 16.0.4573; ms-office; MSOffice 16)"
62.68.141.42 - - [29/Jan/2019:16:30:42 +0700] "GET /tracking.gif?email=vka%40nikolas.ru&mailing=346 HTTP/1.0" 200 197 "-" "Mozilla/4.0 (compatible; MSIE 7.0; Windows NT 10.0; Win64; x64; Trident/7.0; .NET4.0C; .NET4.0E; Microsoft Outlook 16.0.4573; ms-office; MSOffice 16)"
37.9.65.80 - - [29/Jan/2019:16:30:44 +0700] "GET /tracking.gif?email=pa4ganovaolga%40yandex.ru&mailing=373 HTTP/1.0" 200 197 "-" "Mozilla/5.0 (compatible; YandexImageResizer/2.0; +http://yandex.com/bots)"
37.9.65.80 - - [29/Jan/2019:16:30:49 +0700] "GET /tracking.gif?email=pa4ganovaolga%40yandex.ru&mailing=378 HTTP/1.0" 200 197 "-" "Mozilla/5.0 (compatible; YandexImageResizer/2.0; +http://yandex.com/bots)"
93.158.130.183 - - [29/Jan/2019:16:33:11 +0700] "GET /tracking.gif?email=[%25VAR%2520RCPT.EMAIL%2520ESCAPE=URL%25]&mailing=[%25VAR%2520MAILING.ID%25] HTTP/1.0" 200 197 "-" "Mozilla/5.0 (compatible; YandexImageResizer/2.0; +http://yandex.com/bots)"
93.158.130.168 - - [29/Jan/2019:16:34:16 +0700] "GET /tracking.gif?email=[%25VAR%20RCPT.EMAIL%20ESCAPE=URL%25]&mailing=[%25VAR%20MAILING.ID%25] HTTP/1.0" 200 197 "-" "Mozilla/5.0 (compatible; YandexImageResizer/2.0; +http://yandex.com/bots)"
92.126.204.19 - - [29/Jan/2019:16:36:42 +0700] "GET /tracking.gif?email=ivan.k%40agro-master.ru&mailing=375 HTTP/1.0" 200 197 "-" "Mozilla/5.0 (Windows NT 6.1; WOW64; rv:60.0) Gecko/20100101 Thunderbird/60.4.0"
188.93.56.127 - - [29/Jan/2019:16:36:47 +0700] "GET /tracking.gif?email=kistner%40galaktika-omsk.ru&mailing=400 HTTP/1.0" 200 197 "-" "Mozilla/5.0 (X11; Linux x86_64) AppleWebKit/537.36 (KHTML, like Gecko)"
188.93.56.127 - - [29/Jan/2019:16:36:53 +0700] "GET /tracking.gif?email=kistner%40galaktika-omsk.ru&mailing=398 HTTP/1.0" 200 197 "-" "Mozilla/5.0 (X11; Linux x86_64) AppleWebKit/537.36 (KHTML, like Gecko)"
188.93.56.127 - - [29/Jan/2019:16:37:00 +0700] "GET /tracking.gif?email=kistner%40galaktika-omsk.ru&mailing=398 HTTP/1.0" 200 197 "-" "Mozilla/5.0 (X11; Linux x86_64) AppleWebKit/537.36 (KHTML, like Gecko)"
188.93.56.128 - - [29/Jan/2019:16:42:26 +0700] "GET /tracking.gif?email=olechka_711%40mail.ru&mailing=380 HTTP/1.0" 200 197 "-" "Mozilla/5.0 (X11; Linux x86_64) AppleWebKit/537.36 (KHTML, like Gecko)"
92.126.204.19 - - [29/Jan/2019:16:43:36 +0700] "GET /tracking.gif?email=ivan.k%40agro-master.ru&mailing=330 HTTP/1.0" 200 197 "-" "Mozilla/5.0 (Windows NT 6.1; WOW64; rv:60.0) Gecko/20100101 Thunderbird/60.4.0"
92.126.204.19 - - [29/Jan/2019:16:43:39 +0700] "GET /tracking.gif?email=ivan.k%40agro-master.ru&mailing=375 HTTP/1.0" 200 197 "-" "Mozilla/5.0 (Windows NT 6.1; WOW64; rv:60.0) Gecko/20100101 Thunderbird/60.4.0"
92.126.204.19 - - [29/Jan/2019:16:44:44 +0700] "GET /tracking.gif?email=ivan.k%40agro-master.ru&mailing=375 HTTP/1.0" 200 197 "-" "Mozilla/5.0 (Windows NT 6.1; WOW64; rv:60.0) Gecko/20100101 Thunderbird/60.4.0"
93.158.130.179 - - [29/Jan/2019:16:45:37 +0700] "GET /tracking.gif?email=driverm3%40yandex.ru&mailing=370 HTTP/1.0" 200 197 "-" "Mozilla/5.0 (compatible; YandexImageResizer/2.0; +http://yandex.com/bots)"
188.93.56.126 - - [29/Jan/2019:16:46:22 +0700] "GET /tracking.gif?email=kistner%40galaktika-omsk.ru&mailing=398 HTTP/1.0" 200 197 "-" "Mozilla/5.0 (X11; Linux x86_64) AppleWebKit/537.36 (KHTML, like Gecko)"
188.93.56.122 - - [29/Jan/2019:16:50:08 +0700] "GET /tracking.gif?email=ndrubtsova%40mail.ru&mailing=339 HTTP/1.0" 200 197 "-" "Mozilla/5.0 (X11; Linux x86_64) AppleWebKit/537.36 (KHTML, like Gecko)"
188.93.56.130 - - [29/Jan/2019:16:50:13 +0700] "GET /tracking.gif?email=ndrubtsova%40mail.ru&mailing=377 HTTP/1.0" 200 197 "-" "Mozilla/5.0 (X11; Linux x86_64) AppleWebKit/537.36 (KHTML, like Gecko)"
62.68.141.57 - - [29/Jan/2019:16:51:40 +0700] "GET /tracking.gif?email=[%VAR%20RCPT.EMAIL%20ESCAPE=URL%]&mailing=[%VAR%20MAILING.ID%] HTTP/1.0" 200 197 "-" "Mozilla/5.0 (Macintosh; Intel Mac OS X 10_14_3) AppleWebKit/537.36 (KHTML, like Gecko) Chrome/71.0.3578.98 Safari/537.36"
62.68.141.57 - - [29/Jan/2019:16:51:52 +0700] "GET /tracking.gif?email=[%VAR%20RCPT.EMAIL%20ESCAPE=URL%]&mailing=[%VAR%20MAILING.ID%] HTTP/1.0" 200 197 "-" "Mozilla/5.0 (Macintosh; Intel Mac OS X 10_14_3) AppleWebKit/537.36 (KHTML, like Gecko) Chrome/71.0.3578.98 Safari/537.36"
62.68.141.57 - - [29/Jan/2019:16:51:54 +0700] "GET /tracking.gif?email=[%VAR%20RCPT.EMAIL%20ESCAPE=URL%]&mailing=[%VAR%20MAILING.ID%] HTTP/1.0" 200 197 "-" "Mozilla/5.0 (Macintosh; Intel Mac OS X 10_14_3) AppleWebKit/537.36 (KHTML, like Gecko) Chrome/71.0.3578.98 Safari/537.36"
62.68.141.57 - - [29/Jan/2019:16:52:07 +0700] "GET /tracking.gif?email=[%VAR%20RCPT.EMAIL%20ESCAPE=URL%]&mailing=[%VAR%20MAILING.ID%] HTTP/1.0" 200 197 "-" "Mozilla/5.0 (Macintosh; Intel Mac OS X 10_14_3) AppleWebKit/537.36 (KHTML, like Gecko) Chrome/71.0.3578.98 Safari/537.36"
62.68.141.57 - - [29/Jan/2019:16:52:56 +0700] "GET /tracking.gif?email=[%VAR%20RCPT.EMAIL%20ESCAPE=URL%]&mailing=[%VAR%20MAILING.ID%] HTTP/1.0" 200 197 "-" "Mozilla/5.0 (Macintosh; Intel Mac OS X 10_14_3) AppleWebKit/537.36 (KHTML, like Gecko) Chrome/71.0.3578.98 Safari/537.36"
62.68.141.57 - - [29/Jan/2019:16:52:57 +0700] "GET /tracking.gif?email=[%VAR%20RCPT.EMAIL%20ESCAPE=URL%]&mailing=[%VAR%20MAILING.ID%] HTTP/1.0" 200 197 "-" "Mozilla/5.0 (Macintosh; Intel Mac OS X 10_14_3) AppleWebKit/537.36 (KHTML, like Gecko) Chrome/71.0.3578.98 Safari/537.36"
62.68.141.57 - - [29/Jan/2019:16:53:00 +0700] "GET /tracking.gif?email=[%VAR%20RCPT.EMAIL%20ESCAPE=URL%]&mailing=[%VAR%20MAILING.ID%] HTTP/1.0" 200 197 "-" "Mozilla/5.0 (Macintosh; Intel Mac OS X 10_14_3) AppleWebKit/537.36 (KHTML, like Gecko) Chrome/71.0.3578.98 Safari/537.36"
62.68.141.57 - - [29/Jan/2019:16:53:06 +0700] "GET /tracking.gif?email=[%VAR%20RCPT.EMAIL%20ESCAPE=URL%]&mailing=[%VAR%20MAILING.ID%] HTTP/1.0" 200 197 "-" "Mozilla/5.0 (Macintosh; Intel Mac OS X 10_14_3) AppleWebKit/537.36 (KHTML, like Gecko) Chrome/71.0.3578.98 Safari/537.36"
62.68.141.57 - - [29/Jan/2019:16:53:07 +0700] "GET /tracking.gif?email=[%VAR%20RCPT.EMAIL%20ESCAPE=URL%]&mailing=[%VAR%20MAILING.ID%] HTTP/1.0" 200 197 "-" "Mozilla/5.0 (Macintosh; Intel Mac OS X 10_14_3) AppleWebKit/537.36 (KHTML, like Gecko) Chrome/71.0.3578.98 Safari/537.36"
62.68.141.57 - - [29/Jan/2019:16:53:16 +0700] "GET /tracking.gif?email=[%VAR%20RCPT.EMAIL%20ESCAPE=URL%]&mailing=[%VAR%20MAILING.ID%] HTTP/1.0" 200 197 "-" "Mozilla/5.0 (Macintosh; Intel Mac OS X 10_14_3) AppleWebKit/537.36 (KHTML, like Gecko) Chrome/71.0.3578.98 Safari/537.36"
62.68.141.57 - - [29/Jan/2019:16:53:17 +0700] "GET /tracking.gif?email=[%VAR%20RCPT.EMAIL%20ESCAPE=URL%]&mailing=[%VAR%20MAILING.ID%] HTTP/1.0" 200 197 "-" "Mozilla/5.0 (Macintosh; Intel Mac OS X 10_14_3) AppleWebKit/537.36 (KHTML, like Gecko) Chrome/71.0.3578.98 Safari/537.36"
62.68.141.57 - - [29/Jan/2019:16:53:17 +0700] "GET /tracking.gif?email=[%VAR%20RCPT.EMAIL%20ESCAPE=URL%]&mailing=[%VAR%20MAILING.ID%] HTTP/1.0" 200 197 "-" "Mozilla/5.0 (Macintosh; Intel Mac OS X 10_14_3) AppleWebKit/537.36 (KHTML, like Gecko) Chrome/71.0.3578.98 Safari/537.36"
62.68.141.57 - - [29/Jan/2019:16:53:17 +0700] "GET /tracking.gif?email=[%VAR%20RCPT.EMAIL%20ESCAPE=URL%]&mailing=[%VAR%20MAILING.ID%] HTTP/1.0" 200 197 "-" "Mozilla/5.0 (Macintosh; Intel Mac OS X 10_14_3) AppleWebKit/537.36 (KHTML, like Gecko) Chrome/71.0.3578.98 Safari/537.36"
62.68.141.57 - - [29/Jan/2019:16:53:18 +0700] "GET /tracking.gif?email=[%VAR%20RCPT.EMAIL%20ESCAPE=URL%]&mailing=[%VAR%20MAILING.ID%] HTTP/1.0" 200 197 "-" "Mozilla/5.0 (Macintosh; Intel Mac OS X 10_14_3) AppleWebKit/537.36 (KHTML, like Gecko) Chrome/71.0.3578.98 Safari/537.36"
62.68.141.57 - - [29/Jan/2019:16:53:18 +0700] "GET /tracking.gif?email=[%VAR%20RCPT.EMAIL%20ESCAPE=URL%]&mailing=[%VAR%20MAILING.ID%] HTTP/1.0" 200 197 "-" "Mozilla/5.0 (Macintosh; Intel Mac OS X 10_14_3) AppleWebKit/537.36 (KHTML, like Gecko) Chrome/71.0.3578.98 Safari/537.36"
62.68.141.57 - - [29/Jan/2019:16:53:23 +0700] "GET /tracking.gif?email=[%VAR%20RCPT.EMAIL%20ESCAPE=URL%]&mailing=[%VAR%20MAILING.ID%] HTTP/1.0" 200 197 "-" "Mozilla/5.0 (Macintosh; Intel Mac OS X 10_14_3) AppleWebKit/537.36 (KHTML, like Gecko) Chrome/71.0.3578.98 Safari/537.36"
62.68.141.57 - - [29/Jan/2019:16:53:32 +0700] "GET /tracking.gif?email=[%VAR%20RCPT.EMAIL%20ESCAPE=URL%]&mailing=[%VAR%20MAILING.ID%] HTTP/1.0" 200 197 "-" "Mozilla/5.0 (Macintosh; Intel Mac OS X 10_14_3) AppleWebKit/537.36 (KHTML, like Gecko) Chrome/71.0.3578.98 Safari/537.36"
62.68.141.57 - - [29/Jan/2019:16:53:32 +0700] "GET /tracking.gif?email=[%VAR%20RCPT.EMAIL%20ESCAPE=URL%]&mailing=[%VAR%20MAILING.ID%] HTTP/1.0" 200 197 "-" "Mozilla/5.0 (Macintosh; Intel Mac OS X 10_14_3) AppleWebKit/537.36 (KHTML, like Gecko) Chrome/71.0.3578.98 Safari/537.36"
62.68.141.57 - - [29/Jan/2019:16:54:03 +0700] "GET /tracking.gif?email=[%VAR%20RCPT.EMAIL%20ESCAPE=URL%]&mailing=[%VAR%20MAILING.ID%] HTTP/1.0" 200 197 "-" "Mozilla/5.0 (Macintosh; Intel Mac OS X 10_14_3) AppleWebKit/537.36 (KHTML, like Gecko) Chrome/71.0.3578.98 Safari/537.36"
62.68.141.57 - - [29/Jan/2019:16:54:16 +0700] "GET /tracking.gif?email=[%VAR%20RCPT.EMAIL%20ESCAPE=URL%]&mailing=[%VAR%20MAILING.ID%] HTTP/1.0" 200 197 "-" "Mozilla/5.0 (Macintosh; Intel Mac OS X 10_14_3) AppleWebKit/537.36 (KHTML, like Gecko) Chrome/71.0.3578.98 Safari/537.36"
62.68.141.57 - - [29/Jan/2019:16:54:17 +0700] "GET /tracking.gif?email=[%VAR%20RCPT.EMAIL%20ESCAPE=URL%]&mailing=[%VAR%20MAILING.ID%] HTTP/1.0" 200 197 "-" "Mozilla/5.0 (Macintosh; Intel Mac OS X 10_14_3) AppleWebKit/537.36 (KHTML, like Gecko) Chrome/71.0.3578.98 Safari/537.36"
62.68.141.57 - - [29/Jan/2019:16:55:01 +0700] "GET /tracking.gif?email=[%VAR%20RCPT.EMAIL%20ESCAPE=URL%]&mailing=[%VAR%20MAILING.ID%] HTTP/1.0" 200 197 "-" "Mozilla/5.0 (Macintosh; Intel Mac OS X 10_14_3) AppleWebKit/537.36 (KHTML, like Gecko) Chrome/71.0.3578.98 Safari/537.36"
5.255.241.240 - - [29/Jan/2019:16:58:25 +0700] "GET /tracking.gif?email=[%25VAR%20RCPT.EMAIL%20ESCAPE=URL%25]&mailing=[%25VAR%20MAILING.ID%25] HTTP/1.0" 200 197 "-" "Mozilla/5.0 (compatible; YandexImageResizer/2.0; +http://yandex.com/bots)"
109.202.14.29 - - [29/Jan/2019:16:59:13 +0700] "GET /tracking.gif?email=geron2004%40mail.ru&mailing=384 HTTP/1.0" 200 197 "-" "Mozilla/4.0 (compatible; MSIE 7.0; Windows NT 6.1; WOW64; Trident/4.0; SLCC2; .NET CLR 2.0.50727; .NET CLR 3.5.30729; .NET CLR 3.0.30729; Media Center PC 6.0; .NET4.0C; .NET4.0E; InfoPath.3)"
188.93.56.127 - - [29/Jan/2019:16:59:41 +0700] "GET /tracking.gif?email=shaky888%40list.ru&mailing=377 HTTP/1.0" 200 197 "-" "Mozilla/5.0 (X11; Linux x86_64) AppleWebKit/537.36 (KHTML, like Gecko)"
81.19.78.161 - - [29/Jan/2019:17:02:36 +0700] "GET /tracking.gif?email=mixerco%40rambler.ru&mailing=384 HTTP/1.0" 200 197 "https://mail.rambler.ru/?utm_source=head&utm_campaign=self_promo&utm_medium=widget&utm_content=mail&utm_term=inbox" "RamblerMail/6.0 (incompatible; ImageProxy/6.0)"
176.59.135.216 - - [29/Jan/2019:17:19:38 +0700] "GET /tracking.gif?email=Piletskayaksenya%40gmail.com&mailing=343 HTTP/1.0" 200 197 "-" "Mozilla/5.0 (iPhone; CPU iPhone OS 12_1_2 like Mac OS X) AppleWebKit/605.1.15 (KHTML, like Gecko) Mobile/16C101"
188.93.56.123 - - [29/Jan/2019:17:19:58 +0700] "GET /tracking.gif?email=Al.g.n%40mail.ru&mailing=384 HTTP/1.0" 200 197 "-" "Mozilla/5.0 (X11; Linux x86_64) AppleWebKit/537.36 (KHTML, like Gecko)"
92.126.204.19 - - [29/Jan/2019:17:21:45 +0700] "GET /tracking.gif?email=ivan.k%40agro-master.ru&mailing=375 HTTP/1.0" 200 197 "-" "Mozilla/5.0 (Windows NT 6.1; WOW64; rv:60.0) Gecko/20100101 Thunderbird/60.4.0"
92.126.204.19 - - [29/Jan/2019:17:21:51 +0700] "GET /tracking.gif?email=ivan.k%40agro-master.ru&mailing=375 HTTP/1.0" 200 197 "-" "Mozilla/5.0 (Windows NT 6.1; WOW64; rv:60.0) Gecko/20100101 Thunderbird/60.4.0"
31.173.240.93 - - [29/Jan/2019:17:23:59 +0700] "GET /tracking.gif?email=leon-nova%40mail.ru&mailing=345 HTTP/1.0" 200 197 "-" "Mozilla/5.0 (iPhone; CPU iPhone OS 12_1_2 like Mac OS X) AppleWebKit/605.1.15 (KHTML, like Gecko) Mobile/16C101"
31.173.240.93 - - [29/Jan/2019:17:24:00 +0700] "GET /tracking.gif?email=leon-nova%40mail.ru&mailing=343 HTTP/1.0" 200 197 "-" "Mozilla/5.0 (iPhone; CPU iPhone OS 12_1_2 like Mac OS X) AppleWebKit/605.1.15 (KHTML, like Gecko) Mobile/16C101"
95.189.235.102 - - [29/Jan/2019:17:26:05 +0700] "GET /tracking.gif?email=tutta2510%40mail.ru&mailing=274 HTTP/1.0" 200 197 "-" "Mozilla/5.0 (Linux; Android 5.1; Lenovo TB3-710I Build/LMY47I; wv) AppleWebKit/537.36 (KHTML, like Gecko) Version/4.0 Chrome/71.0.3578.99 Safari/537.36"
62.68.141.42 - - [29/Jan/2019:17:27:51 +0700] "GET /tracking.gif?email=vka%40nikolas.ru&mailing=88 HTTP/1.0" 200 197 "-" "Mozilla/4.0 (compatible; MSIE 7.0; Windows NT 10.0; Win64; x64; Trident/7.0; .NET4.0C; .NET4.0E; Microsoft Outlook 16.0.4573; ms-office; MSOffice 16)"
62.68.141.42 - - [29/Jan/2019:17:27:51 +0700] "GET /tracking.gif?email=vka%40nikolas.ru&mailing=88 HTTP/1.0" 200 197 "-" "Mozilla/4.0 (compatible; MSIE 7.0; Windows NT 10.0; Win64; x64; Trident/7.0; .NET4.0C; .NET4.0E; Microsoft Outlook 16.0.4573; ms-office; MSOffice 16)"
188.93.56.130 - - [29/Jan/2019:17:29:52 +0700] "GET /tracking.gif?email=belehov75%40mail.ru&mailing=384 HTTP/1.0" 200 197 "-" "Mozilla/5.0 (X11; Linux x86_64) AppleWebKit/537.36 (KHTML, like Gecko)"
81.19.78.160 - - [29/Jan/2019:17:32:39 +0700] "GET /tracking.gif?email=evstra2015%40rambler.ru&mailing=378 HTTP/1.0" 200 197 "https://mail.rambler.ru/?utm_source=head&utm_campaign=self_promo&utm_medium=widget&utm_content=mail&utm_term=inbox" "RamblerMail/6.0 (incompatible; ImageProxy/6.0)"
81.19.78.160 - - [29/Jan/2019:17:32:53 +0700] "GET /tracking.gif?email=evstra2015%40rambler.ru&mailing=373 HTTP/1.0" 200 197 "https://mail.rambler.ru/?utm_source=head&utm_campaign=self_promo&utm_medium=widget&utm_content=mail&utm_term=inbox" "RamblerMail/6.0 (incompatible; ImageProxy/6.0)"
188.93.56.122 - - [29/Jan/2019:17:39:33 +0700] "GET /tracking.gif?email=halkxxx01%40mail.ru&mailing=384 HTTP/1.0" 200 197 "-" "Mozilla/5.0 (X11; Linux x86_64) AppleWebKit/537.36 (KHTML, like Gecko)"
188.93.56.122 - - [29/Jan/2019:17:39:50 +0700] "GET /tracking.gif?email=smdanko%40mail.ru&mailing=384 HTTP/1.0" 200 197 "-" "Mozilla/5.0 (X11; Linux x86_64) AppleWebKit/537.36 (KHTML, like Gecko)"
176.59.196.67 - - [29/Jan/2019:17:44:46 +0700] "GET /tracking.gif?email=alexandra.fomushkina%40gmail.com&mailing=378 HTTP/1.0" 200 197 "-" "Mozilla/5.0 (iPhone; CPU iPhone OS 12_1_2 like Mac OS X) AppleWebKit/605.1.15 (KHTML, like Gecko) Mobile/16C101"
188.93.56.124 - - [29/Jan/2019:17:48:54 +0700] "GET /tracking.gif?email=a.lovin%40mail.ru&mailing=375 HTTP/1.0" 200 197 "-" "Mozilla/5.0 (X11; Linux x86_64) AppleWebKit/537.36 (KHTML, like Gecko)"
66.102.9.17 - - [29/Jan/2019:17:57:35 +0700] "GET /tracking.gif?email=seothsib%40gmail.com&mailing=343 HTTP/1.0" 200 197 "-" "Mozilla/5.0 (Windows NT 5.1; rv:11.0) Gecko Firefox/11.0 (via ggpht.com GoogleImageProxy)"
66.102.9.20 - - [29/Jan/2019:17:57:36 +0700] "GET /tracking.gif?email=seothsib%40gmail.com&mailing=384 HTTP/1.0" 200 197 "-" "Mozilla/5.0 (Windows NT 5.1; rv:11.0) Gecko Firefox/11.0 (via ggpht.com GoogleImageProxy)"
217.118.79.45 - - [29/Jan/2019:17:58:59 +0700] "GET /tracking.gif?email=slnew%40mail.ru&mailing=191 HTTP/1.0" 200 197 "-" "Mozilla/5.0 (Linux; Android 8.0.0; STF-L09 Build/HUAWEISTF-L09; wv) AppleWebKit/537.36 (KHTML, like Gecko) Version/4.0 Chrome/71.0.3578.99 Mobile Safari/537.36"
188.93.56.128 - - [29/Jan/2019:17:59:03 +0700] "GET /tracking.gif?email=pankratev.ap%40mail.ru&mailing=375 HTTP/1.0" 200 197 "-" "Mozilla/5.0 (X11; Linux x86_64) AppleWebKit/537.36 (KHTML, like Gecko)"
188.93.56.126 - - [29/Jan/2019:18:04:13 +0700] "GET /tracking.gif?email=ajrona%40mail.ru&mailing=384 HTTP/1.0" 200 197 "-" "Mozilla/5.0 (X11; Linux x86_64) AppleWebKit/537.36 (KHTML, like Gecko)"
188.93.56.121 - - [29/Jan/2019:18:08:46 +0700] "GET /tracking.gif?email=koshka_195%40mail.ru&mailing=375 HTTP/1.0" 200 197 "-" "Mozilla/5.0 (X11; Linux x86_64) AppleWebKit/537.36 (KHTML, like Gecko)"
188.93.56.128 - - [29/Jan/2019:18:12:05 +0700] "GET /tracking.gif?email=82_trup%40bk.ru&mailing=370 HTTP/1.0" 200 197 "-" "Mozilla/5.0 (X11; Linux x86_64) AppleWebKit/537.36 (KHTML, like Gecko)"
91.193.177.21 - - [29/Jan/2019:18:13:32 +0700] "GET /tracking.gif?email=pustovalov85%40mail.ru&mailing=343 HTTP/1.0" 200 197 "-" "Mozilla/5.0 (iPhone; CPU iPhone OS 11_4_1 like Mac OS X) AppleWebKit/605.1.15 (KHTML, like Gecko) Mobile/15G77"
188.93.56.130 - - [29/Jan/2019:18:20:36 +0700] "GET /tracking.gif?email=sennicowa%40mail.ru&mailing=384 HTTP/1.0" 200 197 "-" "Mozilla/5.0 (X11; Linux x86_64) AppleWebKit/537.36 (KHTML, like Gecko)"
188.93.56.129 - - [29/Jan/2019:18:21:24 +0700] "GET /tracking.gif?email=Vakhitov.v%40bk.ru&mailing=377 HTTP/1.0" 200 197 "-" "Mozilla/5.0 (X11; Linux x86_64) AppleWebKit/537.36 (KHTML, like Gecko)"
188.93.56.126 - - [29/Jan/2019:18:21:57 +0700] "GET /tracking.gif?email=pipeclub%40mail.ru&mailing=384 HTTP/1.0" 200 197 "-" "Mozilla/5.0 (X11; Linux x86_64) AppleWebKit/537.36 (KHTML, like Gecko)"
188.93.56.125 - - [29/Jan/2019:18:28:59 +0700] "GET /tracking.gif?email=elektromir2013%40mail.ru&mailing=384 HTTP/1.0" 200 197 "-" "Mozilla/5.0 (X11; Linux x86_64) AppleWebKit/537.36 (KHTML, like Gecko)"
188.93.56.124 - - [29/Jan/2019:18:33:35 +0700] "GET /tracking.gif?email=volodinatatyana%40bk.ru&mailing=384 HTTP/1.0" 200 197 "-" "Mozilla/5.0 (X11; Linux x86_64) AppleWebKit/537.36 (KHTML, like Gecko)"
188.93.56.121 - - [29/Jan/2019:18:34:57 +0700] "GET /tracking.gif?email=anna72mal%40mail.ru&mailing=270 HTTP/1.0" 200 197 "-" "Mozilla/5.0 (X11; Linux x86_64) AppleWebKit/537.36 (KHTML, like Gecko)"
188.93.56.128 - - [29/Jan/2019:18:36:34 +0700] "GET /tracking.gif?email=dilfuza_usmanova_2015%40mail.ru&mailing=377 HTTP/1.0" 200 197 "-" "Mozilla/5.0 (X11; Linux x86_64) AppleWebKit/537.36 (KHTML, like Gecko)"
188.93.56.127 - - [29/Jan/2019:18:39:02 +0700] "GET /tracking.gif?email=Kost2007%40mail.ru&mailing=384 HTTP/1.0" 200 197 "-" "Mozilla/5.0 (X11; Linux x86_64) AppleWebKit/537.36 (KHTML, like Gecko)"
130.255.139.67 - - [29/Jan/2019:18:39:20 +0700] "GET /unsubscribe/?email=Kost2007%40mail.ru&mailing=384 HTTP/1.0" 200 976 "-" "Mozilla/5.0 (Windows NT 6.3; WOW64; rv:64.0) Gecko/20100101 Firefox/64.0"
130.255.139.67 - - [29/Jan/2019:18:39:20 +0700] "GET /img/popcorn.svg HTTP/1.0" 200 1187 "http://mailing.etobilet.ru/css/main.css" "Mozilla/5.0 (Windows NT 6.3; WOW64; rv:64.0) Gecko/20100101 Firefox/64.0"
130.255.139.67 - - [29/Jan/2019:18:39:27 +0700] "GET /unsubscribe/?email=Kost2007%40mail.ru&mailing=384&confirmed=1 HTTP/1.0" 200 747 "http://mailing.etobilet.ru/unsubscribe/?email=Kost2007%40mail.ru&mailing=384" "Mozilla/5.0 (Windows NT 6.3; WOW64; rv:64.0) Gecko/20100101 Firefox/64.0"
188.93.56.127 - - [29/Jan/2019:18:40:18 +0700] "GET /tracking.gif?email=Kost2007%40mail.ru&mailing=343 HTTP/1.0" 200 197 "-" "Mozilla/5.0 (X11; Linux x86_64) AppleWebKit/537.36 (KHTML, like Gecko)"
188.93.56.126 - - [29/Jan/2019:18:40:56 +0700] "GET /tracking.gif?email=Tyumenceva.0281%40mail.ru&mailing=384 HTTP/1.0" 200 197 "-" "Mozilla/5.0 (X11; Linux x86_64) AppleWebKit/537.36 (KHTML, like Gecko)"
5.255.241.231 - - [29/Jan/2019:18:41:53 +0700] "GET /tracking.gif?email=nadp2014%40yandex.ru&mailing=375 HTTP/1.0" 200 197 "-" "Mozilla/5.0 (compatible; YandexImageResizer/2.0; +http://yandex.com/bots)"
188.93.56.129 - - [29/Jan/2019:18:42:21 +0700] "GET /tracking.gif?email=Ernstas%40mail.ru&mailing=373 HTTP/1.0" 200 197 "-" "Mozilla/5.0 (X11; Linux x86_64) AppleWebKit/537.36 (KHTML, like Gecko)"
188.93.56.123 - - [29/Jan/2019:18:42:41 +0700] "GET /tracking.gif?email=gri_nadin%40mail.ru&mailing=384 HTTP/1.0" 200 197 "-" "Mozilla/5.0 (X11; Linux x86_64) AppleWebKit/537.36 (KHTML, like Gecko)"
66.102.9.20 - - [29/Jan/2019:18:55:32 +0700] "GET /tracking.gif?email=ladymolokova%40gmail.com&mailing=375 HTTP/1.0" 200 197 "-" "Mozilla/5.0 (Windows NT 5.1; rv:11.0) Gecko Firefox/11.0 (via ggpht.com GoogleImageProxy)"
176.48.80.125 - - [29/Jan/2019:18:55:34 +0700] "GET /tracking.gif?email=kat.myshopping%40gmail.com&mailing=370 HTTP/1.0" 200 197 "-" "Mozilla/5.0 (iPhone; CPU iPhone OS 12_1_2 like Mac OS X) AppleWebKit/605.1.15 (KHTML, like Gecko) Mobile/16C101"
188.93.56.123 - - [29/Jan/2019:18:56:24 +0700] "GET /tracking.gif?email=Svetlychok_one%40mail.ru&mailing=370 HTTP/1.0" 200 197 "-" "Mozilla/5.0 (X11; Linux x86_64) AppleWebKit/537.36 (KHTML, like Gecko)"
188.93.56.124 - - [29/Jan/2019:18:56:33 +0700] "GET /tracking.gif?email=oksante%40bk.ru&mailing=378 HTTP/1.0" 200 197 "-" "Mozilla/5.0 (X11; Linux x86_64) AppleWebKit/537.36 (KHTML, like Gecko)"
178.184.54.182 - - [29/Jan/2019:18:56:43 +0700] "GET /unsubscribe/?email=Svetlychok_one%40mail.ru&mailing=370 HTTP/1.0" 200 964 "-" "Mozilla/5.0 (Windows NT 10.0; Win64; x64) AppleWebKit/537.36 (KHTML, like Gecko) Chrome/71.0.3578.98 Safari/537.36"
178.184.54.182 - - [29/Jan/2019:18:56:44 +0700] "GET /img/popcorn.svg HTTP/1.0" 200 1187 "http://mailing.etobilet.ru/css/main.css" "Mozilla/5.0 (Windows NT 10.0; Win64; x64) AppleWebKit/537.36 (KHTML, like Gecko) Chrome/71.0.3578.98 Safari/537.36"
178.184.54.182 - - [29/Jan/2019:18:56:47 +0700] "GET /unsubscribe/?email=Svetlychok_one%40mail.ru&mailing=370&confirmed=1 HTTP/1.0" 200 723 "http://mailing.etobilet.ru/unsubscribe/?email=Svetlychok_one%40mail.ru&mailing=370" "Mozilla/5.0 (Windows NT 10.0; Win64; x64) AppleWebKit/537.36 (KHTML, like Gecko) Chrome/71.0.3578.98 Safari/537.36"
213.87.156.240 - - [29/Jan/2019:18:57:26 +0700] "GET /tracking.gif?email=chindyakova%40yandex.ru&mailing=373 HTTP/1.0" 200 197 "-" "Mozilla/5.0 (iPhone; CPU iPhone OS 12_1_2 like Mac OS X) AppleWebKit/605.1.15 (KHTML, like Gecko) Mobile/16C101"
92.126.204.19 - - [29/Jan/2019:18:57:36 +0700] "GET /tracking.gif?email=ivan.k%40agro-master.ru&mailing=375 HTTP/1.0" 200 197 "-" "Mozilla/5.0 (Windows NT 6.1; WOW64; rv:60.0) Gecko/20100101 Thunderbird/60.4.0"
213.87.156.240 - - [29/Jan/2019:18:58:06 +0700] "GET /unsubscribe/?email=chindyakova%40yandex.ru&mailing=373 HTTP/1.0" 200 992 "-" "Mozilla/5.0 (iPhone; CPU iPhone OS 12_1_2 like Mac OS X) AppleWebKit/605.1.15 (KHTML, like Gecko) Version/12.0 Mobile/15E148 Safari/604.1"
213.87.156.240 - - [29/Jan/2019:18:58:06 +0700] "GET /img/popcorn.svg HTTP/1.0" 200 1187 "http://mailing.etobilet.ru/unsubscribe/?email=chindyakova%40yandex.ru&mailing=373" "Mozilla/5.0 (iPhone; CPU iPhone OS 12_1_2 like Mac OS X) AppleWebKit/605.1.15 (KHTML, like Gecko) Version/12.0 Mobile/15E148 Safari/604.1"
213.87.156.240 - - [29/Jan/2019:18:58:08 +0700] "GET /unsubscribe/?email=chindyakova%40yandex.ru&mailing=373&confirmed=1 HTTP/1.0" 200 753 "http://mailing.etobilet.ru/unsubscribe/?email=chindyakova%40yandex.ru&mailing=373" "Mozilla/5.0 (iPhone; CPU iPhone OS 12_1_2 like Mac OS X) AppleWebKit/605.1.15 (KHTML, like Gecko) Version/12.0 Mobile/15E148 Safari/604.1"
62.68.141.61 - - [29/Jan/2019:18:59:18 +0700] "GET /tracking.gif?email=[%VAR%20RCPT.EMAIL%20ESCAPE=URL%]&mailing=[%VAR%20MAILING.ID%] HTTP/1.0" 200 197 "-" "Mozilla/5.0 (Macintosh; Intel Mac OS X 10_14_3) AppleWebKit/537.36 (KHTML, like Gecko) Chrome/71.0.3578.98 Safari/537.36"
62.68.141.61 - - [29/Jan/2019:18:59:24 +0700] "GET /tracking.gif?email=[%VAR%20RCPT.EMAIL%20ESCAPE=URL%]&mailing=[%VAR%20MAILING.ID%] HTTP/1.0" 200 197 "-" "Mozilla/5.0 (Macintosh; Intel Mac OS X 10_14_3) AppleWebKit/537.36 (KHTML, like Gecko) Chrome/71.0.3578.98 Safari/537.36"
62.68.141.61 - - [29/Jan/2019:18:59:43 +0700] "GET /tracking.gif?email=[%VAR%20RCPT.EMAIL%20ESCAPE=URL%]&mailing=[%VAR%20MAILING.ID%] HTTP/1.0" 200 197 "-" "Mozilla/5.0 (Macintosh; Intel Mac OS X 10_14_3) AppleWebKit/537.36 (KHTML, like Gecko) Chrome/71.0.3578.98 Safari/537.36"
188.93.56.128 - - [29/Jan/2019:19:02:05 +0700] "GET /tracking.gif?email=oksante%40bk.ru&mailing=373 HTTP/1.0" 200 197 "-" "Mozilla/5.0 (X11; Linux x86_64) AppleWebKit/537.36 (KHTML, like Gecko)"
176.59.199.219 - - [29/Jan/2019:19:03:02 +0700] "GET /tracking.gif?email=alexandra.fomushkina%40gmail.com&mailing=378 HTTP/1.0" 200 197 "-" "Mozilla/5.0 (iPhone; CPU iPhone OS 12_1_2 like Mac OS X) AppleWebKit/605.1.15 (KHTML, like Gecko) Mobile/16C101"
62.68.141.61 - - [29/Jan/2019:19:03:24 +0700] "GET /tracking.gif?email=[%VAR%20RCPT.EMAIL%20ESCAPE=URL%]&mailing=[%VAR%20MAILING.ID%] HTTP/1.0" 200 197 "-" "Mozilla/5.0 (Macintosh; Intel Mac OS X 10_14_3) AppleWebKit/537.36 (KHTML, like Gecko) Chrome/71.0.3578.98 Safari/537.36"
62.68.141.61 - - [29/Jan/2019:19:03:26 +0700] "GET /tracking.gif?email=[%VAR%20RCPT.EMAIL%20ESCAPE=URL%]&mailing=[%VAR%20MAILING.ID%] HTTP/1.0" 200 197 "-" "Mozilla/5.0 (Macintosh; Intel Mac OS X 10_14_3) AppleWebKit/537.36 (KHTML, like Gecko) Chrome/71.0.3578.98 Safari/537.36"
62.68.141.61 - - [29/Jan/2019:19:03:28 +0700] "GET /tracking.gif?email=[%VAR%20RCPT.EMAIL%20ESCAPE=URL%]&mailing=[%VAR%20MAILING.ID%] HTTP/1.0" 200 197 "-" "Mozilla/5.0 (Macintosh; Intel Mac OS X 10_14_3) AppleWebKit/537.36 (KHTML, like Gecko) Chrome/71.0.3578.98 Safari/537.36"
62.68.141.61 - - [29/Jan/2019:19:03:30 +0700] "GET /tracking.gif?email=[%VAR%20RCPT.EMAIL%20ESCAPE=URL%]&mailing=[%VAR%20MAILING.ID%] HTTP/1.0" 200 197 "-" "Mozilla/5.0 (Macintosh; Intel Mac OS X 10_14_3) AppleWebKit/537.36 (KHTML, like Gecko) Chrome/71.0.3578.98 Safari/537.36"
62.68.141.61 - - [29/Jan/2019:19:03:31 +0700] "GET /tracking.gif?email=[%VAR%20RCPT.EMAIL%20ESCAPE=URL%]&mailing=[%VAR%20MAILING.ID%] HTTP/1.0" 200 197 "-" "Mozilla/5.0 (Macintosh; Intel Mac OS X 10_14_3) AppleWebKit/537.36 (KHTML, like Gecko) Chrome/71.0.3578.98 Safari/537.36"
62.68.141.61 - - [29/Jan/2019:19:03:32 +0700] "GET /tracking.gif?email=[%VAR%20RCPT.EMAIL%20ESCAPE=URL%]&mailing=[%VAR%20MAILING.ID%] HTTP/1.0" 200 197 "-" "Mozilla/5.0 (Macintosh; Intel Mac OS X 10_14_3) AppleWebKit/537.36 (KHTML, like Gecko) Chrome/71.0.3578.98 Safari/537.36"
62.68.141.61 - - [29/Jan/2019:19:03:34 +0700] "GET /tracking.gif?email=[%VAR%20RCPT.EMAIL%20ESCAPE=URL%]&mailing=[%VAR%20MAILING.ID%] HTTP/1.0" 200 197 "-" "Mozilla/5.0 (Macintosh; Intel Mac OS X 10_14_3) AppleWebKit/537.36 (KHTML, like Gecko) Chrome/71.0.3578.98 Safari/537.36"
62.68.141.61 - - [29/Jan/2019:19:06:29 +0700] "GET /tracking.gif?email=[%VAR%20RCPT.EMAIL%20ESCAPE=URL%]&mailing=[%VAR%20MAILING.ID%] HTTP/1.0" 200 197 "-" "Mozilla/5.0 (Macintosh; Intel Mac OS X 10_14_3) AppleWebKit/537.36 (KHTML, like Gecko) Chrome/71.0.3578.98 Safari/537.36"
5.255.241.249 - - [29/Jan/2019:19:10:43 +0700] "GET /tracking.gif?email=ksu.vlasenko%40yandex.ru&mailing=377 HTTP/1.0" 200 197 "-" "Mozilla/5.0 (compatible; YandexImageResizer/2.0; +http://yandex.com/bots)"
5.255.241.242 - - [29/Jan/2019:19:10:56 +0700] "GET /tracking.gif?email=ksu.vlasenko%40yandex.ru&mailing=299 HTTP/1.0" 200 197 "-" "Mozilla/5.0 (compatible; YandexImageResizer/2.0; +http://yandex.com/bots)"
188.93.56.130 - - [29/Jan/2019:19:11:04 +0700] "GET /tracking.gif?email=gord.bagira%40mail.ru&mailing=377 HTTP/1.0" 200 197 "-" "Mozilla/5.0 (X11; Linux x86_64) AppleWebKit/537.36 (KHTML, like Gecko)"
62.68.141.61 - - [29/Jan/2019:19:11:04 +0700] "GET /tracking.gif?email=[%VAR%20RCPT.EMAIL%20ESCAPE=URL%]&mailing=[%VAR%20MAILING.ID%] HTTP/1.0" 200 197 "-" "Mozilla/5.0 (Macintosh; Intel Mac OS X 10_14_3) AppleWebKit/537.36 (KHTML, like Gecko) Chrome/71.0.3578.98 Safari/537.36"
212.19.19.41 - - [29/Jan/2019:19:11:05 +0700] "GET /tracking.gif?email=ranvil%40list.ru&mailing=330 HTTP/1.0" 200 197 "-" "Mozilla/5.0 (Macintosh; Intel Mac OS X 10_14_2) AppleWebKit/605.1.15 (KHTML, like Gecko)"
188.93.56.130 - - [29/Jan/2019:19:22:18 +0700] "GET /tracking.gif?email=alena.antonova.1982%40inbox.ru&mailing=384 HTTP/1.0" 200 197 "-" "Mozilla/5.0 (X11; Linux x86_64) AppleWebKit/537.36 (KHTML, like Gecko)"
188.93.56.130 - - [29/Jan/2019:19:22:53 +0700] "GET /tracking.gif?email=Misolga%40inbox.ru&mailing=375 HTTP/1.0" 200 197 "-" "Mozilla/5.0 (X11; Linux x86_64) AppleWebKit/537.36 (KHTML, like Gecko)"
188.93.56.130 - - [29/Jan/2019:19:26:02 +0700] "GET /tracking.gif?email=oksante%40bk.ru&mailing=344 HTTP/1.0" 200 197 "-" "Mozilla/5.0 (X11; Linux x86_64) AppleWebKit/537.36 (KHTML, like Gecko)"
188.93.56.121 - - [29/Jan/2019:19:30:00 +0700] "GET /tracking.gif?email=s-t_marat%40mail.ru&mailing=377 HTTP/1.0" 200 197 "-" "Mozilla/5.0 (X11; Linux x86_64) AppleWebKit/537.36 (KHTML, like Gecko)"
188.93.56.129 - - [29/Jan/2019:19:30:16 +0700] "GET /tracking.gif?email=zaptomsk%40mail.ru&mailing=345 HTTP/1.0" 200 197 "-" "Mozilla/5.0 (X11; Linux x86_64) AppleWebKit/537.36 (KHTML, like Gecko)"
5.165.214.127 - - [29/Jan/2019:19:34:23 +0700] "GET /tracking.gif?email=Abolmasova%40bk.ru&mailing=384 HTTP/1.0" 200 197 "-" "Mozilla/5.0 (iPad; CPU OS 9_3_5 like Mac OS X) AppleWebKit/601.1.46 (KHTML, like Gecko) Mobile/13G36"
