188.227.9.162 - - [05/Feb/2019:15:20:03 +0700] "GET /unsubscribe/?email=avgusta.olya%40mail.ru&mailing=311&confirmed=1 HTTP/1.0" 200 748 "http://mailing.etobilet.ru/unsubscribe/?email=avgusta.olya%40mail.ru&mailing=311" "Mozilla/5.0 (iPhone; CPU iPhone OS 12_0_1 like Mac OS X) AppleWebKit/605.1.15 (KHTML, like Gecko) Version/12.0 Mobile/15E148 Safari/604.1"
85.140.77.50 - - [05/Feb/2019:15:20:12 +0700] "GET /tracking.gif?email=vovanikolaeff%40icloud.com&mailing=430 HTTP/1.0" 200 197 "-" "Mozilla/5.0 (iPhone; CPU iPhone OS 12_1_3 like Mac OS X) AppleWebKit/605.1.15 (KHTML, like Gecko) Mobile/16D39"
188.93.56.124 - - [05/Feb/2019:15:21:58 +0700] "GET /tracking.gif?email=schigapowa.ilmira%40mail.ru&mailing=430 HTTP/1.0" 200 197 "-" "Mozilla/5.0 (X11; Linux x86_64) AppleWebKit/537.36 (KHTML, like Gecko)"
188.162.86.85 - - [05/Feb/2019:15:29:07 +0700] "GET /tracking.gif?email=Sekur2010%40gmail.com&mailing=435 HTTP/1.0" 200 197 "-" "Mozilla/5.0 (iPhone; CPU iPhone OS 12_1_2 like Mac OS X) AppleWebKit/605.1.15 (KHTML, like Gecko) Mobile/16C101"
188.93.56.124 - - [05/Feb/2019:15:32:44 +0700] "GET /tracking.gif?email=russkikh-sv%40mail.ru&mailing=430 HTTP/1.0" 200 197 "-" "Mozilla/5.0 (X11; Linux x86_64) AppleWebKit/537.36 (KHTML, like Gecko)"
188.93.56.121 - - [05/Feb/2019:15:51:55 +0700] "GET /tracking.gif?email=uka321%40mail.ru&mailing=380 HTTP/1.0" 200 197 "-" "Mozilla/5.0 (X11; Linux x86_64) AppleWebKit/537.36 (KHTML, like Gecko)"
188.93.56.127 - - [05/Feb/2019:15:54:05 +0700] "GET /tracking.gif?email=triniti_1987%40mail.ru&mailing=226 HTTP/1.0" 200 197 "-" "Mozilla/5.0 (X11; Linux x86_64) AppleWebKit/537.36 (KHTML, like Gecko)"
85.140.25.162 - - [05/Feb/2019:16:01:29 +0700] "GET /tracking.gif?email=aspyr1993%40gmail.com&mailing=409 HTTP/1.0" 200 197 "-" "Mozilla/5.0 (iPhone; CPU iPhone OS 12_1_2 like Mac OS X) AppleWebKit/605.1.15 (KHTML, like Gecko) Mobile/16C101"
188.93.56.122 - - [05/Feb/2019:16:02:02 +0700] "GET /tracking.gif?email=taxi115%40list.ru&mailing=343 HTTP/1.0" 200 197 "-" "Mozilla/5.0 (X11; Linux x86_64) AppleWebKit/537.36 (KHTML, like Gecko)"
66.102.9.17 - - [05/Feb/2019:16:03:46 +0700] "GET /tracking.gif?email=dreamingsiner%40gmail.com&mailing=384 HTTP/1.0" 200 197 "-" "Mozilla/5.0 (Windows NT 5.1; rv:11.0) Gecko Firefox/11.0 (via ggpht.com GoogleImageProxy)"
79.175.15.229 - - [05/Feb/2019:16:18:24 +0700] "GET /tracking.gif?email=Stazilov.k%40mail.ru&mailing=375 HTTP/1.0" 200 197 "-" "Mozilla/5.0 (Windows NT 10.0; Win64; x64) AppleWebKit/537.36 (KHTML, like Gecko) Chrome/51.0.2704.103 Safari/537.36 Mailbird/2.5.27.0/"
79.175.15.229 - - [05/Feb/2019:16:18:25 +0700] "GET /tracking.gif?email=Stazilov.k%40mail.ru&mailing=330 HTTP/1.0" 200 197 "-" "Mozilla/5.0 (Windows NT 10.0; Win64; x64) AppleWebKit/537.36 (KHTML, like Gecko) Chrome/51.0.2704.103 Safari/537.36 Mailbird/2.5.27.0/"
94.25.229.73 - - [05/Feb/2019:16:18:55 +0700] "GET /tracking.gif?email=avgusta.olya%40mail.ru&mailing=311 HTTP/1.0" 200 197 "-" "Mozilla/5.0 (iPhone; CPU iPhone OS 12_0_1 like Mac OS X) AppleWebKit/605.1.15 (KHTML, like Gecko) Mobile/16A404"
213.87.123.209 - - [05/Feb/2019:16:19:15 +0700] "GET /tracking.gif?email=yanchosgo%40gmail.com&mailing=435 HTTP/1.0" 200 197 "-" "Mozilla/5.0 (iPhone; CPU iPhone OS 12_0_1 like Mac OS X) AppleWebKit/605.1.15 (KHTML, like Gecko) Mobile/16A404"
213.87.123.209 - - [05/Feb/2019:16:19:34 +0700] "GET /tracking.gif?email=yanchosgo%40gmail.com&mailing=375 HTTP/1.0" 200 197 "-" "Mozilla/5.0 (iPhone; CPU iPhone OS 12_0_1 like Mac OS X) AppleWebKit/605.1.15 (KHTML, like Gecko) Mobile/16A404"
213.87.123.209 - - [05/Feb/2019:16:19:46 +0700] "GET /tracking.gif?email=yanchosgo%40gmail.com&mailing=330 HTTP/1.0" 200 197 "-" "Mozilla/5.0 (iPhone; CPU iPhone OS 12_0_1 like Mac OS X) AppleWebKit/605.1.15 (KHTML, like Gecko) Mobile/16A404"
81.19.78.160 - - [05/Feb/2019:16:22:16 +0700] "GET /tracking.gif?email=kazmac%40rambler.ru&mailing=463 HTTP/1.0" 200 197 "https://mail.rambler.ru/" "RamblerMail/6.0 (incompatible; ImageProxy/6.0)"
188.93.56.124 - - [05/Feb/2019:16:25:50 +0700] "GET /tracking.gif?email=esp24%40inbox.ru&mailing=384 HTTP/1.0" 200 197 "-" "Mozilla/5.0 (X11; Linux x86_64) AppleWebKit/537.36 (KHTML, like Gecko)"
109.197.122.146 - - [05/Feb/2019:16:25:57 +0700] "GET /unsubscribe/?email=esp24%40inbox.ru&mailing=384 HTTP/1.0" 200 954 "-" "Mozilla/5.0 (Windows NT 6.1; Win64; x64) AppleWebKit/537.36 (KHTML, like Gecko) Chrome/71.0.3578.98 Safari/537.36"
109.197.122.146 - - [05/Feb/2019:16:25:57 +0700] "GET /img/popcorn.svg HTTP/1.0" 200 1187 "http://mailing.etobilet.ru/css/main.css" "Mozilla/5.0 (Windows NT 6.1; Win64; x64) AppleWebKit/537.36 (KHTML, like Gecko) Chrome/71.0.3578.98 Safari/537.36"
66.102.9.14 - - [05/Feb/2019:16:30:20 +0700] "GET /tracking.gif?email=travkaartem%40gmail.com&mailing=370 HTTP/1.0" 200 197 "-" "Mozilla/5.0 (Windows NT 5.1; rv:11.0) Gecko Firefox/11.0 (via ggpht.com GoogleImageProxy)"
188.93.56.128 - - [05/Feb/2019:16:40:26 +0700] "GET /tracking.gif?email=alexandra_7%40list.ru&mailing=340 HTTP/1.0" 200 197 "-" "Mozilla/5.0 (X11; Linux x86_64) AppleWebKit/537.36 (KHTML, like Gecko)"
66.102.9.14 - - [05/Feb/2019:16:47:47 +0700] "GET /tracking.gif?email=aquamary2015%40gmail.com&mailing=370 HTTP/1.0" 200 197 "-" "Mozilla/5.0 (Windows NT 5.1; rv:11.0) Gecko Firefox/11.0 (via ggpht.com GoogleImageProxy)"
188.93.56.124 - - [05/Feb/2019:16:49:42 +0700] "GET /tracking.gif?email=paleeva.alina%40mail.ru&mailing=435 HTTP/1.0" 200 197 "-" "Mozilla/5.0 (X11; Linux x86_64) AppleWebKit/537.36 (KHTML, like Gecko)"
188.93.56.124 - - [05/Feb/2019:16:49:54 +0700] "GET /tracking.gif?email=paleeva.alina%40mail.ru&mailing=375 HTTP/1.0" 200 197 "-" "Mozilla/5.0 (X11; Linux x86_64) AppleWebKit/537.36 (KHTML, like Gecko)"
188.93.56.124 - - [05/Feb/2019:16:50:07 +0700] "GET /tracking.gif?email=paleeva.alina%40mail.ru&mailing=330 HTTP/1.0" 200 197 "-" "Mozilla/5.0 (X11; Linux x86_64) AppleWebKit/537.36 (KHTML, like Gecko)"
62.68.141.42 - - [05/Feb/2019:16:51:48 +0700] "GET /tracking.gif?email=vka%40nikolas.ru&mailing=488 HTTP/1.0" 200 197 "-" "Mozilla/4.0 (compatible; MSIE 7.0; Windows NT 10.0; Win64; x64; Trident/7.0; .NET4.0C; .NET4.0E; Microsoft Outlook 16.0.4573; ms-office; MSOffice 16)"
62.68.141.42 - - [05/Feb/2019:16:54:07 +0700] "GET /tracking.gif?email=vka%40nikolas.ru&mailing=489 HTTP/1.0" 200 197 "-" "Mozilla/4.0 (compatible; MSIE 7.0; Windows NT 10.0; Win64; x64; Trident/7.0; .NET4.0C; .NET4.0E; Microsoft Outlook 16.0.4573; ms-office; MSOffice 16)"
62.68.141.42 - - [05/Feb/2019:16:54:21 +0700] "GET /tracking.gif?email=vka%40nikolas.ru&mailing=490 HTTP/1.0" 200 197 "-" "Mozilla/4.0 (compatible; MSIE 7.0; Windows NT 10.0; Win64; x64; Trident/7.0; .NET4.0C; .NET4.0E; Microsoft Outlook 16.0.4573; ms-office; MSOffice 16)"
62.68.141.42 - - [05/Feb/2019:16:54:25 +0700] "GET /tracking.gif?email=vka%40nikolas.ru&mailing=491 HTTP/1.0" 200 197 "-" "Mozilla/4.0 (compatible; MSIE 7.0; Windows NT 10.0; Win64; x64; Trident/7.0; .NET4.0C; .NET4.0E; Microsoft Outlook 16.0.4573; ms-office; MSOffice 16)"
62.68.141.42 - - [05/Feb/2019:16:54:30 +0700] "GET /tracking.gif?email=vka%40nikolas.ru&mailing=490 HTTP/1.0" 200 197 "-" "Mozilla/4.0 (compatible; MSIE 7.0; Windows NT 10.0; Win64; x64; Trident/7.0; .NET4.0C; .NET4.0E; Microsoft Outlook 16.0.4573; ms-office; MSOffice 16)"
62.68.141.42 - - [05/Feb/2019:16:54:33 +0700] "GET /tracking.gif?email=vka%40nikolas.ru&mailing=489 HTTP/1.0" 200 197 "-" "Mozilla/4.0 (compatible; MSIE 7.0; Windows NT 10.0; Win64; x64; Trident/7.0; .NET4.0C; .NET4.0E; Microsoft Outlook 16.0.4573; ms-office; MSOffice 16)"
62.68.141.42 - - [05/Feb/2019:16:54:48 +0700] "GET /tracking.gif?email=vka%40nikolas.ru&mailing=491 HTTP/1.0" 200 197 "-" "Mozilla/4.0 (compatible; MSIE 7.0; Windows NT 10.0; Win64; x64; Trident/7.0; .NET4.0C; .NET4.0E; Microsoft Outlook 16.0.4573; ms-office; MSOffice 16)"
62.68.141.42 - - [05/Feb/2019:16:54:48 +0700] "GET /tracking.gif?email=vka%40nikolas.ru&mailing=490 HTTP/1.0" 200 197 "-" "Mozilla/4.0 (compatible; MSIE 7.0; Windows NT 10.0; Win64; x64; Trident/7.0; .NET4.0C; .NET4.0E; Microsoft Outlook 16.0.4573; ms-office; MSOffice 16)"
62.68.141.42 - - [05/Feb/2019:16:54:49 +0700] "GET /tracking.gif?email=vka%40nikolas.ru&mailing=488 HTTP/1.0" 200 197 "-" "Mozilla/4.0 (compatible; MSIE 7.0; Windows NT 10.0; Win64; x64; Trident/7.0; .NET4.0C; .NET4.0E; Microsoft Outlook 16.0.4573; ms-office; MSOffice 16)"
62.68.141.42 - - [05/Feb/2019:16:54:50 +0700] "GET /tracking.gif?email=vka%40nikolas.ru&mailing=489 HTTP/1.0" 200 197 "-" "Mozilla/4.0 (compatible; MSIE 7.0; Windows NT 10.0; Win64; x64; Trident/7.0; .NET4.0C; .NET4.0E; Microsoft Outlook 16.0.4573; ms-office; MSOffice 16)"
62.68.141.42 - - [05/Feb/2019:16:56:08 +0700] "GET /tracking.gif?email=vka%40nikolas.ru&mailing=492 HTTP/1.0" 200 197 "-" "Mozilla/4.0 (compatible; MSIE 7.0; Windows NT 10.0; Win64; x64; Trident/7.0; .NET4.0C; .NET4.0E; Microsoft Outlook 16.0.4573; ms-office; MSOffice 16)"
62.68.141.42 - - [05/Feb/2019:16:56:14 +0700] "GET /tracking.gif?email=vka%40nikolas.ru&mailing=488 HTTP/1.0" 200 197 "-" "Mozilla/4.0 (compatible; MSIE 7.0; Windows NT 10.0; Win64; x64; Trident/7.0; .NET4.0C; .NET4.0E; Microsoft Outlook 16.0.4573; ms-office; MSOffice 16)"
62.68.141.42 - - [05/Feb/2019:16:59:10 +0700] "GET /tracking.gif?email=vka%40nikolas.ru&mailing=493 HTTP/1.0" 200 197 "-" "Mozilla/4.0 (compatible; MSIE 7.0; Windows NT 10.0; Win64; x64; Trident/7.0; .NET4.0C; .NET4.0E; Microsoft Outlook 16.0.4573; ms-office; MSOffice 16)"
62.68.141.42 - - [05/Feb/2019:16:59:18 +0700] "GET /tracking.gif?email=vka%40nikolas.ru&mailing=495 HTTP/1.0" 200 197 "-" "Mozilla/4.0 (compatible; MSIE 7.0; Windows NT 10.0; Win64; x64; Trident/7.0; .NET4.0C; .NET4.0E; Microsoft Outlook 16.0.4573; ms-office; MSOffice 16)"
62.68.141.42 - - [05/Feb/2019:16:59:33 +0700] "GET /tracking.gif?email=vka%40nikolas.ru&mailing=495 HTTP/1.0" 200 197 "-" "Mozilla/4.0 (compatible; MSIE 7.0; Windows NT 10.0; Win64; x64; Trident/7.0; .NET4.0C; .NET4.0E; Microsoft Outlook 16.0.4573; ms-office; MSOffice 16)"
62.68.141.42 - - [05/Feb/2019:16:59:36 +0700] "GET /tracking.gif?email=vka%40nikolas.ru&mailing=397 HTTP/1.0" 200 197 "-" "Mozilla/4.0 (compatible; MSIE 7.0; Windows NT 10.0; Win64; x64; Trident/7.0; .NET4.0C; .NET4.0E; Microsoft Outlook 16.0.4573; ms-office; MSOffice 16)"
62.68.141.42 - - [05/Feb/2019:16:59:47 +0700] "GET /tracking.gif?email=vka%40nikolas.ru&mailing=270 HTTP/1.0" 200 197 "-" "Mozilla/4.0 (compatible; MSIE 7.0; Windows NT 10.0; Win64; x64; Trident/7.0; .NET4.0C; .NET4.0E; Microsoft Outlook 16.0.4573; ms-office; MSOffice 16)"
62.68.141.42 - - [05/Feb/2019:16:59:47 +0700] "GET /tracking.gif?email=vka%40nikolas.ru&mailing=270 HTTP/1.0" 200 197 "-" "Mozilla/4.0 (compatible; MSIE 7.0; Windows NT 10.0; Win64; x64; Trident/7.0; .NET4.0C; .NET4.0E; Microsoft Outlook 16.0.4573; ms-office; MSOffice 16)"
94.158.10.142 - - [05/Feb/2019:17:03:39 +0700] "GET /tracking.gif?email=94kin%40mail.ru&mailing=320 HTTP/1.0" 200 197 "-" "Mozilla/5.0 (iPad; CPU OS 12_0_1 like Mac OS X) AppleWebKit/605.1.15 (KHTML, like Gecko) Mobile/16A404"
188.162.86.167 - - [05/Feb/2019:17:04:17 +0700] "GET /tracking.gif?email=nailidrisov0387%40icloud.com&mailing=435 HTTP/1.0" 200 197 "-" "Mozilla/5.0 (iPhone; CPU iPhone OS 11_4 like Mac OS X) AppleWebKit/605.1.15 (KHTML, like Gecko) Mobile/15F79"
188.162.245.106 - - [05/Feb/2019:17:04:45 +0700] "GET /tracking.gif?email=tube2999%40mail.ru&mailing=340 HTTP/1.0" 200 197 "-" "Mozilla/5.0 (Linux; Android 6.0; Redmi Note 4 Build/MRA58K; wv) AppleWebKit/537.36 (KHTML, like Gecko) Version/4.0 Chrome/72.0.3626.76 Mobile Safari/537.36"
188.162.86.167 - - [05/Feb/2019:17:05:12 +0700] "GET /tracking.gif?email=nailidrisov0387%40icloud.com&mailing=375 HTTP/1.0" 200 197 "-" "Mozilla/5.0 (iPhone; CPU iPhone OS 11_4 like Mac OS X) AppleWebKit/605.1.15 (KHTML, like Gecko) Mobile/15F79"
188.93.56.128 - - [05/Feb/2019:17:08:13 +0700] "GET /tracking.gif?email=dudko123%40mail.ru&mailing=435 HTTP/1.0" 200 197 "-" "Mozilla/5.0 (X11; Linux x86_64) AppleWebKit/537.36 (KHTML, like Gecko)"
62.68.141.42 - - [05/Feb/2019:17:08:34 +0700] "GET /tracking.gif?email=vka%40nikolas.ru&mailing=495 HTTP/1.0" 200 197 "-" "Mozilla/4.0 (compatible; MSIE 7.0; Windows NT 10.0; Win64; x64; Trident/7.0; .NET4.0C; .NET4.0E; Microsoft Outlook 16.0.4573; ms-office; MSOffice 16)"
62.68.141.42 - - [05/Feb/2019:17:09:02 +0700] "GET /tracking.gif?email=vka%40nikolas.ru&mailing=495 HTTP/1.0" 200 197 "-" "Mozilla/4.0 (compatible; MSIE 7.0; Windows NT 10.0; Win64; x64; Trident/7.0; .NET4.0C; .NET4.0E; Microsoft Outlook 16.0.4573; ms-office; MSOffice 16)"
176.59.144.171 - - [05/Feb/2019:17:14:11 +0700] "GET /tracking.gif?email=kis_aleksiy%40mail.ru&mailing=435 HTTP/1.0" 200 197 "-" "Mozilla/5.0 (iPhone; CPU iPhone OS 12_1 like Mac OS X) AppleWebKit/605.1.15 (KHTML, like Gecko) Mobile/16B92"
188.162.86.167 - - [05/Feb/2019:17:18:45 +0700] "GET /tracking.gif?email=nailidrisov0387%40icloud.com&mailing=375 HTTP/1.0" 200 197 "-" "Mozilla/5.0 (iPhone; CPU iPhone OS 11_4 like Mac OS X) AppleWebKit/605.1.15 (KHTML, like Gecko) Mobile/15F79"
188.93.56.130 - - [05/Feb/2019:17:30:55 +0700] "GET /tracking.gif?email=Evgen_0052kn%40list.ru&mailing=191 HTTP/1.0" 200 197 "-" "Mozilla/5.0 (X11; Linux x86_64) AppleWebKit/537.36 (KHTML, like Gecko)"
217.118.79.45 - - [05/Feb/2019:17:31:05 +0700] "GET /tracking.gif?email=omskbratva%40mail.ru&mailing=435 HTTP/1.0" 200 197 "-" "Mozilla/5.0 (iPhone; CPU iPhone OS 12_1_2 like Mac OS X) AppleWebKit/605.1.15 (KHTML, like Gecko) Mobile/16C101"
188.93.56.128 - - [05/Feb/2019:17:32:01 +0700] "GET /tracking.gif?email=m.skripkin%40mail.ru&mailing=345 HTTP/1.0" 200 197 "-" "Mozilla/5.0 (X11; Linux x86_64) AppleWebKit/537.36 (KHTML, like Gecko)"
188.93.56.122 - - [05/Feb/2019:17:32:03 +0700] "GET /tracking.gif?email=uljasheva-ljuba%40mail.ru&mailing=463 HTTP/1.0" 200 197 "-" "Mozilla/5.0 (X11; Linux x86_64) AppleWebKit/537.36 (KHTML, like Gecko)"
188.18.54.161 - - [05/Feb/2019:17:32:21 +0700] "GET /unsubscribe/?email=uljasheva-ljuba%40mail.ru&mailing=463 HTTP/1.0" 200 996 "-" "Mozilla/5.0 (Windows NT 6.1; Win64; x64) AppleWebKit/537.36 (KHTML, like Gecko) Chrome/72.0.3626.81 Safari/537.36"
188.18.54.161 - - [05/Feb/2019:17:32:21 +0700] "GET /img/popcorn.svg HTTP/1.0" 200 1187 "http://mailing.etobilet.ru/css/main.css" "Mozilla/5.0 (Windows NT 6.1; Win64; x64) AppleWebKit/537.36 (KHTML, like Gecko) Chrome/72.0.3626.81 Safari/537.36"
188.18.54.161 - - [05/Feb/2019:17:32:26 +0700] "GET /unsubscribe/?email=uljasheva-ljuba%40mail.ru&mailing=463&confirmed=1 HTTP/1.0" 200 753 "http://mailing.etobilet.ru/unsubscribe/?email=uljasheva-ljuba%40mail.ru&mailing=463" "Mozilla/5.0 (Windows NT 6.1; Win64; x64) AppleWebKit/537.36 (KHTML, like Gecko) Chrome/72.0.3626.81 Safari/537.36"
188.93.56.129 - - [05/Feb/2019:17:33:05 +0700] "GET /tracking.gif?email=uljasheva-ljuba%40mail.ru&mailing=463 HTTP/1.0" 200 197 "-" "Mozilla/5.0 (X11; Linux x86_64) AppleWebKit/537.36 (KHTML, like Gecko)"
95.189.162.139 - - [05/Feb/2019:17:34:13 +0700] "GET /tracking.gif?email=colinmcrae666%40rambler.ru&mailing=409 HTTP/1.0" 200 197 "-" "Mozilla/5.0 (Linux; Android 8.0.0; SM-G950F Build/R16NW; wv) AppleWebKit/537.36 (KHTML, like Gecko) Version/4.0 Chrome/71.0.3578.99 Mobile Safari/537.36"
66.102.9.17 - - [05/Feb/2019:17:35:11 +0700] "GET /tracking.gif?email=ifarkhutdinov%40gmail.com&mailing=430 HTTP/1.0" 200 197 "-" "Mozilla/5.0 (Windows NT 5.1; rv:11.0) Gecko Firefox/11.0 (via ggpht.com GoogleImageProxy)"
109.144.209.58 - - [05/Feb/2019:17:41:04 +0700] "GET /tracking.gif?email=garimova%40me.com&mailing=317 HTTP/1.0" 200 197 "-" "Mozilla/5.0 (iPhone; CPU iPhone OS 12_1_2 like Mac OS X) AppleWebKit/605.1.15 (KHTML, like Gecko) Mobile/16C101"
188.93.56.121 - - [05/Feb/2019:17:43:04 +0700] "GET /tracking.gif?email=xrapov1579%40mail.ru&mailing=343 HTTP/1.0" 200 197 "-" "Mozilla/5.0 (X11; Linux x86_64) AppleWebKit/537.36 (KHTML, like Gecko)"
188.93.56.121 - - [05/Feb/2019:17:43:10 +0700] "GET /tracking.gif?email=xrapov1579%40mail.ru&mailing=384 HTTP/1.0" 200 197 "-" "Mozilla/5.0 (X11; Linux x86_64) AppleWebKit/537.36 (KHTML, like Gecko)"
62.68.141.35 - - [05/Feb/2019:17:48:05 +0700] "GET /tracking.gif?email=sda%40nikolas.ru&mailing=492 HTTP/1.0" 200 197 "-" "Mozilla/5.0 (compatible; MSIE 10.0; Windows NT 10.0; WOW64; Trident/7.0; Microsoft Outlook 16.0.11126; ms-office; MSOffice 16)"
62.68.141.35 - - [05/Feb/2019:17:48:33 +0700] "GET /tracking.gif?email=sda%40nikolas.ru&mailing=492 HTTP/1.0" 200 197 "-" "Mozilla/5.0 (compatible; MSIE 10.0; Windows NT 10.0; WOW64; Trident/7.0; Microsoft Outlook 16.0.11126; ms-office; MSOffice 16)"
31.173.103.198 - - [05/Feb/2019:17:55:23 +0700] "GET /tracking.gif?email=freeon_r12%40icloud.com&mailing=435 HTTP/1.0" 200 197 "-" "Mozilla/5.0 (iPhone; CPU iPhone OS 12_1_3 like Mac OS X) AppleWebKit/605.1.15 (KHTML, like Gecko) Mobile/16D39"
188.93.56.130 - - [05/Feb/2019:17:56:21 +0700] "GET /tracking.gif?email=vika_0660%40mail.ru&mailing=274 HTTP/1.0" 200 197 "-" "Mozilla/5.0 (X11; Linux x86_64) AppleWebKit/537.36 (KHTML, like Gecko)"
62.68.141.35 - - [05/Feb/2019:18:05:15 +0700] "GET /tracking.gif?email=sda%40nikolas.ru&mailing=492 HTTP/1.0" 200 197 "-" "Mozilla/5.0 (compatible; MSIE 10.0; Windows NT 10.0; WOW64; Trident/7.0; Microsoft Outlook 16.0.11126; ms-office; MSOffice 16)"
188.93.56.127 - - [05/Feb/2019:18:09:39 +0700] "GET /tracking.gif?email=ieghik96%40mail.ru&mailing=430 HTTP/1.0" 200 197 "-" "Mozilla/5.0 (X11; Linux x86_64) AppleWebKit/537.36 (KHTML, like Gecko)"
188.93.56.128 - - [05/Feb/2019:18:13:43 +0700] "GET /tracking.gif?email=kistner%40galaktika-omsk.ru&mailing=400 HTTP/1.0" 200 197 "-" "Mozilla/5.0 (X11; Linux x86_64) AppleWebKit/537.36 (KHTML, like Gecko)"
188.93.56.128 - - [05/Feb/2019:18:14:51 +0700] "GET /tracking.gif?email=kistner%40galaktika-omsk.ru&mailing=398 HTTP/1.0" 200 197 "-" "Mozilla/5.0 (X11; Linux x86_64) AppleWebKit/537.36 (KHTML, like Gecko)"
188.93.56.122 - - [05/Feb/2019:18:21:21 +0700] "GET /tracking.gif?email=kistner%40galaktika-omsk.ru&mailing=398 HTTP/1.0" 200 197 "-" "Mozilla/5.0 (X11; Linux x86_64) AppleWebKit/537.36 (KHTML, like Gecko)"
188.93.56.121 - - [05/Feb/2019:18:22:13 +0700] "GET /tracking.gif?email=ksmvk13%40mail.ru&mailing=435 HTTP/1.0" 200 197 "-" "Mozilla/5.0 (X11; Linux x86_64) AppleWebKit/537.36 (KHTML, like Gecko)"
188.93.56.123 - - [05/Feb/2019:18:37:11 +0700] "GET /tracking.gif?email=appl178%40mail.ru&mailing=330 HTTP/1.0" 200 197 "-" "Mozilla/5.0 (X11; Linux x86_64) AppleWebKit/537.36 (KHTML, like Gecko)"
66.102.9.14 - - [05/Feb/2019:18:38:39 +0700] "GET /tracking.gif?email=artemartem8484%40gmail.com&mailing=327 HTTP/1.0" 200 197 "-" "Mozilla/5.0 (Windows NT 5.1; rv:11.0) Gecko Firefox/11.0 (via ggpht.com GoogleImageProxy)"
188.93.56.129 - - [05/Feb/2019:18:38:52 +0700] "GET /tracking.gif?email=moonwulf%40list.ru&mailing=435 HTTP/1.0" 200 197 "-" "Mozilla/5.0 (X11; Linux x86_64) AppleWebKit/537.36 (KHTML, like Gecko)"
188.93.56.123 - - [05/Feb/2019:18:39:17 +0700] "GET /tracking.gif?email=appl178%40mail.ru&mailing=274 HTTP/1.0" 200 197 "-" "Mozilla/5.0 (X11; Linux x86_64) AppleWebKit/537.36 (KHTML, like Gecko)"
188.93.56.123 - - [05/Feb/2019:18:39:26 +0700] "GET /tracking.gif?email=appl178%40mail.ru&mailing=241 HTTP/1.0" 200 197 "-" "Mozilla/5.0 (X11; Linux x86_64) AppleWebKit/537.36 (KHTML, like Gecko)"
93.158.130.165 - - [05/Feb/2019:18:44:35 +0700] "GET /tracking.gif?email=ksu.vlasenko%40yandex.ru&mailing=482 HTTP/1.0" 200 197 "-" "Mozilla/5.0 (compatible; YandexImageResizer/2.0; +http://yandex.com/bots)"
188.93.56.123 - - [05/Feb/2019:18:44:50 +0700] "GET /tracking.gif?email=marketing%40smi55.com&mailing=375 HTTP/1.0" 200 197 "-" "Mozilla/5.0 (X11; Linux x86_64) AppleWebKit/537.36 (KHTML, like Gecko)"
188.93.56.127 - - [05/Feb/2019:18:45:45 +0700] "GET /tracking.gif?email=ayshan.mamedova.2014%40mail.ru&mailing=430 HTTP/1.0" 200 197 "-" "Mozilla/5.0 (X11; Linux x86_64) AppleWebKit/537.36 (KHTML, like Gecko)"
66.102.9.14 - - [05/Feb/2019:18:46:43 +0700] "GET /tracking.gif?email=vikamalinovkina%40gmail.com&mailing=435 HTTP/1.0" 200 197 "-" "Mozilla/5.0 (Windows NT 5.1; rv:11.0) Gecko Firefox/11.0 (via ggpht.com GoogleImageProxy)"
188.93.56.123 - - [05/Feb/2019:18:46:46 +0700] "GET /tracking.gif?email=marketing%40smi55.com&mailing=274 HTTP/1.0" 200 197 "-" "Mozilla/5.0 (X11; Linux x86_64) AppleWebKit/537.36 (KHTML, like Gecko)"
37.9.65.75 - - [05/Feb/2019:18:49:22 +0700] "GET /tracking.gif?email=ksu.vlasenko%40yandex.ru&mailing=88 HTTP/1.0" 200 197 "-" "Mozilla/5.0 (compatible; YandexImageResizer/2.0; +http://yandex.com/bots)"
85.140.14.117 - - [05/Feb/2019:18:50:03 +0700] "GET /tracking.gif?email=levelizrom1997%40rambler.ru&mailing=463 HTTP/1.0" 200 197 "-" "Mozilla/5.0 (iPhone; CPU iPhone OS 12_1_2 like Mac OS X) AppleWebKit/605.1.15 (KHTML, like Gecko) Mobile/16C101"
188.93.56.128 - - [05/Feb/2019:18:50:13 +0700] "GET /tracking.gif?email=lobastov69%40mail.ru&mailing=384 HTTP/1.0" 200 197 "-" "Mozilla/5.0 (X11; Linux x86_64) AppleWebKit/537.36 (KHTML, like Gecko)"
188.93.56.122 - - [05/Feb/2019:18:50:28 +0700] "GET /tracking.gif?email=lobastov69%40mail.ru&mailing=384 HTTP/1.0" 200 197 "-" "Mozilla/5.0 (X11; Linux x86_64) AppleWebKit/537.36 (KHTML, like Gecko)"
62.68.141.42 - - [05/Feb/2019:18:56:58 +0700] "GET /browse/?mailing=91 HTTP/1.0" 200 154717 "-" "Mozilla/5.0 (Windows NT 10.0; Win64; x64) AppleWebKit/537.36 (KHTML, like Gecko) Chrome/71.0.3578.98 Safari/537.36"
62.68.141.42 - - [05/Feb/2019:18:56:59 +0700] "GET /tracking.gif?email=unknown%40example.com&mailing=91 HTTP/1.0" 200 197 "http://mailing.etobilet.ru/browse/?mailing=91" "Mozilla/5.0 (Windows NT 10.0; Win64; x64) AppleWebKit/537.36 (KHTML, like Gecko) Chrome/71.0.3578.98 Safari/537.36"
188.93.56.125 - - [05/Feb/2019:18:57:28 +0700] "GET /tracking.gif?email=govorishsheva%40mail.ru&mailing=430 HTTP/1.0" 200 197 "-" "Mozilla/5.0 (X11; Linux x86_64) AppleWebKit/537.36 (KHTML, like Gecko)"
188.93.56.125 - - [05/Feb/2019:18:58:24 +0700] "GET /tracking.gif?email=govorishsheva%40mail.ru&mailing=339 HTTP/1.0" 200 197 "-" "Mozilla/5.0 (X11; Linux x86_64) AppleWebKit/537.36 (KHTML, like Gecko)"
188.93.56.125 - - [05/Feb/2019:18:59:19 +0700] "GET /tracking.gif?email=govorishsheva%40mail.ru&mailing=279 HTTP/1.0" 200 197 "-" "Mozilla/5.0 (X11; Linux x86_64) AppleWebKit/537.36 (KHTML, like Gecko)"
5.255.241.226 - - [05/Feb/2019:18:59:47 +0700] "GET /tracking.gif?email=polinisc%40yandex.ru&mailing=463 HTTP/1.0" 200 197 "-" "Mozilla/5.0 (compatible; YandexImageResizer/2.0; +http://yandex.com/bots)"
95.189.150.184 - - [05/Feb/2019:19:06:43 +0700] "GET /tracking.gif?email=pvlh%40mail.ru&mailing=435 HTTP/1.0" 200 197 "-" "Mozilla/5.0 (iPad; CPU OS 12_1_3 like Mac OS X) AppleWebKit/605.1.15 (KHTML, like Gecko) Mobile/16D39"
188.93.56.129 - - [05/Feb/2019:19:14:12 +0700] "GET /tracking.gif?email=selitra96%40mail.ru&mailing=241 HTTP/1.0" 200 197 "-" "Mozilla/5.0 (X11; Linux x86_64) AppleWebKit/537.36 (KHTML, like Gecko)"
188.93.56.128 - - [05/Feb/2019:19:24:15 +0700] "GET /tracking.gif?email=Siama_sun%40mail.ru&mailing=435 HTTP/1.0" 200 197 "-" "Mozilla/5.0 (X11; Linux x86_64) AppleWebKit/537.36 (KHTML, like Gecko)"
66.102.9.17 - - [05/Feb/2019:19:29:44 +0700] "GET /tracking.gif?email=sirena787198420%40gmail.com&mailing=430 HTTP/1.0" 200 197 "-" "Mozilla/5.0 (Windows NT 5.1; rv:11.0) Gecko Firefox/11.0 (via ggpht.com GoogleImageProxy)"
188.93.56.130 - - [05/Feb/2019:19:32:22 +0700] "GET /tracking.gif?email=sandra.vasileva.93%40mail.ru&mailing=435 HTTP/1.0" 200 197 "-" "Mozilla/5.0 (X11; Linux x86_64) AppleWebKit/537.36 (KHTML, like Gecko)"
194.15.59.85 - - [05/Feb/2019:19:36:20 +0700] "GET /tracking.gif?email=atacsha%40mail.ru&mailing=375 HTTP/1.0" 200 197 "-" "Mozilla/5.0 (Linux; Android 8.1.0; SM-J701F Build/M1AJQ; wv) AppleWebKit/537.36 (KHTML, like Gecko) Version/4.0 Chrome/71.0.3578.98 Mobile Safari/537.36"
194.15.59.85 - - [05/Feb/2019:19:36:27 +0700] "GET /tracking.gif?email=atacsha%40mail.ru&mailing=435 HTTP/1.0" 200 197 "-" "Mozilla/5.0 (Linux; Android 8.1.0; SM-J701F Build/M1AJQ; wv) AppleWebKit/537.36 (KHTML, like Gecko) Version/4.0 Chrome/71.0.3578.98 Mobile Safari/537.36"
95.174.219.130 - - [05/Feb/2019:19:36:30 +0700] "GET /tracking.gif?email=arina220395%40gmail.com&mailing=286 HTTP/1.0" 200 197 "-" "Mozilla/5.0 (iPhone; CPU iPhone OS 12_1_2 like Mac OS X) AppleWebKit/605.1.15 (KHTML, like Gecko) Mobile/16C101"
95.174.219.130 - - [05/Feb/2019:19:36:31 +0700] "GET /tracking.gif?email=arina220395%40gmail.com&mailing=257 HTTP/1.0" 200 197 "-" "Mozilla/5.0 (iPhone; CPU iPhone OS 12_1_2 like Mac OS X) AppleWebKit/605.1.15 (KHTML, like Gecko) Mobile/16C101"
188.93.56.123 - - [05/Feb/2019:19:36:46 +0700] "GET /tracking.gif?email=myhome-book%40mail.ru&mailing=435 HTTP/1.0" 200 197 "-" "Mozilla/5.0 (X11; Linux x86_64) AppleWebKit/537.36 (KHTML, like Gecko)"
188.93.56.123 - - [05/Feb/2019:19:41:43 +0700] "GET /tracking.gif?email=natasha29.94%40mail.ru&mailing=384 HTTP/1.0" 200 197 "-" "Mozilla/5.0 (X11; Linux x86_64) AppleWebKit/537.36 (KHTML, like Gecko)"
188.93.56.123 - - [05/Feb/2019:19:41:52 +0700] "GET /tracking.gif?email=natasha29.94%40mail.ru&mailing=343 HTTP/1.0" 200 197 "-" "Mozilla/5.0 (X11; Linux x86_64) AppleWebKit/537.36 (KHTML, like Gecko)"
188.93.56.126 - - [05/Feb/2019:19:41:54 +0700] "GET /tracking.gif?email=Siama_sun%40mail.ru&mailing=330 HTTP/1.0" 200 197 "-" "Mozilla/5.0 (X11; Linux x86_64) AppleWebKit/537.36 (KHTML, like Gecko)"
188.93.56.130 - - [05/Feb/2019:19:55:44 +0700] "GET /tracking.gif?email=afan.wlad%40mail.ru&mailing=370 HTTP/1.0" 200 197 "-" "Mozilla/5.0 (X11; Linux x86_64) AppleWebKit/537.36 (KHTML, like Gecko)"
62.68.141.35 - - [05/Feb/2019:19:58:05 +0700] "GET /tracking.gif?email=sda%40nikolas.ru&mailing=492 HTTP/1.0" 200 197 "-" "Mozilla/5.0 (compatible; MSIE 10.0; Windows NT 10.0; WOW64; Trident/7.0; Microsoft Outlook 16.0.11126; ms-office; MSOffice 16)"
62.68.141.35 - - [05/Feb/2019:19:58:18 +0700] "GET /tracking.gif?email=sda%40nikolas.ru&mailing=492 HTTP/1.0" 200 197 "-" "Mozilla/5.0 (compatible; MSIE 10.0; Windows NT 10.0; WOW64; Trident/7.0; Microsoft Outlook 16.0.11126; ms-office; MSOffice 16)"
66.102.9.14 - - [05/Feb/2019:20:00:04 +0700] "GET /tracking.gif?email=marina.maru1199%40gmail.com&mailing=375 HTTP/1.0" 200 197 "-" "Mozilla/5.0 (Windows NT 5.1; rv:11.0) Gecko Firefox/11.0 (via ggpht.com GoogleImageProxy)"
46.236.131.85 - - [05/Feb/2019:20:02:49 +0700] "GET /tracking.gif?email=Askouzmin%40rambler.ru&mailing=343 HTTP/1.0" 200 197 "-" "Mozilla/5.0 (iPhone; CPU iPhone OS 12_1_2 like Mac OS X) AppleWebKit/605.1.15 (KHTML, like Gecko) Mobile/16C101"
188.93.56.124 - - [05/Feb/2019:20:04:14 +0700] "GET /tracking.gif?email=Tyumenceva.0281%40mail.ru&mailing=384 HTTP/1.0" 200 197 "-" "Mozilla/5.0 (X11; Linux x86_64) AppleWebKit/537.36 (KHTML, like Gecko)"
188.93.56.130 - - [05/Feb/2019:20:13:02 +0700] "GET /tracking.gif?email=Siama_sun%40mail.ru&mailing=274 HTTP/1.0" 200 197 "-" "Mozilla/5.0 (X11; Linux x86_64) AppleWebKit/537.36 (KHTML, like Gecko)"
188.93.56.128 - - [05/Feb/2019:20:16:43 +0700] "GET /tracking.gif?email=aidav_hm%40mail.ru&mailing=463 HTTP/1.0" 200 197 "-" "Mozilla/5.0 (X11; Linux x86_64) AppleWebKit/537.36 (KHTML, like Gecko)"
94.137.36.116 - - [05/Feb/2019:20:17:56 +0700] "GET /tracking.gif?email=kt-1-2%40mail.ru&mailing=435 HTTP/1.0" 200 197 "-" "Mozilla/5.0 (Linux; Android 8.0.0; FIG-LX1 Build/HUAWEIFIG-LX1; wv) AppleWebKit/537.36 (KHTML, like Gecko) Version/4.0 Chrome/72.0.3626.76 Mobile Safari/537.36"
188.93.56.130 - - [05/Feb/2019:20:21:44 +0700] "GET /tracking.gif?email=Siama_sun%40mail.ru&mailing=241 HTTP/1.0" 200 197 "-" "Mozilla/5.0 (X11; Linux x86_64) AppleWebKit/537.36 (KHTML, like Gecko)"
66.102.9.20 - - [05/Feb/2019:20:22:40 +0700] "GET /tracking.gif?email=999lss55%40gmail.com&mailing=375 HTTP/1.0" 200 197 "-" "Mozilla/5.0 (Windows NT 5.1; rv:11.0) Gecko Firefox/11.0 (via ggpht.com GoogleImageProxy)"
66.102.9.14 - - [05/Feb/2019:20:22:49 +0700] "GET /tracking.gif?email=999lss55%40gmail.com&mailing=435 HTTP/1.0" 200 197 "-" "Mozilla/5.0 (Windows NT 5.1; rv:11.0) Gecko Firefox/11.0 (via ggpht.com GoogleImageProxy)"
212.96.206.201 - - [05/Feb/2019:20:24:27 +0700] "GET /tracking.gif?email=alekseevalg%40icloud.com&mailing=430 HTTP/1.0" 200 197 "-" "Mozilla/5.0 (iPhone; CPU iPhone OS 11_3 like Mac OS X) AppleWebKit/605.1.15 (KHTML, like Gecko) Mobile/15E302"
188.93.56.130 - - [05/Feb/2019:20:29:06 +0700] "GET /tracking.gif?email=Siama_sun%40mail.ru&mailing=191 HTTP/1.0" 200 197 "-" "Mozilla/5.0 (X11; Linux x86_64) AppleWebKit/537.36 (KHTML, like Gecko)"
188.93.56.128 - - [05/Feb/2019:20:38:11 +0700] "GET /tracking.gif?email=VADIMHARISOV7990%40MAIL.RU&mailing=430 HTTP/1.0" 200 197 "-" "Mozilla/5.0 (X11; Linux x86_64) AppleWebKit/537.36 (KHTML, like Gecko)"
188.93.56.127 - - [05/Feb/2019:20:38:13 +0700] "GET /tracking.gif?email=VADIMHARISOV7990%40MAIL.RU&mailing=377 HTTP/1.0" 200 197 "-" "Mozilla/5.0 (X11; Linux x86_64) AppleWebKit/537.36 (KHTML, like Gecko)"
93.158.130.183 - - [05/Feb/2019:20:42:50 +0700] "GET /tracking.gif?email=Kudryashovagalinka%40yandex.ru&mailing=430 HTTP/1.0" 200 197 "-" "Mozilla/5.0 (compatible; YandexImageResizer/2.0; +http://yandex.com/bots)"
93.158.130.176 - - [05/Feb/2019:20:43:52 +0700] "GET /tracking.gif?email=Kudryashovagalinka%40yandex.ru&mailing=377 HTTP/1.0" 200 197 "-" "Mozilla/5.0 (compatible; YandexImageResizer/2.0; +http://yandex.com/bots)"
93.158.130.183 - - [05/Feb/2019:20:44:06 +0700] "GET /tracking.gif?email=Kudryashovagalinka%40yandex.ru&mailing=339 HTTP/1.0" 200 197 "-" "Mozilla/5.0 (compatible; YandexImageResizer/2.0; +http://yandex.com/bots)"
188.93.56.123 - - [05/Feb/2019:20:45:14 +0700] "GET /tracking.gif?email=sashka-dagan%40mail.ru&mailing=343 HTTP/1.0" 200 197 "-" "Mozilla/5.0 (X11; Linux x86_64) AppleWebKit/537.36 (KHTML, like Gecko)"
66.102.9.17 - - [05/Feb/2019:20:45:54 +0700] "GET /tracking.gif?email=svaga24%40gmail.com&mailing=343 HTTP/1.0" 200 197 "-" "Mozilla/5.0 (Windows NT 5.1; rv:11.0) Gecko Firefox/11.0 (via ggpht.com GoogleImageProxy)"
66.102.9.17 - - [05/Feb/2019:20:45:54 +0700] "GET /tracking.gif?email=svaga24%40gmail.com&mailing=384 HTTP/1.0" 200 197 "-" "Mozilla/5.0 (Windows NT 5.1; rv:11.0) Gecko Firefox/11.0 (via ggpht.com GoogleImageProxy)"
46.233.237.159 - - [05/Feb/2019:20:51:26 +0700] "GET /tracking.gif?email=galya_030201%40mail.ru&mailing=435 HTTP/1.0" 200 197 "-" "Mozilla/5.0 (iPhone; CPU iPhone OS 12_1_2 like Mac OS X) AppleWebKit/605.1.15 (KHTML, like Gecko) Mobile/16C101"
188.93.56.128 - - [05/Feb/2019:20:54:33 +0700] "GET /tracking.gif?email=ksenia_ne_angel%40mail.ru&mailing=435 HTTP/1.0" 200 197 "-" "Mozilla/5.0 (X11; Linux x86_64) AppleWebKit/537.36 (KHTML, like Gecko)"
188.93.56.128 - - [05/Feb/2019:21:03:15 +0700] "GET /tracking.gif?email=tibekina_olga%40bk.ru&mailing=435 HTTP/1.0" 200 197 "-" "Mozilla/5.0 (X11; Linux x86_64) AppleWebKit/537.36 (KHTML, like Gecko)"
66.102.9.17 - - [05/Feb/2019:21:05:01 +0700] "GET /tracking.gif?email=tasha.vavina%40gmail.com&mailing=375 HTTP/1.0" 200 197 "-" "Mozilla/5.0 (Windows NT 5.1; rv:11.0) Gecko Firefox/11.0 (via ggpht.com GoogleImageProxy)"
66.102.9.20 - - [05/Feb/2019:21:05:02 +0700] "GET /tracking.gif?email=tasha.vavina%40gmail.com&mailing=435 HTTP/1.0" 200 197 "-" "Mozilla/5.0 (Windows NT 5.1; rv:11.0) Gecko Firefox/11.0 (via ggpht.com GoogleImageProxy)"
188.93.56.123 - - [05/Feb/2019:21:06:32 +0700] "GET /tracking.gif?email=lyuda.khokhlova.79%40mail.ru&mailing=435 HTTP/1.0" 200 197 "-" "Mozilla/5.0 (X11; Linux x86_64) AppleWebKit/537.36 (KHTML, like Gecko)"
188.93.56.127 - - [05/Feb/2019:21:07:06 +0700] "GET /tracking.gif?email=lyuda.khokhlova.79%40mail.ru&mailing=375 HTTP/1.0" 200 197 "-" "Mozilla/5.0 (X11; Linux x86_64) AppleWebKit/537.36 (KHTML, like Gecko)"
188.19.58.99 - - [05/Feb/2019:21:17:10 +0700] "GET /tracking.gif?email=avelizhanina%40yandex.ru&mailing=409 HTTP/1.0" 200 197 "-" "Mozilla/5.0 (iPhone; CPU iPhone OS 12_1_3 like Mac OS X) AppleWebKit/605.1.15 (KHTML, like Gecko) Mobile/16D39"
188.19.58.99 - - [05/Feb/2019:21:17:14 +0700] "GET /unsubscribe/?email=avelizhanina%40yandex.ru&mailing=409 HTTP/1.0" 200 989 "-" "Mozilla/5.0 (iPhone; CPU iPhone OS 12_1_3 like Mac OS X) AppleWebKit/605.1.15 (KHTML, like Gecko) Version/12.0 Mobile/15E148 Safari/604.1"
188.19.58.99 - - [05/Feb/2019:21:17:15 +0700] "GET /img/popcorn.svg HTTP/1.0" 200 1187 "http://mailing.etobilet.ru/unsubscribe/?email=avelizhanina%40yandex.ru&mailing=409" "Mozilla/5.0 (iPhone; CPU iPhone OS 12_1_3 like Mac OS X) AppleWebKit/605.1.15 (KHTML, like Gecko) Version/12.0 Mobile/15E148 Safari/604.1"
188.19.58.99 - - [05/Feb/2019:21:17:17 +0700] "GET /unsubscribe/?email=avelizhanina%40yandex.ru&mailing=409&confirmed=1 HTTP/1.0" 200 748 "http://mailing.etobilet.ru/unsubscribe/?email=avelizhanina%40yandex.ru&mailing=409" "Mozilla/5.0 (iPhone; CPU iPhone OS 12_1_3 like Mac OS X) AppleWebKit/605.1.15 (KHTML, like Gecko) Version/12.0 Mobile/15E148 Safari/604.1"
66.102.9.20 - - [05/Feb/2019:21:18:18 +0700] "GET /tracking.gif?email=leofromkz%40gmail.com&mailing=375 HTTP/1.0" 200 197 "-" "Mozilla/5.0 (Windows NT 5.1; rv:11.0) Gecko Firefox/11.0 (via ggpht.com GoogleImageProxy)"
66.102.9.14 - - [05/Feb/2019:21:18:19 +0700] "GET /tracking.gif?email=leofromkz%40gmail.com&mailing=435 HTTP/1.0" 200 197 "-" "Mozilla/5.0 (Windows NT 5.1; rv:11.0) Gecko Firefox/11.0 (via ggpht.com GoogleImageProxy)"
188.93.56.126 - - [05/Feb/2019:21:32:57 +0700] "GET /tracking.gif?email=jarovaja_ev%40mail.ru&mailing=435 HTTP/1.0" 200 197 "-" "Mozilla/5.0 (X11; Linux x86_64) AppleWebKit/537.36 (KHTML, like Gecko)"
188.93.56.128 - - [05/Feb/2019:21:34:06 +0700] "GET /tracking.gif?email=kuksin50%40mail.ru&mailing=274 HTTP/1.0" 200 197 "-" "Mozilla/5.0 (X11; Linux x86_64) AppleWebKit/537.36 (KHTML, like Gecko)"
188.93.56.127 - - [05/Feb/2019:21:34:08 +0700] "GET /tracking.gif?email=ms.rybina.ta%40mail.ru&mailing=435 HTTP/1.0" 200 197 "-" "Mozilla/5.0 (X11; Linux x86_64) AppleWebKit/537.36 (KHTML, like Gecko)"
188.93.56.122 - - [05/Feb/2019:21:36:11 +0700] "GET /tracking.gif?email=kuksin50%40mail.ru&mailing=241 HTTP/1.0" 200 197 "-" "Mozilla/5.0 (X11; Linux x86_64) AppleWebKit/537.36 (KHTML, like Gecko)"
66.102.9.14 - - [05/Feb/2019:21:42:21 +0700] "GET /tracking.gif?email=enotanita5%40gmail.com&mailing=370 HTTP/1.0" 200 197 "-" "Mozilla/5.0 (Windows NT 5.1; rv:11.0) Gecko Firefox/11.0 (via ggpht.com GoogleImageProxy)"
217.118.83.183 - - [05/Feb/2019:21:44:12 +0700] "GET /tracking.gif?email=anashkinsergey26081998%40gmail.com&mailing=431 HTTP/1.0" 200 197 "-" "Mozilla/5.0 (iPhone; CPU iPhone OS 12_1_2 like Mac OS X) AppleWebKit/605.1.15 (KHTML, like Gecko) Mobile/16C101"
188.93.56.125 - - [05/Feb/2019:21:46:35 +0700] "GET /tracking.gif?email=der-92%40mail.ru&mailing=435 HTTP/1.0" 200 197 "-" "Mozilla/5.0 (X11; Linux x86_64) AppleWebKit/537.36 (KHTML, like Gecko)"
195.230.112.10 - - [05/Feb/2019:21:46:44 +0700] "GET /unsubscribe/?email=der-92%40mail.ru&mailing=435 HTTP/1.0" 200 969 "-" "Mozilla/5.0 (Windows NT 6.1; WOW64) AppleWebKit/537.36 (KHTML, like Gecko) Chrome/71.0.3578.99 YaBrowser/19.1.0.2644 Yowser/2.5 Safari/537.36"
195.230.112.10 - - [05/Feb/2019:21:46:45 +0700] "GET /img/popcorn.svg HTTP/1.0" 200 1187 "http://mailing.etobilet.ru/css/main.css" "Mozilla/5.0 (Windows NT 6.1; WOW64) AppleWebKit/537.36 (KHTML, like Gecko) Chrome/71.0.3578.99 YaBrowser/19.1.0.2644 Yowser/2.5 Safari/537.36"
195.230.112.10 - - [05/Feb/2019:21:46:49 +0700] "GET /unsubscribe/?email=der-92%40mail.ru&mailing=435&confirmed=1 HTTP/1.0" 200 744 "http://mailing.etobilet.ru/unsubscribe/?email=der-92%40mail.ru&mailing=435" "Mozilla/5.0 (Windows NT 6.1; WOW64) AppleWebKit/537.36 (KHTML, like Gecko) Chrome/71.0.3578.99 YaBrowser/19.1.0.2644 Yowser/2.5 Safari/537.36"
188.93.56.125 - - [05/Feb/2019:21:55:05 +0700] "GET /tracking.gif?email=Shiro_aka%40mail.ru&mailing=384 HTTP/1.0" 200 197 "-" "Mozilla/5.0 (X11; Linux x86_64) AppleWebKit/537.36 (KHTML, like Gecko)"
188.93.56.125 - - [05/Feb/2019:21:55:30 +0700] "GET /tracking.gif?email=milochka-v%40mail.ru&mailing=430 HTTP/1.0" 200 197 "-" "Mozilla/5.0 (X11; Linux x86_64) AppleWebKit/537.36 (KHTML, like Gecko)"
5.255.241.226 - - [05/Feb/2019:21:59:04 +0700] "GET /tracking.gif?email=olga020282%40yandex.ru&mailing=435 HTTP/1.0" 200 197 "-" "Mozilla/5.0 (compatible; YandexImageResizer/2.0; +http://yandex.com/bots)"
66.102.9.17 - - [05/Feb/2019:22:10:40 +0700] "GET /tracking.gif?email=megalex10%40gmail.com&mailing=435 HTTP/1.0" 200 197 "-" "Mozilla/5.0 (Windows NT 5.1; rv:11.0) Gecko Firefox/11.0 (via ggpht.com GoogleImageProxy)"
66.102.9.17 - - [05/Feb/2019:22:10:40 +0700] "GET /tracking.gif?email=megalex10%40gmail.com&mailing=435 HTTP/1.0" 200 197 "-" "Mozilla/5.0 (Windows NT 5.1; rv:11.0) Gecko Firefox/11.0 (via ggpht.com GoogleImageProxy)"
81.19.78.160 - - [05/Feb/2019:22:13:11 +0700] "GET /tracking.gif?email=anastasija.nevleva%40rambler.ru&mailing=330 HTTP/1.0" 200 197 "https://mail.rambler.ru/" "RamblerMail/6.0 (incompatible; ImageProxy/6.0)"
66.102.9.20 - - [05/Feb/2019:22:15:52 +0700] "GET /tracking.gif?email=ekaterina.manuylenko.nsk%40gmail.com&mailing=377 HTTP/1.0" 200 197 "-" "Mozilla/5.0 (Windows NT 5.1; rv:11.0) Gecko Firefox/11.0 (via ggpht.com GoogleImageProxy)"
66.102.9.17 - - [05/Feb/2019:22:15:52 +0700] "GET /tracking.gif?email=ekaterina.manuylenko.nsk%40gmail.com&mailing=377 HTTP/1.0" 200 197 "-" "Mozilla/5.0 (Windows NT 5.1; rv:11.0) Gecko Firefox/11.0 (via ggpht.com GoogleImageProxy)"
188.93.56.127 - - [05/Feb/2019:22:17:12 +0700] "GET /tracking.gif?email=albina.sharypova%40mail.ru&mailing=435 HTTP/1.0" 200 197 "-" "Mozilla/5.0 (X11; Linux x86_64) AppleWebKit/537.36 (KHTML, like Gecko)"
46.236.131.85 - - [05/Feb/2019:22:24:47 +0700] "GET /tracking.gif?email=Askouzmin%40rambler.ru&mailing=343 HTTP/1.0" 200 197 "-" "Mozilla/5.0 (iPhone; CPU iPhone OS 12_1_2 like Mac OS X) AppleWebKit/605.1.15 (KHTML, like Gecko) Mobile/16C101"
188.93.56.121 - - [05/Feb/2019:22:35:37 +0700] "GET /tracking.gif?email=nicastar%40mail.ru&mailing=431 HTTP/1.0" 200 197 "-" "Mozilla/5.0 (X11; Linux x86_64) AppleWebKit/537.36 (KHTML, like Gecko)"
37.21.221.182 - - [05/Feb/2019:22:42:05 +0700] "GET /tracking.gif?email=anastasiasizikova%40yandex.ru&mailing=384 HTTP/1.0" 200 197 "-" "Mozilla/5.0 (Linux; Android 8.0.0; BND-L21 Build/HONORBND-L21; wv) AppleWebKit/537.36 (KHTML, like Gecko) Version/4.0 Chrome/72.0.3626.76 Mobile Safari/537.36"
31.173.242.14 - - [05/Feb/2019:22:42:38 +0700] "GET /tracking.gif?email=vazalex%40mail.ru&mailing=435 HTTP/1.0" 200 197 "-" "Mozilla/5.0 (Linux; Android 5.1.1; SM-T285 Build/LMY47V; wv) AppleWebKit/537.36 (KHTML, like Gecko) Version/4.0 Chrome/55.0.2883.91 Safari/537.36"
188.232.163.205 - - [05/Feb/2019:22:47:57 +0700] "GET /tracking.gif?email=nastya_281298%40mail.ru&mailing=435 HTTP/1.0" 200 197 "-" "Mozilla/5.0 (iPhone; CPU iPhone OS 12_1_2 like Mac OS X) AppleWebKit/605.1.15 (KHTML, like Gecko) Mobile/16C101"
188.93.56.127 - - [05/Feb/2019:22:53:27 +0700] "GET /tracking.gif?email=pioner.samara%40mail.ru&mailing=430 HTTP/1.0" 200 197 "-" "Mozilla/5.0 (X11; Linux x86_64) AppleWebKit/537.36 (KHTML, like Gecko)"
188.93.56.121 - - [05/Feb/2019:22:54:28 +0700] "GET /tracking.gif?email=alla_alla_2008%40bk.ru&mailing=316 HTTP/1.0" 200 197 "-" "Mozilla/5.0 (X11; Linux x86_64) AppleWebKit/537.36 (KHTML, like Gecko)"
188.93.56.121 - - [05/Feb/2019:22:58:16 +0700] "GET /tracking.gif?email=egor2309%40mail.ru&mailing=435 HTTP/1.0" 200 197 "-" "Mozilla/5.0 (X11; Linux x86_64) AppleWebKit/537.36 (KHTML, like Gecko)"
188.93.56.125 - - [05/Feb/2019:23:08:07 +0700] "GET /tracking.gif?email=berdnikov.dimaa%40mail.ru&mailing=463 HTTP/1.0" 200 197 "-" "Mozilla/5.0 (X11; Linux x86_64) AppleWebKit/537.36 (KHTML, like Gecko)"
79.111.115.174 - - [05/Feb/2019:23:14:57 +0700] "GET /tracking.gif?email=shohruh_21%40mail.ru&mailing=431 HTTP/1.0" 200 197 "-" "Mozilla/5.0 (Linux; Android 8.0.0; SM-A320F Build/R16NW; wv) AppleWebKit/537.36 (KHTML, like Gecko) Version/4.0 Chrome/72.0.3626.76 Mobile Safari/537.36"
188.93.56.126 - - [05/Feb/2019:23:16:00 +0700] "GET /tracking.gif?email=seshiuev%40bk.ru&mailing=435 HTTP/1.0" 200 197 "-" "Mozilla/5.0 (X11; Linux x86_64) AppleWebKit/537.36 (KHTML, like Gecko)"
95.189.190.42 - - [05/Feb/2019:23:20:57 +0700] "GET /tracking.gif?email=makarlesha93%40gmail.com&mailing=435 HTTP/1.0" 200 197 "-" "Mozilla/5.0 (iPhone; CPU iPhone OS 12_1_3 like Mac OS X) AppleWebKit/605.1.15 (KHTML, like Gecko) Mobile/16D40"
188.93.56.127 - - [05/Feb/2019:23:29:05 +0700] "GET /tracking.gif?email=lysenko_anastasia%40bk.ru&mailing=435 HTTP/1.0" 200 197 "-" "Mozilla/5.0 (X11; Linux x86_64) AppleWebKit/537.36 (KHTML, like Gecko)"
188.93.56.128 - - [05/Feb/2019:23:29:11 +0700] "GET /tracking.gif?email=lysenko_anastasia%40bk.ru&mailing=435 HTTP/1.0" 200 197 "-" "Mozilla/5.0 (X11; Linux x86_64) AppleWebKit/537.36 (KHTML, like Gecko)"
2.60.6.120 - - [05/Feb/2019:23:41:07 +0700] "GET /tracking.gif?email=sany1983.08%40mail.ru&mailing=375 HTTP/1.0" 200 197 "-" "Mozilla/5.0 (Linux; Android 6.0.1; 6070K Build/MMB29M; wv) AppleWebKit/537.36 (KHTML, like Gecko) Version/4.0 Chrome/71.0.3578.99 Mobile Safari/537.36"
188.93.56.121 - - [05/Feb/2019:23:46:00 +0700] "GET /tracking.gif?email=gra4ev-wlad2%40mail.ru&mailing=435 HTTP/1.0" 200 197 "-" "Mozilla/5.0 (X11; Linux x86_64) AppleWebKit/537.36 (KHTML, like Gecko)"
188.93.56.123 - - [05/Feb/2019:23:59:52 +0700] "GET /tracking.gif?email=nadyshka-85%40mail.ru&mailing=431 HTTP/1.0" 200 197 "-" "Mozilla/5.0 (X11; Linux x86_64) AppleWebKit/537.36 (KHTML, like Gecko)"
176.59.214.228 - - [06/Feb/2019:00:01:58 +0700] "GET /tracking.gif?email=polinapetrivliak%40icloud.com&mailing=409 HTTP/1.0" 200 197 "-" "Mozilla/5.0 (iPhone; CPU iPhone OS 12_1_2 like Mac OS X) AppleWebKit/605.1.15 (KHTML, like Gecko) Mobile/16C101"
188.19.51.214 - - [06/Feb/2019:00:03:39 +0700] "GET /tracking.gif?email=d1ana1324%40icloud.com&mailing=431 HTTP/1.0" 200 197 "-" "Mozilla/5.0 (iPhone; CPU iPhone OS 12_1 like Mac OS X) AppleWebKit/605.1.15 (KHTML, like Gecko) Mobile/16B92"
188.93.56.124 - - [06/Feb/2019:00:23:42 +0700] "GET /tracking.gif?email=Work_time86%40mail.ru&mailing=431 HTTP/1.0" 200 197 "-" "Mozilla/5.0 (X11; Linux x86_64) AppleWebKit/537.36 (KHTML, like Gecko)"
188.93.56.130 - - [06/Feb/2019:00:24:30 +0700] "GET /tracking.gif?email=knopa4k%40mail.ru&mailing=435 HTTP/1.0" 200 197 "-" "Mozilla/5.0 (X11; Linux x86_64) AppleWebKit/537.36 (KHTML, like Gecko)"
188.19.51.214 - - [06/Feb/2019:00:36:30 +0700] "GET /tracking.gif?email=d1ana1324%40icloud.com&mailing=431 HTTP/1.0" 200 197 "-" "Mozilla/5.0 (iPhone; CPU iPhone OS 12_1 like Mac OS X) AppleWebKit/605.1.15 (KHTML, like Gecko) Mobile/16B92"
188.162.86.216 - - [06/Feb/2019:00:44:57 +0700] "GET /tracking.gif?email=yana.m1999%40gmail.com&mailing=435 HTTP/1.0" 200 197 "-" "Mozilla/5.0 (iPhone; CPU iPhone OS 12_1_2 like Mac OS X) AppleWebKit/605.1.15 (KHTML, like Gecko) Mobile/16C101"
188.93.56.127 - - [06/Feb/2019:00:45:33 +0700] "GET /tracking.gif?email=pyfvtyobrjdf%40mail.ru&mailing=435 HTTP/1.0" 200 197 "-" "Mozilla/5.0 (X11; Linux x86_64) AppleWebKit/537.36 (KHTML, like Gecko)"
188.232.163.205 - - [06/Feb/2019:00:47:27 +0700] "GET /tracking.gif?email=nastya_281298%40mail.ru&mailing=435 HTTP/1.0" 200 197 "-" "Mozilla/5.0 (iPhone; CPU iPhone OS 12_1_2 like Mac OS X) AppleWebKit/605.1.15 (KHTML, like Gecko) Mobile/16C101"
85.140.77.199 - - [06/Feb/2019:00:50:47 +0700] "GET /tracking.gif?email=ahmatkulov96%40gmail.com&mailing=463 HTTP/1.0" 200 197 "-" "Mozilla/5.0 (iPhone; CPU iPhone OS 12_1_2 like Mac OS X) AppleWebKit/605.1.15 (KHTML, like Gecko) Mobile/16C101"
188.93.56.124 - - [06/Feb/2019:01:05:02 +0700] "GET /tracking.gif?email=gurova-as%40mail.ru&mailing=435 HTTP/1.0" 200 197 "-" "Mozilla/5.0 (X11; Linux x86_64) AppleWebKit/537.36 (KHTML, like Gecko)"
188.93.56.129 - - [06/Feb/2019:01:08:17 +0700] "GET /tracking.gif?email=kobilova2011%40mail.ru&mailing=377 HTTP/1.0" 200 197 "-" "Mozilla/5.0 (X11; Linux x86_64) AppleWebKit/537.36 (KHTML, like Gecko)"
188.93.56.121 - - [06/Feb/2019:01:08:19 +0700] "GET /tracking.gif?email=Dimurik72%40mail.ru&mailing=280 HTTP/1.0" 200 197 "-" "Mozilla/5.0 (X11; Linux x86_64) AppleWebKit/537.36 (KHTML, like Gecko)"
80.66.249.243 - - [06/Feb/2019:01:08:25 +0700] "GET /unsubscribe/?email=kobilova2011%40mail.ru&mailing=377 HTTP/1.0" 200 989 "-" "Mozilla/5.0 (Windows NT 10.0; Win64; x64) AppleWebKit/537.36 (KHTML, like Gecko) Chrome/71.0.3578.98 Safari/537.36"
80.66.249.243 - - [06/Feb/2019:01:08:25 +0700] "GET /img/popcorn.svg HTTP/1.0" 200 1187 "http://mailing.etobilet.ru/css/main.css" "Mozilla/5.0 (Windows NT 10.0; Win64; x64) AppleWebKit/537.36 (KHTML, like Gecko) Chrome/71.0.3578.98 Safari/537.36"
80.66.249.243 - - [06/Feb/2019:01:08:27 +0700] "GET /unsubscribe/?email=kobilova2011%40mail.ru&mailing=377&confirmed=1 HTTP/1.0" 200 752 "http://mailing.etobilet.ru/unsubscribe/?email=kobilova2011%40mail.ru&mailing=377" "Mozilla/5.0 (Windows NT 10.0; Win64; x64) AppleWebKit/537.36 (KHTML, like Gecko) Chrome/71.0.3578.98 Safari/537.36"
188.93.56.129 - - [06/Feb/2019:01:11:26 +0700] "GET /tracking.gif?email=kobilova2011%40mail.ru&mailing=252 HTTP/1.0" 200 197 "-" "Mozilla/5.0 (X11; Linux x86_64) AppleWebKit/537.36 (KHTML, like Gecko)"
188.19.51.214 - - [06/Feb/2019:01:27:14 +0700] "GET /tracking.gif?email=d1ana1324%40icloud.com&mailing=431 HTTP/1.0" 200 197 "-" "Mozilla/5.0 (iPhone; CPU iPhone OS 12_1 like Mac OS X) AppleWebKit/605.1.15 (KHTML, like Gecko) Mobile/16B92"
213.87.242.161 - - [06/Feb/2019:01:38:04 +0700] "GET /tracking.gif?email=Ovulitina%40sberbank.ru&mailing=373 HTTP/1.0" 200 197 "-" "Mozilla/5.0 (iPhone; CPU iPhone OS 12_1_2 like Mac OS X) AppleWebKit/605.1.15 (KHTML, like Gecko) Mobile/16C101"
188.93.56.123 - - [06/Feb/2019:02:02:26 +0700] "GET /tracking.gif?email=Chiba_pro87%40mail.ru&mailing=431 HTTP/1.0" 200 197 "-" "Mozilla/5.0 (X11; Linux x86_64) AppleWebKit/537.36 (KHTML, like Gecko)"
188.93.56.129 - - [06/Feb/2019:02:02:39 +0700] "GET /tracking.gif?email=Chiba_pro87%40mail.ru&mailing=431 HTTP/1.0" 200 197 "-" "Mozilla/5.0 (X11; Linux x86_64) AppleWebKit/537.36 (KHTML, like Gecko)"
188.93.56.129 - - [06/Feb/2019:02:02:53 +0700] "GET /tracking.gif?email=Chiba_pro87%40mail.ru&mailing=431 HTTP/1.0" 200 197 "-" "Mozilla/5.0 (X11; Linux x86_64) AppleWebKit/537.36 (KHTML, like Gecko)"
81.19.78.161 - - [06/Feb/2019:02:30:59 +0700] "GET /tracking.gif?email=dimputin_rb%40rambler.ru&mailing=435 HTTP/1.0" 200 197 "https://mail.rambler.ru/?utm_source=head&utm_campaign=self_promo&utm_medium=topline&utm_content=mail" "RamblerMail/6.0 (incompatible; ImageProxy/6.0)"
188.93.56.123 - - [06/Feb/2019:02:42:51 +0700] "GET /tracking.gif?email=nata-stas24%40mail.ru&mailing=435 HTTP/1.0" 200 197 "-" "Mozilla/5.0 (X11; Linux x86_64) AppleWebKit/537.36 (KHTML, like Gecko)"
188.93.56.126 - - [06/Feb/2019:03:31:06 +0700] "GET /tracking.gif?email=3um3%40mail.ru&mailing=435 HTTP/1.0" 200 197 "-" "Mozilla/5.0 (X11; Linux x86_64) AppleWebKit/537.36 (KHTML, like Gecko)"
188.93.56.121 - - [06/Feb/2019:04:47:03 +0700] "GET /tracking.gif?email=olya_goncharik%40mail.ru&mailing=280 HTTP/1.0" 200 197 "-" "Mozilla/5.0 (X11; Linux x86_64) AppleWebKit/537.36 (KHTML, like Gecko)"
66.102.9.20 - - [06/Feb/2019:07:30:46 +0700] "GET /tracking.gif?email=strelcovan80%40gmail.com&mailing=435 HTTP/1.0" 200 197 "-" "Mozilla/5.0 (Windows NT 5.1; rv:11.0) Gecko Firefox/11.0 (via ggpht.com GoogleImageProxy)"
109.227.193.199 - - [06/Feb/2019:08:10:41 +0700] "GET /tracking.gif?email=Irishka190491%40gmail.com&mailing=384 HTTP/1.0" 200 197 "-" "Mozilla/5.0 (iPhone; CPU iPhone OS 12_1_3 like Mac OS X) AppleWebKit/605.1.15 (KHTML, like Gecko) Mobile/16D39"
109.227.193.199 - - [06/Feb/2019:08:10:45 +0700] "GET /tracking.gif?email=Irishka190491%40gmail.com&mailing=343 HTTP/1.0" 200 197 "-" "Mozilla/5.0 (iPhone; CPU iPhone OS 12_1_3 like Mac OS X) AppleWebKit/605.1.15 (KHTML, like Gecko) Mobile/16D39"
109.227.193.199 - - [06/Feb/2019:08:10:48 +0700] "GET /tracking.gif?email=Irishka190491%40gmail.com&mailing=321 HTTP/1.0" 200 197 "-" "Mozilla/5.0 (iPhone; CPU iPhone OS 12_1_3 like Mac OS X) AppleWebKit/605.1.15 (KHTML, like Gecko) Mobile/16D39"
188.93.56.126 - - [06/Feb/2019:08:17:02 +0700] "GET /tracking.gif?email=89095370592%40mail.ru&mailing=435 HTTP/1.0" 200 197 "-" "Mozilla/5.0 (X11; Linux x86_64) AppleWebKit/537.36 (KHTML, like Gecko)"
46.48.54.250 - - [06/Feb/2019:08:29:21 +0700] "GET /tracking.gif?email=freeon_r12%40icloud.com&mailing=435 HTTP/1.0" 200 197 "-" "Mozilla/5.0 (iPhone; CPU iPhone OS 12_1_3 like Mac OS X) AppleWebKit/605.1.15 (KHTML, like Gecko) Mobile/16D39"
5.255.241.235 - - [06/Feb/2019:09:05:44 +0700] "GET /tracking.gif?email=advokat800%40yandex.ru&mailing=375 HTTP/1.0" 200 197 "-" "Mozilla/5.0 (compatible; YandexImageResizer/2.0; +http://yandex.com/bots)"
66.102.9.20 - - [06/Feb/2019:09:06:20 +0700] "GET /tracking.gif?email=evglevsckih22%40gmail.com&mailing=383 HTTP/1.0" 200 197 "-" "Mozilla/5.0 (Windows NT 5.1; rv:11.0) Gecko Firefox/11.0 (via ggpht.com GoogleImageProxy)"
66.102.9.20 - - [06/Feb/2019:09:06:20 +0700] "GET /tracking.gif?email=evglevsckih22%40gmail.com&mailing=431 HTTP/1.0" 200 197 "-" "Mozilla/5.0 (Windows NT 5.1; rv:11.0) Gecko Firefox/11.0 (via ggpht.com GoogleImageProxy)"
46.48.54.250 - - [06/Feb/2019:09:09:11 +0700] "GET /tracking.gif?email=freeon_r12%40icloud.com&mailing=435 HTTP/1.0" 200 197 "-" "Mozilla/5.0 (iPhone; CPU iPhone OS 12_1_3 like Mac OS X) AppleWebKit/605.1.15 (KHTML, like Gecko) Mobile/16D39"
188.93.56.130 - - [06/Feb/2019:09:16:06 +0700] "GET /tracking.gif?email=vqqr%40mail.ru&mailing=308 HTTP/1.0" 200 197 "-" "Mozilla/5.0 (X11; Linux x86_64) AppleWebKit/537.36 (KHTML, like Gecko)"
