62.68.141.57 - - [16/Nov/2018:16:47:20 +0700] "GET /tracking.gif?email=[%VAR%20RCPT.EMAIL%20ESCAPE=URL%]&mailing=[%VAR%20MAILING.ID%] HTTP/1.0" 200 197 "-" "Mozilla/5.0 (Macintosh; Intel Mac OS X 10_14_1) AppleWebKit/537.36 (KHTML, like Gecko) Chrome/70.0.3538.77 Safari/537.36 Vivaldi/2.1.1337.36"
62.68.141.57 - - [16/Nov/2018:16:47:28 +0700] "GET /tracking.gif?email=[%VAR%20RCPT.EMAIL%20ESCAPE=URL%]&mailing=[%VAR%20MAILING.ID%] HTTP/1.0" 200 197 "-" "Mozilla/5.0 (Macintosh; Intel Mac OS X 10_14_1) AppleWebKit/537.36 (KHTML, like Gecko) Chrome/70.0.3538.77 Safari/537.36 Vivaldi/2.1.1337.36"
62.68.141.57 - - [16/Nov/2018:16:47:29 +0700] "GET /tracking.gif?email=[%VAR%20RCPT.EMAIL%20ESCAPE=URL%]&mailing=[%VAR%20MAILING.ID%] HTTP/1.0" 200 197 "-" "Mozilla/5.0 (Macintosh; Intel Mac OS X 10_14_1) AppleWebKit/537.36 (KHTML, like Gecko) Chrome/70.0.3538.77 Safari/537.36 Vivaldi/2.1.1337.36"
62.68.141.57 - - [16/Nov/2018:16:47:42 +0700] "GET /tracking.gif?email=[%VAR%20RCPT.EMAIL%20ESCAPE=URL%]&mailing=[%VAR%20MAILING.ID%] HTTP/1.0" 200 197 "-" "Mozilla/5.0 (Macintosh; Intel Mac OS X 10_14_1) AppleWebKit/537.36 (KHTML, like Gecko) Chrome/70.0.3538.77 Safari/537.36 Vivaldi/2.1.1337.36"
176.59.207.8 - - [16/Nov/2018:16:54:33 +0700] "GET /tracking.gif?email=olga.evstratova.16%40bk.ru&mailing=91 HTTP/1.0" 200 197 "-" "Mozilla/5.0 (iPhone; CPU iPhone OS 12_0_1 like Mac OS X) AppleWebKit/605.1.15 (KHTML, like Gecko) Mobile/16A404"
31.162.173.30 - - [16/Nov/2018:17:10:46 +0700] "GET /tracking.gif?email=hohlovpk%40yandex.ru&mailing=91 HTTP/1.0" 200 197 "-" "Mozilla/5.0 (iPhone; CPU iPhone OS 12_1 like Mac OS X) AppleWebKit/605.1.15 (KHTML, like Gecko) Mobile/16B92"
176.59.211.233 - - [16/Nov/2018:17:15:43 +0700] "GET /tracking.gif?email=tavii.tanya%40gmail.com&mailing=91 HTTP/1.0" 200 197 "-" "Mozilla/5.0 (iPhone; CPU iPhone OS 12_1 like Mac OS X) AppleWebKit/605.1.15 (KHTML, like Gecko) Mobile/16B92"
5.255.241.249 - - [16/Nov/2018:17:22:38 +0700] "GET /tracking.gif?email=jmurik86%40yandex.ru&mailing=91 HTTP/1.0" 200 197 "-" "Mozilla/5.0 (compatible; YandexImageResizer/2.0; +http://yandex.com/bots)"
188.93.56.128 - - [16/Nov/2018:17:23:06 +0700] "GET /tracking.gif?email=glun%40inbox.ru&mailing=91 HTTP/1.0" 200 197 "-" "Mozilla/5.0 (X11; Linux x86_64) AppleWebKit/537.36 (KHTML, like Gecko)"
62.68.141.57 - - [16/Nov/2018:17:29:45 +0700] "GET /tracking.gif?email=[%VAR%20RCPT.EMAIL%20ESCAPE=URL%]&mailing=[%VAR%20MAILING.ID%] HTTP/1.0" 200 197 "-" "Mozilla/5.0 (Macintosh; Intel Mac OS X 10_14_1) AppleWebKit/537.36 (KHTML, like Gecko) Chrome/70.0.3538.102 Safari/537.36"
62.68.141.57 - - [16/Nov/2018:17:29:53 +0700] "GET /tracking.gif?email=[%VAR%20RCPT.EMAIL%20ESCAPE=URL%]&mailing=[%VAR%20MAILING.ID%] HTTP/1.0" 200 197 "-" "Mozilla/5.0 (Macintosh; Intel Mac OS X 10_14_1) AppleWebKit/537.36 (KHTML, like Gecko) Chrome/70.0.3538.102 Safari/537.36"
62.68.141.57 - - [16/Nov/2018:17:30:11 +0700] "GET /tracking.gif?email=[%VAR%20RCPT.EMAIL%20ESCAPE=URL%]&mailing=[%VAR%20MAILING.ID%] HTTP/1.0" 200 197 "-" "Mozilla/5.0 (Macintosh; Intel Mac OS X 10_14_1) AppleWebKit/537.36 (KHTML, like Gecko) Chrome/70.0.3538.102 Safari/537.36"
188.93.56.130 - - [16/Nov/2018:17:39:58 +0700] "GET /tracking.gif?email=geras.lena88%40mail.ru&mailing=91 HTTP/1.0" 200 197 "-" "Mozilla/5.0 (X11; Linux x86_64) AppleWebKit/537.36 (KHTML, like Gecko)"
62.68.141.42 - - [16/Nov/2018:17:42:30 +0700] "GET /tracking.gif?email=vka%40nikolas.ru&mailing=95 HTTP/1.0" 200 197 "-" "Mozilla/4.0 (compatible; MSIE 7.0; Windows NT 10.0; Win64; x64; Trident/7.0; .NET4.0C; .NET4.0E; Microsoft Outlook 16.0.4573; ms-office; MSOffice 16)"
62.68.141.42 - - [16/Nov/2018:17:42:31 +0700] "GET /tracking.gif?email=vka%40nikolas.ru&mailing=95 HTTP/1.0" 200 197 "-" "Mozilla/4.0 (compatible; MSIE 7.0; Windows NT 10.0; Win64; x64; Trident/7.0; .NET4.0C; .NET4.0E; Microsoft Outlook 16.0.4573; ms-office; MSOffice 16)"
188.93.56.127 - - [16/Nov/2018:17:48:56 +0700] "GET /tracking.gif?email=antonov-79%40mail.ru&mailing=91 HTTP/1.0" 200 197 "-" "Mozilla/5.0 (X11; Linux x86_64) AppleWebKit/537.36 (KHTML, like Gecko)"
62.68.141.35 - - [16/Nov/2018:17:49:50 +0700] "GET /tracking.gif?email=sda%40nikolas.ru&mailing=95 HTTP/1.0" 200 197 "-" "Mozilla/5.0 (compatible; MSIE 10.0; Windows NT 10.0; WOW64; Trident/7.0; Microsoft Outlook 16.0.11001; ms-office; MSOffice 16)"
62.68.141.35 - - [16/Nov/2018:17:49:50 +0700] "GET /tracking.gif?email=sda%40nikolas.ru&mailing=95 HTTP/1.0" 200 197 "-" "Mozilla/5.0 (compatible; MSIE 10.0; Windows NT 10.0; WOW64; Trident/7.0; Microsoft Outlook 16.0.11001; ms-office; MSOffice 16)"
62.68.141.42 - - [16/Nov/2018:17:50:24 +0700] "GET /tracking.gif?email=vka%40nikolas.ru&mailing=96 HTTP/1.0" 200 197 "-" "Mozilla/4.0 (compatible; MSIE 7.0; Windows NT 10.0; Win64; x64; Trident/7.0; .NET4.0C; .NET4.0E; Microsoft Outlook 16.0.4573; ms-office; MSOffice 16)"
62.68.141.42 - - [16/Nov/2018:17:50:25 +0700] "GET /tracking.gif?email=vka%40nikolas.ru&mailing=96 HTTP/1.0" 200 197 "-" "Mozilla/4.0 (compatible; MSIE 7.0; Windows NT 10.0; Win64; x64; Trident/7.0; .NET4.0C; .NET4.0E; Microsoft Outlook 16.0.4573; ms-office; MSOffice 16)"
62.68.141.35 - - [16/Nov/2018:17:51:51 +0700] "GET /tracking.gif?email=sda%40nikolas.ru&mailing=96 HTTP/1.0" 200 197 "-" "Mozilla/5.0 (compatible; MSIE 10.0; Windows NT 10.0; WOW64; Trident/7.0; Microsoft Outlook 16.0.11001; ms-office; MSOffice 16)"
62.68.141.35 - - [16/Nov/2018:17:51:51 +0700] "GET /tracking.gif?email=sda%40nikolas.ru&mailing=96 HTTP/1.0" 200 197 "-" "Mozilla/5.0 (compatible; MSIE 10.0; Windows NT 10.0; WOW64; Trident/7.0; Microsoft Outlook 16.0.11001; ms-office; MSOffice 16)"
62.68.141.57 - - [16/Nov/2018:17:54:28 +0700] "GET /browse/?email=anna%40nikolas.ru&mailing=93 HTTP/1.0" 200 291562 "-" "Mozilla/5.0 (Macintosh; Intel Mac OS X 10_14_1) AppleWebKit/537.36 (KHTML, like Gecko) Chrome/70.0.3538.77 Safari/537.36 Vivaldi/2.1.1337.36"
62.68.141.57 - - [16/Nov/2018:17:54:28 +0700] "GET /tracking.gif?email=anna%40nikolas.ru&mailing=93 HTTP/1.0" 200 197 "http://mailing.etobilet.ru/browse/?email=anna%40nikolas.ru&mailing=93" "Mozilla/5.0 (Macintosh; Intel Mac OS X 10_14_1) AppleWebKit/537.36 (KHTML, like Gecko) Chrome/70.0.3538.77 Safari/537.36 Vivaldi/2.1.1337.36"
62.68.141.42 - - [16/Nov/2018:17:56:27 +0700] "GET /tracking.gif?email=vka%40nikolas.ru&mailing=97 HTTP/1.0" 200 197 "-" "Mozilla/4.0 (compatible; MSIE 7.0; Windows NT 10.0; Win64; x64; Trident/7.0; .NET4.0C; .NET4.0E; Microsoft Outlook 16.0.4573; ms-office; MSOffice 16)"
62.68.141.42 - - [16/Nov/2018:17:56:27 +0700] "GET /tracking.gif?email=vka%40nikolas.ru&mailing=97 HTTP/1.0" 200 197 "-" "Mozilla/4.0 (compatible; MSIE 7.0; Windows NT 10.0; Win64; x64; Trident/7.0; .NET4.0C; .NET4.0E; Microsoft Outlook 16.0.4573; ms-office; MSOffice 16)"
62.68.141.42 - - [16/Nov/2018:17:56:49 +0700] "GET /tracking.gif?email=vka%40nikolas.ru&mailing=96 HTTP/1.0" 200 197 "-" "Mozilla/4.0 (compatible; MSIE 7.0; Windows NT 10.0; Win64; x64; Trident/7.0; .NET4.0C; .NET4.0E; Microsoft Outlook 16.0.4573; ms-office; MSOffice 16)"
62.68.141.42 - - [16/Nov/2018:17:56:49 +0700] "GET /tracking.gif?email=vka%40nikolas.ru&mailing=96 HTTP/1.0" 200 197 "-" "Mozilla/4.0 (compatible; MSIE 7.0; Windows NT 10.0; Win64; x64; Trident/7.0; .NET4.0C; .NET4.0E; Microsoft Outlook 16.0.4573; ms-office; MSOffice 16)"
62.68.141.35 - - [16/Nov/2018:17:57:13 +0700] "GET /tracking.gif?email=sda%40nikolas.ru&mailing=97 HTTP/1.0" 200 197 "-" "Mozilla/5.0 (compatible; MSIE 10.0; Windows NT 10.0; WOW64; Trident/7.0; Microsoft Outlook 16.0.11001; ms-office; MSOffice 16)"
62.68.141.35 - - [16/Nov/2018:17:57:14 +0700] "GET /tracking.gif?email=sda%40nikolas.ru&mailing=97 HTTP/1.0" 200 197 "-" "Mozilla/5.0 (compatible; MSIE 10.0; Windows NT 10.0; WOW64; Trident/7.0; Microsoft Outlook 16.0.11001; ms-office; MSOffice 16)"
62.68.141.35 - - [16/Nov/2018:17:58:11 +0700] "GET /tracking.gif?email=sda%40nikolas.ru&mailing=98 HTTP/1.0" 200 197 "-" "Mozilla/5.0 (compatible; MSIE 10.0; Windows NT 10.0; WOW64; Trident/7.0; Microsoft Outlook 16.0.11001; ms-office; MSOffice 16)"
62.68.141.35 - - [16/Nov/2018:17:58:11 +0700] "GET /tracking.gif?email=sda%40nikolas.ru&mailing=98 HTTP/1.0" 200 197 "-" "Mozilla/5.0 (compatible; MSIE 10.0; Windows NT 10.0; WOW64; Trident/7.0; Microsoft Outlook 16.0.11001; ms-office; MSOffice 16)"
62.68.141.42 - - [16/Nov/2018:17:58:24 +0700] "GET /tracking.gif?email=vka%40nikolas.ru&mailing=98 HTTP/1.0" 200 197 "-" "Mozilla/4.0 (compatible; MSIE 7.0; Windows NT 10.0; Win64; x64; Trident/7.0; .NET4.0C; .NET4.0E; Microsoft Outlook 16.0.4573; ms-office; MSOffice 16)"
62.68.141.42 - - [16/Nov/2018:17:58:25 +0700] "GET /tracking.gif?email=vka%40nikolas.ru&mailing=98 HTTP/1.0" 200 197 "-" "Mozilla/4.0 (compatible; MSIE 7.0; Windows NT 10.0; Win64; x64; Trident/7.0; .NET4.0C; .NET4.0E; Microsoft Outlook 16.0.4573; ms-office; MSOffice 16)"
62.68.141.42 - - [16/Nov/2018:17:58:37 +0700] "GET /tracking.gif?email=vka%40nikolas.ru&mailing=97 HTTP/1.0" 200 197 "-" "Mozilla/4.0 (compatible; MSIE 7.0; Windows NT 10.0; Win64; x64; Trident/7.0; .NET4.0C; .NET4.0E; Microsoft Outlook 16.0.4573; ms-office; MSOffice 16)"
62.68.141.42 - - [16/Nov/2018:17:58:38 +0700] "GET /tracking.gif?email=vka%40nikolas.ru&mailing=97 HTTP/1.0" 200 197 "-" "Mozilla/4.0 (compatible; MSIE 7.0; Windows NT 10.0; Win64; x64; Trident/7.0; .NET4.0C; .NET4.0E; Microsoft Outlook 16.0.4573; ms-office; MSOffice 16)"
62.68.141.42 - - [16/Nov/2018:17:59:02 +0700] "GET /tracking.gif?email=vka%40nikolas.ru&mailing=98 HTTP/1.0" 200 197 "-" "Mozilla/4.0 (compatible; MSIE 7.0; Windows NT 10.0; Win64; x64; Trident/7.0; .NET4.0C; .NET4.0E; Microsoft Outlook 16.0.4573; ms-office; MSOffice 16)"
62.68.141.42 - - [16/Nov/2018:17:59:03 +0700] "GET /tracking.gif?email=vka%40nikolas.ru&mailing=98 HTTP/1.0" 200 197 "-" "Mozilla/4.0 (compatible; MSIE 7.0; Windows NT 10.0; Win64; x64; Trident/7.0; .NET4.0C; .NET4.0E; Microsoft Outlook 16.0.4573; ms-office; MSOffice 16)"
62.68.141.42 - - [16/Nov/2018:18:06:14 +0700] "GET /tracking.gif?email=vka%40nikolas.ru&mailing=96 HTTP/1.0" 200 197 "-" "Mozilla/4.0 (compatible; MSIE 7.0; Windows NT 10.0; Win64; x64; Trident/7.0; .NET4.0C; .NET4.0E; Microsoft Outlook 16.0.4573; ms-office; MSOffice 16)"
62.68.141.42 - - [16/Nov/2018:18:06:14 +0700] "GET /tracking.gif?email=vka%40nikolas.ru&mailing=96 HTTP/1.0" 200 197 "-" "Mozilla/4.0 (compatible; MSIE 7.0; Windows NT 10.0; Win64; x64; Trident/7.0; .NET4.0C; .NET4.0E; Microsoft Outlook 16.0.4573; ms-office; MSOffice 16)"
62.68.141.35 - - [16/Nov/2018:18:08:05 +0700] "GET /tracking.gif?email=sda%40nikolas.ru&mailing=98 HTTP/1.0" 200 197 "-" "Mozilla/5.0 (compatible; MSIE 10.0; Windows NT 10.0; WOW64; Trident/7.0; Microsoft Outlook 16.0.11001; ms-office; MSOffice 16)"
62.68.141.35 - - [16/Nov/2018:18:08:06 +0700] "GET /tracking.gif?email=sda%40nikolas.ru&mailing=98 HTTP/1.0" 200 197 "-" "Mozilla/5.0 (compatible; MSIE 10.0; Windows NT 10.0; WOW64; Trident/7.0; Microsoft Outlook 16.0.11001; ms-office; MSOffice 16)"
213.180.215.165 - - [16/Nov/2018:18:08:51 +0700] "GET /tracking.gif?email=e.epifantseva%40yandex.ru&mailing=91 HTTP/1.0" 200 197 "-" "Mozilla/5.0 (compatible; YandexImageResizer/2.0; +http://yandex.com/bots)"
62.68.141.42 - - [16/Nov/2018:18:10:34 +0700] "GET /tracking.gif?email=vka%40nikolas.ru&mailing=100 HTTP/1.0" 200 197 "-" "Mozilla/4.0 (compatible; MSIE 7.0; Windows NT 10.0; Win64; x64; Trident/7.0; .NET4.0C; .NET4.0E; Microsoft Outlook 16.0.4573; ms-office; MSOffice 16)"
62.68.141.42 - - [16/Nov/2018:18:10:34 +0700] "GET /tracking.gif?email=vka%40nikolas.ru&mailing=100 HTTP/1.0" 200 197 "-" "Mozilla/4.0 (compatible; MSIE 7.0; Windows NT 10.0; Win64; x64; Trident/7.0; .NET4.0C; .NET4.0E; Microsoft Outlook 16.0.4573; ms-office; MSOffice 16)"
62.68.141.35 - - [16/Nov/2018:18:11:04 +0700] "GET /tracking.gif?email=sda%40nikolas.ru&mailing=100 HTTP/1.0" 200 197 "-" "Mozilla/5.0 (compatible; MSIE 10.0; Windows NT 10.0; WOW64; Trident/7.0; Microsoft Outlook 16.0.11001; ms-office; MSOffice 16)"
62.68.141.35 - - [16/Nov/2018:18:11:05 +0700] "GET /tracking.gif?email=sda%40nikolas.ru&mailing=100 HTTP/1.0" 200 197 "-" "Mozilla/5.0 (compatible; MSIE 10.0; Windows NT 10.0; WOW64; Trident/7.0; Microsoft Outlook 16.0.11001; ms-office; MSOffice 16)"
62.68.141.42 - - [16/Nov/2018:18:11:31 +0700] "GET /tracking.gif?email=vka%40nikolas.ru&mailing=98 HTTP/1.0" 200 197 "-" "Mozilla/4.0 (compatible; MSIE 7.0; Windows NT 10.0; Win64; x64; Trident/7.0; .NET4.0C; .NET4.0E; Microsoft Outlook 16.0.4573; ms-office; MSOffice 16)"
62.68.141.42 - - [16/Nov/2018:18:11:32 +0700] "GET /tracking.gif?email=vka%40nikolas.ru&mailing=98 HTTP/1.0" 200 197 "-" "Mozilla/4.0 (compatible; MSIE 7.0; Windows NT 10.0; Win64; x64; Trident/7.0; .NET4.0C; .NET4.0E; Microsoft Outlook 16.0.4573; ms-office; MSOffice 16)"
62.68.141.42 - - [16/Nov/2018:18:13:01 +0700] "GET /tracking.gif?email=vka%40nikolas.ru&mailing=100 HTTP/1.0" 200 197 "-" "Mozilla/4.0 (compatible; MSIE 7.0; Windows NT 10.0; Win64; x64; Trident/7.0; .NET4.0C; .NET4.0E; Microsoft Outlook 16.0.4573; ms-office; MSOffice 16)"
62.68.141.42 - - [16/Nov/2018:18:13:01 +0700] "GET /tracking.gif?email=vka%40nikolas.ru&mailing=100 HTTP/1.0" 200 197 "-" "Mozilla/4.0 (compatible; MSIE 7.0; Windows NT 10.0; Win64; x64; Trident/7.0; .NET4.0C; .NET4.0E; Microsoft Outlook 16.0.4573; ms-office; MSOffice 16)"
188.19.175.237 - - [16/Nov/2018:18:13:38 +0700] "GET /tracking.gif?email=dinana281999%40icloud.com&mailing=91 HTTP/1.0" 200 197 "-" "Mozilla/5.0 (iPhone; CPU iPhone OS 11_3 like Mac OS X) AppleWebKit/605.1.15 (KHTML, like Gecko) Mobile/15E216"
62.68.141.35 - - [16/Nov/2018:18:13:54 +0700] "GET /tracking.gif?email=sda%40nikolas.ru&mailing=100 HTTP/1.0" 200 197 "-" "Mozilla/5.0 (compatible; MSIE 10.0; Windows NT 10.0; WOW64; Trident/7.0; Microsoft Outlook 16.0.11001; ms-office; MSOffice 16)"
62.68.141.35 - - [16/Nov/2018:18:13:57 +0700] "GET /tracking.gif?email=sda%40nikolas.ru&mailing=98 HTTP/1.0" 200 197 "-" "Mozilla/5.0 (compatible; MSIE 10.0; Windows NT 10.0; WOW64; Trident/7.0; Microsoft Outlook 16.0.11001; ms-office; MSOffice 16)"
62.68.141.35 - - [16/Nov/2018:18:13:58 +0700] "GET /tracking.gif?email=sda%40nikolas.ru&mailing=98 HTTP/1.0" 200 197 "-" "Mozilla/5.0 (compatible; MSIE 10.0; Windows NT 10.0; WOW64; Trident/7.0; Microsoft Outlook 16.0.11001; ms-office; MSOffice 16)"
62.68.141.35 - - [16/Nov/2018:18:15:29 +0700] "GET /tracking.gif?email=sda%40nikolas.ru&mailing=100 HTTP/1.0" 200 197 "-" "Mozilla/5.0 (compatible; MSIE 10.0; Windows NT 10.0; WOW64; Trident/7.0; Microsoft Outlook 16.0.11001; ms-office; MSOffice 16)"
62.68.141.35 - - [16/Nov/2018:18:15:29 +0700] "GET /tracking.gif?email=sda%40nikolas.ru&mailing=100 HTTP/1.0" 200 197 "-" "Mozilla/5.0 (compatible; MSIE 10.0; Windows NT 10.0; WOW64; Trident/7.0; Microsoft Outlook 16.0.11001; ms-office; MSOffice 16)"
62.68.141.42 - - [16/Nov/2018:18:16:42 +0700] "GET /tracking.gif?email=vka%40nikolas.ru&mailing=101 HTTP/1.0" 200 197 "-" "Mozilla/4.0 (compatible; MSIE 7.0; Windows NT 10.0; Win64; x64; Trident/7.0; .NET4.0C; .NET4.0E; Microsoft Outlook 16.0.4573; ms-office; MSOffice 16)"
62.68.141.42 - - [16/Nov/2018:18:16:42 +0700] "GET /tracking.gif?email=vka%40nikolas.ru&mailing=101 HTTP/1.0" 200 197 "-" "Mozilla/4.0 (compatible; MSIE 7.0; Windows NT 10.0; Win64; x64; Trident/7.0; .NET4.0C; .NET4.0E; Microsoft Outlook 16.0.4573; ms-office; MSOffice 16)"
62.68.141.42 - - [16/Nov/2018:18:18:38 +0700] "GET /tracking.gif?email=vka%40nikolas.ru&mailing=102 HTTP/1.0" 200 197 "-" "Mozilla/4.0 (compatible; MSIE 7.0; Windows NT 10.0; Win64; x64; Trident/7.0; .NET4.0C; .NET4.0E; Microsoft Outlook 16.0.4573; ms-office; MSOffice 16)"
62.68.141.42 - - [16/Nov/2018:18:18:38 +0700] "GET /tracking.gif?email=vka%40nikolas.ru&mailing=102 HTTP/1.0" 200 197 "-" "Mozilla/4.0 (compatible; MSIE 7.0; Windows NT 10.0; Win64; x64; Trident/7.0; .NET4.0C; .NET4.0E; Microsoft Outlook 16.0.4573; ms-office; MSOffice 16)"
62.68.141.42 - - [16/Nov/2018:18:18:49 +0700] "GET /tracking.gif?email=vka%40nikolas.ru&mailing=101 HTTP/1.0" 200 197 "-" "Mozilla/4.0 (compatible; MSIE 7.0; Windows NT 10.0; Win64; x64; Trident/7.0; .NET4.0C; .NET4.0E; Microsoft Outlook 16.0.4573; ms-office; MSOffice 16)"
62.68.141.42 - - [16/Nov/2018:18:18:49 +0700] "GET /tracking.gif?email=vka%40nikolas.ru&mailing=101 HTTP/1.0" 200 197 "-" "Mozilla/4.0 (compatible; MSIE 7.0; Windows NT 10.0; Win64; x64; Trident/7.0; .NET4.0C; .NET4.0E; Microsoft Outlook 16.0.4573; ms-office; MSOffice 16)"
66.249.65.90 - - [16/Nov/2018:18:19:09 +0700] "GET /robots.txt HTTP/1.0" 404 180 "-" "Mozilla/5.0 (compatible; Googlebot/2.1; +http://www.google.com/bot.html)"
66.249.90.120 - - [16/Nov/2018:18:19:11 +0700] "GET /tracking.gif?email=aleksey.zholobov%40gmail.com&mailing=101 HTTP/1.0" 200 197 "http://mail.google.com/" "Mozilla/5.0 (Windows NT 10.0; Win64; x64) AppleWebKit/537.36 (KHTML, like Gecko) Chrome/42.0.2311.135 Safari/537.36 Edge/12.246 Mozilla/5.0"
66.249.90.123 - - [16/Nov/2018:18:19:12 +0700] "GET /tracking.gif?email=albert207.75%40gmail.com&mailing=101 HTTP/1.0" 200 197 "http://mail.google.com/" "Mozilla/5.0 (Windows NT 10.0; Win64; x64) AppleWebKit/537.36 (KHTML, like Gecko) Chrome/42.0.2311.135 Safari/537.36 Edge/12.246 Mozilla/5.0"
66.249.90.120 - - [16/Nov/2018:18:20:13 +0700] "GET /tracking.gif?email=avramenko.lin%40gmail.com&mailing=101 HTTP/1.0" 200 197 "http://mail.google.com/" "Mozilla/5.0 (Windows NT 10.0; Win64; x64) AppleWebKit/537.36 (KHTML, like Gecko) Chrome/42.0.2311.135 Safari/537.36 Edge/12.246 Mozilla/5.0"
66.249.90.122 - - [16/Nov/2018:18:20:25 +0700] "GET /tracking.gif?email=Analitik.rf%40gmail.com&mailing=101 HTTP/1.0" 200 197 "http://mail.google.com/" "Mozilla/5.0 (Windows NT 10.0; Win64; x64) AppleWebKit/537.36 (KHTML, like Gecko) Chrome/42.0.2311.135 Safari/537.36 Edge/12.246 Mozilla/5.0"
5.255.241.247 - - [16/Nov/2018:18:21:02 +0700] "GET /tracking.gif?email=b4hbq4%40yandex.ru&mailing=101 HTTP/1.0" 200 197 "-" "Mozilla/5.0 (compatible; YandexImageResizer/2.0; +http://yandex.com/bots)"
62.68.141.42 - - [16/Nov/2018:18:21:09 +0700] "GET /tracking.gif?email=vka%40nikolas.ru&mailing=102 HTTP/1.0" 200 197 "-" "Mozilla/4.0 (compatible; MSIE 7.0; Windows NT 10.0; Win64; x64; Trident/7.0; .NET4.0C; .NET4.0E; Microsoft Outlook 16.0.4573; ms-office; MSOffice 16)"
62.68.141.42 - - [16/Nov/2018:18:21:09 +0700] "GET /tracking.gif?email=vka%40nikolas.ru&mailing=102 HTTP/1.0" 200 197 "-" "Mozilla/4.0 (compatible; MSIE 7.0; Windows NT 10.0; Win64; x64; Trident/7.0; .NET4.0C; .NET4.0E; Microsoft Outlook 16.0.4573; ms-office; MSOffice 16)"
62.68.141.35 - - [16/Nov/2018:18:22:17 +0700] "GET /tracking.gif?email=sda%40nikolas.ru&mailing=102 HTTP/1.0" 200 197 "-" "Mozilla/5.0 (compatible; MSIE 10.0; Windows NT 10.0; WOW64; Trident/7.0; Microsoft Outlook 16.0.11001; ms-office; MSOffice 16)"
62.68.141.35 - - [16/Nov/2018:18:22:18 +0700] "GET /tracking.gif?email=sda%40nikolas.ru&mailing=102 HTTP/1.0" 200 197 "-" "Mozilla/5.0 (compatible; MSIE 10.0; Windows NT 10.0; WOW64; Trident/7.0; Microsoft Outlook 16.0.11001; ms-office; MSOffice 16)"
62.68.141.35 - - [16/Nov/2018:18:22:32 +0700] "GET /tracking.gif?email=sda%40nikolas.ru&mailing=101 HTTP/1.0" 200 197 "-" "Mozilla/5.0 (compatible; MSIE 10.0; Windows NT 10.0; WOW64; Trident/7.0; Microsoft Outlook 16.0.11001; ms-office; MSOffice 16)"
62.68.141.35 - - [16/Nov/2018:18:22:33 +0700] "GET /tracking.gif?email=sda%40nikolas.ru&mailing=101 HTTP/1.0" 200 197 "-" "Mozilla/5.0 (compatible; MSIE 10.0; Windows NT 10.0; WOW64; Trident/7.0; Microsoft Outlook 16.0.11001; ms-office; MSOffice 16)"
213.180.215.164 - - [16/Nov/2018:18:22:50 +0700] "GET /tracking.gif?email=bikeev2829%40yandex.ru&mailing=101 HTTP/1.0" 200 197 "-" "Mozilla/5.0 (compatible; YandexImageResizer/2.0; +http://yandex.com/bots)"
62.68.141.42 - - [16/Nov/2018:18:22:55 +0700] "GET /tracking.gif?email=vka%40nikolas.ru&mailing=103 HTTP/1.0" 200 197 "-" "Mozilla/4.0 (compatible; MSIE 7.0; Windows NT 10.0; Win64; x64; Trident/7.0; .NET4.0C; .NET4.0E; Microsoft Outlook 16.0.4573; ms-office; MSOffice 16)"
62.68.141.42 - - [16/Nov/2018:18:22:55 +0700] "GET /tracking.gif?email=vka%40nikolas.ru&mailing=103 HTTP/1.0" 200 197 "-" "Mozilla/4.0 (compatible; MSIE 7.0; Windows NT 10.0; Win64; x64; Trident/7.0; .NET4.0C; .NET4.0E; Microsoft Outlook 16.0.4573; ms-office; MSOffice 16)"
62.68.141.35 - - [16/Nov/2018:18:23:06 +0700] "GET /tracking.gif?email=sda%40nikolas.ru&mailing=103 HTTP/1.0" 200 197 "-" "Mozilla/5.0 (compatible; MSIE 10.0; Windows NT 10.0; WOW64; Trident/7.0; Microsoft Outlook 16.0.11001; ms-office; MSOffice 16)"
62.68.141.35 - - [16/Nov/2018:18:23:07 +0700] "GET /tracking.gif?email=sda%40nikolas.ru&mailing=103 HTTP/1.0" 200 197 "-" "Mozilla/5.0 (compatible; MSIE 10.0; Windows NT 10.0; WOW64; Trident/7.0; Microsoft Outlook 16.0.11001; ms-office; MSOffice 16)"
77.88.11.245 - - [16/Nov/2018:18:23:14 +0700] "GET /tracking.gif?email=DENIS2016LOKO%40yandex.ru&mailing=101 HTTP/1.0" 200 197 "-" "Mozilla/5.0 (compatible; YandexImageResizer/2.0; +http://yandex.com/bots)"
62.68.141.42 - - [16/Nov/2018:18:23:20 +0700] "GET /tracking.gif?email=vka%40nikolas.ru&mailing=102 HTTP/1.0" 200 197 "-" "Mozilla/4.0 (compatible; MSIE 7.0; Windows NT 10.0; Win64; x64; Trident/7.0; .NET4.0C; .NET4.0E; Microsoft Outlook 16.0.4573; ms-office; MSOffice 16)"
62.68.141.42 - - [16/Nov/2018:18:23:20 +0700] "GET /tracking.gif?email=vka%40nikolas.ru&mailing=102 HTTP/1.0" 200 197 "-" "Mozilla/4.0 (compatible; MSIE 7.0; Windows NT 10.0; Win64; x64; Trident/7.0; .NET4.0C; .NET4.0E; Microsoft Outlook 16.0.4573; ms-office; MSOffice 16)"
62.68.141.42 - - [16/Nov/2018:18:23:21 +0700] "GET /tracking.gif?email=vka%40nikolas.ru&mailing=103 HTTP/1.0" 200 197 "-" "Mozilla/4.0 (compatible; MSIE 7.0; Windows NT 10.0; Win64; x64; Trident/7.0; .NET4.0C; .NET4.0E; Microsoft Outlook 16.0.4573; ms-office; MSOffice 16)"
62.68.141.42 - - [16/Nov/2018:18:23:22 +0700] "GET /tracking.gif?email=vka%40nikolas.ru&mailing=103 HTTP/1.0" 200 197 "-" "Mozilla/4.0 (compatible; MSIE 7.0; Windows NT 10.0; Win64; x64; Trident/7.0; .NET4.0C; .NET4.0E; Microsoft Outlook 16.0.4573; ms-office; MSOffice 16)"
188.19.170.68 - - [16/Nov/2018:18:23:37 +0700] "GET /unsubscribe/?email=BolotovaAN%40alkotorg.com&mailing=101 HTTP/1.0" 200 998 "-" "Mozilla/5.0 (Windows NT 10.0; WOW64) AppleWebKit/537.36 (KHTML, like Gecko) Chrome/69.0.3497.100 Safari/537.36 OPR/56.0.3051.99 (Edition Campaign 75)"
188.19.170.68 - - [16/Nov/2018:18:23:40 +0700] "GET /img/popcorn.svg HTTP/1.0" 200 1187 "http://mailing.etobilet.ru/css/main.css" "Mozilla/5.0 (Windows NT 10.0; WOW64) AppleWebKit/537.36 (KHTML, like Gecko) Chrome/69.0.3497.100 Safari/537.36 OPR/56.0.3051.99 (Edition Campaign 75)"
77.88.11.250 - - [16/Nov/2018:18:23:43 +0700] "GET /tracking.gif?email=irina.kapustin%40yandex.ru&mailing=101 HTTP/1.0" 200 197 "-" "Mozilla/5.0 (compatible; YandexImageResizer/2.0; +http://yandex.com/bots)"
188.19.170.68 - - [16/Nov/2018:18:23:50 +0700] "GET /unsubscribe/?email=BolotovaAN%40alkotorg.com&mailing=101&confirmed=1 HTTP/1.0" 200 755 "http://mailing.etobilet.ru/unsubscribe/?email=BolotovaAN%40alkotorg.com&mailing=101" "Mozilla/5.0 (Windows NT 10.0; WOW64) AppleWebKit/537.36 (KHTML, like Gecko) Chrome/69.0.3497.100 Safari/537.36 OPR/56.0.3051.99 (Edition Campaign 75)"
5.255.241.238 - - [16/Nov/2018:18:23:59 +0700] "GET /tracking.gif?email=iwan.fominyh%40yandex.ru&mailing=101 HTTP/1.0" 200 197 "-" "Mozilla/5.0 (compatible; YandexImageResizer/2.0; +http://yandex.com/bots)"
5.255.241.230 - - [16/Nov/2018:18:25:10 +0700] "GET /tracking.gif?email=Kurov09%40yandex.ru&mailing=101 HTTP/1.0" 200 197 "-" "Mozilla/5.0 (compatible; YandexImageResizer/2.0; +http://yandex.com/bots)"
85.140.22.223 - - [16/Nov/2018:18:26:05 +0700] "GET /unsubscribe/?email=Kurov09%40yandex.ru&mailing=101 HTTP/1.0" 200 986 "-" "Mozilla/5.0 (Linux; Android 5.0; ASUS_Z00AD) AppleWebKit/537.36 (KHTML, like Gecko) Chrome/70.0.3538.80 Mobile Safari/537.36"
85.140.22.223 - - [16/Nov/2018:18:26:06 +0700] "GET /img/popcorn.svg HTTP/1.0" 200 1187 "http://mailing.etobilet.ru/css/main.css" "Mozilla/5.0 (Linux; Android 5.0; ASUS_Z00AD) AppleWebKit/537.36 (KHTML, like Gecko) Chrome/70.0.3538.80 Mobile Safari/537.36"
85.140.22.223 - - [16/Nov/2018:18:26:13 +0700] "GET /unsubscribe/?email=Kurov09%40yandex.ru&mailing=101&confirmed=1 HTTP/1.0" 200 755 "http://mailing.etobilet.ru/unsubscribe/?email=Kurov09%40yandex.ru&mailing=101" "Mozilla/5.0 (Linux; Android 5.0; ASUS_Z00AD) AppleWebKit/537.36 (KHTML, like Gecko) Chrome/70.0.3538.80 Mobile Safari/537.36"
66.102.9.14 - - [16/Nov/2018:18:26:42 +0700] "GET /tracking.gif?email=k.jebrovskaya%40gmail.com&mailing=101 HTTP/1.0" 200 197 "-" "Mozilla/5.0 (Windows NT 5.1; rv:11.0) Gecko Firefox/11.0 (via ggpht.com GoogleImageProxy)"
5.255.241.241 - - [16/Nov/2018:18:26:48 +0700] "GET /tracking.gif?email=mordovin%40mestal.ru&mailing=101 HTTP/1.0" 200 197 "-" "Mozilla/5.0 (compatible; YandexImageResizer/2.0; +http://yandex.com/bots)"
62.68.141.35 - - [16/Nov/2018:18:27:30 +0700] "GET /tracking.gif?email=sda%40nikolas.ru&mailing=103 HTTP/1.0" 200 197 "-" "Mozilla/5.0 (compatible; MSIE 10.0; Windows NT 10.0; WOW64; Trident/7.0; Microsoft Outlook 16.0.11001; ms-office; MSOffice 16)"
94.25.178.49 - - [16/Nov/2018:18:28:11 +0700] "GET /tracking.gif?email=arteeem232%40icloud.com&mailing=101 HTTP/1.0" 200 197 "-" "Mozilla/5.0 (iPhone; CPU iPhone OS 11_4_1 like Mac OS X) AppleWebKit/605.1.15 (KHTML, like Gecko) Mobile/15G77"
62.68.141.57 - - [16/Nov/2018:18:28:52 +0700] "GET /tracking.gif?email=[%VAR%20RCPT.EMAIL%20ESCAPE=URL%]&mailing=[%VAR%20MAILING.ID%] HTTP/1.0" 200 197 "-" "Mozilla/5.0 (Macintosh; Intel Mac OS X 10_14_1) AppleWebKit/537.36 (KHTML, like Gecko) Chrome/70.0.3538.102 Safari/537.36"
62.68.141.57 - - [16/Nov/2018:18:29:39 +0700] "GET /tracking.gif?email=[%VAR%20RCPT.EMAIL%20ESCAPE=URL%]&mailing=[%VAR%20MAILING.ID%] HTTP/1.0" 200 197 "-" "Mozilla/5.0 (Macintosh; Intel Mac OS X 10_14_1) AppleWebKit/537.36 (KHTML, like Gecko) Chrome/70.0.3538.102 Safari/537.36"
62.68.141.57 - - [16/Nov/2018:18:29:54 +0700] "GET /tracking.gif?email=[%VAR%20RCPT.EMAIL%20ESCAPE=URL%]&mailing=[%VAR%20MAILING.ID%] HTTP/1.0" 200 197 "-" "Mozilla/5.0 (Macintosh; Intel Mac OS X 10_14_1) AppleWebKit/537.36 (KHTML, like Gecko) Chrome/70.0.3538.102 Safari/537.36"
176.59.211.133 - - [16/Nov/2018:18:30:05 +0700] "GET /tracking.gif?email=bumblebee.ks%40icloud.com&mailing=101 HTTP/1.0" 200 197 "-" "Mozilla/5.0 (iPhone; CPU iPhone OS 12_0_1 like Mac OS X) AppleWebKit/605.1.15 (KHTML, like Gecko) Mobile/16A404"
37.9.102.248 - - [16/Nov/2018:18:31:01 +0700] "GET /tracking.gif?email=vadim0586%40yandex.ru&mailing=101 HTTP/1.0" 200 197 "-" "Mozilla/5.0 (compatible; YandexImageResizer/2.0; +http://yandex.com/bots)"
213.180.215.168 - - [16/Nov/2018:18:31:22 +0700] "GET /tracking.gif?email=mr.anp%40yandex.ru&mailing=101 HTTP/1.0" 200 197 "-" "Mozilla/5.0 (compatible; YandexImageResizer/2.0; +http://yandex.com/bots)"
40.107.205.24 - - [16/Nov/2018:18:31:30 +0700] "GET /tracking.gif HTTP/1.0" 200 197 "-" "Mozilla/5.0 (Windows NT 10.0; Win64; x64) AppleWebKit/537.36 (KHTML, like Gecko) Chrome/57.0.2987.133 Safari/537.36"
40.107.205.58 - - [16/Nov/2018:18:31:30 +0700] "GET /browse/ HTTP/1.0" 404 180 "-" "Mozilla/5.0 (Windows NT 10.0; Win64; x64) AppleWebKit/537.36 (KHTML, like Gecko) Chrome/57.0.2987.133 Safari/537.36"
93.158.130.179 - - [16/Nov/2018:18:31:39 +0700] "GET /tracking.gif?email=tsv.ag%40yandex.ru&mailing=101 HTTP/1.0" 200 197 "-" "Mozilla/5.0 (compatible; YandexImageResizer/2.0; +http://yandex.com/bots)"
5.141.3.135 - - [16/Nov/2018:18:32:15 +0700] "GET /tracking.gif?email=al.k%40km.ru&mailing=101 HTTP/1.0" 200 197 "-" "Mozilla/5.0 (Windows NT 6.1) AppleWebKit/537.36 (KHTML, like Gecko) Chrome/69.0.3497.100 YaBrowser/18.10.0.2724 Yowser/2.5 Safari/537.36"
5.141.3.135 - - [16/Nov/2018:18:32:18 +0700] "GET /tracking.gif?email=al.k%40km.ru&mailing=101 HTTP/1.0" 200 197 "-" "Mozilla/5.0 (Windows NT 6.1) AppleWebKit/537.36 (KHTML, like Gecko) Chrome/69.0.3497.100 YaBrowser/18.10.0.2724 Yowser/2.5 Safari/537.36"
85.140.79.94 - - [16/Nov/2018:18:32:54 +0700] "GET /tracking.gif?email=Olga.s74%40icloud.com&mailing=101 HTTP/1.0" 200 197 "-" "Mozilla/5.0 (iPhone; CPU iPhone OS 12_0_1 like Mac OS X) AppleWebKit/605.1.15 (KHTML, like Gecko) Mobile/16A404"
213.180.215.167 - - [16/Nov/2018:18:32:56 +0700] "GET /tracking.gif?email=gorbu.irina2013%40yandex.ru&mailing=101 HTTP/1.0" 200 197 "-" "Mozilla/5.0 (compatible; YandexImageResizer/2.0; +http://yandex.com/bots)"
5.255.241.246 - - [16/Nov/2018:18:33:09 +0700] "GET /tracking.gif?email=mars.m86%40yandex.ru&mailing=101 HTTP/1.0" 200 197 "-" "Mozilla/5.0 (compatible; YandexImageResizer/2.0; +http://yandex.com/bots)"
62.68.141.42 - - [16/Nov/2018:18:33:44 +0700] "GET /tracking.gif?email=vka%40nikolas.ru&mailing=101 HTTP/1.0" 200 197 "-" "Mozilla/4.0 (compatible; MSIE 7.0; Windows NT 10.0; Win64; x64; Trident/7.0; .NET4.0C; .NET4.0E; Microsoft Outlook 16.0.4573; ms-office; MSOffice 16)"
62.68.141.42 - - [16/Nov/2018:18:33:44 +0700] "GET /tracking.gif?email=vka%40nikolas.ru&mailing=101 HTTP/1.0" 200 197 "-" "Mozilla/4.0 (compatible; MSIE 7.0; Windows NT 10.0; Win64; x64; Trident/7.0; .NET4.0C; .NET4.0E; Microsoft Outlook 16.0.4573; ms-office; MSOffice 16)"
62.68.141.35 - - [16/Nov/2018:18:33:51 +0700] "GET /tracking.gif?email=sda%40nikolas.ru&mailing=101 HTTP/1.0" 200 197 "-" "Mozilla/5.0 (compatible; MSIE 10.0; Windows NT 10.0; WOW64; Trident/7.0; Microsoft Outlook 16.0.11001; ms-office; MSOffice 16)"
62.68.141.35 - - [16/Nov/2018:18:33:52 +0700] "GET /tracking.gif?email=sda%40nikolas.ru&mailing=101 HTTP/1.0" 200 197 "-" "Mozilla/5.0 (compatible; MSIE 10.0; Windows NT 10.0; WOW64; Trident/7.0; Microsoft Outlook 16.0.11001; ms-office; MSOffice 16)"
62.68.141.35 - - [16/Nov/2018:18:34:08 +0700] "GET /tracking.gif?email=sda%40nikolas.ru&mailing=101 HTTP/1.0" 200 197 "-" "Mozilla/5.0 (compatible; MSIE 10.0; Windows NT 10.0; WOW64; Trident/7.0; Microsoft Outlook 16.0.11001; ms-office; MSOffice 16)"
62.68.141.35 - - [16/Nov/2018:18:34:09 +0700] "GET /tracking.gif?email=sda%40nikolas.ru&mailing=101 HTTP/1.0" 200 197 "-" "Mozilla/5.0 (compatible; MSIE 10.0; Windows NT 10.0; WOW64; Trident/7.0; Microsoft Outlook 16.0.11001; ms-office; MSOffice 16)"
62.68.141.42 - - [16/Nov/2018:18:34:15 +0700] "GET /tracking.gif?email=vka%40nikolas.ru&mailing=102 HTTP/1.0" 200 197 "-" "Mozilla/4.0 (compatible; MSIE 7.0; Windows NT 10.0; Win64; x64; Trident/7.0; .NET4.0C; .NET4.0E; Microsoft Outlook 16.0.4573; ms-office; MSOffice 16)"
62.68.141.42 - - [16/Nov/2018:18:34:16 +0700] "GET /tracking.gif?email=vka%40nikolas.ru&mailing=102 HTTP/1.0" 200 197 "-" "Mozilla/4.0 (compatible; MSIE 7.0; Windows NT 10.0; Win64; x64; Trident/7.0; .NET4.0C; .NET4.0E; Microsoft Outlook 16.0.4573; ms-office; MSOffice 16)"
62.68.141.42 - - [16/Nov/2018:18:34:35 +0700] "GET /tracking.gif?email=vka%40nikolas.ru&mailing=104 HTTP/1.0" 200 197 "-" "Mozilla/4.0 (compatible; MSIE 7.0; Windows NT 10.0; Win64; x64; Trident/7.0; .NET4.0C; .NET4.0E; Microsoft Outlook 16.0.4573; ms-office; MSOffice 16)"
62.68.141.42 - - [16/Nov/2018:18:34:35 +0700] "GET /tracking.gif?email=vka%40nikolas.ru&mailing=104 HTTP/1.0" 200 197 "-" "Mozilla/4.0 (compatible; MSIE 7.0; Windows NT 10.0; Win64; x64; Trident/7.0; .NET4.0C; .NET4.0E; Microsoft Outlook 16.0.4573; ms-office; MSOffice 16)"
109.226.240.69 - - [16/Nov/2018:18:34:36 +0700] "GET /browse/ HTTP/1.0" 404 180 "-" "Mozilla/5.0 (Windows NT 10.0; Win64; x64) AppleWebKit/537.36 (KHTML, like Gecko) Chrome/69.0.3497.100 Safari/537.36"
62.68.141.42 - - [16/Nov/2018:18:34:43 +0700] "GET /tracking.gif?email=vka%40nikolas.ru&mailing=103 HTTP/1.0" 200 197 "-" "Mozilla/4.0 (compatible; MSIE 7.0; Windows NT 10.0; Win64; x64; Trident/7.0; .NET4.0C; .NET4.0E; Microsoft Outlook 16.0.4573; ms-office; MSOffice 16)"
62.68.141.42 - - [16/Nov/2018:18:34:43 +0700] "GET /tracking.gif?email=vka%40nikolas.ru&mailing=103 HTTP/1.0" 200 197 "-" "Mozilla/4.0 (compatible; MSIE 7.0; Windows NT 10.0; Win64; x64; Trident/7.0; .NET4.0C; .NET4.0E; Microsoft Outlook 16.0.4573; ms-office; MSOffice 16)"
62.68.141.42 - - [16/Nov/2018:18:34:46 +0700] "GET /tracking.gif?email=vka%40nikolas.ru&mailing=102 HTTP/1.0" 200 197 "-" "Mozilla/4.0 (compatible; MSIE 7.0; Windows NT 10.0; Win64; x64; Trident/7.0; .NET4.0C; .NET4.0E; Microsoft Outlook 16.0.4573; ms-office; MSOffice 16)"
62.68.141.42 - - [16/Nov/2018:18:34:46 +0700] "GET /tracking.gif?email=vka%40nikolas.ru&mailing=102 HTTP/1.0" 200 197 "-" "Mozilla/4.0 (compatible; MSIE 7.0; Windows NT 10.0; Win64; x64; Trident/7.0; .NET4.0C; .NET4.0E; Microsoft Outlook 16.0.4573; ms-office; MSOffice 16)"
62.68.141.42 - - [16/Nov/2018:18:34:48 +0700] "GET /tracking.gif?email=vka%40nikolas.ru&mailing=104 HTTP/1.0" 200 197 "-" "Mozilla/4.0 (compatible; MSIE 7.0; Windows NT 10.0; Win64; x64; Trident/7.0; .NET4.0C; .NET4.0E; Microsoft Outlook 16.0.4573; ms-office; MSOffice 16)"
62.68.141.42 - - [16/Nov/2018:18:34:48 +0700] "GET /tracking.gif?email=vka%40nikolas.ru&mailing=104 HTTP/1.0" 200 197 "-" "Mozilla/4.0 (compatible; MSIE 7.0; Windows NT 10.0; Win64; x64; Trident/7.0; .NET4.0C; .NET4.0E; Microsoft Outlook 16.0.4573; ms-office; MSOffice 16)"
62.68.141.42 - - [16/Nov/2018:18:34:55 +0700] "GET /tracking.gif?email=vka%40nikolas.ru&mailing=103 HTTP/1.0" 200 197 "-" "Mozilla/4.0 (compatible; MSIE 7.0; Windows NT 10.0; Win64; x64; Trident/7.0; .NET4.0C; .NET4.0E; Microsoft Outlook 16.0.4573; ms-office; MSOffice 16)"
62.68.141.42 - - [16/Nov/2018:18:34:55 +0700] "GET /tracking.gif?email=vka%40nikolas.ru&mailing=103 HTTP/1.0" 200 197 "-" "Mozilla/4.0 (compatible; MSIE 7.0; Windows NT 10.0; Win64; x64; Trident/7.0; .NET4.0C; .NET4.0E; Microsoft Outlook 16.0.4573; ms-office; MSOffice 16)"
62.68.141.42 - - [16/Nov/2018:18:34:58 +0700] "GET /tracking.gif?email=vka%40nikolas.ru&mailing=102 HTTP/1.0" 200 197 "-" "Mozilla/4.0 (compatible; MSIE 7.0; Windows NT 10.0; Win64; x64; Trident/7.0; .NET4.0C; .NET4.0E; Microsoft Outlook 16.0.4573; ms-office; MSOffice 16)"
62.68.141.42 - - [16/Nov/2018:18:34:58 +0700] "GET /tracking.gif?email=vka%40nikolas.ru&mailing=102 HTTP/1.0" 200 197 "-" "Mozilla/4.0 (compatible; MSIE 7.0; Windows NT 10.0; Win64; x64; Trident/7.0; .NET4.0C; .NET4.0E; Microsoft Outlook 16.0.4573; ms-office; MSOffice 16)"
62.68.141.42 - - [16/Nov/2018:18:35:02 +0700] "GET /tracking.gif?email=vka%40nikolas.ru&mailing=104 HTTP/1.0" 200 197 "-" "Mozilla/4.0 (compatible; MSIE 7.0; Windows NT 10.0; Win64; x64; Trident/7.0; .NET4.0C; .NET4.0E; Microsoft Outlook 16.0.4573; ms-office; MSOffice 16)"
62.68.141.42 - - [16/Nov/2018:18:35:02 +0700] "GET /tracking.gif?email=vka%40nikolas.ru&mailing=104 HTTP/1.0" 200 197 "-" "Mozilla/4.0 (compatible; MSIE 7.0; Windows NT 10.0; Win64; x64; Trident/7.0; .NET4.0C; .NET4.0E; Microsoft Outlook 16.0.4573; ms-office; MSOffice 16)"
62.68.141.42 - - [16/Nov/2018:18:35:14 +0700] "GET /tracking.gif?email=vka%40nikolas.ru&mailing=103 HTTP/1.0" 200 197 "-" "Mozilla/4.0 (compatible; MSIE 7.0; Windows NT 10.0; Win64; x64; Trident/7.0; .NET4.0C; .NET4.0E; Microsoft Outlook 16.0.4573; ms-office; MSOffice 16)"
62.68.141.42 - - [16/Nov/2018:18:35:14 +0700] "GET /tracking.gif?email=vka%40nikolas.ru&mailing=103 HTTP/1.0" 200 197 "-" "Mozilla/4.0 (compatible; MSIE 7.0; Windows NT 10.0; Win64; x64; Trident/7.0; .NET4.0C; .NET4.0E; Microsoft Outlook 16.0.4573; ms-office; MSOffice 16)"
62.68.141.42 - - [16/Nov/2018:18:35:15 +0700] "GET /tracking.gif?email=vka%40nikolas.ru&mailing=102 HTTP/1.0" 200 197 "-" "Mozilla/4.0 (compatible; MSIE 7.0; Windows NT 10.0; Win64; x64; Trident/7.0; .NET4.0C; .NET4.0E; Microsoft Outlook 16.0.4573; ms-office; MSOffice 16)"
62.68.141.42 - - [16/Nov/2018:18:35:15 +0700] "GET /tracking.gif?email=vka%40nikolas.ru&mailing=102 HTTP/1.0" 200 197 "-" "Mozilla/4.0 (compatible; MSIE 7.0; Windows NT 10.0; Win64; x64; Trident/7.0; .NET4.0C; .NET4.0E; Microsoft Outlook 16.0.4573; ms-office; MSOffice 16)"
213.180.215.162 - - [16/Nov/2018:18:35:19 +0700] "GET /tracking.gif?email=alexkrav27%40ya.ru&mailing=101 HTTP/1.0" 200 197 "-" "Mozilla/5.0 (compatible; YandexImageResizer/2.0; +http://yandex.com/bots)"
62.68.141.42 - - [16/Nov/2018:18:35:21 +0700] "GET /tracking.gif?email=vka%40nikolas.ru&mailing=103 HTTP/1.0" 200 197 "-" "Mozilla/4.0 (compatible; MSIE 7.0; Windows NT 10.0; Win64; x64; Trident/7.0; .NET4.0C; .NET4.0E; Microsoft Outlook 16.0.4573; ms-office; MSOffice 16)"
62.68.141.42 - - [16/Nov/2018:18:35:21 +0700] "GET /tracking.gif?email=vka%40nikolas.ru&mailing=103 HTTP/1.0" 200 197 "-" "Mozilla/4.0 (compatible; MSIE 7.0; Windows NT 10.0; Win64; x64; Trident/7.0; .NET4.0C; .NET4.0E; Microsoft Outlook 16.0.4573; ms-office; MSOffice 16)"
62.68.141.42 - - [16/Nov/2018:18:35:22 +0700] "GET /tracking.gif?email=vka%40nikolas.ru&mailing=101 HTTP/1.0" 200 197 "-" "Mozilla/4.0 (compatible; MSIE 7.0; Windows NT 10.0; Win64; x64; Trident/7.0; .NET4.0C; .NET4.0E; Microsoft Outlook 16.0.4573; ms-office; MSOffice 16)"
62.68.141.42 - - [16/Nov/2018:18:35:23 +0700] "GET /tracking.gif?email=vka%40nikolas.ru&mailing=101 HTTP/1.0" 200 197 "-" "Mozilla/4.0 (compatible; MSIE 7.0; Windows NT 10.0; Win64; x64; Trident/7.0; .NET4.0C; .NET4.0E; Microsoft Outlook 16.0.4573; ms-office; MSOffice 16)"
77.88.11.249 - - [16/Nov/2018:18:35:28 +0700] "GET /tracking.gif?email=vova-titan86%40yandex.ru&mailing=101 HTTP/1.0" 200 197 "-" "Mozilla/5.0 (compatible; YandexImageResizer/2.0; +http://yandex.com/bots)"
62.68.141.42 - - [16/Nov/2018:18:35:29 +0700] "GET /tracking.gif?email=vka%40nikolas.ru&mailing=104 HTTP/1.0" 200 197 "-" "Mozilla/4.0 (compatible; MSIE 7.0; Windows NT 10.0; Win64; x64; Trident/7.0; .NET4.0C; .NET4.0E; Microsoft Outlook 16.0.4573; ms-office; MSOffice 16)"
62.68.141.42 - - [16/Nov/2018:18:35:29 +0700] "GET /tracking.gif?email=vka%40nikolas.ru&mailing=104 HTTP/1.0" 200 197 "-" "Mozilla/4.0 (compatible; MSIE 7.0; Windows NT 10.0; Win64; x64; Trident/7.0; .NET4.0C; .NET4.0E; Microsoft Outlook 16.0.4573; ms-office; MSOffice 16)"
31.173.100.131 - - [16/Nov/2018:18:36:03 +0700] "GET /tracking.gif?email=Gorlo_liza%40rambler.ru&mailing=101 HTTP/1.0" 200 197 "-" "Mozilla/5.0 (iPhone; CPU iPhone OS 12_0_1 like Mac OS X) AppleWebKit/605.1.15 (KHTML, like Gecko) Mobile/16A404"
5.255.241.230 - - [16/Nov/2018:18:36:07 +0700] "GET /tracking.gif?email=maksgluhov2012%40yandex.ru&mailing=101 HTTP/1.0" 200 197 "-" "Mozilla/5.0 (compatible; YandexImageResizer/2.0; +http://yandex.com/bots)"
31.173.100.131 - - [16/Nov/2018:18:36:07 +0700] "GET /tracking.gif?email=Gorlo_liza%40rambler.ru&mailing=101 HTTP/1.0" 200 197 "-" "Mozilla/5.0 (iPhone; CPU iPhone OS 12_0_1 like Mac OS X) AppleWebKit/605.1.15 (KHTML, like Gecko) Mobile/16A404"
31.173.100.131 - - [16/Nov/2018:18:36:08 +0700] "GET /tracking.gif?email=Gorlo_liza%40rambler.ru&mailing=101 HTTP/1.0" 200 197 "-" "Mozilla/5.0 (iPhone; CPU iPhone OS 12_0_1 like Mac OS X) AppleWebKit/605.1.15 (KHTML, like Gecko) Mobile/16A404"
31.173.100.131 - - [16/Nov/2018:18:36:08 +0700] "GET /tracking.gif?email=Gorlo_liza%40rambler.ru&mailing=101 HTTP/1.0" 200 197 "-" "Mozilla/5.0 (iPhone; CPU iPhone OS 12_0_1 like Mac OS X) AppleWebKit/605.1.15 (KHTML, like Gecko) Mobile/16A404"
62.68.141.35 - - [16/Nov/2018:18:36:09 +0700] "GET /tracking.gif?email=sda%40nikolas.ru&mailing=104 HTTP/1.0" 200 197 "-" "Mozilla/5.0 (compatible; MSIE 10.0; Windows NT 10.0; WOW64; Trident/7.0; Microsoft Outlook 16.0.11001; ms-office; MSOffice 16)"
62.68.141.35 - - [16/Nov/2018:18:36:10 +0700] "GET /tracking.gif?email=sda%40nikolas.ru&mailing=104 HTTP/1.0" 200 197 "-" "Mozilla/5.0 (compatible; MSIE 10.0; Windows NT 10.0; WOW64; Trident/7.0; Microsoft Outlook 16.0.11001; ms-office; MSOffice 16)"
37.9.102.250 - - [16/Nov/2018:18:36:22 +0700] "GET /tracking.gif?email=ghost89227777363%40yandex.ru&mailing=101 HTTP/1.0" 200 197 "-" "Mozilla/5.0 (compatible; YandexImageResizer/2.0; +http://yandex.com/bots)"
62.68.141.42 - - [16/Nov/2018:18:36:26 +0700] "GET /tracking.gif?email=vka%40nikolas.ru&mailing=103 HTTP/1.0" 200 197 "-" "Mozilla/4.0 (compatible; MSIE 7.0; Windows NT 10.0; Win64; x64; Trident/7.0; .NET4.0C; .NET4.0E; Microsoft Outlook 16.0.4573; ms-office; MSOffice 16)"
62.68.141.42 - - [16/Nov/2018:18:36:26 +0700] "GET /tracking.gif?email=vka%40nikolas.ru&mailing=103 HTTP/1.0" 200 197 "-" "Mozilla/4.0 (compatible; MSIE 7.0; Windows NT 10.0; Win64; x64; Trident/7.0; .NET4.0C; .NET4.0E; Microsoft Outlook 16.0.4573; ms-office; MSOffice 16)"
62.68.141.35 - - [16/Nov/2018:18:36:32 +0700] "GET /tracking.gif?email=sda%40nikolas.ru&mailing=101 HTTP/1.0" 200 197 "-" "Mozilla/5.0 (compatible; MSIE 10.0; Windows NT 10.0; WOW64; Trident/7.0; Microsoft Outlook 16.0.11001; ms-office; MSOffice 16)"
62.68.141.35 - - [16/Nov/2018:18:36:32 +0700] "GET /tracking.gif?email=sda%40nikolas.ru&mailing=101 HTTP/1.0" 200 197 "-" "Mozilla/5.0 (compatible; MSIE 10.0; Windows NT 10.0; WOW64; Trident/7.0; Microsoft Outlook 16.0.11001; ms-office; MSOffice 16)"
62.68.141.35 - - [16/Nov/2018:18:36:32 +0700] "GET /tracking.gif?email=sda%40nikolas.ru&mailing=101 HTTP/1.0" 200 197 "-" "Mozilla/5.0 (compatible; MSIE 10.0; Windows NT 10.0; WOW64; Trident/7.0; Microsoft Outlook 16.0.11001; ms-office; MSOffice 16)"
62.68.141.42 - - [16/Nov/2018:18:36:33 +0700] "GET /tracking.gif?email=vka%40nikolas.ru&mailing=104 HTTP/1.0" 200 197 "-" "Mozilla/4.0 (compatible; MSIE 7.0; Windows NT 10.0; Win64; x64; Trident/7.0; .NET4.0C; .NET4.0E; Microsoft Outlook 16.0.4573; ms-office; MSOffice 16)"
62.68.141.42 - - [16/Nov/2018:18:36:33 +0700] "GET /tracking.gif?email=vka%40nikolas.ru&mailing=104 HTTP/1.0" 200 197 "-" "Mozilla/4.0 (compatible; MSIE 7.0; Windows NT 10.0; Win64; x64; Trident/7.0; .NET4.0C; .NET4.0E; Microsoft Outlook 16.0.4573; ms-office; MSOffice 16)"
62.68.141.35 - - [16/Nov/2018:18:36:34 +0700] "GET /tracking.gif?email=sda%40nikolas.ru&mailing=101 HTTP/1.0" 200 197 "-" "Mozilla/5.0 (compatible; MSIE 10.0; Windows NT 10.0; WOW64; Trident/7.0; Microsoft Outlook 16.0.11001; ms-office; MSOffice 16)"
213.180.215.167 - - [16/Nov/2018:18:38:17 +0700] "GET /tracking.gif?email=malyavina.alena.21%40yandex.ru&mailing=101 HTTP/1.0" 200 197 "-" "Mozilla/5.0 (compatible; YandexImageResizer/2.0; +http://yandex.com/bots)"
5.255.241.243 - - [16/Nov/2018:18:38:28 +0700] "GET /tracking.gif?email=kristinka.stepanova2011%40yandex.ru&mailing=101 HTTP/1.0" 200 197 "-" "Mozilla/5.0 (compatible; YandexImageResizer/2.0; +http://yandex.com/bots)"
31.173.120.150 - - [16/Nov/2018:18:38:46 +0700] "GET /tracking.gif?email=chayka5%40rambler.ru&mailing=101 HTTP/1.0" 200 197 "-" "Mozilla/5.0 (Linux; Android 7.0; SM-A510F Build/NRD90M; wv) AppleWebKit/537.36 (KHTML, like Gecko) Version/4.0 Chrome/69.0.3497.100 Mobile Safari/537.36"
217.118.83.253 - - [16/Nov/2018:18:38:48 +0700] "GET /tracking.gif?email=ruxa09%40icloud.com&mailing=101 HTTP/1.0" 200 197 "-" "Mozilla/5.0 (iPhone; CPU iPhone OS 12_1 like Mac OS X) AppleWebKit/605.1.15 (KHTML, like Gecko) Mobile/16B92"
62.68.141.35 - - [16/Nov/2018:18:39:02 +0700] "GET /tracking.gif?email=sda%40nikolas.ru&mailing=104 HTTP/1.0" 200 197 "-" "Mozilla/5.0 (compatible; MSIE 10.0; Windows NT 10.0; WOW64; Trident/7.0; Microsoft Outlook 16.0.11001; ms-office; MSOffice 16)"
62.68.141.35 - - [16/Nov/2018:18:39:02 +0700] "GET /tracking.gif?email=sda%40nikolas.ru&mailing=101 HTTP/1.0" 200 197 "-" "Mozilla/5.0 (compatible; MSIE 10.0; Windows NT 10.0; WOW64; Trident/7.0; Microsoft Outlook 16.0.11001; ms-office; MSOffice 16)"
62.68.141.35 - - [16/Nov/2018:18:39:03 +0700] "GET /tracking.gif?email=sda%40nikolas.ru&mailing=104 HTTP/1.0" 200 197 "-" "Mozilla/5.0 (compatible; MSIE 10.0; Windows NT 10.0; WOW64; Trident/7.0; Microsoft Outlook 16.0.11001; ms-office; MSOffice 16)"
62.68.141.35 - - [16/Nov/2018:18:39:03 +0700] "GET /tracking.gif?email=sda%40nikolas.ru&mailing=101 HTTP/1.0" 200 197 "-" "Mozilla/5.0 (compatible; MSIE 10.0; Windows NT 10.0; WOW64; Trident/7.0; Microsoft Outlook 16.0.11001; ms-office; MSOffice 16)"
62.68.141.35 - - [16/Nov/2018:18:39:12 +0700] "GET /tracking.gif?email=sda%40nikolas.ru&mailing=103 HTTP/1.0" 200 197 "-" "Mozilla/5.0 (compatible; MSIE 10.0; Windows NT 10.0; WOW64; Trident/7.0; Microsoft Outlook 16.0.11001; ms-office; MSOffice 16)"
62.68.141.35 - - [16/Nov/2018:18:39:12 +0700] "GET /tracking.gif?email=sda%40nikolas.ru&mailing=101 HTTP/1.0" 200 197 "-" "Mozilla/5.0 (compatible; MSIE 10.0; Windows NT 10.0; WOW64; Trident/7.0; Microsoft Outlook 16.0.11001; ms-office; MSOffice 16)"
62.68.141.35 - - [16/Nov/2018:18:39:13 +0700] "GET /tracking.gif?email=sda%40nikolas.ru&mailing=104 HTTP/1.0" 200 197 "-" "Mozilla/5.0 (compatible; MSIE 10.0; Windows NT 10.0; WOW64; Trident/7.0; Microsoft Outlook 16.0.11001; ms-office; MSOffice 16)"
62.68.141.35 - - [16/Nov/2018:18:39:14 +0700] "GET /tracking.gif?email=sda%40nikolas.ru&mailing=101 HTTP/1.0" 200 197 "-" "Mozilla/5.0 (compatible; MSIE 10.0; Windows NT 10.0; WOW64; Trident/7.0; Microsoft Outlook 16.0.11001; ms-office; MSOffice 16)"
62.68.141.35 - - [16/Nov/2018:18:39:15 +0700] "GET /tracking.gif?email=sda%40nikolas.ru&mailing=103 HTTP/1.0" 200 197 "-" "Mozilla/5.0 (compatible; MSIE 10.0; Windows NT 10.0; WOW64; Trident/7.0; Microsoft Outlook 16.0.11001; ms-office; MSOffice 16)"
62.68.141.35 - - [16/Nov/2018:18:39:16 +0700] "GET /tracking.gif?email=sda%40nikolas.ru&mailing=101 HTTP/1.0" 200 197 "-" "Mozilla/5.0 (compatible; MSIE 10.0; Windows NT 10.0; WOW64; Trident/7.0; Microsoft Outlook 16.0.11001; ms-office; MSOffice 16)"
62.68.141.35 - - [16/Nov/2018:18:39:18 +0700] "GET /tracking.gif?email=sda%40nikolas.ru&mailing=103 HTTP/1.0" 200 197 "-" "Mozilla/5.0 (compatible; MSIE 10.0; Windows NT 10.0; WOW64; Trident/7.0; Microsoft Outlook 16.0.11001; ms-office; MSOffice 16)"
62.68.141.35 - - [16/Nov/2018:18:39:19 +0700] "GET /tracking.gif?email=sda%40nikolas.ru&mailing=101 HTTP/1.0" 200 197 "-" "Mozilla/5.0 (compatible; MSIE 10.0; Windows NT 10.0; WOW64; Trident/7.0; Microsoft Outlook 16.0.11001; ms-office; MSOffice 16)"
62.68.141.35 - - [16/Nov/2018:18:39:21 +0700] "GET /tracking.gif?email=sda%40nikolas.ru&mailing=103 HTTP/1.0" 200 197 "-" "Mozilla/5.0 (compatible; MSIE 10.0; Windows NT 10.0; WOW64; Trident/7.0; Microsoft Outlook 16.0.11001; ms-office; MSOffice 16)"
37.9.102.248 - - [16/Nov/2018:18:39:26 +0700] "GET /tracking.gif?email=ven-valitova%40yandex.ru&mailing=101 HTTP/1.0" 200 197 "-" "Mozilla/5.0 (compatible; YandexImageResizer/2.0; +http://yandex.com/bots)"
37.9.102.242 - - [16/Nov/2018:18:39:33 +0700] "GET /tracking.gif?email=79539102568%40yandex.ru&mailing=102 HTTP/1.0" 200 197 "-" "Mozilla/5.0 (compatible; YandexImageResizer/2.0; +http://yandex.com/bots)"
213.87.123.127 - - [16/Nov/2018:18:39:39 +0700] "GET /tracking.gif?email=867430345%40qq.com&mailing=102 HTTP/1.0" 200 197 "-" "Mozilla/5.0 (Linux; Android 7.0; FRD-AL00 Build/HUAWEIFRD-AL00; wv) AppleWebKit/537.36 (KHTML, like Gecko) Version/4.0 Chrome/68.0.3440.91 Mobile Safari/537.36"
176.195.222.175 - - [16/Nov/2018:18:39:45 +0700] "GET /unsubscribe/?email=ven-valitova%40yandex.ru&mailing=101 HTTP/1.0" 200 996 "-" "Mozilla/5.0 (Windows NT 10.0; WOW64) AppleWebKit/537.36 (KHTML, like Gecko) Chrome/69.0.3497.100 YaBrowser/18.10.0.2724 Yowser/2.5 Safari/537.36"
176.195.222.175 - - [16/Nov/2018:18:39:46 +0700] "GET /img/popcorn.svg HTTP/1.0" 200 1187 "http://mailing.etobilet.ru/css/main.css" "Mozilla/5.0 (Windows NT 10.0; WOW64) AppleWebKit/537.36 (KHTML, like Gecko) Chrome/69.0.3497.100 YaBrowser/18.10.0.2724 Yowser/2.5 Safari/537.36"
176.195.222.175 - - [16/Nov/2018:18:39:56 +0700] "GET /unsubscribe/?email=ven-valitova%40yandex.ru&mailing=101&confirmed=1 HTTP/1.0" 200 755 "http://mailing.etobilet.ru/unsubscribe/?email=ven-valitova%40yandex.ru&mailing=101" "Mozilla/5.0 (Windows NT 10.0; WOW64) AppleWebKit/537.36 (KHTML, like Gecko) Chrome/69.0.3497.100 YaBrowser/18.10.0.2724 Yowser/2.5 Safari/537.36"
77.88.11.248 - - [16/Nov/2018:18:40:22 +0700] "GET /tracking.gif?email=79521599513%40ya.ru&mailing=102 HTTP/1.0" 200 197 "-" "Mozilla/5.0 (compatible; YandexImageResizer/2.0; +http://yandex.com/bots)"
62.68.141.35 - - [16/Nov/2018:18:40:23 +0700] "GET /tracking.gif?email=sda%40nikolas.ru&mailing=104 HTTP/1.0" 200 197 "-" "Mozilla/5.0 (compatible; MSIE 10.0; Windows NT 10.0; WOW64; Trident/7.0; Microsoft Outlook 16.0.11001; ms-office; MSOffice 16)"
62.68.141.35 - - [16/Nov/2018:18:40:23 +0700] "GET /tracking.gif?email=sda%40nikolas.ru&mailing=104 HTTP/1.0" 200 197 "-" "Mozilla/5.0 (compatible; MSIE 10.0; Windows NT 10.0; WOW64; Trident/7.0; Microsoft Outlook 16.0.11001; ms-office; MSOffice 16)"
5.255.241.226 - - [16/Nov/2018:18:40:32 +0700] "GET /tracking.gif?email=79528064018%40yandex.ru&mailing=102 HTTP/1.0" 200 197 "-" "Mozilla/5.0 (compatible; YandexImageResizer/2.0; +http://yandex.com/bots)"
77.88.11.252 - - [16/Nov/2018:18:40:40 +0700] "GET /tracking.gif?email=89162278739%40ya.ru&mailing=102 HTTP/1.0" 200 197 "-" "Mozilla/5.0 (compatible; YandexImageResizer/2.0; +http://yandex.com/bots)"
62.68.141.35 - - [16/Nov/2018:18:41:17 +0700] "GET /unsubscribe/?email=sda%40nikolas.ru&mailing=104 HTTP/1.0" 200 972 "-" "Mozilla/5.0 (Windows NT 10.0; Win64; x64) AppleWebKit/537.36 (KHTML, like Gecko) Chrome/70.0.3538.102 Safari/537.36"
62.68.141.35 - - [16/Nov/2018:18:41:17 +0700] "GET /img/popcorn.svg HTTP/1.0" 200 1187 "http://mailing.etobilet.ru/css/main.css" "Mozilla/5.0 (Windows NT 10.0; Win64; x64) AppleWebKit/537.36 (KHTML, like Gecko) Chrome/70.0.3538.102 Safari/537.36"
5.255.241.234 - - [16/Nov/2018:18:41:20 +0700] "GET /tracking.gif?email=a.raiskii%40yandex.ru&mailing=102 HTTP/1.0" 200 197 "-" "Mozilla/5.0 (compatible; YandexImageResizer/2.0; +http://yandex.com/bots)"
5.255.241.238 - - [16/Nov/2018:18:41:31 +0700] "GET /tracking.gif?email=Fm0%40yandex.ru&mailing=101 HTTP/1.0" 200 197 "-" "Mozilla/5.0 (compatible; YandexImageResizer/2.0; +http://yandex.com/bots)"
