95.174.198.24 - - [26/Nov/2018:02:07:02 +0700] "GET /unsubscribe/?email=AuelioS%40gmail.com&mailing=132&confirmed=1 HTTP/1.0" 200 747 "http://mailing.etobilet.ru/unsubscribe/?email=AuelioS%40gmail.com&mailing=132" "Mozilla/5.0 (Macintosh; Intel Mac OS X 10_14_1) AppleWebKit/537.36 (KHTML, like Gecko) Chrome/70.0.3538.102 Safari/537.36"
188.93.56.130 - - [26/Nov/2018:02:09:14 +0700] "GET /tracking.gif?email=rav502%40mail.ru&mailing=132 HTTP/1.0" 200 197 "-" "Mozilla/5.0 (X11; Linux x86_64) AppleWebKit/537.36 (KHTML, like Gecko)"
188.93.56.123 - - [26/Nov/2018:02:09:21 +0700] "GET /tracking.gif?email=mergm%40mail.ru&mailing=132 HTTP/1.0" 200 197 "-" "Mozilla/5.0 (X11; Linux x86_64) AppleWebKit/537.36 (KHTML, like Gecko)"
188.93.56.125 - - [26/Nov/2018:02:09:48 +0700] "GET /tracking.gif?email=rav502%40mail.ru&mailing=132 HTTP/1.0" 200 197 "-" "Mozilla/5.0 (X11; Linux x86_64) AppleWebKit/537.36 (KHTML, like Gecko)"
188.93.56.130 - - [26/Nov/2018:02:09:56 +0700] "GET /tracking.gif?email=stalker-stalker87%40mail.ru&mailing=132 HTTP/1.0" 200 197 "-" "Mozilla/5.0 (X11; Linux x86_64) AppleWebKit/537.36 (KHTML, like Gecko)"
188.93.56.129 - - [26/Nov/2018:02:14:16 +0700] "GET /tracking.gif?email=rav502%40mail.ru&mailing=132 HTTP/1.0" 200 197 "-" "Mozilla/5.0 (X11; Linux x86_64) AppleWebKit/537.36 (KHTML, like Gecko)"
188.93.56.130 - - [26/Nov/2018:02:17:47 +0700] "GET /tracking.gif?email=savina-elenaa%40mail.ru&mailing=132 HTTP/1.0" 200 197 "-" "Mozilla/5.0 (X11; Linux x86_64) AppleWebKit/537.36 (KHTML, like Gecko)"
77.111.246.243 - - [26/Nov/2018:02:18:06 +0700] "GET /unsubscribe/?email=savina-elenaa%40mail.ru&mailing=132 HTTP/1.0" 200 986 "-" "Mozilla/5.0 (Windows NT 10.0; Win64; x64) AppleWebKit/537.36 (KHTML, like Gecko) Chrome/69.0.3497.100 Safari/537.36 OPR/56.0.3051.104 (Edition Campaign 76)"
77.111.246.243 - - [26/Nov/2018:02:18:07 +0700] "GET /img/popcorn.svg HTTP/1.0" 200 1187 "http://mailing.etobilet.ru/css/main.css" "Mozilla/5.0 (Windows NT 10.0; Win64; x64) AppleWebKit/537.36 (KHTML, like Gecko) Chrome/69.0.3497.100 Safari/537.36 OPR/56.0.3051.104 (Edition Campaign 76)"
77.111.246.243 - - [26/Nov/2018:02:18:11 +0700] "GET /unsubscribe/?email=savina-elenaa%40mail.ru&mailing=132&confirmed=1 HTTP/1.0" 200 747 "http://mailing.etobilet.ru/unsubscribe/?email=savina-elenaa%40mail.ru&mailing=132" "Mozilla/5.0 (Windows NT 10.0; Win64; x64) AppleWebKit/537.36 (KHTML, like Gecko) Chrome/69.0.3497.100 Safari/537.36 OPR/56.0.3051.104 (Edition Campaign 76)"
66.102.9.20 - - [26/Nov/2018:02:26:39 +0700] "GET /tracking.gif?email=kmashkovskaya%40gmail.com&mailing=123 HTTP/1.0" 200 197 "-" "Mozilla/5.0 (Windows NT 5.1; rv:11.0) Gecko Firefox/11.0 (via ggpht.com GoogleImageProxy)"
188.93.56.124 - - [26/Nov/2018:02:34:32 +0700] "GET /tracking.gif?email=nata.kireeva.1973%40mail.ru&mailing=132 HTTP/1.0" 200 197 "-" "Mozilla/5.0 (X11; Linux x86_64) AppleWebKit/537.36 (KHTML, like Gecko)"
217.118.79.40 - - [26/Nov/2018:02:40:47 +0700] "GET /tracking.gif?email=Borovikova-valyusha%40mail.ru&mailing=132 HTTP/1.0" 200 197 "-" "Mozilla/5.0 (iPhone; CPU iPhone OS 12_0_1 like Mac OS X) AppleWebKit/605.1.15 (KHTML, like Gecko) Mobile/16A404"
109.124.58.134 - - [26/Nov/2018:02:45:01 +0700] "GET /tracking.gif?email=Kitty-upa%40mail.ru&mailing=132 HTTP/1.0" 200 197 "-" "Mozilla/5.0 (iPhone; CPU iPhone OS 12_1 like Mac OS X) AppleWebKit/605.1.15 (KHTML, like Gecko) Mobile/16B92"
37.9.102.253 - - [26/Nov/2018:02:46:23 +0700] "GET /tracking.gif?email=chumi2011%40yandex.ru&mailing=132 HTTP/1.0" 200 197 "-" "Mozilla/5.0 (compatible; YandexImageResizer/2.0; +http://yandex.com/bots)"
81.19.78.160 - - [26/Nov/2018:02:52:45 +0700] "GET /tracking.gif?email=phil911%40rambler.ru&mailing=123 HTTP/1.0" 200 197 "https://mail.rambler.ru/?utm_source=nhp&utm_content=mail&utm_medium=widget&utm_campaign=self_promo" "RamblerMail/6.0 (incompatible; ImageProxy/6.0)"
85.140.19.136 - - [26/Nov/2018:02:53:03 +0700] "GET /tracking.gif?email=gennady4788%40icloud.com&mailing=124 HTTP/1.0" 200 197 "-" "Mozilla/5.0 (iPhone; CPU iPhone OS 12_1 like Mac OS X) AppleWebKit/605.1.15 (KHTML, like Gecko) Mobile/16B92"
213.87.225.102 - - [26/Nov/2018:03:25:19 +0700] "GET /tracking.gif?email=vera_shap%40mail.ru&mailing=132 HTTP/1.0" 200 197 "-" "Mozilla/5.0 (iPhone; CPU iPhone OS 12_1 like Mac OS X) AppleWebKit/605.1.15 (KHTML, like Gecko) Mobile/16B92"
188.93.56.129 - - [26/Nov/2018:03:28:51 +0700] "GET /tracking.gif?email=stylia17%40mail.ru&mailing=132 HTTP/1.0" 200 197 "-" "Mozilla/5.0 (X11; Linux x86_64) AppleWebKit/537.36 (KHTML, like Gecko)"
188.93.56.126 - - [26/Nov/2018:03:38:27 +0700] "GET /tracking.gif?email=den.dyuzhikov%40mail.ru&mailing=132 HTTP/1.0" 200 197 "-" "Mozilla/5.0 (X11; Linux x86_64) AppleWebKit/537.36 (KHTML, like Gecko)"
188.93.56.124 - - [26/Nov/2018:04:02:12 +0700] "GET /tracking.gif?email=januro89%40mail.ru&mailing=132 HTTP/1.0" 200 197 "-" "Mozilla/5.0 (X11; Linux x86_64) AppleWebKit/537.36 (KHTML, like Gecko)"
46.161.131.3 - - [26/Nov/2018:04:11:44 +0700] "GET /tracking.gif?email=alexisme%40mail.ru&mailing=132 HTTP/1.0" 200 197 "-" "Mozilla/5.0 (iPad; CPU OS 9_3_5 like Mac OS X) AppleWebKit/601.1.46 (KHTML, like Gecko) Mobile/13G36"
188.93.56.127 - - [26/Nov/2018:04:22:50 +0700] "GET /tracking.gif?email=lesvsibiri%40mail.ru&mailing=132 HTTP/1.0" 200 197 "-" "Mozilla/5.0 (X11; Linux x86_64) AppleWebKit/537.36 (KHTML, like Gecko)"
128.70.232.137 - - [26/Nov/2018:04:23:48 +0700] "GET /tracking.gif?email=Yan_lyulevich%40mail.ru&mailing=132 HTTP/1.0" 200 197 "-" "Mozilla/5.0 (iPhone; CPU iPhone OS 12_1 like Mac OS X) AppleWebKit/605.1.15 (KHTML, like Gecko) Mobile/16B92"
37.21.169.173 - - [26/Nov/2018:04:28:45 +0700] "GET /tracking.gif?email=mijollnir%40mail.ru&mailing=132 HTTP/1.0" 200 197 "-" "Mozilla/5.0 (iPhone; CPU iPhone OS 12_1 like Mac OS X) AppleWebKit/605.1.15 (KHTML, like Gecko) Mobile/16B92"
188.93.56.130 - - [26/Nov/2018:04:28:55 +0700] "GET /tracking.gif?email=mari1808kuznya%40mail.ru&mailing=132 HTTP/1.0" 200 197 "-" "Mozilla/5.0 (X11; Linux x86_64) AppleWebKit/537.36 (KHTML, like Gecko)"
188.93.56.125 - - [26/Nov/2018:04:38:17 +0700] "GET /tracking.gif?email=toxacom%40mail.ru&mailing=132 HTTP/1.0" 200 197 "-" "Mozilla/5.0 (X11; Linux x86_64) AppleWebKit/537.36 (KHTML, like Gecko)"
188.93.56.127 - - [26/Nov/2018:04:47:20 +0700] "GET /tracking.gif?email=sedelnikov.denis.96%40mail.ru&mailing=132 HTTP/1.0" 200 197 "-" "Mozilla/5.0 (X11; Linux x86_64) AppleWebKit/537.36 (KHTML, like Gecko)"
188.93.56.123 - - [26/Nov/2018:04:52:51 +0700] "GET /tracking.gif?email=tsemilet%40mail.ru&mailing=132 HTTP/1.0" 200 197 "-" "Mozilla/5.0 (X11; Linux x86_64) AppleWebKit/537.36 (KHTML, like Gecko)"
188.93.56.127 - - [26/Nov/2018:04:59:21 +0700] "GET /tracking.gif?email=triznaksenia%40mail.ru&mailing=132 HTTP/1.0" 200 197 "-" "Mozilla/5.0 (X11; Linux x86_64) AppleWebKit/537.36 (KHTML, like Gecko)"
188.93.56.129 - - [26/Nov/2018:05:02:27 +0700] "GET /tracking.gif?email=gavrilov95%40mail.ru&mailing=132 HTTP/1.0" 200 197 "-" "Mozilla/5.0 (X11; Linux x86_64) AppleWebKit/537.36 (KHTML, like Gecko)"
188.93.56.129 - - [26/Nov/2018:05:02:37 +0700] "GET /tracking.gif?email=marina_boldyreva_2014%40mail.ru&mailing=132 HTTP/1.0" 200 197 "-" "Mozilla/5.0 (X11; Linux x86_64) AppleWebKit/537.36 (KHTML, like Gecko)"
95.174.203.91 - - [26/Nov/2018:05:06:11 +0700] "GET /tracking.gif?email=zhenay2008%40yandex.ru&mailing=132 HTTP/1.0" 200 197 "-" "Mozilla/5.0 (iPhone; CPU iPhone OS 12_1 like Mac OS X) AppleWebKit/605.1.15 (KHTML, like Gecko) Mobile/16B92"
188.93.56.125 - - [26/Nov/2018:05:12:42 +0700] "GET /tracking.gif?email=zhaniya.aitbaeva%40mail.ru&mailing=132 HTTP/1.0" 200 197 "-" "Mozilla/5.0 (X11; Linux x86_64) AppleWebKit/537.36 (KHTML, like Gecko)"
188.93.56.124 - - [26/Nov/2018:05:13:40 +0700] "GET /tracking.gif?email=sensor90%40mail.ru&mailing=132 HTTP/1.0" 200 197 "-" "Mozilla/5.0 (X11; Linux x86_64) AppleWebKit/537.36 (KHTML, like Gecko)"
188.93.56.125 - - [26/Nov/2018:05:15:05 +0700] "GET /tracking.gif?email=mister.chepurnoy%40mail.ru&mailing=132 HTTP/1.0" 200 197 "-" "Mozilla/5.0 (X11; Linux x86_64) AppleWebKit/537.36 (KHTML, like Gecko)"
188.93.56.129 - - [26/Nov/2018:05:21:15 +0700] "GET /tracking.gif?email=Vnvtomsk%40mail.ru&mailing=132 HTTP/1.0" 200 197 "-" "Mozilla/5.0 (X11; Linux x86_64) AppleWebKit/537.36 (KHTML, like Gecko)"
31.211.98.94 - - [26/Nov/2018:05:29:19 +0700] "GET /tracking.gif?email=mks1306%40mail.ru&mailing=132 HTTP/1.0" 200 197 "-" "Mozilla/5.0 (Linux; Android 6.0; LG-H422 Build/MRA58K; wv) AppleWebKit/537.36 (KHTML, like Gecko) Version/4.0 Chrome/70.0.3538.80 Mobile Safari/537.36"
31.211.98.94 - - [26/Nov/2018:05:29:28 +0700] "GET /tracking.gif?email=mks1306%40mail.ru&mailing=132 HTTP/1.0" 200 197 "-" "Mozilla/5.0 (Linux; Android 6.0; LG-H422 Build/MRA58K; wv) AppleWebKit/537.36 (KHTML, like Gecko) Version/4.0 Chrome/70.0.3538.80 Mobile Safari/537.36"
79.136.169.243 - - [26/Nov/2018:05:33:00 +0700] "GET /tracking.gif?email=jon158%40mail.ru&mailing=132 HTTP/1.0" 200 197 "-" "Mozilla/5.0 (iPad; CPU OS 9_3_5 like Mac OS X) AppleWebKit/601.1.46 (KHTML, like Gecko) Mobile/13G36"
188.93.56.126 - - [26/Nov/2018:05:34:01 +0700] "GET /tracking.gif?email=voitenko_1986%40mail.ru&mailing=132 HTTP/1.0" 200 197 "-" "Mozilla/5.0 (X11; Linux x86_64) AppleWebKit/537.36 (KHTML, like Gecko)"
188.93.56.130 - - [26/Nov/2018:05:41:43 +0700] "GET /tracking.gif?email=rotarsharapova.elena%40mail.ru&mailing=132 HTTP/1.0" 200 197 "-" "Mozilla/5.0 (X11; Linux x86_64) AppleWebKit/537.36 (KHTML, like Gecko)"
188.93.56.127 - - [26/Nov/2018:05:44:58 +0700] "GET /tracking.gif?email=yania--j--08%40mail.ru&mailing=132 HTTP/1.0" 200 197 "-" "Mozilla/5.0 (X11; Linux x86_64) AppleWebKit/537.36 (KHTML, like Gecko)"
213.87.225.246 - - [26/Nov/2018:05:50:40 +0700] "GET /tracking.gif?email=tumashov66%40mail.ru&mailing=132 HTTP/1.0" 200 197 "-" "Mozilla/5.0 (Linux; Android 7.0; SM-A310F Build/NRD90M; wv) AppleWebKit/537.36 (KHTML, like Gecko) Version/4.0 Chrome/70.0.3538.80 Mobile Safari/537.36"
188.93.56.125 - - [26/Nov/2018:05:54:39 +0700] "GET /tracking.gif?email=kibly-dog%40mail.ru&mailing=132 HTTP/1.0" 200 197 "-" "Mozilla/5.0 (X11; Linux x86_64) AppleWebKit/537.36 (KHTML, like Gecko)"
188.93.56.129 - - [26/Nov/2018:05:59:01 +0700] "GET /tracking.gif?email=vasilinaolga1982%40mail.ru&mailing=132 HTTP/1.0" 200 197 "-" "Mozilla/5.0 (X11; Linux x86_64) AppleWebKit/537.36 (KHTML, like Gecko)"
37.21.150.183 - - [26/Nov/2018:06:05:30 +0700] "GET /tracking.gif?email=rymshinan%40mail.ru&mailing=132 HTTP/1.0" 200 197 "-" "Mozilla/5.0 (iPhone; CPU iPhone OS 12_1 like Mac OS X) AppleWebKit/605.1.15 (KHTML, like Gecko) Mobile/16B92"
188.93.56.125 - - [26/Nov/2018:06:09:04 +0700] "GET /tracking.gif?email=shaftelskiyvg%40mail.ru&mailing=132 HTTP/1.0" 200 197 "-" "Mozilla/5.0 (X11; Linux x86_64) AppleWebKit/537.36 (KHTML, like Gecko)"
188.93.56.123 - - [26/Nov/2018:06:10:13 +0700] "GET /tracking.gif?email=khudomyas79%40mail.ru&mailing=132 HTTP/1.0" 200 197 "-" "Mozilla/5.0 (X11; Linux x86_64) AppleWebKit/537.36 (KHTML, like Gecko)"
217.118.79.33 - - [26/Nov/2018:06:11:10 +0700] "GET /tracking.gif?email=Romeo-06%40yandex.ru&mailing=132 HTTP/1.0" 200 197 "-" "Mozilla/5.0 (Linux; Android 8.1.0; PAR-LX1 Build/HUAWEIPAR-LX1; wv) AppleWebKit/537.36 (KHTML, like Gecko) Version/4.0 Chrome/70.0.3538.80 Mobile Safari/537.36"
188.93.56.130 - - [26/Nov/2018:06:12:03 +0700] "GET /tracking.gif?email=pandora_box3%40mail.ru&mailing=132 HTTP/1.0" 200 197 "-" "Mozilla/5.0 (X11; Linux x86_64) AppleWebKit/537.36 (KHTML, like Gecko)"
188.93.56.124 - - [26/Nov/2018:06:12:35 +0700] "GET /tracking.gif?email=karina_ptichka%40mail.ru&mailing=132 HTTP/1.0" 200 197 "-" "Mozilla/5.0 (X11; Linux x86_64) AppleWebKit/537.36 (KHTML, like Gecko)"
188.93.56.126 - - [26/Nov/2018:06:13:52 +0700] "GET /tracking.gif?email=sembox%40mail.ru&mailing=132 HTTP/1.0" 200 197 "-" "Mozilla/5.0 (X11; Linux x86_64) AppleWebKit/537.36 (KHTML, like Gecko)"
188.93.56.121 - - [26/Nov/2018:06:18:00 +0700] "GET /tracking.gif?email=mr.crazyk%40mail.ru&mailing=132 HTTP/1.0" 200 197 "-" "Mozilla/5.0 (X11; Linux x86_64) AppleWebKit/537.36 (KHTML, like Gecko)"
188.93.56.122 - - [26/Nov/2018:06:18:04 +0700] "GET /tracking.gif?email=valentinakochetusha%40mail.ru&mailing=132 HTTP/1.0" 200 197 "-" "Mozilla/5.0 (X11; Linux x86_64) AppleWebKit/537.36 (KHTML, like Gecko)"
188.93.56.126 - - [26/Nov/2018:06:18:29 +0700] "GET /tracking.gif?email=valentinakochetusha%40mail.ru&mailing=132 HTTP/1.0" 200 197 "-" "Mozilla/5.0 (X11; Linux x86_64) AppleWebKit/537.36 (KHTML, like Gecko)"
83.172.8.59 - - [26/Nov/2018:06:20:23 +0700] "GET /tracking.gif?email=Orkina_vera%40mail.ru&mailing=132 HTTP/1.0" 200 197 "-" "Mozilla/5.0 (iPhone; CPU iPhone OS 11_4 like Mac OS X) AppleWebKit/605.1.15 (KHTML, like Gecko) Mobile/15F79"
188.93.56.128 - - [26/Nov/2018:06:21:02 +0700] "GET /tracking.gif?email=shmalk%40mail.ru&mailing=132 HTTP/1.0" 200 197 "-" "Mozilla/5.0 (X11; Linux x86_64) AppleWebKit/537.36 (KHTML, like Gecko)"
188.93.56.126 - - [26/Nov/2018:06:22:42 +0700] "GET /tracking.gif?email=Sophie77%40mail.ru&mailing=132 HTTP/1.0" 200 197 "-" "Mozilla/5.0 (X11; Linux x86_64) AppleWebKit/537.36 (KHTML, like Gecko)"
188.93.56.126 - - [26/Nov/2018:06:23:27 +0700] "GET /tracking.gif?email=paveldushka008%40mail.ru&mailing=132 HTTP/1.0" 200 197 "-" "Mozilla/5.0 (X11; Linux x86_64) AppleWebKit/537.36 (KHTML, like Gecko)"
188.93.56.127 - - [26/Nov/2018:06:23:42 +0700] "GET /tracking.gif?email=sterhov_s%40mail.ru&mailing=132 HTTP/1.0" 200 197 "-" "Mozilla/5.0 (X11; Linux x86_64) AppleWebKit/537.36 (KHTML, like Gecko)"
188.93.56.125 - - [26/Nov/2018:06:25:52 +0700] "GET /tracking.gif?email=vdvtomsk%40mail.ru&mailing=132 HTTP/1.0" 200 197 "-" "Mozilla/5.0 (X11; Linux x86_64) AppleWebKit/537.36 (KHTML, like Gecko)"
188.93.56.124 - - [26/Nov/2018:06:25:58 +0700] "GET /tracking.gif?email=u.butler%40mail.ru&mailing=132 HTTP/1.0" 200 197 "-" "Mozilla/5.0 (X11; Linux x86_64) AppleWebKit/537.36 (KHTML, like Gecko)"
188.93.56.125 - - [26/Nov/2018:06:26:06 +0700] "GET /tracking.gif?email=vezner69%40mail.ru&mailing=132 HTTP/1.0" 200 197 "-" "Mozilla/5.0 (X11; Linux x86_64) AppleWebKit/537.36 (KHTML, like Gecko)"
188.93.56.125 - - [26/Nov/2018:06:29:00 +0700] "GET /tracking.gif?email=sergafan_2%40mail.ru&mailing=132 HTTP/1.0" 200 197 "-" "Mozilla/5.0 (X11; Linux x86_64) AppleWebKit/537.36 (KHTML, like Gecko)"
188.93.56.121 - - [26/Nov/2018:06:29:03 +0700] "GET /tracking.gif?email=NataliyaKKKK%40mail.ru&mailing=132 HTTP/1.0" 200 197 "-" "Mozilla/5.0 (X11; Linux x86_64) AppleWebKit/537.36 (KHTML, like Gecko)"
188.93.56.122 - - [26/Nov/2018:06:30:32 +0700] "GET /tracking.gif?email=leha.kostenko.85%40mail.ru&mailing=132 HTTP/1.0" 200 197 "-" "Mozilla/5.0 (X11; Linux x86_64) AppleWebKit/537.36 (KHTML, like Gecko)"
213.59.139.24 - - [26/Nov/2018:06:30:50 +0700] "GET /tracking.gif?email=stasja2978%40mail.ru&mailing=132 HTTP/1.0" 200 197 "-" "Mozilla/5.0 (iPhone; CPU iPhone OS 12_0_1 like Mac OS X) AppleWebKit/605.1.15 (KHTML, like Gecko) Mobile/16A404"
188.93.56.125 - - [26/Nov/2018:06:33:27 +0700] "GET /tracking.gif?email=sterhov_s%40mail.ru&mailing=132 HTTP/1.0" 200 197 "-" "Mozilla/5.0 (X11; Linux x86_64) AppleWebKit/537.36 (KHTML, like Gecko)"
188.93.56.125 - - [26/Nov/2018:06:33:43 +0700] "GET /tracking.gif?email=Elab2004%40mail.ru&mailing=132 HTTP/1.0" 200 197 "-" "Mozilla/5.0 (X11; Linux x86_64) AppleWebKit/537.36 (KHTML, like Gecko)"
188.93.56.125 - - [26/Nov/2018:06:34:28 +0700] "GET /tracking.gif?email=sphinx1991%40mail.ru&mailing=132 HTTP/1.0" 200 197 "-" "Mozilla/5.0 (X11; Linux x86_64) AppleWebKit/537.36 (KHTML, like Gecko)"
188.93.56.127 - - [26/Nov/2018:06:35:56 +0700] "GET /tracking.gif?email=sgtbox%40mail.ru&mailing=132 HTTP/1.0" 200 197 "-" "Mozilla/5.0 (X11; Linux x86_64) AppleWebKit/537.36 (KHTML, like Gecko)"
188.93.56.130 - - [26/Nov/2018:06:36:07 +0700] "GET /tracking.gif?email=olgadev1992%40mail.ru&mailing=132 HTTP/1.0" 200 197 "-" "Mozilla/5.0 (X11; Linux x86_64) AppleWebKit/537.36 (KHTML, like Gecko)"
188.93.56.125 - - [26/Nov/2018:06:37:05 +0700] "GET /tracking.gif?email=sibirelena%40mail.ru&mailing=132 HTTP/1.0" 200 197 "-" "Mozilla/5.0 (X11; Linux x86_64) AppleWebKit/537.36 (KHTML, like Gecko)"
188.93.56.127 - - [26/Nov/2018:06:38:33 +0700] "GET /tracking.gif?email=romanbog123%40mail.ru&mailing=132 HTTP/1.0" 200 197 "-" "Mozilla/5.0 (X11; Linux x86_64) AppleWebKit/537.36 (KHTML, like Gecko)"
188.93.56.130 - - [26/Nov/2018:06:40:48 +0700] "GET /tracking.gif?email=e_klevtsov%40mail.ru&mailing=132 HTTP/1.0" 200 197 "-" "Mozilla/5.0 (X11; Linux x86_64) AppleWebKit/537.36 (KHTML, like Gecko)"
213.87.224.196 - - [26/Nov/2018:06:41:32 +0700] "GET /tracking.gif?email=kadet1993-1993%40mail.ru&mailing=132 HTTP/1.0" 200 197 "-" "Mozilla/5.0 (iPhone; CPU iPhone OS 11_1_2 like Mac OS X) AppleWebKit/604.3.5 (KHTML, like Gecko) Mobile/15B202"
109.227.219.97 - - [26/Nov/2018:06:42:59 +0700] "GET /tracking.gif?email=zoya.mayer%40mail.ru&mailing=132 HTTP/1.0" 200 197 "-" "Mozilla/5.0 (Linux; Android 8.0.0; ANE-LX1 Build/HUAWEIANE-LX1; wv) AppleWebKit/537.36 (KHTML, like Gecko) Version/4.0 Chrome/67.0.3396.87 Mobile Safari/537.36"
188.93.56.128 - - [26/Nov/2018:06:43:08 +0700] "GET /tracking.gif?email=trisha575%40mail.ru&mailing=132 HTTP/1.0" 200 197 "-" "Mozilla/5.0 (X11; Linux x86_64) AppleWebKit/537.36 (KHTML, like Gecko)"
109.227.192.134 - - [26/Nov/2018:06:45:46 +0700] "GET /tracking.gif?email=zhannatomsk.2147%40mail.ru&mailing=132 HTTP/1.0" 200 197 "-" "Mozilla/5.0 (iPhone; CPU iPhone OS 12_1_1 like Mac OS X) AppleWebKit/605.1.15 (KHTML, like Gecko) Mobile/16C5050a"
188.93.56.122 - - [26/Nov/2018:06:47:06 +0700] "GET /tracking.gif?email=Viktorkarbish%40mail.ru&mailing=132 HTTP/1.0" 200 197 "-" "Mozilla/5.0 (X11; Linux x86_64) AppleWebKit/537.36 (KHTML, like Gecko)"
188.93.56.128 - - [26/Nov/2018:06:47:34 +0700] "GET /tracking.gif?email=zzhusenko%40mail.ru&mailing=132 HTTP/1.0" 200 197 "-" "Mozilla/5.0 (X11; Linux x86_64) AppleWebKit/537.36 (KHTML, like Gecko)"
188.93.56.122 - - [26/Nov/2018:06:49:52 +0700] "GET /tracking.gif?email=Tehniksant%40mail.ru&mailing=132 HTTP/1.0" 200 197 "-" "Mozilla/5.0 (X11; Linux x86_64) AppleWebKit/537.36 (KHTML, like Gecko)"
188.93.56.124 - - [26/Nov/2018:06:50:33 +0700] "GET /tracking.gif?email=luninna%40mail.ru&mailing=132 HTTP/1.0" 200 197 "-" "Mozilla/5.0 (X11; Linux x86_64) AppleWebKit/537.36 (KHTML, like Gecko)"
188.93.56.128 - - [26/Nov/2018:06:50:43 +0700] "GET /tracking.gif?email=stanislav8-9%40mail.ru&mailing=132 HTTP/1.0" 200 197 "-" "Mozilla/5.0 (X11; Linux x86_64) AppleWebKit/537.36 (KHTML, like Gecko)"
188.93.56.129 - - [26/Nov/2018:06:52:09 +0700] "GET /tracking.gif?email=senniv%40mail.ru&mailing=132 HTTP/1.0" 200 197 "-" "Mozilla/5.0 (X11; Linux x86_64) AppleWebKit/537.36 (KHTML, like Gecko)"
188.93.56.128 - - [26/Nov/2018:06:53:04 +0700] "GET /tracking.gif?email=Vilulya85%40mail.ru&mailing=132 HTTP/1.0" 200 197 "-" "Mozilla/5.0 (X11; Linux x86_64) AppleWebKit/537.36 (KHTML, like Gecko)"
188.93.56.124 - - [26/Nov/2018:06:53:22 +0700] "GET /tracking.gif?email=lebed__va%40mail.ru&mailing=132 HTTP/1.0" 200 197 "-" "Mozilla/5.0 (X11; Linux x86_64) AppleWebKit/537.36 (KHTML, like Gecko)"
188.93.56.121 - - [26/Nov/2018:06:53:22 +0700] "GET /tracking.gif?email=rusraft1%40mail.ru&mailing=132 HTTP/1.0" 200 197 "-" "Mozilla/5.0 (X11; Linux x86_64) AppleWebKit/537.36 (KHTML, like Gecko)"
93.158.130.182 - - [26/Nov/2018:06:53:37 +0700] "GET /tracking.gif?email=explrer1%40yandex.ru&mailing=132 HTTP/1.0" 200 197 "-" "Mozilla/5.0 (compatible; YandexImageResizer/2.0; +http://yandex.com/bots)"
46.161.167.156 - - [26/Nov/2018:06:54:30 +0700] "GET /tracking.gif?email=R.I.V-1979%40mail.ru&mailing=132 HTTP/1.0" 200 197 "-" "Mozilla/5.0 (iPhone; CPU iPhone OS 12_1 like Mac OS X) AppleWebKit/605.1.15 (KHTML, like Gecko) Mobile/16B92"
188.93.56.127 - - [26/Nov/2018:06:55:59 +0700] "GET /tracking.gif?email=Semkin_Vasiliy92%40mail.ru&mailing=132 HTTP/1.0" 200 197 "-" "Mozilla/5.0 (X11; Linux x86_64) AppleWebKit/537.36 (KHTML, like Gecko)"
188.93.56.123 - - [26/Nov/2018:06:56:01 +0700] "GET /tracking.gif?email=nes-sa%40mail.ru&mailing=132 HTTP/1.0" 200 197 "-" "Mozilla/5.0 (X11; Linux x86_64) AppleWebKit/537.36 (KHTML, like Gecko)"
188.93.56.125 - - [26/Nov/2018:06:56:19 +0700] "GET /tracking.gif?email=sanches70rus%40mail.ru&mailing=132 HTTP/1.0" 200 197 "-" "Mozilla/5.0 (X11; Linux x86_64) AppleWebKit/537.36 (KHTML, like Gecko)"
188.93.56.122 - - [26/Nov/2018:06:56:24 +0700] "GET /tracking.gif?email=marybolokan%40mail.ru&mailing=132 HTTP/1.0" 200 197 "-" "Mozilla/5.0 (X11; Linux x86_64) AppleWebKit/537.36 (KHTML, like Gecko)"
176.65.41.137 - - [26/Nov/2018:06:56:40 +0700] "GET /unsubscribe/?email=Semkin_Vasiliy92%40mail.ru&mailing=132 HTTP/1.0" 200 992 "-" "Mozilla/5.0 (Windows NT 10.0; WOW64) AppleWebKit/537.36 (KHTML, like Gecko) Chrome/69.0.3497.100 YaBrowser/18.10.0.2724 Yowser/2.5 Safari/537.36"
176.65.41.137 - - [26/Nov/2018:06:56:41 +0700] "GET /img/popcorn.svg HTTP/1.0" 200 1187 "http://mailing.etobilet.ru/css/main.css" "Mozilla/5.0 (Windows NT 10.0; WOW64) AppleWebKit/537.36 (KHTML, like Gecko) Chrome/69.0.3497.100 YaBrowser/18.10.0.2724 Yowser/2.5 Safari/537.36"
176.65.41.137 - - [26/Nov/2018:06:56:43 +0700] "GET /unsubscribe/?email=Semkin_Vasiliy92%40mail.ru&mailing=132&confirmed=1 HTTP/1.0" 200 747 "http://mailing.etobilet.ru/unsubscribe/?email=Semkin_Vasiliy92%40mail.ru&mailing=132" "Mozilla/5.0 (Windows NT 10.0; WOW64) AppleWebKit/537.36 (KHTML, like Gecko) Chrome/69.0.3497.100 YaBrowser/18.10.0.2724 Yowser/2.5 Safari/537.36"
188.93.56.123 - - [26/Nov/2018:06:58:15 +0700] "GET /tracking.gif?email=ogfs.tom%40mail.ru&mailing=132 HTTP/1.0" 200 197 "-" "Mozilla/5.0 (X11; Linux x86_64) AppleWebKit/537.36 (KHTML, like Gecko)"
188.93.56.130 - - [26/Nov/2018:06:58:46 +0700] "GET /tracking.gif?email=trubcheninova.ia%40mail.ru&mailing=132 HTTP/1.0" 200 197 "-" "Mozilla/5.0 (X11; Linux x86_64) AppleWebKit/537.36 (KHTML, like Gecko)"
188.93.56.125 - - [26/Nov/2018:06:58:55 +0700] "GET /tracking.gif?email=trubcheninova.ia%40mail.ru&mailing=132 HTTP/1.0" 200 197 "-" "Mozilla/5.0 (X11; Linux x86_64) AppleWebKit/537.36 (KHTML, like Gecko)"
188.93.56.127 - - [26/Nov/2018:06:59:45 +0700] "GET /tracking.gif?email=igorkorotkov1%40mail.ru&mailing=132 HTTP/1.0" 200 197 "-" "Mozilla/5.0 (X11; Linux x86_64) AppleWebKit/537.36 (KHTML, like Gecko)"
188.93.56.129 - - [26/Nov/2018:07:01:07 +0700] "GET /tracking.gif?email=Linkorapark%40mail.ru&mailing=132 HTTP/1.0" 200 197 "-" "Mozilla/5.0 (X11; Linux x86_64) AppleWebKit/537.36 (KHTML, like Gecko)"
109.227.230.70 - - [26/Nov/2018:07:02:49 +0700] "GET /tracking.gif?email=voose%40icloud.com&mailing=132 HTTP/1.0" 200 197 "-" "Mozilla/5.0 (Macintosh; Intel Mac OS X 10_13_6) AppleWebKit/605.1.15 (KHTML, like Gecko)"
188.93.56.121 - - [26/Nov/2018:07:03:55 +0700] "GET /tracking.gif?email=inna.baina%40mail.ru&mailing=132 HTTP/1.0" 200 197 "-" "Mozilla/5.0 (X11; Linux x86_64) AppleWebKit/537.36 (KHTML, like Gecko)"
188.93.56.125 - - [26/Nov/2018:07:03:58 +0700] "GET /tracking.gif?email=vedernikovakv%40mail.ru&mailing=132 HTTP/1.0" 200 197 "-" "Mozilla/5.0 (X11; Linux x86_64) AppleWebKit/537.36 (KHTML, like Gecko)"
188.93.56.128 - - [26/Nov/2018:07:04:30 +0700] "GET /tracking.gif?email=sanya.72%40bk.ru&mailing=132 HTTP/1.0" 200 197 "-" "Mozilla/5.0 (X11; Linux x86_64) AppleWebKit/537.36 (KHTML, like Gecko)"
188.93.56.127 - - [26/Nov/2018:07:07:15 +0700] "GET /tracking.gif?email=zerno-tomsk%40mail.ru&mailing=132 HTTP/1.0" 200 197 "-" "Mozilla/5.0 (X11; Linux x86_64) AppleWebKit/537.36 (KHTML, like Gecko)"
188.93.56.127 - - [26/Nov/2018:07:07:42 +0700] "GET /tracking.gif?email=zerno-tomsk%40mail.ru&mailing=132 HTTP/1.0" 200 197 "-" "Mozilla/5.0 (X11; Linux x86_64) AppleWebKit/537.36 (KHTML, like Gecko)"
188.93.56.127 - - [26/Nov/2018:07:07:47 +0700] "GET /tracking.gif?email=reshetnikov_kn%40mail.ru&mailing=132 HTTP/1.0" 200 197 "-" "Mozilla/5.0 (X11; Linux x86_64) AppleWebKit/537.36 (KHTML, like Gecko)"
188.93.56.122 - - [26/Nov/2018:07:08:51 +0700] "GET /tracking.gif?email=mihaylovanataliya%40mail.ru&mailing=132 HTTP/1.0" 200 197 "-" "Mozilla/5.0 (X11; Linux x86_64) AppleWebKit/537.36 (KHTML, like Gecko)"
109.227.196.180 - - [26/Nov/2018:07:09:21 +0700] "GET /tracking.gif?email=mr.ashken%40mail.ru&mailing=132 HTTP/1.0" 200 197 "-" "Mozilla/5.0 (iPhone; CPU iPhone OS 12_1 like Mac OS X) AppleWebKit/605.1.15 (KHTML, like Gecko) Mobile/16B92"
188.93.56.121 - - [26/Nov/2018:07:10:24 +0700] "GET /tracking.gif?email=podkaurov%40mail.ru&mailing=132 HTTP/1.0" 200 197 "-" "Mozilla/5.0 (X11; Linux x86_64) AppleWebKit/537.36 (KHTML, like Gecko)"
188.93.56.126 - - [26/Nov/2018:07:11:23 +0700] "GET /tracking.gif?email=tanya1981%40mail.ru&mailing=132 HTTP/1.0" 200 197 "-" "Mozilla/5.0 (X11; Linux x86_64) AppleWebKit/537.36 (KHTML, like Gecko)"
188.93.56.128 - - [26/Nov/2018:07:11:54 +0700] "GET /tracking.gif?email=tamara_iz3%40mail.ru&mailing=132 HTTP/1.0" 200 197 "-" "Mozilla/5.0 (X11; Linux x86_64) AppleWebKit/537.36 (KHTML, like Gecko)"
188.93.56.129 - - [26/Nov/2018:07:11:56 +0700] "GET /tracking.gif?email=t190979%40mail.ru&mailing=132 HTTP/1.0" 200 197 "-" "Mozilla/5.0 (X11; Linux x86_64) AppleWebKit/537.36 (KHTML, like Gecko)"
37.21.168.216 - - [26/Nov/2018:07:12:54 +0700] "GET /tracking.gif?email=Lat_tomsk%40mail.ru&mailing=132 HTTP/1.0" 200 197 "-" "Mozilla/5.0 (Linux; Android 7.0; CPN-L09 Build/HUAWEICPN-L09; wv) AppleWebKit/537.36 (KHTML, like Gecko) Version/4.0 Chrome/70.0.3538.80 Mobile Safari/537.36"
188.93.56.130 - - [26/Nov/2018:07:13:37 +0700] "GET /tracking.gif?email=t-simagina%40mail.ru&mailing=132 HTTP/1.0" 200 197 "-" "Mozilla/5.0 (X11; Linux x86_64) AppleWebKit/537.36 (KHTML, like Gecko)"
46.161.186.210 - - [26/Nov/2018:07:15:21 +0700] "GET /tracking.gif?email=sau17%40mail.ru&mailing=132 HTTP/1.0" 200 197 "-" "Mozilla/5.0 (Linux; Android 7.0; SM-A510F Build/NRD90M; wv) AppleWebKit/537.36 (KHTML, like Gecko) Version/4.0 Chrome/70.0.3538.110 Mobile Safari/537.36"
134.90.173.23 - - [26/Nov/2018:07:15:23 +0700] "GET /tracking.gif?email=natashachechina%40mail.ru&mailing=132 HTTP/1.0" 200 197 "-" "Mozilla/5.0 (iPhone; CPU iPhone OS 12_1 like Mac OS X) AppleWebKit/605.1.15 (KHTML, like Gecko) Mobile/16B92"
188.93.56.123 - - [26/Nov/2018:07:15:45 +0700] "GET /tracking.gif?email=annagalevskaya%40mail.ru&mailing=132 HTTP/1.0" 200 197 "-" "Mozilla/5.0 (X11; Linux x86_64) AppleWebKit/537.36 (KHTML, like Gecko)"
95.170.157.212 - - [26/Nov/2018:07:15:57 +0700] "GET /tracking.gif?email=tsapko%40mail.ru&mailing=132 HTTP/1.0" 200 197 "-" "Mozilla/4.0 (compatible; MSIE 7.0; connectpro; Windows NT 6.3; Win64; x64; Trident/7.0; .NET4.0E; .NET4.0C; .NET CLR 3.5.30729; .NET CLR 2.0.50727; .NET CLR 3.0.30729; InfoPath.3; Creative AutoUpdate v1.40.01)"
188.93.56.128 - - [26/Nov/2018:07:19:34 +0700] "GET /tracking.gif?email=Tasechka1985%40mail.ru&mailing=132 HTTP/1.0" 200 197 "-" "Mozilla/5.0 (X11; Linux x86_64) AppleWebKit/537.36 (KHTML, like Gecko)"
188.93.56.127 - - [26/Nov/2018:07:20:20 +0700] "GET /tracking.gif?email=maximus5757%40mail.ru&mailing=132 HTTP/1.0" 200 197 "-" "Mozilla/5.0 (X11; Linux x86_64) AppleWebKit/537.36 (KHTML, like Gecko)"
188.93.56.127 - - [26/Nov/2018:07:22:17 +0700] "GET /tracking.gif?email=rysst%40mail.ru&mailing=132 HTTP/1.0" 200 197 "-" "Mozilla/5.0 (X11; Linux x86_64) AppleWebKit/537.36 (KHTML, like Gecko)"
188.93.56.128 - - [26/Nov/2018:07:23:48 +0700] "GET /tracking.gif?email=ref%40mail.ru&mailing=132 HTTP/1.0" 200 197 "-" "Mozilla/5.0 (X11; Linux x86_64) AppleWebKit/537.36 (KHTML, like Gecko)"
188.93.56.128 - - [26/Nov/2018:07:25:30 +0700] "GET /tracking.gif?email=irina_npz%40mail.ru&mailing=132 HTTP/1.0" 200 197 "-" "Mozilla/5.0 (X11; Linux x86_64) AppleWebKit/537.36 (KHTML, like Gecko)"
188.93.56.124 - - [26/Nov/2018:07:26:36 +0700] "GET /tracking.gif?email=svet_ik2005%40mail.ru&mailing=132 HTTP/1.0" 200 197 "-" "Mozilla/5.0 (X11; Linux x86_64) AppleWebKit/537.36 (KHTML, like Gecko)"
188.93.56.125 - - [26/Nov/2018:07:26:59 +0700] "GET /tracking.gif?email=mila1975.mila%40mail.ru&mailing=132 HTTP/1.0" 200 197 "-" "Mozilla/5.0 (X11; Linux x86_64) AppleWebKit/537.36 (KHTML, like Gecko)"
188.93.56.127 - - [26/Nov/2018:07:27:07 +0700] "GET /tracking.gif?email=dyerer%40yandex.ru&mailing=102 HTTP/1.0" 200 197 "-" "Mozilla/5.0 (X11; Linux x86_64) AppleWebKit/537.36 (KHTML, like Gecko)"
188.93.56.127 - - [26/Nov/2018:07:28:39 +0700] "GET /tracking.gif?email=veranda20%40mail.ru&mailing=132 HTTP/1.0" 200 197 "-" "Mozilla/5.0 (X11; Linux x86_64) AppleWebKit/537.36 (KHTML, like Gecko)"
188.93.56.129 - - [26/Nov/2018:07:28:48 +0700] "GET /tracking.gif?email=Rjiskal%40mail.ru&mailing=132 HTTP/1.0" 200 197 "-" "Mozilla/5.0 (X11; Linux x86_64) AppleWebKit/537.36 (KHTML, like Gecko)"
188.93.56.121 - - [26/Nov/2018:07:28:50 +0700] "GET /tracking.gif?email=nnv_77%40mail.ru&mailing=132 HTTP/1.0" 200 197 "-" "Mozilla/5.0 (X11; Linux x86_64) AppleWebKit/537.36 (KHTML, like Gecko)"
188.93.56.129 - - [26/Nov/2018:07:29:16 +0700] "GET /tracking.gif?email=Yunusova.lilya7%40mail.ru&mailing=132 HTTP/1.0" 200 197 "-" "Mozilla/5.0 (X11; Linux x86_64) AppleWebKit/537.36 (KHTML, like Gecko)"
188.93.56.129 - - [26/Nov/2018:07:30:14 +0700] "GET /tracking.gif?email=sibalive%40mail.ru&mailing=132 HTTP/1.0" 200 197 "-" "Mozilla/5.0 (X11; Linux x86_64) AppleWebKit/537.36 (KHTML, like Gecko)"
213.87.122.112 - - [26/Nov/2018:07:31:32 +0700] "GET /tracking.gif?email=lpa18502%40mail.ru&mailing=132 HTTP/1.0" 200 197 "-" "Mozilla/5.0 (Linux; Android 7.1.2; Redmi Note 5A Build/N2G47H; wv) AppleWebKit/537.36 (KHTML, like Gecko) Version/4.0 Chrome/70.0.3538.80 Mobile Safari/537.36"
109.227.235.145 - - [26/Nov/2018:07:33:35 +0700] "GET /tracking.gif?email=sprorochuk%40mail.ru&mailing=132 HTTP/1.0" 200 197 "-" "Mozilla/5.0 (iPhone; CPU iPhone OS 12_1 like Mac OS X) AppleWebKit/605.1.15 (KHTML, like Gecko) Mobile/16B92"
31.211.85.244 - - [26/Nov/2018:07:37:11 +0700] "GET /tracking.gif?email=advokat%40kabanets.com&mailing=132 HTTP/1.0" 200 197 "-" "Mozilla/5.0 (Macintosh; Intel Mac OS X 10_14_1) AppleWebKit/605.1.15 (KHTML, like Gecko)"
79.136.254.204 - - [26/Nov/2018:07:38:37 +0700] "GET /tracking.gif?email=Mari.kazachenok%40mail.ru&mailing=132 HTTP/1.0" 200 197 "-" "Mozilla/5.0 (iPhone; CPU iPhone OS 12_0 like Mac OS X) AppleWebKit/605.1.15 (KHTML, like Gecko) Mobile/16A366"
188.93.56.128 - - [26/Nov/2018:07:38:46 +0700] "GET /tracking.gif?email=yogl%40mail.ru&mailing=132 HTTP/1.0" 200 197 "-" "Mozilla/5.0 (X11; Linux x86_64) AppleWebKit/537.36 (KHTML, like Gecko)"
188.93.56.125 - - [26/Nov/2018:07:39:00 +0700] "GET /tracking.gif?email=yogl%40mail.ru&mailing=132 HTTP/1.0" 200 197 "-" "Mozilla/5.0 (X11; Linux x86_64) AppleWebKit/537.36 (KHTML, like Gecko)"
188.93.56.126 - - [26/Nov/2018:07:41:30 +0700] "GET /tracking.gif?email=msv1126%40mail.ru&mailing=132 HTTP/1.0" 200 197 "-" "Mozilla/5.0 (X11; Linux x86_64) AppleWebKit/537.36 (KHTML, like Gecko)"
31.173.243.82 - - [26/Nov/2018:07:41:31 +0700] "GET /tracking.gif?email=zak-volodya%40yandex.ru&mailing=132 HTTP/1.0" 200 197 "-" "Mozilla/5.0 (iPhone; CPU iPhone OS 11_4 like Mac OS X) AppleWebKit/605.1.15 (KHTML, like Gecko) Mobile/15F79"
188.93.56.127 - - [26/Nov/2018:07:42:14 +0700] "GET /tracking.gif?email=Zheleznyakova1997%40mail.ru&mailing=132 HTTP/1.0" 200 197 "-" "Mozilla/5.0 (X11; Linux x86_64) AppleWebKit/537.36 (KHTML, like Gecko)"
31.211.45.20 - - [26/Nov/2018:07:42:25 +0700] "GET /tracking.gif?email=v.v.tomsk%40mail.ru&mailing=132 HTTP/1.0" 200 197 "-" "Mozilla/5.0 (Linux; Android 7.0; SM-G925F Build/NRD90M; wv) AppleWebKit/537.36 (KHTML, like Gecko) Version/4.0 Chrome/70.0.3538.80 Mobile Safari/537.36"
188.93.56.126 - - [26/Nov/2018:07:43:41 +0700] "GET /tracking.gif?email=smaulau%40mail.ru&mailing=132 HTTP/1.0" 200 197 "-" "Mozilla/5.0 (X11; Linux x86_64) AppleWebKit/537.36 (KHTML, like Gecko)"
213.87.121.145 - - [26/Nov/2018:07:43:42 +0700] "GET /tracking.gif?email=svetlanakirillova94%40mail.ru&mailing=132 HTTP/1.0" 200 197 "-" "Mozilla/5.0 (iPhone; CPU iPhone OS 12_1 like Mac OS X) AppleWebKit/605.1.15 (KHTML, like Gecko) Mobile/16B92"
31.173.240.29 - - [26/Nov/2018:07:44:57 +0700] "GET /tracking.gif?email=narkolog81%40mail.ru&mailing=132 HTTP/1.0" 200 197 "-" "Mozilla/5.0 (iPhone; CPU iPhone OS 12_1 like Mac OS X) AppleWebKit/605.1.15 (KHTML, like Gecko) Mobile/16B92"
188.93.56.128 - - [26/Nov/2018:07:46:10 +0700] "GET /tracking.gif?email=rai72%40mail.ru&mailing=132 HTTP/1.0" 200 197 "-" "Mozilla/5.0 (X11; Linux x86_64) AppleWebKit/537.36 (KHTML, like Gecko)"
188.93.56.125 - - [26/Nov/2018:07:46:23 +0700] "GET /tracking.gif?email=Maestro_3%40mail.ru&mailing=132 HTTP/1.0" 200 197 "-" "Mozilla/5.0 (X11; Linux x86_64) AppleWebKit/537.36 (KHTML, like Gecko)"
188.93.56.130 - - [26/Nov/2018:07:46:41 +0700] "GET /tracking.gif?email=stekloplastik_vtomske%40mail.ru&mailing=132 HTTP/1.0" 200 197 "-" "Mozilla/5.0 (X11; Linux x86_64) AppleWebKit/537.36 (KHTML, like Gecko)"
188.93.56.123 - - [26/Nov/2018:07:48:50 +0700] "GET /tracking.gif?email=maksim_smal%40mail.ru&mailing=132 HTTP/1.0" 200 197 "-" "Mozilla/5.0 (X11; Linux x86_64) AppleWebKit/537.36 (KHTML, like Gecko)"
188.93.56.128 - - [26/Nov/2018:07:49:17 +0700] "GET /tracking.gif?email=nasta-ww%40mail.ru&mailing=132 HTTP/1.0" 200 197 "-" "Mozilla/5.0 (X11; Linux x86_64) AppleWebKit/537.36 (KHTML, like Gecko)"
95.191.50.137 - - [26/Nov/2018:07:49:24 +0700] "GET /tracking.gif?email=Kalmbach_y%40mail.ru&mailing=132 HTTP/1.0" 200 197 "-" "Mozilla/5.0 (Linux; Android 8.0.0; SM-G935F Build/R16NW; wv) AppleWebKit/537.36 (KHTML, like Gecko) Version/4.0 Chrome/70.0.3538.80 Mobile Safari/537.36"
188.93.56.129 - - [26/Nov/2018:07:51:05 +0700] "GET /tracking.gif?email=ooo-da%40mail.ru&mailing=132 HTTP/1.0" 200 197 "-" "Mozilla/5.0 (X11; Linux x86_64) AppleWebKit/537.36 (KHTML, like Gecko)"
188.93.56.128 - - [26/Nov/2018:07:54:05 +0700] "GET /tracking.gif?email=kreyzer13%40mail.ru&mailing=132 HTTP/1.0" 200 197 "-" "Mozilla/5.0 (X11; Linux x86_64) AppleWebKit/537.36 (KHTML, like Gecko)"
188.93.56.125 - - [26/Nov/2018:07:56:26 +0700] "GET /tracking.gif?email=VIP.denisyuk88%40mail.ru&mailing=132 HTTP/1.0" 200 197 "-" "Mozilla/5.0 (X11; Linux x86_64) AppleWebKit/537.36 (KHTML, like Gecko)"
188.93.56.124 - - [26/Nov/2018:07:58:15 +0700] "GET /tracking.gif?email=rina5004%40mail.ru&mailing=132 HTTP/1.0" 200 197 "-" "Mozilla/5.0 (X11; Linux x86_64) AppleWebKit/537.36 (KHTML, like Gecko)"
188.93.56.124 - - [26/Nov/2018:07:59:38 +0700] "GET /tracking.gif?email=sav5910%40mail.ru&mailing=132 HTTP/1.0" 200 197 "-" "Mozilla/5.0 (X11; Linux x86_64) AppleWebKit/537.36 (KHTML, like Gecko)"
188.93.56.124 - - [26/Nov/2018:08:00:07 +0700] "GET /tracking.gif?email=mkonji-100%40mail.ru&mailing=132 HTTP/1.0" 200 197 "-" "Mozilla/5.0 (X11; Linux x86_64) AppleWebKit/537.36 (KHTML, like Gecko)"
217.118.79.34 - - [26/Nov/2018:08:00:40 +0700] "GET /tracking.gif?email=memelkov%40mail.ru&mailing=132 HTTP/1.0" 200 197 "-" "Mozilla/5.0 (iPhone; CPU iPhone OS 12_1 like Mac OS X) AppleWebKit/605.1.15 (KHTML, like Gecko) Mobile/16B92"
188.93.56.127 - - [26/Nov/2018:08:00:44 +0700] "GET /tracking.gif?email=sdvsev%40mail.ru&mailing=132 HTTP/1.0" 200 197 "-" "Mozilla/5.0 (X11; Linux x86_64) AppleWebKit/537.36 (KHTML, like Gecko)"
188.93.56.127 - - [26/Nov/2018:08:01:29 +0700] "GET /tracking.gif?email=suslenkovanata%40mail.ru&mailing=132 HTTP/1.0" 200 197 "-" "Mozilla/5.0 (X11; Linux x86_64) AppleWebKit/537.36 (KHTML, like Gecko)"
188.93.56.121 - - [26/Nov/2018:08:01:36 +0700] "GET /tracking.gif?email=suslenkovanata%40mail.ru&mailing=132 HTTP/1.0" 200 197 "-" "Mozilla/5.0 (X11; Linux x86_64) AppleWebKit/537.36 (KHTML, like Gecko)"
188.93.56.124 - - [26/Nov/2018:08:01:43 +0700] "GET /tracking.gif?email=suslenkovanata%40mail.ru&mailing=132 HTTP/1.0" 200 197 "-" "Mozilla/5.0 (X11; Linux x86_64) AppleWebKit/537.36 (KHTML, like Gecko)"
188.93.56.125 - - [26/Nov/2018:08:03:00 +0700] "GET /tracking.gif?email=nastya.stasy%40mail.ru&mailing=132 HTTP/1.0" 200 197 "-" "Mozilla/5.0 (X11; Linux x86_64) AppleWebKit/537.36 (KHTML, like Gecko)"
92.243.97.179 - - [26/Nov/2018:08:03:39 +0700] "GET /tracking.gif?email=Miomlao%40mail.ru&mailing=132 HTTP/1.0" 200 197 "-" "Mozilla/5.0 (iPhone; CPU iPhone OS 12_1 like Mac OS X) AppleWebKit/605.1.15 (KHTML, like Gecko) Mobile/16B92"
176.59.139.100 - - [26/Nov/2018:08:06:51 +0700] "GET /tracking.gif?email=savrulin777%40mail.ru&mailing=132 HTTP/1.0" 200 197 "-" "Mozilla/5.0 (iPhone; CPU iPhone OS 12_1 like Mac OS X) AppleWebKit/605.1.15 (KHTML, like Gecko) Mobile/16B92"
188.162.84.201 - - [26/Nov/2018:08:06:56 +0700] "GET /tracking.gif?email=finas775%40mail.ru&mailing=132 HTTP/1.0" 200 197 "-" "Mozilla/5.0 (iPhone; CPU iPhone OS 12_0_1 like Mac OS X) AppleWebKit/605.1.15 (KHTML, like Gecko) Mobile/16A404"
188.93.56.122 - - [26/Nov/2018:08:07:15 +0700] "GET /tracking.gif?email=velikanov-v%40mail.ru&mailing=132 HTTP/1.0" 200 197 "-" "Mozilla/5.0 (X11; Linux x86_64) AppleWebKit/537.36 (KHTML, like Gecko)"
188.93.56.121 - - [26/Nov/2018:08:10:30 +0700] "GET /tracking.gif?email=Geka0.85%40mail.ru&mailing=132 HTTP/1.0" 200 197 "-" "Mozilla/5.0 (X11; Linux x86_64) AppleWebKit/537.36 (KHTML, like Gecko)"
188.93.56.122 - - [26/Nov/2018:08:11:08 +0700] "GET /tracking.gif?email=sapeginsa%40mail.ru&mailing=132 HTTP/1.0" 200 197 "-" "Mozilla/5.0 (X11; Linux x86_64) AppleWebKit/537.36 (KHTML, like Gecko)"
188.93.56.129 - - [26/Nov/2018:08:11:16 +0700] "GET /tracking.gif?email=himic999%40mail.ru&mailing=132 HTTP/1.0" 200 197 "-" "Mozilla/5.0 (X11; Linux x86_64) AppleWebKit/537.36 (KHTML, like Gecko)"
188.93.56.125 - - [26/Nov/2018:08:11:56 +0700] "GET /tracking.gif?email=GOFMAN.1990%40INBOX.RU&mailing=132 HTTP/1.0" 200 197 "-" "Mozilla/5.0 (X11; Linux x86_64) AppleWebKit/537.36 (KHTML, like Gecko)"
188.93.56.121 - - [26/Nov/2018:08:12:56 +0700] "GET /tracking.gif?email=leha.kostenko.85%40mail.ru&mailing=132 HTTP/1.0" 200 197 "-" "Mozilla/5.0 (X11; Linux x86_64) AppleWebKit/537.36 (KHTML, like Gecko)"
188.93.56.125 - - [26/Nov/2018:08:13:12 +0700] "GET /tracking.gif?email=starnikova.2015%40mail.ru&mailing=132 HTTP/1.0" 200 197 "-" "Mozilla/5.0 (X11; Linux x86_64) AppleWebKit/537.36 (KHTML, like Gecko)"
188.93.56.129 - - [26/Nov/2018:08:13:27 +0700] "GET /tracking.gif?email=turlyunef%40mail.ru&mailing=132 HTTP/1.0" 200 197 "-" "Mozilla/5.0 (X11; Linux x86_64) AppleWebKit/537.36 (KHTML, like Gecko)"
188.93.56.128 - - [26/Nov/2018:08:13:29 +0700] "GET /tracking.gif?email=okorokova.irina%40list.ru&mailing=132 HTTP/1.0" 200 197 "-" "Mozilla/5.0 (X11; Linux x86_64) AppleWebKit/537.36 (KHTML, like Gecko)"
188.93.56.127 - - [26/Nov/2018:08:14:18 +0700] "GET /tracking.gif?email=Snowfke%40mail.ru&mailing=132 HTTP/1.0" 200 197 "-" "Mozilla/5.0 (X11; Linux x86_64) AppleWebKit/537.36 (KHTML, like Gecko)"
188.93.56.128 - - [26/Nov/2018:08:14:25 +0700] "GET /tracking.gif?email=vnmuzalev%40mail.ru&mailing=132 HTTP/1.0" 200 197 "-" "Mozilla/5.0 (X11; Linux x86_64) AppleWebKit/537.36 (KHTML, like Gecko)"
188.93.56.129 - - [26/Nov/2018:08:15:19 +0700] "GET /tracking.gif?email=pushkarskiyag%40mail.ru&mailing=132 HTTP/1.0" 200 197 "-" "Mozilla/5.0 (X11; Linux x86_64) AppleWebKit/537.36 (KHTML, like Gecko)"
188.93.56.127 - - [26/Nov/2018:08:16:11 +0700] "GET /tracking.gif?email=pushkarskiyag%40mail.ru&mailing=132 HTTP/1.0" 200 197 "-" "Mozilla/5.0 (X11; Linux x86_64) AppleWebKit/537.36 (KHTML, like Gecko)"
188.93.56.125 - - [26/Nov/2018:08:16:18 +0700] "GET /tracking.gif?email=ea_den86%40mail.ru&mailing=132 HTTP/1.0" 200 197 "-" "Mozilla/5.0 (X11; Linux x86_64) AppleWebKit/537.36 (KHTML, like Gecko)"
213.180.215.161 - - [26/Nov/2018:08:16:41 +0700] "GET /tracking.gif?email=tccs.svetlana%40yandex.ru&mailing=132 HTTP/1.0" 200 197 "-" "Mozilla/5.0 (compatible; YandexImageResizer/2.0; +http://yandex.com/bots)"
188.93.56.127 - - [26/Nov/2018:08:17:24 +0700] "GET /tracking.gif?email=pushkarskiyag%40mail.ru&mailing=132 HTTP/1.0" 200 197 "-" "Mozilla/5.0 (X11; Linux x86_64) AppleWebKit/537.36 (KHTML, like Gecko)"
188.93.56.127 - - [26/Nov/2018:08:17:39 +0700] "GET /tracking.gif?email=klimov.lor%40mail.ru&mailing=132 HTTP/1.0" 200 197 "-" "Mozilla/5.0 (X11; Linux x86_64) AppleWebKit/537.36 (KHTML, like Gecko)"
188.93.56.130 - - [26/Nov/2018:08:18:44 +0700] "GET /tracking.gif?email=osa11.05.79%40mail.ru&mailing=132 HTTP/1.0" 200 197 "-" "Mozilla/5.0 (X11; Linux x86_64) AppleWebKit/537.36 (KHTML, like Gecko)"
188.93.56.121 - - [26/Nov/2018:08:19:37 +0700] "GET /tracking.gif?email=mariya.skvorczova.1993%40mail.ru&mailing=132 HTTP/1.0" 200 197 "-" "Mozilla/5.0 (X11; Linux x86_64) AppleWebKit/537.36 (KHTML, like Gecko)"
188.93.56.124 - - [26/Nov/2018:08:20:43 +0700] "GET /tracking.gif?email=kyg86%40mail.ru&mailing=132 HTTP/1.0" 200 197 "-" "Mozilla/5.0 (X11; Linux x86_64) AppleWebKit/537.36 (KHTML, like Gecko)"
188.93.56.130 - - [26/Nov/2018:08:22:33 +0700] "GET /tracking.gif?email=lopat6koAlex%40mail.ru&mailing=132 HTTP/1.0" 200 197 "-" "Mozilla/5.0 (X11; Linux x86_64) AppleWebKit/537.36 (KHTML, like Gecko)"
188.93.56.122 - - [26/Nov/2018:08:22:42 +0700] "GET /tracking.gif?email=tanya_11.11.91%40mail.ru&mailing=132 HTTP/1.0" 200 197 "-" "Mozilla/5.0 (X11; Linux x86_64) AppleWebKit/537.36 (KHTML, like Gecko)"
188.93.56.130 - - [26/Nov/2018:08:23:15 +0700] "GET /tracking.gif?email=pushkarskiyag%40mail.ru&mailing=132 HTTP/1.0" 200 197 "-" "Mozilla/5.0 (X11; Linux x86_64) AppleWebKit/537.36 (KHTML, like Gecko)"
188.93.56.125 - - [26/Nov/2018:08:25:32 +0700] "GET /tracking.gif?email=shveps42%40mail.ru&mailing=132 HTTP/1.0" 200 197 "-" "Mozilla/5.0 (X11; Linux x86_64) AppleWebKit/537.36 (KHTML, like Gecko)"
188.93.56.127 - - [26/Nov/2018:08:25:56 +0700] "GET /tracking.gif?email=Kostarevis%40mail.ru&mailing=132 HTTP/1.0" 200 197 "-" "Mozilla/5.0 (X11; Linux x86_64) AppleWebKit/537.36 (KHTML, like Gecko)"
188.93.56.129 - - [26/Nov/2018:08:26:09 +0700] "GET /tracking.gif?email=rtb98%40mail.ru&mailing=132 HTTP/1.0" 200 197 "-" "Mozilla/5.0 (X11; Linux x86_64) AppleWebKit/537.36 (KHTML, like Gecko)"
5.255.241.249 - - [26/Nov/2018:08:28:46 +0700] "GET /tracking.gif?email=kristinaly%40yandex.ru&mailing=132 HTTP/1.0" 200 197 "-" "Mozilla/5.0 (compatible; YandexImageResizer/2.0; +http://yandex.com/bots)"
213.183.100.38 - - [26/Nov/2018:08:28:51 +0700] "GET /unsubscribe/?email=kristinaly%40yandex.ru&mailing=132 HTTP/1.0" 200 984 "-" "Mozilla/5.0 (Windows NT 6.1; rv:63.0) Gecko/20100101 Firefox/63.0"
213.183.100.38 - - [26/Nov/2018:08:28:52 +0700] "GET /img/popcorn.svg HTTP/1.0" 200 1187 "http://mailing.etobilet.ru/css/main.css" "Mozilla/5.0 (Windows NT 6.1; rv:63.0) Gecko/20100101 Firefox/63.0"
213.183.100.38 - - [26/Nov/2018:08:28:55 +0700] "GET /unsubscribe/?email=kristinaly%40yandex.ru&mailing=132&confirmed=1 HTTP/1.0" 200 747 "http://mailing.etobilet.ru/unsubscribe/?email=kristinaly%40yandex.ru&mailing=132" "Mozilla/5.0 (Windows NT 6.1; rv:63.0) Gecko/20100101 Firefox/63.0"
188.93.56.122 - - [26/Nov/2018:08:29:07 +0700] "GET /tracking.gif?email=remiz-ira.93%40mail.ru&mailing=132 HTTP/1.0" 200 197 "-" "Mozilla/5.0 (X11; Linux x86_64) AppleWebKit/537.36 (KHTML, like Gecko)"
217.118.79.41 - - [26/Nov/2018:08:29:21 +0700] "GET /tracking.gif?email=sauronmelkor%40mail.ru&mailing=132 HTTP/1.0" 200 197 "-" "Mozilla/5.0 (iPhone; CPU iPhone OS 12_1 like Mac OS X) AppleWebKit/605.1.15 (KHTML, like Gecko) Mobile/16B92"
188.93.56.124 - - [26/Nov/2018:08:30:00 +0700] "GET /tracking.gif?email=kitsanovs%40mail.ru&mailing=132 HTTP/1.0" 200 197 "-" "Mozilla/5.0 (X11; Linux x86_64) AppleWebKit/537.36 (KHTML, like Gecko)"
188.93.56.128 - - [26/Nov/2018:08:30:14 +0700] "GET /tracking.gif?email=osmozis%40mail.ru&mailing=132 HTTP/1.0" 200 197 "-" "Mozilla/5.0 (X11; Linux x86_64) AppleWebKit/537.36 (KHTML, like Gecko)"
188.93.56.127 - - [26/Nov/2018:08:30:58 +0700] "GET /tracking.gif?email=nfukalov80%40mail.ru&mailing=132 HTTP/1.0" 200 197 "-" "Mozilla/5.0 (X11; Linux x86_64) AppleWebKit/537.36 (KHTML, like Gecko)"
31.173.241.75 - - [26/Nov/2018:08:31:35 +0700] "GET /tracking.gif?email=lutsik70%40mail.ru&mailing=132 HTTP/1.0" 200 197 "-" "Mozilla/5.0 (iPhone; CPU iPhone OS 12_1 like Mac OS X) AppleWebKit/605.1.15 (KHTML, like Gecko) Mobile/16B92"
188.93.56.124 - - [26/Nov/2018:08:31:59 +0700] "GET /tracking.gif?email=Berdnikova_Larisa%40bk.ru&mailing=132 HTTP/1.0" 200 197 "-" "Mozilla/5.0 (X11; Linux x86_64) AppleWebKit/537.36 (KHTML, like Gecko)"
188.93.56.129 - - [26/Nov/2018:08:32:23 +0700] "GET /tracking.gif?email=Secretar%40su-tgs.ru&mailing=132 HTTP/1.0" 200 197 "-" "Mozilla/5.0 (X11; Linux x86_64) AppleWebKit/537.36 (KHTML, like Gecko)"
188.93.56.124 - - [26/Nov/2018:08:32:24 +0700] "GET /tracking.gif?email=yanovich_ov%40mail.ru&mailing=132 HTTP/1.0" 200 197 "-" "Mozilla/5.0 (X11; Linux x86_64) AppleWebKit/537.36 (KHTML, like Gecko)"
188.93.56.128 - - [26/Nov/2018:08:32:28 +0700] "GET /tracking.gif?email=Strsla%40mail.ru&mailing=132 HTTP/1.0" 200 197 "-" "Mozilla/5.0 (X11; Linux x86_64) AppleWebKit/537.36 (KHTML, like Gecko)"
188.93.56.123 - - [26/Nov/2018:08:32:47 +0700] "GET /tracking.gif?email=q7mts79%40mail.ru&mailing=132 HTTP/1.0" 200 197 "-" "Mozilla/5.0 (X11; Linux x86_64) AppleWebKit/537.36 (KHTML, like Gecko)"
188.93.56.122 - - [26/Nov/2018:08:32:47 +0700] "GET /tracking.gif?email=ziziop%40mail.ru&mailing=132 HTTP/1.0" 200 197 "-" "Mozilla/5.0 (X11; Linux x86_64) AppleWebKit/537.36 (KHTML, like Gecko)"
31.211.102.4 - - [26/Nov/2018:08:32:56 +0700] "GET /tracking.gif?email=N.a.yantsen%40mail.ru&mailing=132 HTTP/1.0" 200 197 "-" "Mozilla/5.0 (iPhone; CPU iPhone OS 12_0_1 like Mac OS X) AppleWebKit/605.1.15 (KHTML, like Gecko) Mobile/16A404"
188.93.56.130 - - [26/Nov/2018:08:32:57 +0700] "GET /tracking.gif?email=st9392%40mail.ru&mailing=132 HTTP/1.0" 200 197 "-" "Mozilla/5.0 (X11; Linux x86_64) AppleWebKit/537.36 (KHTML, like Gecko)"
188.93.56.122 - - [26/Nov/2018:08:33:31 +0700] "GET /tracking.gif?email=kolep%40mail.ru&mailing=132 HTTP/1.0" 200 197 "-" "Mozilla/5.0 (X11; Linux x86_64) AppleWebKit/537.36 (KHTML, like Gecko)"
188.93.56.123 - - [26/Nov/2018:08:33:32 +0700] "GET /tracking.gif?email=st9392%40mail.ru&mailing=132 HTTP/1.0" 200 197 "-" "Mozilla/5.0 (X11; Linux x86_64) AppleWebKit/537.36 (KHTML, like Gecko)"
188.93.56.128 - - [26/Nov/2018:08:33:36 +0700] "GET /tracking.gif?email=mariyastarovoyt%40mail.ru&mailing=132 HTTP/1.0" 200 197 "-" "Mozilla/5.0 (X11; Linux x86_64) AppleWebKit/537.36 (KHTML, like Gecko)"
66.102.9.20 - - [26/Nov/2018:08:33:43 +0700] "GET /tracking.gif?email=vasilkovskaya.anastasia%40gmail.com&mailing=132 HTTP/1.0" 200 197 "-" "Mozilla/5.0 (Windows NT 5.1; rv:11.0) Gecko Firefox/11.0 (via ggpht.com GoogleImageProxy)"
188.93.56.122 - - [26/Nov/2018:08:34:17 +0700] "GET /tracking.gif?email=susukola2510%40mail.ru&mailing=132 HTTP/1.0" 200 197 "-" "Mozilla/5.0 (X11; Linux x86_64) AppleWebKit/537.36 (KHTML, like Gecko)"
188.93.56.128 - - [26/Nov/2018:08:34:25 +0700] "GET /tracking.gif?email=Ssi-post%40mail.ru&mailing=132 HTTP/1.0" 200 197 "-" "Mozilla/5.0 (X11; Linux x86_64) AppleWebKit/537.36 (KHTML, like Gecko)"
188.93.56.128 - - [26/Nov/2018:08:36:51 +0700] "GET /tracking.gif?email=natali.kuzmina19%40mail.ru&mailing=132 HTTP/1.0" 200 197 "-" "Mozilla/5.0 (X11; Linux x86_64) AppleWebKit/537.36 (KHTML, like Gecko)"
94.127.89.242 - - [26/Nov/2018:08:37:32 +0700] "GET /unsubscribe/?email=Tatyana.nazarova%40psk-holding.ru&mailing=124 HTTP/1.0" 200 1006 "-" "Mozilla/5.0 (Windows NT 10.0; Win64; x64) AppleWebKit/537.36 (KHTML, like Gecko) Chrome/70.0.3538.110 Safari/537.36"
94.127.89.242 - - [26/Nov/2018:08:37:33 +0700] "GET /img/popcorn.svg HTTP/1.0" 200 1187 "http://mailing.etobilet.ru/css/main.css" "Mozilla/5.0 (Windows NT 10.0; Win64; x64) AppleWebKit/537.36 (KHTML, like Gecko) Chrome/70.0.3538.110 Safari/537.36"
94.127.89.242 - - [26/Nov/2018:08:37:37 +0700] "GET /unsubscribe/?email=Tatyana.nazarova%40psk-holding.ru&mailing=124&confirmed=1 HTTP/1.0" 200 747 "http://mailing.etobilet.ru/unsubscribe/?email=Tatyana.nazarova%40psk-holding.ru&mailing=124" "Mozilla/5.0 (Windows NT 10.0; Win64; x64) AppleWebKit/537.36 (KHTML, like Gecko) Chrome/70.0.3538.110 Safari/537.36"
212.176.213.96 - - [26/Nov/2018:08:37:51 +0700] "GET /tracking.gif?email=anastasia.panchenko%40lenta.com&mailing=124 HTTP/1.0" 200 197 "-" "Mozilla/4.0 (compatible; MSIE 7.0; Windows NT 6.1; Trident/7.0; SLCC2; .NET CLR 2.0.50727; .NET CLR 3.5.30729; .NET CLR 3.0.30729; Media Center PC 6.0; .NET4.0C; .NET4.0E; Tablet PC 2.0; InfoPath.3; Microsoft Outlook 14.0.7214; ms-office; MSOffice 14)"
188.93.56.129 - - [26/Nov/2018:08:37:52 +0700] "GET /tracking.gif?email=misteriya97%40mail.ru&mailing=132 HTTP/1.0" 200 197 "-" "Mozilla/5.0 (X11; Linux x86_64) AppleWebKit/537.36 (KHTML, like Gecko)"
188.93.56.123 - - [26/Nov/2018:08:37:55 +0700] "GET /tracking.gif?email=zhizhkun1994%40mail.ru&mailing=132 HTTP/1.0" 200 197 "-" "Mozilla/5.0 (X11; Linux x86_64) AppleWebKit/537.36 (KHTML, like Gecko)"
188.93.56.128 - - [26/Nov/2018:08:38:06 +0700] "GET /tracking.gif?email=Vvct%40mail.ru&mailing=132 HTTP/1.0" 200 197 "-" "Mozilla/5.0 (X11; Linux x86_64) AppleWebKit/537.36 (KHTML, like Gecko)"
188.93.56.123 - - [26/Nov/2018:08:38:34 +0700] "GET /tracking.gif?email=modern-tomsk%40mail.ru&mailing=132 HTTP/1.0" 200 197 "-" "Mozilla/5.0 (X11; Linux x86_64) AppleWebKit/537.36 (KHTML, like Gecko)"
212.176.213.96 - - [26/Nov/2018:08:38:35 +0700] "GET /tracking.gif?email=anastasia.panchenko%40lenta.com&mailing=124 HTTP/1.0" 200 197 "-" "Mozilla/4.0 (compatible; MSIE 7.0; Windows NT 6.1; Trident/7.0; SLCC2; .NET CLR 2.0.50727; .NET CLR 3.5.30729; .NET CLR 3.0.30729; Media Center PC 6.0; .NET4.0C; .NET4.0E; Tablet PC 2.0; InfoPath.3; Microsoft Outlook 14.0.7214; ms-office; MSOffice 14)"
188.93.56.124 - - [26/Nov/2018:08:39:17 +0700] "GET /tracking.gif?email=705090%40list.ru&mailing=132 HTTP/1.0" 200 197 "-" "Mozilla/5.0 (X11; Linux x86_64) AppleWebKit/537.36 (KHTML, like Gecko)"
