62.68.141.40 - - [11/Dec/2018:14:12:59 +0700] "GET /tracking.gif?email=[%VAR%20RCPT.EMAIL%20ESCAPE=URL%]&mailing=[%VAR%20MAILING.ID%] HTTP/1.0" 200 197 "-" "Mozilla/5.0 (Macintosh; Intel Mac OS X 10_14_1) AppleWebKit/537.36 (KHTML, like Gecko) Chrome/71.0.3578.80 Safari/537.36"
62.68.141.40 - - [11/Dec/2018:14:14:54 +0700] "GET /tracking.gif?email=[%VAR%20RCPT.EMAIL%20ESCAPE=URL%]&mailing=[%VAR%20MAILING.ID%] HTTP/1.0" 200 197 "-" "Mozilla/5.0 (Macintosh; Intel Mac OS X 10_14_1) AppleWebKit/537.36 (KHTML, like Gecko) Chrome/71.0.3578.80 Safari/537.36"
46.233.212.93 - - [11/Dec/2018:14:15:34 +0700] "GET /tracking.gif?email=lobasvv%40gmail.com&mailing=191 HTTP/1.0" 200 197 "-" "Mozilla/5.0 (Macintosh; Intel Mac OS X 10_14_2) AppleWebKit/605.1.15 (KHTML, like Gecko)"
188.93.56.129 - - [11/Dec/2018:14:18:01 +0700] "GET /tracking.gif?email=Marino4kaomsk%40mail.ru&mailing=206 HTTP/1.0" 200 197 "-" "Mozilla/5.0 (X11; Linux x86_64) AppleWebKit/537.36 (KHTML, like Gecko)"
62.68.141.40 - - [11/Dec/2018:14:18:53 +0700] "GET /tracking.gif?email=[%VAR%20RCPT.EMAIL%20ESCAPE=URL%]&mailing=[%VAR%20MAILING.ID%] HTTP/1.0" 200 197 "-" "Mozilla/5.0 (Macintosh; Intel Mac OS X 10_14_1) AppleWebKit/537.36 (KHTML, like Gecko) Chrome/71.0.3578.80 Safari/537.36"
62.68.141.40 - - [11/Dec/2018:14:18:54 +0700] "GET /tracking.gif?email=[%VAR%20RCPT.EMAIL%20ESCAPE=URL%]&mailing=[%VAR%20MAILING.ID%] HTTP/1.0" 200 197 "-" "Mozilla/5.0 (Macintosh; Intel Mac OS X 10_14_1) AppleWebKit/537.36 (KHTML, like Gecko) Chrome/71.0.3578.80 Safari/537.36"
188.93.56.124 - - [11/Dec/2018:14:22:25 +0700] "GET /tracking.gif?email=Vovagray%40bk.ru&mailing=192 HTTP/1.0" 200 197 "-" "Mozilla/5.0 (X11; Linux x86_64) AppleWebKit/537.36 (KHTML, like Gecko)"
188.93.56.129 - - [11/Dec/2018:14:34:11 +0700] "GET /tracking.gif?email=alexandr_shenk%40mail.ru&mailing=191 HTTP/1.0" 200 197 "-" "Mozilla/5.0 (X11; Linux x86_64) AppleWebKit/537.36 (KHTML, like Gecko)"
188.93.56.130 - - [11/Dec/2018:14:34:17 +0700] "GET /tracking.gif?email=89081017135%40mail.ru&mailing=206 HTTP/1.0" 200 197 "-" "Mozilla/5.0 (X11; Linux x86_64) AppleWebKit/537.36 (KHTML, like Gecko)"
188.93.56.130 - - [11/Dec/2018:14:37:59 +0700] "GET /tracking.gif?email=Viktoriya.klimenko89%40inbox.ru&mailing=193 HTTP/1.0" 200 197 "-" "Mozilla/5.0 (X11; Linux x86_64) AppleWebKit/537.36 (KHTML, like Gecko)"
188.93.56.130 - - [11/Dec/2018:14:38:00 +0700] "GET /tracking.gif?email=Viktoriya.klimenko89%40inbox.ru&mailing=193 HTTP/1.0" 200 197 "-" "Mozilla/5.0 (X11; Linux x86_64) AppleWebKit/537.36 (KHTML, like Gecko)"
188.93.56.128 - - [11/Dec/2018:14:38:17 +0700] "GET /tracking.gif?email=mr.mishanja78%40mail.ru&mailing=206 HTTP/1.0" 200 197 "-" "Mozilla/5.0 (X11; Linux x86_64) AppleWebKit/537.36 (KHTML, like Gecko)"
188.93.56.122 - - [11/Dec/2018:14:42:37 +0700] "GET /tracking.gif?email=syshickiy%40mail.ru&mailing=206 HTTP/1.0" 200 197 "-" "Mozilla/5.0 (X11; Linux x86_64) AppleWebKit/537.36 (KHTML, like Gecko)"
37.9.102.246 - - [11/Dec/2018:14:44:21 +0700] "GET /tracking.gif?email=Volkovkmwork%40yandex.ru&mailing=170 HTTP/1.0" 200 197 "-" "Mozilla/5.0 (compatible; YandexImageResizer/2.0; +http://yandex.com/bots)"
5.255.241.233 - - [11/Dec/2018:14:44:48 +0700] "GET /tracking.gif?email=Volkovkmwork%40yandex.ru&mailing=132 HTTP/1.0" 200 197 "-" "Mozilla/5.0 (compatible; YandexImageResizer/2.0; +http://yandex.com/bots)"
188.93.56.128 - - [11/Dec/2018:14:49:40 +0700] "GET /tracking.gif?email=alina_arxipova%40mail.ru&mailing=191 HTTP/1.0" 200 197 "-" "Mozilla/5.0 (X11; Linux x86_64) AppleWebKit/537.36 (KHTML, like Gecko)"
188.93.56.121 - - [11/Dec/2018:14:53:31 +0700] "GET /tracking.gif?email=cratos-raf%40mail.ru&mailing=191 HTTP/1.0" 200 197 "-" "Mozilla/5.0 (X11; Linux x86_64) AppleWebKit/537.36 (KHTML, like Gecko)"
188.93.56.121 - - [11/Dec/2018:14:59:10 +0700] "GET /tracking.gif?email=petroushkine%40mail.ru&mailing=206 HTTP/1.0" 200 197 "-" "Mozilla/5.0 (X11; Linux x86_64) AppleWebKit/537.36 (KHTML, like Gecko)"
188.93.56.121 - - [11/Dec/2018:14:59:28 +0700] "GET /tracking.gif?email=bushuevajulia1998%40mail.ru&mailing=191 HTTP/1.0" 200 197 "-" "Mozilla/5.0 (X11; Linux x86_64) AppleWebKit/537.36 (KHTML, like Gecko)"
62.68.141.42 - - [11/Dec/2018:14:59:55 +0700] "GET /tracking.gif?email=vka%40nikolas.ru&mailing=210 HTTP/1.0" 200 197 "-" "Mozilla/4.0 (compatible; MSIE 7.0; Windows NT 10.0; Win64; x64; Trident/7.0; .NET4.0C; .NET4.0E; Microsoft Outlook 16.0.4573; ms-office; MSOffice 16)"
62.68.141.42 - - [11/Dec/2018:14:59:57 +0700] "GET /tracking.gif?email=vka%40nikolas.ru&mailing=210 HTTP/1.0" 200 197 "-" "Mozilla/4.0 (compatible; MSIE 7.0; Windows NT 10.0; Win64; x64; Trident/7.0; .NET4.0C; .NET4.0E; Microsoft Outlook 16.0.4573; ms-office; MSOffice 16)"
62.68.141.42 - - [11/Dec/2018:14:59:57 +0700] "GET /tracking.gif?email=vka%40nikolas.ru&mailing=210 HTTP/1.0" 200 197 "-" "Mozilla/4.0 (compatible; MSIE 7.0; Windows NT 10.0; Win64; x64; Trident/7.0; .NET4.0C; .NET4.0E; Microsoft Outlook 16.0.4573; ms-office; MSOffice 16)"
188.93.56.128 - - [11/Dec/2018:15:00:01 +0700] "GET /tracking.gif?email=poljakov88%40mail.ru&mailing=206 HTTP/1.0" 200 197 "-" "Mozilla/5.0 (X11; Linux x86_64) AppleWebKit/537.36 (KHTML, like Gecko)"
5.255.241.244 - - [11/Dec/2018:15:07:12 +0700] "GET /tracking.gif?email=cheredovav%40yandex.ru&mailing=206 HTTP/1.0" 200 197 "-" "Mozilla/5.0 (compatible; YandexImageResizer/2.0; +http://yandex.com/bots)"
188.93.56.127 - - [11/Dec/2018:15:09:38 +0700] "GET /tracking.gif?email=korolkova_78%40mail.ru&mailing=191 HTTP/1.0" 200 197 "-" "Mozilla/5.0 (X11; Linux x86_64) AppleWebKit/537.36 (KHTML, like Gecko)"
188.93.56.130 - - [11/Dec/2018:15:17:05 +0700] "GET /tracking.gif?email=kalinaanna_1984%40mail.ru&mailing=206 HTTP/1.0" 200 197 "-" "Mozilla/5.0 (X11; Linux x86_64) AppleWebKit/537.36 (KHTML, like Gecko)"
81.19.78.161 - - [11/Dec/2018:15:19:01 +0700] "GET /tracking.gif?email=malan171%40rambler.ru&mailing=206 HTTP/1.0" 200 197 "https://mail.rambler.ru/?utm_source=head&utm_campaign=self_promo&utm_medium=widget&utm_content=mail&utm_term=inbox" "RamblerMail/6.0 (incompatible; ImageProxy/6.0)"
188.93.56.123 - - [11/Dec/2018:15:21:36 +0700] "GET /tracking.gif?email=Osheva1989%40bk.ru&mailing=193 HTTP/1.0" 200 197 "-" "Mozilla/5.0 (X11; Linux x86_64) AppleWebKit/537.36 (KHTML, like Gecko)"
178.74.109.69 - - [11/Dec/2018:15:23:45 +0700] "GET /tracking.gif?email=katya231924@gmail.com&mailing=104 HTTP/1.0" 200 197 "-" "Mozilla/5.0 (Linux; Android 6.0; M5 Note Build/MRA58K; wv) AppleWebKit/537.36 (KHTML, like Gecko) Version/4.0 Chrome/44.0.2403.128 Mobile Safari/537.36"
188.93.56.124 - - [11/Dec/2018:15:27:43 +0700] "GET /tracking.gif?email=kalinka_omsk%40mail.ru&mailing=206 HTTP/1.0" 200 197 "-" "Mozilla/5.0 (X11; Linux x86_64) AppleWebKit/537.36 (KHTML, like Gecko)"
188.93.56.123 - - [11/Dec/2018:15:29:58 +0700] "GET /tracking.gif?email=oms_dest%40mail.ru&mailing=191 HTTP/1.0" 200 197 "-" "Mozilla/5.0 (X11; Linux x86_64) AppleWebKit/537.36 (KHTML, like Gecko)"
188.93.56.128 - - [11/Dec/2018:15:40:05 +0700] "GET /tracking.gif?email=Jn_frog%40mail.ru&mailing=170 HTTP/1.0" 200 197 "-" "Mozilla/5.0 (X11; Linux x86_64) AppleWebKit/537.36 (KHTML, like Gecko)"
188.93.56.128 - - [11/Dec/2018:15:40:13 +0700] "GET /tracking.gif?email=Jn_frog%40mail.ru&mailing=132 HTTP/1.0" 200 197 "-" "Mozilla/5.0 (X11; Linux x86_64) AppleWebKit/537.36 (KHTML, like Gecko)"
213.87.225.236 - - [11/Dec/2018:15:46:06 +0700] "GET /tracking.gif?email=488134%40mail.ru&mailing=206 HTTP/1.0" 200 197 "-" "Mozilla/5.0 (iPhone; CPU iPhone OS 11_4 like Mac OS X) AppleWebKit/605.1.15 (KHTML, like Gecko) Mobile/15F79"
213.87.224.40 - - [11/Dec/2018:15:47:45 +0700] "GET /tracking.gif?email=marusay1968%40gmail.com&mailing=102 HTTP/1.0" 200 197 "-" "Mozilla/5.0 (iPhone; CPU iPhone OS 12_1 like Mac OS X) AppleWebKit/605.1.15 (KHTML, like Gecko) Mobile/16B92"
213.87.224.40 - - [11/Dec/2018:15:47:49 +0700] "GET /tracking.gif?email=marusay1968%40gmail.com&mailing=132 HTTP/1.0" 200 197 "-" "Mozilla/5.0 (iPhone; CPU iPhone OS 12_1 like Mac OS X) AppleWebKit/605.1.15 (KHTML, like Gecko) Mobile/16B92"
66.102.9.14 - - [11/Dec/2018:15:48:25 +0700] "GET /tracking.gif?email=mail%40alekhna.ru&mailing=132 HTTP/1.0" 200 197 "-" "Mozilla/5.0 (Windows NT 5.1; rv:11.0) Gecko Firefox/11.0 (via ggpht.com GoogleImageProxy)"
188.18.249.146 - - [11/Dec/2018:15:48:28 +0700] "GET /tracking.gif?email=guzelsh83%40yandex.ru&mailing=193 HTTP/1.0" 200 197 "-" "Mozilla/5.0 (Linux; Android 8.0.0; LLD-L31 Build/HONORLLD-L31; wv) AppleWebKit/537.36 (KHTML, like Gecko) Version/4.0 Chrome/70.0.3538.110 Mobile Safari/537.36"
185.37.190.42 - - [11/Dec/2018:15:48:29 +0700] "GET /unsubscribe/?email=mail%40alekhna.ru&mailing=132 HTTP/1.0" 200 974 "-" "Mozilla/5.0 (X11; Linux x86_64) AppleWebKit/537.36 (KHTML, like Gecko) Chrome/70.0.3538.77 Safari/537.36"
185.37.190.42 - - [11/Dec/2018:15:48:29 +0700] "GET /img/popcorn.svg HTTP/1.0" 200 1187 "http://mailing.etobilet.ru/css/main.css" "Mozilla/5.0 (X11; Linux x86_64) AppleWebKit/537.36 (KHTML, like Gecko) Chrome/70.0.3538.77 Safari/537.36"
185.37.190.42 - - [11/Dec/2018:15:48:33 +0700] "GET /unsubscribe/?email=mail%40alekhna.ru&mailing=132&confirmed=1 HTTP/1.0" 200 747 "http://mailing.etobilet.ru/unsubscribe/?email=mail%40alekhna.ru&mailing=132" "Mozilla/5.0 (X11; Linux x86_64) AppleWebKit/537.36 (KHTML, like Gecko) Chrome/70.0.3538.77 Safari/537.36"
81.19.78.161 - - [11/Dec/2018:15:49:51 +0700] "GET /tracking.gif?email=petrovskoe201%40rambler.ru&mailing=206 HTTP/1.0" 200 197 "https://mail.rambler.ru/?utm_source=head&utm_campaign=self_promo&utm_medium=topline&utm_content=mail" "RamblerMail/6.0 (incompatible; ImageProxy/6.0)"
66.102.9.17 - - [11/Dec/2018:15:51:06 +0700] "GET /tracking.gif?email=stremaus%40gmail.com&mailing=206 HTTP/1.0" 200 197 "-" "Mozilla/5.0 (Windows NT 5.1; rv:11.0) Gecko Firefox/11.0 (via ggpht.com GoogleImageProxy)"
5.255.241.228 - - [11/Dec/2018:16:00:12 +0700] "GET /tracking.gif?email=ismajra%40yandex.ru&mailing=206 HTTP/1.0" 200 197 "-" "Mozilla/5.0 (compatible; YandexImageResizer/2.0; +http://yandex.com/bots)"
66.102.9.17 - - [11/Dec/2018:16:00:53 +0700] "GET /tracking.gif?email=anjuta277%40gmail.com&mailing=206 HTTP/1.0" 200 197 "-" "Mozilla/5.0 (Windows NT 5.1; rv:11.0) Gecko Firefox/11.0 (via ggpht.com GoogleImageProxy)"
66.102.9.17 - - [11/Dec/2018:16:01:19 +0700] "GET /tracking.gif?email=anjuta277%40gmail.com&mailing=124 HTTP/1.0" 200 197 "-" "Mozilla/5.0 (Windows NT 5.1; rv:11.0) Gecko Firefox/11.0 (via ggpht.com GoogleImageProxy)"
66.102.9.20 - - [11/Dec/2018:16:02:00 +0700] "GET /tracking.gif?email=anjuta277%40gmail.com&mailing=104 HTTP/1.0" 200 197 "-" "Mozilla/5.0 (Windows NT 5.1; rv:11.0) Gecko Firefox/11.0 (via ggpht.com GoogleImageProxy)"
188.93.56.128 - - [11/Dec/2018:16:03:51 +0700] "GET /tracking.gif?email=omsk_vdv_2010%40mail.ru&mailing=191 HTTP/1.0" 200 197 "-" "Mozilla/5.0 (X11; Linux x86_64) AppleWebKit/537.36 (KHTML, like Gecko)"
188.93.56.128 - - [11/Dec/2018:16:12:15 +0700] "GET /tracking.gif?email=vikusichka5%40mail.ru&mailing=206 HTTP/1.0" 200 197 "-" "Mozilla/5.0 (X11; Linux x86_64) AppleWebKit/537.36 (KHTML, like Gecko)"
95.189.186.121 - - [11/Dec/2018:16:14:51 +0700] "GET /tracking.gif?email=s_ton%40list.ru&mailing=191 HTTP/1.0" 200 197 "-" "Mozilla/5.0 (Windows NT 10.0; WOW64; rv:60.0) Gecko/20100101 Thunderbird/60.3.3 Lightning/6.2.3.3"
188.93.56.125 - - [11/Dec/2018:16:15:03 +0700] "GET /tracking.gif?email=aysi74%40mail.ru&mailing=191 HTTP/1.0" 200 197 "-" "Mozilla/5.0 (X11; Linux x86_64) AppleWebKit/537.36 (KHTML, like Gecko)"
188.93.56.126 - - [11/Dec/2018:16:25:37 +0700] "GET /tracking.gif?email=olgavaulina151083%40mail.ru&mailing=206 HTTP/1.0" 200 197 "-" "Mozilla/5.0 (X11; Linux x86_64) AppleWebKit/537.36 (KHTML, like Gecko)"
188.93.56.129 - - [11/Dec/2018:16:25:46 +0700] "GET /tracking.gif?email=saule.ru95%40mail.ru&mailing=206 HTTP/1.0" 200 197 "-" "Mozilla/5.0 (X11; Linux x86_64) AppleWebKit/537.36 (KHTML, like Gecko)"
188.93.56.129 - - [11/Dec/2018:16:26:12 +0700] "GET /tracking.gif?email=nikola2009_19%40mail.ru&mailing=191 HTTP/1.0" 200 197 "-" "Mozilla/5.0 (X11; Linux x86_64) AppleWebKit/537.36 (KHTML, like Gecko)"
176.214.8.110 - - [11/Dec/2018:16:34:18 +0700] "GET /tracking.gif?email=sergio55%40yandex.ru&mailing=206 HTTP/1.0" 200 197 "-" "Mozilla/4.0 (compatible; MSIE 7.0; Windows NT 6.1; WOW64; Trident/7.0; SLCC2; .NET CLR 2.0.50727; Media Center PC 6.0; MAM3; InfoPath.3; .NET4.0C; .NET4.0E; .NET CLR 3.5.30729; .NET CLR 3.0.30729; Zoom 3.6.0)"
176.214.8.110 - - [11/Dec/2018:16:35:20 +0700] "GET /tracking.gif?email=sergio55%40yandex.ru&mailing=104 HTTP/1.0" 200 197 "-" "Mozilla/4.0 (compatible; MSIE 7.0; Windows NT 6.1; WOW64; Trident/7.0; SLCC2; .NET CLR 2.0.50727; Media Center PC 6.0; MAM3; InfoPath.3; .NET4.0C; .NET4.0E; .NET CLR 3.5.30729; .NET CLR 3.0.30729; Zoom 3.6.0)"
176.214.8.110 - - [11/Dec/2018:16:35:47 +0700] "GET /tracking.gif?email=sergio55%40yandex.ru&mailing=124 HTTP/1.0" 200 197 "-" "Mozilla/4.0 (compatible; MSIE 7.0; Windows NT 6.1; WOW64; Trident/7.0; SLCC2; .NET CLR 2.0.50727; Media Center PC 6.0; MAM3; InfoPath.3; .NET4.0C; .NET4.0E; .NET CLR 3.5.30729; .NET CLR 3.0.30729; Zoom 3.6.0)"
188.93.56.129 - - [11/Dec/2018:16:37:26 +0700] "GET /tracking.gif?email=tobisir%40mail.ru&mailing=191 HTTP/1.0" 200 197 "-" "Mozilla/5.0 (X11; Linux x86_64) AppleWebKit/537.36 (KHTML, like Gecko)"
188.93.56.123 - - [11/Dec/2018:16:39:57 +0700] "GET /tracking.gif?email=veberok%40bk.ru&mailing=191 HTTP/1.0" 200 197 "-" "Mozilla/5.0 (X11; Linux x86_64) AppleWebKit/537.36 (KHTML, like Gecko)"
188.93.56.128 - - [11/Dec/2018:16:59:11 +0700] "GET /tracking.gif?email=ussoltseva.el%40bk.ru&mailing=191 HTTP/1.0" 200 197 "-" "Mozilla/5.0 (X11; Linux x86_64) AppleWebKit/537.36 (KHTML, like Gecko)"
5.255.241.227 - - [11/Dec/2018:16:59:48 +0700] "GET /tracking.gif?email=bsv81-81%40yandex.ru&mailing=206 HTTP/1.0" 200 197 "-" "Mozilla/5.0 (compatible; YandexImageResizer/2.0; +http://yandex.com/bots)"
188.93.56.125 - - [11/Dec/2018:17:00:01 +0700] "GET /tracking.gif?email=dodik-2%40mail.ru&mailing=191 HTTP/1.0" 200 197 "-" "Mozilla/5.0 (X11; Linux x86_64) AppleWebKit/537.36 (KHTML, like Gecko)"
90.188.154.4 - - [11/Dec/2018:17:00:15 +0700] "GET /unsubscribe/?email=dodik-2%40mail.ru&mailing=191 HTTP/1.0" 200 971 "-" "Mozilla/5.0 (Windows NT 10.0; Win64; x64; rv:62.0) Gecko/20100101 Firefox/62.0"
90.188.154.4 - - [11/Dec/2018:17:00:15 +0700] "GET /img/popcorn.svg HTTP/1.0" 200 1187 "http://mailing.etobilet.ru/css/main.css" "Mozilla/5.0 (Windows NT 10.0; Win64; x64; rv:62.0) Gecko/20100101 Firefox/62.0"
90.188.154.4 - - [11/Dec/2018:17:01:42 +0700] "GET /unsubscribe/?email=dodik-2%40mail.ru&mailing=191&confirmed=1 HTTP/1.0" 200 744 "http://mailing.etobilet.ru/unsubscribe/?email=dodik-2%40mail.ru&mailing=191" "Mozilla/5.0 (Windows NT 10.0; Win64; x64; rv:62.0) Gecko/20100101 Firefox/62.0"
188.93.56.123 - - [11/Dec/2018:17:03:49 +0700] "GET /tracking.gif?email=ksenya.shcerbakova%40mail.ru&mailing=191 HTTP/1.0" 200 197 "-" "Mozilla/5.0 (X11; Linux x86_64) AppleWebKit/537.36 (KHTML, like Gecko)"
188.93.56.123 - - [11/Dec/2018:17:03:54 +0700] "GET /tracking.gif?email=ksenya.shcerbakova%40mail.ru&mailing=191 HTTP/1.0" 200 197 "-" "Mozilla/5.0 (X11; Linux x86_64) AppleWebKit/537.36 (KHTML, like Gecko)"
188.93.56.123 - - [11/Dec/2018:17:04:27 +0700] "GET /tracking.gif?email=ksenya.shcerbakova%40mail.ru&mailing=191 HTTP/1.0" 200 197 "-" "Mozilla/5.0 (X11; Linux x86_64) AppleWebKit/537.36 (KHTML, like Gecko)"
188.93.56.130 - - [11/Dec/2018:17:06:46 +0700] "GET /tracking.gif?email=vikimass%40bk.ru&mailing=206 HTTP/1.0" 200 197 "-" "Mozilla/5.0 (X11; Linux x86_64) AppleWebKit/537.36 (KHTML, like Gecko)"
176.59.213.68 - - [11/Dec/2018:17:11:55 +0700] "GET /tracking.gif?email=Slipchenko.vitalik%40yandex.ru&mailing=193 HTTP/1.0" 200 197 "-" "Mozilla/5.0 (Linux; Android 7.1.1; E6683 Build/32.4.A.1.54; wv) AppleWebKit/537.36 (KHTML, like Gecko) Version/4.0 Chrome/70.0.3538.80 Mobile Safari/537.36"
217.25.208.101 - - [11/Dec/2018:17:12:17 +0700] "GET /tracking.gif?email=sashakosheleva80292%40icloud.com&mailing=191 HTTP/1.0" 200 197 "-" "Mozilla/5.0 (iPhone; CPU iPhone OS 12_0_1 like Mac OS X) AppleWebKit/605.1.15 (KHTML, like Gecko) Mobile/16A404"
188.93.56.122 - - [11/Dec/2018:17:15:58 +0700] "GET /tracking.gif?email=wwb2%40list.ru&mailing=191 HTTP/1.0" 200 197 "-" "Mozilla/5.0 (X11; Linux x86_64) AppleWebKit/537.36 (KHTML, like Gecko)"
188.93.56.126 - - [11/Dec/2018:17:20:24 +0700] "GET /tracking.gif?email=lessi.06%40mail.ru&mailing=206 HTTP/1.0" 200 197 "-" "Mozilla/5.0 (X11; Linux x86_64) AppleWebKit/537.36 (KHTML, like Gecko)"
66.102.9.14 - - [11/Dec/2018:17:37:07 +0700] "GET /tracking.gif?email=Molochkomf%40gmail.com&mailing=188 HTTP/1.0" 200 197 "-" "Mozilla/5.0 (Windows NT 5.1; rv:11.0) Gecko Firefox/11.0 (via ggpht.com GoogleImageProxy)"
188.93.56.128 - - [11/Dec/2018:17:43:49 +0700] "GET /tracking.gif?email=duseeva.galina%40mail.ru&mailing=170 HTTP/1.0" 200 197 "-" "Mozilla/5.0 (X11; Linux x86_64) AppleWebKit/537.36 (KHTML, like Gecko)"
188.93.56.123 - - [11/Dec/2018:17:56:10 +0700] "GET /tracking.gif?email=Elena_zharkikh%40mail.ru&mailing=191 HTTP/1.0" 200 197 "-" "Mozilla/5.0 (X11; Linux x86_64) AppleWebKit/537.36 (KHTML, like Gecko)"
85.140.27.107 - - [11/Dec/2018:17:59:58 +0700] "GET /tracking.gif?email=giza%40bk.ru&mailing=192 HTTP/1.0" 200 197 "-" "Mozilla/5.0 (Linux; Android 6.0.1; Redmi 4 Build/MMB29M; wv) AppleWebKit/537.36 (KHTML, like Gecko) Version/4.0 Chrome/71.0.3578.83 Mobile Safari/537.36"
188.93.56.123 - - [11/Dec/2018:18:05:07 +0700] "GET /tracking.gif?email=Elena_zharkikh%40mail.ru&mailing=191 HTTP/1.0" 200 197 "-" "Mozilla/5.0 (X11; Linux x86_64) AppleWebKit/537.36 (KHTML, like Gecko)"
188.93.56.126 - - [11/Dec/2018:18:12:26 +0700] "GET /tracking.gif?email=ov-korotkova%40mail.ru&mailing=206 HTTP/1.0" 200 197 "-" "Mozilla/5.0 (X11; Linux x86_64) AppleWebKit/537.36 (KHTML, like Gecko)"
188.93.56.123 - - [11/Dec/2018:18:13:33 +0700] "GET /tracking.gif?email=yuldrus%40mail.ru&mailing=170 HTTP/1.0" 200 197 "-" "Mozilla/5.0 (X11; Linux x86_64) AppleWebKit/537.36 (KHTML, like Gecko)"
188.93.56.125 - - [11/Dec/2018:18:13:43 +0700] "GET /tracking.gif?email=Lysann%40bk.ru&mailing=191 HTTP/1.0" 200 197 "-" "Mozilla/5.0 (X11; Linux x86_64) AppleWebKit/537.36 (KHTML, like Gecko)"
188.93.56.123 - - [11/Dec/2018:18:14:49 +0700] "GET /tracking.gif?email=yuldrus%40mail.ru&mailing=132 HTTP/1.0" 200 197 "-" "Mozilla/5.0 (X11; Linux x86_64) AppleWebKit/537.36 (KHTML, like Gecko)"
188.93.56.123 - - [11/Dec/2018:18:18:59 +0700] "GET /tracking.gif?email=stepan91_omsk%40mail.ru&mailing=206 HTTP/1.0" 200 197 "-" "Mozilla/5.0 (X11; Linux x86_64) AppleWebKit/537.36 (KHTML, like Gecko)"
66.102.9.14 - - [11/Dec/2018:18:19:18 +0700] "GET /unsubscribe/?email=stepan91_omsk%40mail.ru&mailing=206 HTTP/1.0" 200 986 "-" "Mozilla/5.0 (Linux; Android 7.1.2; Redmi 4A) AppleWebKit/537.36 (KHTML, like Gecko) Chrome/70.0.3538.110 Mobile Safari/537.36"
66.102.9.17 - - [11/Dec/2018:18:19:20 +0700] "GET /img/popcorn.svg HTTP/1.0" 200 1187 "http://mailing.etobilet.ru/css/main.css" "Mozilla/5.0 (Linux; Android 7.1.2; Redmi 4A) AppleWebKit/537.36 (KHTML, like Gecko) Chrome/70.0.3538.110 Mobile Safari/537.36"
66.102.9.14 - - [11/Dec/2018:18:19:24 +0700] "GET /unsubscribe/?email=stepan91_omsk%40mail.ru&mailing=206&confirmed=1 HTTP/1.0" 200 747 "http://mailing.etobilet.ru/unsubscribe/?email=stepan91_omsk%40mail.ru&mailing=206" "Mozilla/5.0 (Linux; Android 7.1.2; Redmi 4A) AppleWebKit/537.36 (KHTML, like Gecko) Chrome/70.0.3538.110 Mobile Safari/537.36"
188.93.56.129 - - [11/Dec/2018:18:20:05 +0700] "GET /tracking.gif?email=e_grabovskaya%40bk.ru&mailing=191 HTTP/1.0" 200 197 "-" "Mozilla/5.0 (X11; Linux x86_64) AppleWebKit/537.36 (KHTML, like Gecko)"
92.124.161.113 - - [11/Dec/2018:18:20:22 +0700] "GET /unsubscribe/?email=e_grabovskaya%40bk.ru&mailing=191 HTTP/1.0" 200 979 "-" "Mozilla/5.0 (Windows NT 6.1) AppleWebKit/537.36 (KHTML, like Gecko) Chrome/69.0.3497.100 YaBrowser/18.10.2.163 Yowser/2.5 Safari/537.36"
92.124.161.113 - - [11/Dec/2018:18:20:23 +0700] "GET /img/popcorn.svg HTTP/1.0" 200 1187 "http://mailing.etobilet.ru/css/main.css" "Mozilla/5.0 (Windows NT 6.1) AppleWebKit/537.36 (KHTML, like Gecko) Chrome/69.0.3497.100 YaBrowser/18.10.2.163 Yowser/2.5 Safari/537.36"
92.124.161.113 - - [11/Dec/2018:18:20:26 +0700] "GET /unsubscribe/?email=e_grabovskaya%40bk.ru&mailing=191&confirmed=1 HTTP/1.0" 200 744 "http://mailing.etobilet.ru/unsubscribe/?email=e_grabovskaya%40bk.ru&mailing=191" "Mozilla/5.0 (Windows NT 6.1) AppleWebKit/537.36 (KHTML, like Gecko) Chrome/69.0.3497.100 YaBrowser/18.10.2.163 Yowser/2.5 Safari/537.36"
176.210.61.248 - - [11/Dec/2018:18:21:50 +0700] "GET /tracking.gif?email=i.benzik%40mail.ru&mailing=191 HTTP/1.0" 200 197 "-" "Mozilla/5.0 (Linux; Android 5.1.1; SM-J320F Build/LMY47V; wv) AppleWebKit/537.36 (KHTML, like Gecko) Version/4.0 Chrome/70.0.3538.110 Mobile Safari/537.36"
5.255.241.245 - - [11/Dec/2018:18:24:53 +0700] "GET /tracking.gif?email=hatycbka87%40yandex.ru&mailing=102 HTTP/1.0" 200 197 "-" "Mozilla/5.0 (compatible; YandexImageResizer/2.0; +http://yandex.com/bots)"
188.187.128.246 - - [11/Dec/2018:18:25:04 +0700] "GET /unsubscribe/?email=hatycbka87%40yandex.ru&mailing=102 HTTP/1.0" 200 984 "-" "Mozilla/5.0 (Windows NT 10.0; Win64; x64; rv:63.0) Gecko/20100101 Firefox/63.0"
188.187.128.246 - - [11/Dec/2018:18:25:06 +0700] "GET /img/popcorn.svg HTTP/1.0" 200 1187 "http://mailing.etobilet.ru/css/main.css" "Mozilla/5.0 (Windows NT 10.0; Win64; x64; rv:63.0) Gecko/20100101 Firefox/63.0"
188.187.128.246 - - [11/Dec/2018:18:25:12 +0700] "GET /unsubscribe/?email=hatycbka87%40yandex.ru&mailing=102&confirmed=1 HTTP/1.0" 200 747 "http://mailing.etobilet.ru/unsubscribe/?email=hatycbka87%40yandex.ru&mailing=102" "Mozilla/5.0 (Windows NT 10.0; Win64; x64; rv:63.0) Gecko/20100101 Firefox/63.0"
213.180.215.166 - - [11/Dec/2018:18:28:22 +0700] "GET /tracking.gif?email=Islamkulova.natalya%40yandex.ru&mailing=193 HTTP/1.0" 200 197 "-" "Mozilla/5.0 (compatible; YandexImageResizer/2.0; +http://yandex.com/bots)"
188.93.56.129 - - [11/Dec/2018:18:33:09 +0700] "GET /tracking.gif?email=n.saibitinova%40mail.ru&mailing=206 HTTP/1.0" 200 197 "-" "Mozilla/5.0 (X11; Linux x86_64) AppleWebKit/537.36 (KHTML, like Gecko)"
188.93.56.121 - - [11/Dec/2018:18:39:33 +0700] "GET /tracking.gif?email=Khorobrukh_av%40mail.ru&mailing=206 HTTP/1.0" 200 197 "-" "Mozilla/5.0 (X11; Linux x86_64) AppleWebKit/537.36 (KHTML, like Gecko)"
213.87.224.253 - - [11/Dec/2018:18:41:16 +0700] "GET /tracking.gif?email=lk-omsk%40mail.ru&mailing=206 HTTP/1.0" 200 197 "-" "Mozilla/5.0 (Linux; Android 8.1.0; JSN-L21 Build/HONORJSN-L21; wv) AppleWebKit/537.36 (KHTML, like Gecko) Version/4.0 Chrome/70.0.3538.110 Mobile Safari/537.36"
188.93.56.128 - - [11/Dec/2018:18:41:25 +0700] "GET /tracking.gif?email=jool1%40mail.ru&mailing=206 HTTP/1.0" 200 197 "-" "Mozilla/5.0 (X11; Linux x86_64) AppleWebKit/537.36 (KHTML, like Gecko)"
188.93.56.124 - - [11/Dec/2018:18:56:09 +0700] "GET /tracking.gif?email=Osheva1989%40bk.ru&mailing=193 HTTP/1.0" 200 197 "-" "Mozilla/5.0 (X11; Linux x86_64) AppleWebKit/537.36 (KHTML, like Gecko)"
188.93.56.124 - - [11/Dec/2018:18:58:40 +0700] "GET /tracking.gif?email=ulinka_pavlova%40mail.ru&mailing=191 HTTP/1.0" 200 197 "-" "Mozilla/5.0 (X11; Linux x86_64) AppleWebKit/537.36 (KHTML, like Gecko)"
188.93.56.126 - - [11/Dec/2018:18:59:36 +0700] "GET /tracking.gif?email=dreamwayka%40mail.ru&mailing=170 HTTP/1.0" 200 197 "-" "Mozilla/5.0 (X11; Linux x86_64) AppleWebKit/537.36 (KHTML, like Gecko)"
37.9.102.240 - - [11/Dec/2018:19:00:47 +0700] "GET /tracking.gif?email=svet-svetlana2007%40ya.ru&mailing=191 HTTP/1.0" 200 197 "-" "Mozilla/5.0 (compatible; YandexImageResizer/2.0; +http://yandex.com/bots)"
176.62.91.237 - - [11/Dec/2018:19:04:20 +0700] "GET /tracking.gif?email=vasilenko.darya%40mail.ru&mailing=206 HTTP/1.0" 200 197 "-" "Mozilla/5.0 (Macintosh; Intel Mac OS X 10_12_6) AppleWebKit/603.3.8 (KHTML, like Gecko)"
66.102.9.14 - - [11/Dec/2018:19:04:52 +0700] "GET /tracking.gif?email=vikavika1507%40gmail.com&mailing=192 HTTP/1.0" 200 197 "-" "Mozilla/5.0 (Windows NT 5.1; rv:11.0) Gecko Firefox/11.0 (via ggpht.com GoogleImageProxy)"
188.93.56.128 - - [11/Dec/2018:19:05:18 +0700] "GET /tracking.gif?email=olga_oi%40inbox.ru&mailing=191 HTTP/1.0" 200 197 "-" "Mozilla/5.0 (X11; Linux x86_64) AppleWebKit/537.36 (KHTML, like Gecko)"
188.93.56.121 - - [11/Dec/2018:19:08:07 +0700] "GET /tracking.gif?email=vasilykobets%40inbox.ru&mailing=191 HTTP/1.0" 200 197 "-" "Mozilla/5.0 (X11; Linux x86_64) AppleWebKit/537.36 (KHTML, like Gecko)"
188.93.56.123 - - [11/Dec/2018:19:08:27 +0700] "GET /tracking.gif?email=lenka-penka93%40inbox.ru&mailing=193 HTTP/1.0" 200 197 "-" "Mozilla/5.0 (X11; Linux x86_64) AppleWebKit/537.36 (KHTML, like Gecko)"
66.102.9.20 - - [11/Dec/2018:19:12:59 +0700] "GET /tracking.gif?email=stazar%40gmail.com&mailing=170 HTTP/1.0" 200 197 "-" "Mozilla/5.0 (Windows NT 5.1; rv:11.0) Gecko Firefox/11.0 (via ggpht.com GoogleImageProxy)"
188.93.56.130 - - [11/Dec/2018:19:14:58 +0700] "GET /tracking.gif?email=irinka.1979%40mail.ru&mailing=206 HTTP/1.0" 200 197 "-" "Mozilla/5.0 (X11; Linux x86_64) AppleWebKit/537.36 (KHTML, like Gecko)"
188.93.56.129 - - [11/Dec/2018:19:15:28 +0700] "GET /tracking.gif?email=megacomitet%40mail.ru&mailing=206 HTTP/1.0" 200 197 "-" "Mozilla/5.0 (X11; Linux x86_64) AppleWebKit/537.36 (KHTML, like Gecko)"
188.93.56.125 - - [11/Dec/2018:19:17:43 +0700] "GET /tracking.gif?email=vasina-anastasia%40mail.ru&mailing=206 HTTP/1.0" 200 197 "-" "Mozilla/5.0 (X11; Linux x86_64) AppleWebKit/537.36 (KHTML, like Gecko)"
5.255.241.237 - - [11/Dec/2018:19:22:35 +0700] "GET /tracking.gif?email=vanoomsk999%40yandex.ru&mailing=206 HTTP/1.0" 200 197 "-" "Mozilla/5.0 (compatible; YandexImageResizer/2.0; +http://yandex.com/bots)"
37.9.102.243 - - [11/Dec/2018:19:22:39 +0700] "GET /tracking.gif?email=vanoomsk999%40yandex.ru&mailing=206 HTTP/1.0" 200 197 "-" "Mozilla/5.0 (compatible; YandexImageResizer/2.0; +http://yandex.com/bots)"
77.88.11.250 - - [11/Dec/2018:19:22:41 +0700] "GET /tracking.gif?email=vanoomsk999%40yandex.ru&mailing=206 HTTP/1.0" 200 197 "-" "Mozilla/5.0 (compatible; YandexImageResizer/2.0; +http://yandex.com/bots)"
37.9.102.243 - - [11/Dec/2018:19:23:02 +0700] "GET /tracking.gif?email=vanoomsk999%40yandex.ru&mailing=191 HTTP/1.0" 200 197 "-" "Mozilla/5.0 (compatible; YandexImageResizer/2.0; +http://yandex.com/bots)"
188.93.56.125 - - [11/Dec/2018:19:31:27 +0700] "GET /tracking.gif?email=ivan_svirin%40mail.ru&mailing=206 HTTP/1.0" 200 197 "-" "Mozilla/5.0 (X11; Linux x86_64) AppleWebKit/537.36 (KHTML, like Gecko)"
188.232.184.11 - - [11/Dec/2018:19:31:45 +0700] "GET /tracking.gif?email=chiv%40nxt.ru&mailing=191 HTTP/1.0" 200 197 "-" "Outlook-Express/7.0 (MSIE 7.0; Windows NT 6.1; WOW64; Trident/7.0; SLCC2; .NET CLR 2.0.50727; .NET CLR 3.5.30729; .NET CLR 3.0.30729; Media Center PC 6.0; .NET4.0C; .NET4.0E; InfoPath.3; TmstmpExt)"
176.59.130.162 - - [11/Dec/2018:19:42:51 +0700] "GET /tracking.gif?email=ekroshupkina%40gmail.com&mailing=191 HTTP/1.0" 200 197 "-" "Mozilla/5.0 (iPhone; CPU iPhone OS 12_0 like Mac OS X) AppleWebKit/605.1.15 (KHTML, like Gecko) Mobile/16A366"
188.93.56.123 - - [11/Dec/2018:19:44:33 +0700] "GET /tracking.gif?email=ovcharov_a%40inbox.ru&mailing=192 HTTP/1.0" 200 197 "-" "Mozilla/5.0 (X11; Linux x86_64) AppleWebKit/537.36 (KHTML, like Gecko)"
2.60.189.246 - - [11/Dec/2018:19:50:04 +0700] "GET /tracking.gif?email=ler95nov%40mail.ru&mailing=191 HTTP/1.0" 200 197 "-" "Mozilla/5.0 (iPhone; CPU iPhone OS 12_1 like Mac OS X) AppleWebKit/605.1.15 (KHTML, like Gecko) Mobile/16B92"
81.19.78.160 - - [11/Dec/2018:19:55:07 +0700] "GET /tracking.gif?email=marina-bart3%40rambler.ru&mailing=193 HTTP/1.0" 200 197 "http://mail.rambler.ru/" "RamblerMail/6.0 (incompatible; ImageProxy/6.0)"
31.173.240.183 - - [11/Dec/2018:20:00:44 +0700] "GET /tracking.gif?email=karinatobolina%40gmail.com&mailing=191 HTTP/1.0" 200 197 "-" "Mozilla/5.0 (iPhone; CPU iPhone OS 12_1 like Mac OS X) AppleWebKit/605.1.15 (KHTML, like Gecko) Mobile/16B92"
188.93.56.121 - - [11/Dec/2018:20:17:05 +0700] "GET /tracking.gif?email=Kev-09-84%40mail.ru&mailing=206 HTTP/1.0" 200 197 "-" "Mozilla/5.0 (X11; Linux x86_64) AppleWebKit/537.36 (KHTML, like Gecko)"
92.126.218.139 - - [11/Dec/2018:20:20:07 +0700] "GET /tracking.gif?email=baka.m%40inbox.ru&mailing=206 HTTP/1.0" 200 197 "-" "Mozilla/5.0 (iPhone; CPU iPhone OS 12_1 like Mac OS X) AppleWebKit/605.1.15 (KHTML, like Gecko) Mobile/16B92"
66.102.9.20 - - [11/Dec/2018:20:21:34 +0700] "GET /tracking.gif?email=maximus9640%40gmail.com&mailing=191 HTTP/1.0" 200 197 "-" "Mozilla/5.0 (Windows NT 5.1; rv:11.0) Gecko Firefox/11.0 (via ggpht.com GoogleImageProxy)"
188.93.56.125 - - [11/Dec/2018:20:32:58 +0700] "GET /tracking.gif?email=vip.ziyaddinov%40mail.ru&mailing=170 HTTP/1.0" 200 197 "-" "Mozilla/5.0 (X11; Linux x86_64) AppleWebKit/537.36 (KHTML, like Gecko)"
188.93.56.125 - - [11/Dec/2018:20:36:29 +0700] "GET /tracking.gif?email=vip.ziyaddinov%40mail.ru&mailing=132 HTTP/1.0" 200 197 "-" "Mozilla/5.0 (X11; Linux x86_64) AppleWebKit/537.36 (KHTML, like Gecko)"
213.180.215.161 - - [11/Dec/2018:20:37:40 +0700] "GET /tracking.gif?email=lenka.timoshenko%40yandex.ru&mailing=206 HTTP/1.0" 200 197 "-" "Mozilla/5.0 (compatible; YandexImageResizer/2.0; +http://yandex.com/bots)"
188.93.56.125 - - [11/Dec/2018:20:41:47 +0700] "GET /tracking.gif?email=mama_538%40mail.ru&mailing=206 HTTP/1.0" 200 197 "-" "Mozilla/5.0 (X11; Linux x86_64) AppleWebKit/537.36 (KHTML, like Gecko)"
188.93.56.130 - - [11/Dec/2018:20:42:12 +0700] "GET /tracking.gif?email=mama_538%40mail.ru&mailing=206 HTTP/1.0" 200 197 "-" "Mozilla/5.0 (X11; Linux x86_64) AppleWebKit/537.36 (KHTML, like Gecko)"
188.93.56.127 - - [11/Dec/2018:20:43:54 +0700] "GET /tracking.gif?email=j-ammon%40mail.ru&mailing=191 HTTP/1.0" 200 197 "-" "Mozilla/5.0 (X11; Linux x86_64) AppleWebKit/537.36 (KHTML, like Gecko)"
188.93.56.128 - - [11/Dec/2018:20:45:16 +0700] "GET /tracking.gif?email=Yuri-conf%40mail.ru&mailing=206 HTTP/1.0" 200 197 "-" "Mozilla/5.0 (X11; Linux x86_64) AppleWebKit/537.36 (KHTML, like Gecko)"
188.93.56.130 - - [11/Dec/2018:20:45:36 +0700] "GET /tracking.gif?email=Yuri-conf%40mail.ru&mailing=206 HTTP/1.0" 200 197 "-" "Mozilla/5.0 (X11; Linux x86_64) AppleWebKit/537.36 (KHTML, like Gecko)"
213.87.136.223 - - [11/Dec/2018:20:45:49 +0700] "GET /unsubscribe/?email=Yuri-conf%40mail.ru&mailing=206 HTTP/1.0" 200 978 "-" "Mozilla/5.0 (iPhone; CPU iPhone OS 12_1 like Mac OS X) AppleWebKit/605.1.15 (KHTML, like Gecko) Version/12.0 Mobile/15E148 Safari/604.1"
213.87.136.223 - - [11/Dec/2018:20:45:49 +0700] "GET /img/popcorn.svg HTTP/1.0" 200 1187 "http://mailing.etobilet.ru/unsubscribe/?email=Yuri-conf%40mail.ru&mailing=206" "Mozilla/5.0 (iPhone; CPU iPhone OS 12_1 like Mac OS X) AppleWebKit/605.1.15 (KHTML, like Gecko) Version/12.0 Mobile/15E148 Safari/604.1"
213.87.136.223 - - [11/Dec/2018:20:45:52 +0700] "GET /unsubscribe/?email=Yuri-conf%40mail.ru&mailing=206&confirmed=1 HTTP/1.0" 200 747 "http://mailing.etobilet.ru/unsubscribe/?email=Yuri-conf%40mail.ru&mailing=206" "Mozilla/5.0 (iPhone; CPU iPhone OS 12_1 like Mac OS X) AppleWebKit/605.1.15 (KHTML, like Gecko) Version/12.0 Mobile/15E148 Safari/604.1"
5.255.241.234 - - [11/Dec/2018:20:49:35 +0700] "GET /tracking.gif?email=fursovsergey64%40yandex.ru&mailing=191 HTTP/1.0" 200 197 "-" "Mozilla/5.0 (compatible; YandexImageResizer/2.0; +http://yandex.com/bots)"
81.19.78.161 - - [11/Dec/2018:20:51:21 +0700] "GET /tracking.gif?email=starkovaelena86%40rambler.ru&mailing=192 HTTP/1.0" 200 197 "https://mail-pda.rambler.ru/" "RamblerMail/6.0 (incompatible; ImageProxy/6.0)"
213.87.121.39 - - [11/Dec/2018:20:53:20 +0700] "GET /tracking.gif?email=lazarevpavel80%40mail.ru&mailing=191 HTTP/1.0" 200 197 "-" "Mozilla/5.0 (iPhone; CPU iPhone OS 12_0 like Mac OS X) AppleWebKit/605.1.15 (KHTML, like Gecko) Mobile/16A366"
188.93.56.124 - - [11/Dec/2018:21:07:20 +0700] "GET /tracking.gif?email=cezzara%40mail.ru&mailing=191 HTTP/1.0" 200 197 "-" "Mozilla/5.0 (X11; Linux x86_64) AppleWebKit/537.36 (KHTML, like Gecko)"
188.93.56.129 - - [11/Dec/2018:21:13:55 +0700] "GET /tracking.gif?email=kristina15071994%40mail.ru&mailing=206 HTTP/1.0" 200 197 "-" "Mozilla/5.0 (X11; Linux x86_64) AppleWebKit/537.36 (KHTML, like Gecko)"
188.93.56.130 - - [11/Dec/2018:21:22:05 +0700] "GET /tracking.gif?email=d.marchenko.83%40mail.ru&mailing=191 HTTP/1.0" 200 197 "-" "Mozilla/5.0 (X11; Linux x86_64) AppleWebKit/537.36 (KHTML, like Gecko)"
188.93.56.130 - - [11/Dec/2018:21:23:37 +0700] "GET /tracking.gif?email=bkv775%40mail.ru&mailing=191 HTTP/1.0" 200 197 "-" "Mozilla/5.0 (X11; Linux x86_64) AppleWebKit/537.36 (KHTML, like Gecko)"
188.93.56.122 - - [11/Dec/2018:21:24:03 +0700] "GET /tracking.gif?email=galkurea%40mail.ru&mailing=206 HTTP/1.0" 200 197 "-" "Mozilla/5.0 (X11; Linux x86_64) AppleWebKit/537.36 (KHTML, like Gecko)"
188.93.56.122 - - [11/Dec/2018:21:32:54 +0700] "GET /tracking.gif?email=Vkljauzer%40yandex.ru&mailing=191 HTTP/1.0" 200 197 "-" "Mozilla/5.0 (X11; Linux x86_64) AppleWebKit/537.36 (KHTML, like Gecko)"
188.93.56.122 - - [11/Dec/2018:21:33:29 +0700] "GET /tracking.gif?email=y.roshe.789%40mail.ru&mailing=191 HTTP/1.0" 200 197 "-" "Mozilla/5.0 (X11; Linux x86_64) AppleWebKit/537.36 (KHTML, like Gecko)"
188.93.56.125 - - [11/Dec/2018:21:38:09 +0700] "GET /tracking.gif?email=berestov.denis%40mail.ru&mailing=191 HTTP/1.0" 200 197 "-" "Mozilla/5.0 (X11; Linux x86_64) AppleWebKit/537.36 (KHTML, like Gecko)"
188.93.56.122 - - [11/Dec/2018:21:38:28 +0700] "GET /tracking.gif?email=vika1229%40mail.ru&mailing=191 HTTP/1.0" 200 197 "-" "Mozilla/5.0 (X11; Linux x86_64) AppleWebKit/537.36 (KHTML, like Gecko)"
188.93.56.122 - - [11/Dec/2018:21:38:41 +0700] "GET /tracking.gif?email=y.roshe.789%40mail.ru&mailing=191 HTTP/1.0" 200 197 "-" "Mozilla/5.0 (X11; Linux x86_64) AppleWebKit/537.36 (KHTML, like Gecko)"
109.120.13.181 - - [11/Dec/2018:21:41:08 +0700] "GET /tracking.gif?email=Vvzzww15%40mail.ru&mailing=206 HTTP/1.0" 200 197 "-" "Mozilla/5.0 (Linux; Android 7.0; BTV-DL09 Build/HUAWEIBEETHOVEN-DL09; wv) AppleWebKit/537.36 (KHTML, like Gecko) Version/4.0 Chrome/71.0.3578.83 Mobile Safari/537.36"
109.120.13.181 - - [11/Dec/2018:21:41:10 +0700] "GET /tracking.gif?email=Vvzzww15%40mail.ru&mailing=206 HTTP/1.0" 200 197 "-" "Mozilla/5.0 (Linux; Android 7.0; BTV-DL09 Build/HUAWEIBEETHOVEN-DL09; wv) AppleWebKit/537.36 (KHTML, like Gecko) Version/4.0 Chrome/71.0.3578.83 Mobile Safari/537.36"
188.93.56.130 - - [11/Dec/2018:21:43:20 +0700] "GET /tracking.gif?email=kophatali%40mail.ru&mailing=170 HTTP/1.0" 200 197 "-" "Mozilla/5.0 (X11; Linux x86_64) AppleWebKit/537.36 (KHTML, like Gecko)"
31.173.240.22 - - [11/Dec/2018:21:43:35 +0700] "GET /tracking.gif?email=Rainord88%40icloud.com&mailing=206 HTTP/1.0" 200 197 "-" "Mozilla/5.0 (iPhone; CPU iPhone OS 12_0_1 like Mac OS X) AppleWebKit/605.1.15 (KHTML, like Gecko) Mobile/16A404"
188.93.56.126 - - [11/Dec/2018:21:45:12 +0700] "GET /tracking.gif?email=osia1986%40mail.ru&mailing=191 HTTP/1.0" 200 197 "-" "Mozilla/5.0 (X11; Linux x86_64) AppleWebKit/537.36 (KHTML, like Gecko)"
188.93.56.124 - - [11/Dec/2018:21:45:17 +0700] "GET /tracking.gif?email=osia1986%40mail.ru&mailing=191 HTTP/1.0" 200 197 "-" "Mozilla/5.0 (X11; Linux x86_64) AppleWebKit/537.36 (KHTML, like Gecko)"
213.180.215.162 - - [11/Dec/2018:21:54:11 +0700] "GET /tracking.gif?email=s-mikhaylev%40yandex.ru&mailing=170 HTTP/1.0" 200 197 "-" "Mozilla/5.0 (compatible; YandexImageResizer/2.0; +http://yandex.com/bots)"
188.93.56.123 - - [11/Dec/2018:21:54:57 +0700] "GET /tracking.gif?email=ruslancheg1%40mail.ru&mailing=191 HTTP/1.0" 200 197 "-" "Mozilla/5.0 (X11; Linux x86_64) AppleWebKit/537.36 (KHTML, like Gecko)"
188.93.56.126 - - [11/Dec/2018:21:57:00 +0700] "GET /tracking.gif?email=garry70%40list.ru&mailing=191 HTTP/1.0" 200 197 "-" "Mozilla/5.0 (X11; Linux x86_64) AppleWebKit/537.36 (KHTML, like Gecko)"
213.87.126.5 - - [11/Dec/2018:22:05:01 +0700] "GET /tracking.gif?email=Zhumabekovn%40mail.ru&mailing=206 HTTP/1.0" 200 197 "-" "Mozilla/5.0 (iPhone; CPU iPhone OS 11_2_5 like Mac OS X) AppleWebKit/604.5.6 (KHTML, like Gecko) Mobile/15D60"
188.93.56.126 - - [11/Dec/2018:22:10:35 +0700] "GET /tracking.gif?email=kate_chikina%40mail.ru&mailing=206 HTTP/1.0" 200 197 "-" "Mozilla/5.0 (X11; Linux x86_64) AppleWebKit/537.36 (KHTML, like Gecko)"
188.93.56.124 - - [11/Dec/2018:22:14:55 +0700] "GET /tracking.gif?email=Viktoriya.klimenko89%40inbox.ru&mailing=193 HTTP/1.0" 200 197 "-" "Mozilla/5.0 (X11; Linux x86_64) AppleWebKit/537.36 (KHTML, like Gecko)"
188.93.56.124 - - [11/Dec/2018:22:23:28 +0700] "GET /tracking.gif?email=yana.arefeva.2019%40mail.ru&mailing=206 HTTP/1.0" 200 197 "-" "Mozilla/5.0 (X11; Linux x86_64) AppleWebKit/537.36 (KHTML, like Gecko)"
188.93.56.124 - - [11/Dec/2018:22:27:14 +0700] "GET /tracking.gif?email=toha_ivanov%40mail.ru&mailing=206 HTTP/1.0" 200 197 "-" "Mozilla/5.0 (X11; Linux x86_64) AppleWebKit/537.36 (KHTML, like Gecko)"
188.93.56.124 - - [11/Dec/2018:22:34:15 +0700] "GET /tracking.gif?email=Masha-1-94%40mail.ru&mailing=192 HTTP/1.0" 200 197 "-" "Mozilla/5.0 (X11; Linux x86_64) AppleWebKit/537.36 (KHTML, like Gecko)"
188.93.56.127 - - [11/Dec/2018:22:34:58 +0700] "GET /tracking.gif?email=ttjttj%40mail.ru&mailing=191 HTTP/1.0" 200 197 "-" "Mozilla/5.0 (X11; Linux x86_64) AppleWebKit/537.36 (KHTML, like Gecko)"
165.225.66.70 - - [11/Dec/2018:22:36:08 +0700] "GET /unsubscribe/?email=andrey.radionov1%40gmail.com&mailing=206 HTTP/1.0" 200 996 "-" "Mozilla/5.0 (Windows NT 6.1; Win64; x64) AppleWebKit/537.36 (KHTML, like Gecko) Chrome/70.0.3538.110 Safari/537.36"
165.225.66.70 - - [11/Dec/2018:22:36:09 +0700] "GET /img/popcorn.svg HTTP/1.0" 200 1187 "http://mailing.etobilet.ru/css/main.css" "Mozilla/5.0 (Windows NT 6.1; Win64; x64) AppleWebKit/537.36 (KHTML, like Gecko) Chrome/70.0.3538.110 Safari/537.36"
165.225.66.70 - - [11/Dec/2018:22:36:13 +0700] "GET /unsubscribe/?email=andrey.radionov1%40gmail.com&mailing=206&confirmed=1 HTTP/1.0" 200 747 "http://mailing.etobilet.ru/unsubscribe/?email=andrey.radionov1%40gmail.com&mailing=206" "Mozilla/5.0 (Windows NT 6.1; Win64; x64) AppleWebKit/537.36 (KHTML, like Gecko) Chrome/70.0.3538.110 Safari/537.36"
188.93.56.122 - - [11/Dec/2018:22:36:27 +0700] "GET /tracking.gif?email=malyakutova.danna%40mail.ru&mailing=206 HTTP/1.0" 200 197 "-" "Mozilla/5.0 (X11; Linux x86_64) AppleWebKit/537.36 (KHTML, like Gecko)"
165.225.66.70 - - [11/Dec/2018:22:36:35 +0700] "GET /unsubscribe/?email=andrey.radionov1%40gmail.com&mailing=191 HTTP/1.0" 200 993 "-" "Mozilla/5.0 (Windows NT 6.1; Win64; x64) AppleWebKit/537.36 (KHTML, like Gecko) Chrome/70.0.3538.110 Safari/537.36"
165.225.66.70 - - [11/Dec/2018:22:36:37 +0700] "GET /unsubscribe/?email=andrey.radionov1%40gmail.com&mailing=191&confirmed=1 HTTP/1.0" 200 744 "http://mailing.etobilet.ru/unsubscribe/?email=andrey.radionov1%40gmail.com&mailing=191" "Mozilla/5.0 (Windows NT 6.1; Win64; x64) AppleWebKit/537.36 (KHTML, like Gecko) Chrome/70.0.3538.110 Safari/537.36"
185.79.103.78 - - [11/Dec/2018:22:44:36 +0700] "GET /tracking.gif?email=Egulyaev1%40yandex.ru&mailing=206 HTTP/1.0" 200 197 "-" "Mozilla/5.0 (iPhone; CPU iPhone OS 12_1 like Mac OS X) AppleWebKit/605.1.15 (KHTML, like Gecko) Mobile/16B92"
188.93.56.123 - - [11/Dec/2018:22:47:32 +0700] "GET /tracking.gif?email=zakharov_yy%40mail.ru&mailing=206 HTTP/1.0" 200 197 "-" "Mozilla/5.0 (X11; Linux x86_64) AppleWebKit/537.36 (KHTML, like Gecko)"
109.171.35.15 - - [11/Dec/2018:22:48:07 +0700] "GET /unsubscribe/?email=zakharov_yy%40mail.ru&mailing=206 HTTP/1.0" 200 982 "-" "Mozilla/5.0 (Windows NT 6.1) AppleWebKit/537.36 (KHTML, like Gecko) Chrome/69.0.3497.100 Safari/537.36 OPR/56.0.3051.116"
109.171.35.15 - - [11/Dec/2018:22:48:08 +0700] "GET /img/popcorn.svg HTTP/1.0" 200 1187 "http://mailing.etobilet.ru/css/main.css" "Mozilla/5.0 (Windows NT 6.1) AppleWebKit/537.36 (KHTML, like Gecko) Chrome/69.0.3497.100 Safari/537.36 OPR/56.0.3051.116"
109.171.35.15 - - [11/Dec/2018:22:48:13 +0700] "GET /unsubscribe/?email=zakharov_yy%40mail.ru&mailing=206&confirmed=1 HTTP/1.0" 200 747 "http://mailing.etobilet.ru/unsubscribe/?email=zakharov_yy%40mail.ru&mailing=206" "Mozilla/5.0 (Windows NT 6.1) AppleWebKit/537.36 (KHTML, like Gecko) Chrome/69.0.3497.100 Safari/537.36 OPR/56.0.3051.116"
188.93.56.130 - - [11/Dec/2018:22:50:15 +0700] "GET /tracking.gif?email=Ivanova250818%40mail.ru&mailing=206 HTTP/1.0" 200 197 "-" "Mozilla/5.0 (X11; Linux x86_64) AppleWebKit/537.36 (KHTML, like Gecko)"
188.162.84.106 - - [11/Dec/2018:22:57:21 +0700] "GET /tracking.gif?email=usupov.kirill.96%40icloud.com&mailing=102 HTTP/1.0" 200 197 "-" "Mozilla/5.0 (iPhone; CPU iPhone OS 12_0_1 like Mac OS X) AppleWebKit/605.1.15 (KHTML, like Gecko) Mobile/16A404"
188.93.56.127 - - [11/Dec/2018:22:57:31 +0700] "GET /tracking.gif?email=Osheva1989%40bk.ru&mailing=193 HTTP/1.0" 200 197 "-" "Mozilla/5.0 (X11; Linux x86_64) AppleWebKit/537.36 (KHTML, like Gecko)"
188.93.56.121 - - [11/Dec/2018:22:57:33 +0700] "GET /tracking.gif?email=paliy-elena%40mail.ru&mailing=191 HTTP/1.0" 200 197 "-" "Mozilla/5.0 (X11; Linux x86_64) AppleWebKit/537.36 (KHTML, like Gecko)"
188.93.56.123 - - [11/Dec/2018:23:02:07 +0700] "GET /tracking.gif?email=145sks145%40mail.ru&mailing=191 HTTP/1.0" 200 197 "-" "Mozilla/5.0 (X11; Linux x86_64) AppleWebKit/537.36 (KHTML, like Gecko)"
5.255.241.226 - - [11/Dec/2018:23:06:10 +0700] "GET /tracking.gif?email=roil-omsk%40ya.ru&mailing=206 HTTP/1.0" 200 197 "-" "Mozilla/5.0 (compatible; YandexImageResizer/2.0; +http://yandex.com/bots)"
95.189.254.67 - - [11/Dec/2018:23:06:44 +0700] "GET /unsubscribe/?email=roil-omsk%40ya.ru&mailing=206 HTTP/1.0" 200 974 "-" "Mozilla/5.0 (Windows NT 6.1) AppleWebKit/537.36 (KHTML, like Gecko) Chrome/70.0.3538.110 Safari/537.36"
95.189.254.67 - - [11/Dec/2018:23:06:46 +0700] "GET /img/popcorn.svg HTTP/1.0" 200 1187 "http://mailing.etobilet.ru/css/main.css" "Mozilla/5.0 (Windows NT 6.1) AppleWebKit/537.36 (KHTML, like Gecko) Chrome/70.0.3538.110 Safari/537.36"
95.189.254.67 - - [11/Dec/2018:23:07:08 +0700] "GET /unsubscribe/?email=roil-omsk%40ya.ru&mailing=206&confirmed=1 HTTP/1.0" 200 747 "http://mailing.etobilet.ru/unsubscribe/?email=roil-omsk%40ya.ru&mailing=206" "Mozilla/5.0 (Windows NT 6.1) AppleWebKit/537.36 (KHTML, like Gecko) Chrome/70.0.3538.110 Safari/537.36"
188.93.56.123 - - [11/Dec/2018:23:07:28 +0700] "GET /tracking.gif?email=svar_olesy%40mail.ru&mailing=191 HTTP/1.0" 200 197 "-" "Mozilla/5.0 (X11; Linux x86_64) AppleWebKit/537.36 (KHTML, like Gecko)"
188.93.56.127 - - [11/Dec/2018:23:08:28 +0700] "GET /tracking.gif?email=Osheva1989%40bk.ru&mailing=193 HTTP/1.0" 200 197 "-" "Mozilla/5.0 (X11; Linux x86_64) AppleWebKit/537.36 (KHTML, like Gecko)"
188.93.56.127 - - [11/Dec/2018:23:08:38 +0700] "GET /tracking.gif?email=Osheva1989%40bk.ru&mailing=193 HTTP/1.0" 200 197 "-" "Mozilla/5.0 (X11; Linux x86_64) AppleWebKit/537.36 (KHTML, like Gecko)"
77.88.11.243 - - [11/Dec/2018:23:13:53 +0700] "GET /tracking.gif?email=tatarinof.i%40yandex.ru&mailing=206 HTTP/1.0" 200 197 "-" "Mozilla/5.0 (compatible; YandexImageResizer/2.0; +http://yandex.com/bots)"
188.232.222.51 - - [11/Dec/2018:23:17:31 +0700] "GET /tracking.gif?email=belladonna.feo%40mail.ru&mailing=191 HTTP/1.0" 200 197 "-" "Mozilla/5.0 (iPhone; CPU iPhone OS 11_2_5 like Mac OS X) AppleWebKit/604.5.6 (KHTML, like Gecko) Mobile/15D60"
188.232.222.51 - - [11/Dec/2018:23:17:43 +0700] "GET /unsubscribe/?email=belladonna.feo%40mail.ru&mailing=191 HTTP/1.0" 200 985 "-" "Mozilla/5.0 (iPhone; CPU iPhone OS 11_2_5 like Mac OS X) AppleWebKit/604.5.6 (KHTML, like Gecko) Version/11.0 Mobile/15D60 Safari/604.1"
188.232.222.51 - - [11/Dec/2018:23:17:43 +0700] "GET /img/popcorn.svg HTTP/1.0" 200 1187 "http://mailing.etobilet.ru/unsubscribe/?email=belladonna.feo%40mail.ru&mailing=191" "Mozilla/5.0 (iPhone; CPU iPhone OS 11_2_5 like Mac OS X) AppleWebKit/604.5.6 (KHTML, like Gecko) Version/11.0 Mobile/15D60 Safari/604.1"
188.232.222.51 - - [11/Dec/2018:23:17:45 +0700] "GET /unsubscribe/?email=belladonna.feo%40mail.ru&mailing=191&confirmed=1 HTTP/1.0" 200 744 "http://mailing.etobilet.ru/unsubscribe/?email=belladonna.feo%40mail.ru&mailing=191" "Mozilla/5.0 (iPhone; CPU iPhone OS 11_2_5 like Mac OS X) AppleWebKit/604.5.6 (KHTML, like Gecko) Version/11.0 Mobile/15D60 Safari/604.1"
188.93.56.122 - - [11/Dec/2018:23:19:30 +0700] "GET /tracking.gif?email=katyasolomina2002%40mail.ru&mailing=206 HTTP/1.0" 200 197 "-" "Mozilla/5.0 (X11; Linux x86_64) AppleWebKit/537.36 (KHTML, like Gecko)"
77.106.118.72 - - [11/Dec/2018:23:24:27 +0700] "GET /tracking.gif?email=deysalex%40gmail.com&mailing=170 HTTP/1.0" 200 197 "-" "Mozilla/5.0 (iPhone; CPU iPhone OS 12_1 like Mac OS X) AppleWebKit/605.1.15 (KHTML, like Gecko) Mobile/16B92"
77.106.118.72 - - [11/Dec/2018:23:25:39 +0700] "GET /tracking.gif?email=deysalex%40gmail.com&mailing=132 HTTP/1.0" 200 197 "-" "Mozilla/5.0 (iPhone; CPU iPhone OS 12_1 like Mac OS X) AppleWebKit/605.1.15 (KHTML, like Gecko) Mobile/16B92"
188.93.56.129 - - [11/Dec/2018:23:30:28 +0700] "GET /tracking.gif?email=ira_ibragim0va%40mail.ru&mailing=170 HTTP/1.0" 200 197 "-" "Mozilla/5.0 (X11; Linux x86_64) AppleWebKit/537.36 (KHTML, like Gecko)"
92.243.123.155 - - [11/Dec/2018:23:30:36 +0700] "GET /unsubscribe/?email=ira_ibragim0va%40mail.ru&mailing=170 HTTP/1.0" 200 988 "-" "Mozilla/5.0 (Linux; Android 6.0.1; SM-G570F Build/MMB29K) AppleWebKit/537.36 (KHTML, like Gecko) Chrome/68.0.3440.106 YaBrowser/18.9.2.31.00 Mobile Safari/537.36"
92.243.123.155 - - [11/Dec/2018:23:30:37 +0700] "GET /img/popcorn.svg HTTP/1.0" 200 1187 "http://mailing.etobilet.ru/css/main.css" "Mozilla/5.0 (Linux; Android 6.0.1; SM-G570F Build/MMB29K) AppleWebKit/537.36 (KHTML, like Gecko) Chrome/68.0.3440.106 YaBrowser/18.9.2.31.00 Mobile Safari/537.36"
92.243.123.155 - - [11/Dec/2018:23:30:38 +0700] "GET /unsubscribe/?email=ira_ibragim0va%40mail.ru&mailing=170&confirmed=1 HTTP/1.0" 200 747 "http://mailing.etobilet.ru/unsubscribe/?email=ira_ibragim0va%40mail.ru&mailing=170" "Mozilla/5.0 (Linux; Android 6.0.1; SM-G570F Build/MMB29K) AppleWebKit/537.36 (KHTML, like Gecko) Chrome/68.0.3440.106 YaBrowser/18.9.2.31.00 Mobile Safari/537.36"
188.93.56.128 - - [11/Dec/2018:23:42:58 +0700] "GET /tracking.gif?email=olega_43%40mail.ru&mailing=191 HTTP/1.0" 200 197 "-" "Mozilla/5.0 (X11; Linux x86_64) AppleWebKit/537.36 (KHTML, like Gecko)"
188.93.56.124 - - [11/Dec/2018:23:43:55 +0700] "GET /tracking.gif?email=zhenya.palei%40mail.ru&mailing=206 HTTP/1.0" 200 197 "-" "Mozilla/5.0 (X11; Linux x86_64) AppleWebKit/537.36 (KHTML, like Gecko)"
188.93.56.121 - - [11/Dec/2018:23:48:03 +0700] "GET /tracking.gif?email=vaka333%40mail.ru&mailing=206 HTTP/1.0" 200 197 "-" "Mozilla/5.0 (X11; Linux x86_64) AppleWebKit/537.36 (KHTML, like Gecko)"
188.93.56.124 - - [11/Dec/2018:23:51:08 +0700] "GET /tracking.gif?email=karaevskiy%40bk.ru&mailing=192 HTTP/1.0" 200 197 "-" "Mozilla/5.0 (X11; Linux x86_64) AppleWebKit/537.36 (KHTML, like Gecko)"
188.93.56.128 - - [11/Dec/2018:23:52:25 +0700] "GET /tracking.gif?email=Buchelnikova83%40inbox.ru&mailing=193 HTTP/1.0" 200 197 "-" "Mozilla/5.0 (X11; Linux x86_64) AppleWebKit/537.36 (KHTML, like Gecko)"
188.93.56.125 - - [11/Dec/2018:23:54:48 +0700] "GET /tracking.gif?email=ils.71%40mail.ru&mailing=191 HTTP/1.0" 200 197 "-" "Mozilla/5.0 (X11; Linux x86_64) AppleWebKit/537.36 (KHTML, like Gecko)"
188.93.56.126 - - [12/Dec/2018:00:12:41 +0700] "GET /tracking.gif?email=chunikhina.nv%40mail.ru&mailing=191 HTTP/1.0" 200 197 "-" "Mozilla/5.0 (X11; Linux x86_64) AppleWebKit/537.36 (KHTML, like Gecko)"
81.19.78.160 - - [12/Dec/2018:00:14:40 +0700] "GET /tracking.gif?email=ryabuhina%40rambler.ru&mailing=191 HTTP/1.0" 200 197 "https://mail.rambler.ru/?utm_source=head&utm_campaign=self_promo&utm_medium=topline&utm_content=mail" "RamblerMail/6.0 (incompatible; ImageProxy/6.0)"
81.19.78.160 - - [12/Dec/2018:00:19:36 +0700] "GET /tracking.gif?email=d-kv%40rambler.ru&mailing=191 HTTP/1.0" 200 197 "https://mail.rambler.ru/?utm_source=news_media&utm_content=mail&utm_medium=widget&utm_campaign=self_promo" "RamblerMail/6.0 (incompatible; ImageProxy/6.0)"
188.93.56.128 - - [12/Dec/2018:00:37:07 +0700] "GET /tracking.gif?email=klass.el%40yandex.ru&mailing=191 HTTP/1.0" 200 197 "-" "Mozilla/5.0 (X11; Linux x86_64) AppleWebKit/537.36 (KHTML, like Gecko)"
213.180.215.165 - - [12/Dec/2018:00:47:57 +0700] "GET /tracking.gif?email=garantyan%40yandex.ru&mailing=170 HTTP/1.0" 200 197 "-" "Mozilla/5.0 (compatible; YandexImageResizer/2.0; +http://yandex.com/bots)"
188.93.56.124 - - [12/Dec/2018:00:55:59 +0700] "GET /tracking.gif?email=estetic79%40mail.ru&mailing=170 HTTP/1.0" 200 197 "-" "Mozilla/5.0 (X11; Linux x86_64) AppleWebKit/537.36 (KHTML, like Gecko)"
5.255.241.245 - - [12/Dec/2018:01:11:28 +0700] "GET /tracking.gif?email=tzimmer2012%40yandex.ru&mailing=104 HTTP/1.0" 200 197 "-" "Mozilla/5.0 (compatible; YandexImageResizer/2.0; +http://yandex.com/bots)"
188.93.56.125 - - [12/Dec/2018:01:25:08 +0700] "GET /tracking.gif?email=mama-forever%40mail.ru&mailing=206 HTTP/1.0" 200 197 "-" "Mozilla/5.0 (X11; Linux x86_64) AppleWebKit/537.36 (KHTML, like Gecko)"
81.19.78.160 - - [12/Dec/2018:01:33:38 +0700] "GET /tracking.gif?email=papalant%40rambler.ru&mailing=191 HTTP/1.0" 200 197 "http://mail.rambler.ru/" "RamblerMail/6.0 (incompatible; ImageProxy/6.0)"
81.19.78.160 - - [12/Dec/2018:01:34:40 +0700] "GET /tracking.gif?email=papalant%40rambler.ru&mailing=191 HTTP/1.0" 200 197 "http://mail.rambler.ru/" "RamblerMail/6.0 (incompatible; ImageProxy/6.0)"
31.162.142.195 - - [12/Dec/2018:01:39:55 +0700] "GET /tracking.gif?email=mol050879%40icloud.com&mailing=188 HTTP/1.0" 200 197 "-" "Mozilla/5.0 (iPhone; CPU iPhone OS 12_1 like Mac OS X) AppleWebKit/605.1.15 (KHTML, like Gecko) Mobile/16B92"
