188.93.56.129 - - [25/Nov/2018:19:29:50 +0700] "GET /tracking.gif?email=helga.lion%40mail.ru&mailing=132 HTTP/1.0" 200 197 "-" "Mozilla/5.0 (X11; Linux x86_64) AppleWebKit/537.36 (KHTML, like Gecko)"
188.93.56.130 - - [25/Nov/2018:19:30:22 +0700] "GET /tracking.gif?email=violetta.smirnyx%40mail.ru&mailing=132 HTTP/1.0" 200 197 "-" "Mozilla/5.0 (X11; Linux x86_64) AppleWebKit/537.36 (KHTML, like Gecko)"
188.93.56.126 - - [25/Nov/2018:19:31:56 +0700] "GET /tracking.gif?email=yuliya-grigoreva-2018%40mail.ru&mailing=132 HTTP/1.0" 200 197 "-" "Mozilla/5.0 (X11; Linux x86_64) AppleWebKit/537.36 (KHTML, like Gecko)"
188.93.56.122 - - [25/Nov/2018:19:33:11 +0700] "GET /tracking.gif?email=linksefiro%40mail.ru&mailing=132 HTTP/1.0" 200 197 "-" "Mozilla/5.0 (X11; Linux x86_64) AppleWebKit/537.36 (KHTML, like Gecko)"
77.106.102.26 - - [25/Nov/2018:19:33:22 +0700] "GET /tracking.gif?email=Dimqaachernov%40gmail.com&mailing=132 HTTP/1.0" 200 197 "-" "Mozilla/5.0 (iPhone; CPU iPhone OS 11_4_1 like Mac OS X) AppleWebKit/605.1.15 (KHTML, like Gecko) Mobile/15G77"
188.93.56.126 - - [25/Nov/2018:19:33:42 +0700] "GET /tracking.gif?email=Svoboda_5789%40mail.ru&mailing=132 HTTP/1.0" 200 197 "-" "Mozilla/5.0 (X11; Linux x86_64) AppleWebKit/537.36 (KHTML, like Gecko)"
5.255.241.245 - - [25/Nov/2018:19:33:45 +0700] "GET /tracking.gif?email=[%25VAR%20RCPT.EMAIL%20ESCAPE=URL%25]&mailing=[%25VAR%20MAILING.ID%25] HTTP/1.0" 200 197 "-" "Mozilla/5.0 (compatible; YandexImageResizer/2.0; +http://yandex.com/bots)"
37.9.102.248 - - [25/Nov/2018:19:33:52 +0700] "GET /tracking.gif?email=ksu.vlasenko%40yandex.ru&mailing=119 HTTP/1.0" 200 197 "-" "Mozilla/5.0 (compatible; YandexImageResizer/2.0; +http://yandex.com/bots)"
5.255.241.245 - - [25/Nov/2018:19:34:28 +0700] "GET /tracking.gif?email=cyber.paw%40ya.ru&mailing=120 HTTP/1.0" 200 197 "-" "Mozilla/5.0 (compatible; YandexImageResizer/2.0; +http://yandex.com/bots)"
5.255.241.245 - - [25/Nov/2018:19:34:54 +0700] "GET /tracking.gif?email=ras%40nikolas.ru&mailing=93 HTTP/1.0" 200 197 "-" "Mozilla/5.0 (compatible; YandexImageResizer/2.0; +http://yandex.com/bots)"
188.93.56.128 - - [25/Nov/2018:19:34:57 +0700] "GET /tracking.gif?email=yuliya.kuskova.94%40mail.ru&mailing=132 HTTP/1.0" 200 197 "-" "Mozilla/5.0 (X11; Linux x86_64) AppleWebKit/537.36 (KHTML, like Gecko)"
5.255.241.245 - - [25/Nov/2018:19:35:04 +0700] "GET /tracking.gif?email=caaatpro%40gmail.com&mailing=93 HTTP/1.0" 200 217 "-" "Mozilla/5.0 (compatible; YandexImageResizer/2.0; +http://yandex.com/bots)"
5.255.241.240 - - [25/Nov/2018:19:35:10 +0700] "GET /tracking.gif?email=cyber.paw%40ya.ru&mailing=84 HTTP/1.0" 200 197 "-" "Mozilla/5.0 (compatible; YandexImageResizer/2.0; +http://yandex.com/bots)"
188.93.56.124 - - [25/Nov/2018:19:35:25 +0700] "GET /tracking.gif?email=barc1k%40mail.ru&mailing=132 HTTP/1.0" 200 197 "-" "Mozilla/5.0 (X11; Linux x86_64) AppleWebKit/537.36 (KHTML, like Gecko)"
5.255.241.240 - - [25/Nov/2018:19:35:52 +0700] "GET /tracking.gif?email=ras%40nikolas.ru&mailing=94 HTTP/1.0" 200 197 "-" "Mozilla/5.0 (compatible; YandexImageResizer/2.0; +http://yandex.com/bots)"
176.59.151.137 - - [25/Nov/2018:19:36:49 +0700] "GET /tracking.gif?email=mamimi_tomsk%40mail.ru&mailing=132 HTTP/1.0" 200 197 "-" "Mozilla/5.0 (iPhone; CPU iPhone OS 12_1 like Mac OS X) AppleWebKit/605.1.15 (KHTML, like Gecko) Mobile/16B92"
188.93.56.128 - - [25/Nov/2018:19:36:51 +0700] "GET /tracking.gif?email=koryagin_ao%40mail.ru&mailing=132 HTTP/1.0" 200 197 "-" "Mozilla/5.0 (X11; Linux x86_64) AppleWebKit/537.36 (KHTML, like Gecko)"
176.59.151.137 - - [25/Nov/2018:19:36:58 +0700] "GET /unsubscribe/?email=mamimi_tomsk%40mail.ru&mailing=132 HTTP/1.0" 200 984 "-" "Mozilla/5.0 (iPhone; CPU iPhone OS 12_1 like Mac OS X) AppleWebKit/605.1.15 (KHTML, like Gecko) Version/12.0 Mobile/15E148 Safari/604.1"
176.59.151.137 - - [25/Nov/2018:19:36:58 +0700] "GET /img/popcorn.svg HTTP/1.0" 200 1187 "http://mailing.etobilet.ru/unsubscribe/?email=mamimi_tomsk%40mail.ru&mailing=132" "Mozilla/5.0 (iPhone; CPU iPhone OS 12_1 like Mac OS X) AppleWebKit/605.1.15 (KHTML, like Gecko) Version/12.0 Mobile/15E148 Safari/604.1"
176.59.151.137 - - [25/Nov/2018:19:37:03 +0700] "GET /unsubscribe/?email=mamimi_tomsk%40mail.ru&mailing=132&confirmed=1 HTTP/1.0" 200 747 "http://mailing.etobilet.ru/unsubscribe/?email=mamimi_tomsk%40mail.ru&mailing=132" "Mozilla/5.0 (iPhone; CPU iPhone OS 12_1 like Mac OS X) AppleWebKit/605.1.15 (KHTML, like Gecko) Version/12.0 Mobile/15E148 Safari/604.1"
188.93.56.123 - - [25/Nov/2018:19:37:03 +0700] "GET /tracking.gif?email=ro99man2%40mail.ru&mailing=132 HTTP/1.0" 200 197 "-" "Mozilla/5.0 (X11; Linux x86_64) AppleWebKit/537.36 (KHTML, like Gecko)"
188.93.56.130 - - [25/Nov/2018:19:38:48 +0700] "GET /tracking.gif?email=lekalin%40mail.ru&mailing=132 HTTP/1.0" 200 197 "-" "Mozilla/5.0 (X11; Linux x86_64) AppleWebKit/537.36 (KHTML, like Gecko)"
188.93.56.123 - - [25/Nov/2018:19:40:05 +0700] "GET /tracking.gif?email=krukovajulia%40mail.ru&mailing=132 HTTP/1.0" 200 197 "-" "Mozilla/5.0 (X11; Linux x86_64) AppleWebKit/537.36 (KHTML, like Gecko)"
188.93.56.129 - - [25/Nov/2018:19:40:25 +0700] "GET /tracking.gif?email=salin_68%40mail.ru&mailing=132 HTTP/1.0" 200 197 "-" "Mozilla/5.0 (X11; Linux x86_64) AppleWebKit/537.36 (KHTML, like Gecko)"
188.93.56.124 - - [25/Nov/2018:19:40:41 +0700] "GET /tracking.gif?email=Alexon_2.82%40mail.ru&mailing=132 HTTP/1.0" 200 197 "-" "Mozilla/5.0 (X11; Linux x86_64) AppleWebKit/537.36 (KHTML, like Gecko)"
188.93.56.123 - - [25/Nov/2018:19:40:43 +0700] "GET /tracking.gif?email=tata_leto507%40mail.ru&mailing=132 HTTP/1.0" 200 197 "-" "Mozilla/5.0 (X11; Linux x86_64) AppleWebKit/537.36 (KHTML, like Gecko)"
188.93.56.129 - - [25/Nov/2018:19:41:16 +0700] "GET /tracking.gif?email=evgeniyser%40mail.ru&mailing=132 HTTP/1.0" 200 197 "-" "Mozilla/5.0 (X11; Linux x86_64) AppleWebKit/537.36 (KHTML, like Gecko)"
37.21.161.129 - - [25/Nov/2018:19:42:14 +0700] "GET /tracking.gif?email=Julija212p%40mail.ru&mailing=132 HTTP/1.0" 200 197 "-" "Mozilla/5.0 (iPhone; CPU iPhone OS 12_1 like Mac OS X) AppleWebKit/605.1.15 (KHTML, like Gecko) Mobile/16B92"
188.93.56.129 - - [25/Nov/2018:19:43:00 +0700] "GET /tracking.gif?email=olesya_yakovleva2016%40mail.ru&mailing=132 HTTP/1.0" 200 197 "-" "Mozilla/5.0 (X11; Linux x86_64) AppleWebKit/537.36 (KHTML, like Gecko)"
188.93.56.130 - - [25/Nov/2018:19:43:34 +0700] "GET /tracking.gif?email=magadub%40mail.ru&mailing=132 HTTP/1.0" 200 197 "-" "Mozilla/5.0 (X11; Linux x86_64) AppleWebKit/537.36 (KHTML, like Gecko)"
188.93.56.130 - - [25/Nov/2018:19:44:49 +0700] "GET /tracking.gif?email=getvv%40mail.ru&mailing=132 HTTP/1.0" 200 197 "-" "Mozilla/5.0 (X11; Linux x86_64) AppleWebKit/537.36 (KHTML, like Gecko)"
188.93.56.121 - - [25/Nov/2018:19:46:27 +0700] "GET /tracking.gif?email=tanja.kudrjawzewa%40mail.ru&mailing=132 HTTP/1.0" 200 197 "-" "Mozilla/5.0 (X11; Linux x86_64) AppleWebKit/537.36 (KHTML, like Gecko)"
31.211.47.93 - - [25/Nov/2018:19:46:34 +0700] "GET /tracking.gif?email=borisova.teddybear.alina%40yandex.ru&mailing=132 HTTP/1.0" 200 197 "-" "Mozilla/5.0 (iPhone; CPU iPhone OS 10_2 like Mac OS X) AppleWebKit/602.3.12 (KHTML, like Gecko) Mobile/14C92"
37.21.166.116 - - [25/Nov/2018:19:46:40 +0700] "GET /tracking.gif?email=gafurova80%40mail.ru&mailing=132 HTTP/1.0" 200 197 "-" "Mozilla/5.0 (iPhone; CPU iPhone OS 12_1 like Mac OS X) AppleWebKit/605.1.15 (KHTML, like Gecko) Mobile/16B92"
81.19.78.161 - - [25/Nov/2018:19:48:50 +0700] "GET /tracking.gif?email=ivan-bezrukov00%40rambler.ru&mailing=102 HTTP/1.0" 200 197 "http://mail.rambler.ru/" "RamblerMail/6.0 (incompatible; ImageProxy/6.0)"
66.102.9.20 - - [25/Nov/2018:19:48:59 +0700] "GET /tracking.gif?email=Vanteevaoo%40gmail.com&mailing=132 HTTP/1.0" 200 197 "-" "Mozilla/5.0 (Windows NT 5.1; rv:11.0) Gecko Firefox/11.0 (via ggpht.com GoogleImageProxy)"
66.102.9.17 - - [25/Nov/2018:19:48:59 +0700] "GET /tracking.gif?email=Vanteevaoo%40gmail.com&mailing=102 HTTP/1.0" 200 197 "-" "Mozilla/5.0 (Windows NT 5.1; rv:11.0) Gecko Firefox/11.0 (via ggpht.com GoogleImageProxy)"
188.162.84.105 - - [25/Nov/2018:19:49:17 +0700] "GET /tracking.gif?email=Alaska1985%40mail.ru&mailing=132 HTTP/1.0" 200 197 "-" "Mozilla/5.0 (iPhone; CPU iPhone OS 12_1 like Mac OS X) AppleWebKit/605.1.15 (KHTML, like Gecko) Mobile/16B92"
109.124.40.149 - - [25/Nov/2018:19:51:18 +0700] "GET /tracking.gif?email=iulia.osiedko%40mail.ru&mailing=132 HTTP/1.0" 200 197 "-" "Mozilla/5.0 (Linux; Android 8.0.0; SM-A520F Build/R16NW; wv) AppleWebKit/537.36 (KHTML, like Gecko) Version/4.0 Chrome/70.0.3538.110 Mobile Safari/537.36"
188.187.128.240 - - [25/Nov/2018:19:51:55 +0700] "GET /tracking.gif?email=fasad70ru%40mail.ru&mailing=132 HTTP/1.0" 200 197 "-" "Mozilla/5.0 (Linux; Android 5.1.1; SM-J120F Build/LMY47X; wv) AppleWebKit/537.36 (KHTML, like Gecko) Version/4.0 Chrome/70.0.3538.80 Mobile Safari/537.36"
188.93.56.121 - - [25/Nov/2018:19:52:09 +0700] "GET /tracking.gif?email=k-valitov%40mail.ru&mailing=132 HTTP/1.0" 200 197 "-" "Mozilla/5.0 (X11; Linux x86_64) AppleWebKit/537.36 (KHTML, like Gecko)"
188.93.56.124 - - [25/Nov/2018:19:52:45 +0700] "GET /tracking.gif?email=uvb188%40mail.ru&mailing=132 HTTP/1.0" 200 197 "-" "Mozilla/5.0 (X11; Linux x86_64) AppleWebKit/537.36 (KHTML, like Gecko)"
188.93.56.121 - - [25/Nov/2018:19:54:47 +0700] "GET /tracking.gif?email=natasha_krahalev%40mail.ru&mailing=132 HTTP/1.0" 200 197 "-" "Mozilla/5.0 (X11; Linux x86_64) AppleWebKit/537.36 (KHTML, like Gecko)"
188.93.56.126 - - [25/Nov/2018:19:55:06 +0700] "GET /tracking.gif?email=lena_chernova_86%40mail.ru&mailing=132 HTTP/1.0" 200 197 "-" "Mozilla/5.0 (X11; Linux x86_64) AppleWebKit/537.36 (KHTML, like Gecko)"
188.93.56.129 - - [25/Nov/2018:19:55:55 +0700] "GET /tracking.gif?email=anna.scorobogatova%40mail.ru&mailing=132 HTTP/1.0" 200 197 "-" "Mozilla/5.0 (X11; Linux x86_64) AppleWebKit/537.36 (KHTML, like Gecko)"
5.255.241.230 - - [25/Nov/2018:19:56:13 +0700] "GET /tracking.gif?email=Milyaz1989%40yandex.ru&mailing=123 HTTP/1.0" 200 197 "-" "Mozilla/5.0 (compatible; YandexImageResizer/2.0; +http://yandex.com/bots)"
188.93.56.122 - - [25/Nov/2018:19:56:29 +0700] "GET /tracking.gif?email=reana.mansurova%40mail.ru&mailing=132 HTTP/1.0" 200 197 "-" "Mozilla/5.0 (X11; Linux x86_64) AppleWebKit/537.36 (KHTML, like Gecko)"
188.93.56.126 - - [25/Nov/2018:19:56:33 +0700] "GET /tracking.gif?email=pomazanov-95%40mail.ru&mailing=132 HTTP/1.0" 200 197 "-" "Mozilla/5.0 (X11; Linux x86_64) AppleWebKit/537.36 (KHTML, like Gecko)"
188.93.56.124 - - [25/Nov/2018:19:57:09 +0700] "GET /tracking.gif?email=kirass87%40mail.ru&mailing=132 HTTP/1.0" 200 197 "-" "Mozilla/5.0 (X11; Linux x86_64) AppleWebKit/537.36 (KHTML, like Gecko)"
188.93.56.130 - - [25/Nov/2018:19:58:56 +0700] "GET /tracking.gif?email=irinakuzmenkotomsk%40mail.ru&mailing=132 HTTP/1.0" 200 197 "-" "Mozilla/5.0 (X11; Linux x86_64) AppleWebKit/537.36 (KHTML, like Gecko)"
188.93.56.123 - - [25/Nov/2018:19:59:57 +0700] "GET /tracking.gif?email=goldendragon94%40mail.ru&mailing=132 HTTP/1.0" 200 197 "-" "Mozilla/5.0 (X11; Linux x86_64) AppleWebKit/537.36 (KHTML, like Gecko)"
188.93.56.125 - - [25/Nov/2018:20:00:23 +0700] "GET /tracking.gif?email=kalinin.dmitriy.98%40mail.ru&mailing=132 HTTP/1.0" 200 197 "-" "Mozilla/5.0 (X11; Linux x86_64) AppleWebKit/537.36 (KHTML, like Gecko)"
188.162.84.182 - - [25/Nov/2018:20:00:32 +0700] "GET /tracking.gif?email=doronchenkov%40list.ru&mailing=132 HTTP/1.0" 200 197 "-" "Mozilla/5.0 (iPhone; CPU iPhone OS 12_1 like Mac OS X) AppleWebKit/605.1.15 (KHTML, like Gecko) Mobile/16B92"
188.93.56.129 - - [25/Nov/2018:20:00:32 +0700] "GET /tracking.gif?email=plehanova.anasta%40mail.ru&mailing=132 HTTP/1.0" 200 197 "-" "Mozilla/5.0 (X11; Linux x86_64) AppleWebKit/537.36 (KHTML, like Gecko)"
188.93.56.125 - - [25/Nov/2018:20:01:51 +0700] "GET /tracking.gif?email=Birukova.a.o%40mail.ru&mailing=132 HTTP/1.0" 200 197 "-" "Mozilla/5.0 (X11; Linux x86_64) AppleWebKit/537.36 (KHTML, like Gecko)"
5.255.241.246 - - [25/Nov/2018:20:02:46 +0700] "GET /tracking.gif?email=alexapl%40yandex.ru&mailing=132 HTTP/1.0" 200 197 "-" "Mozilla/5.0 (compatible; YandexImageResizer/2.0; +http://yandex.com/bots)"
176.59.144.141 - - [25/Nov/2018:20:03:02 +0700] "GET /tracking.gif?email=nusha221004%40mail.ru&mailing=132 HTTP/1.0" 200 197 "-" "Mozilla/5.0 (Linux; Android 7.0; JMM-L22 Build/HUAWEIJMM-L22; wv) AppleWebKit/537.36 (KHTML, like Gecko) Version/4.0 Chrome/70.0.3538.110 Mobile Safari/537.36"
188.93.56.124 - - [25/Nov/2018:20:03:06 +0700] "GET /tracking.gif?email=Margarita_fedenyak%40mail.ru&mailing=132 HTTP/1.0" 200 197 "-" "Mozilla/5.0 (X11; Linux x86_64) AppleWebKit/537.36 (KHTML, like Gecko)"
79.104.4.90 - - [25/Nov/2018:20:03:19 +0700] "GET /tracking.gif?email=Irina.komissarova.97%40mail.ru&mailing=132 HTTP/1.0" 200 197 "-" "Mozilla/5.0 (iPhone; CPU iPhone OS 10_2 like Mac OS X) AppleWebKit/602.3.12 (KHTML, like Gecko) Mobile/14C92"
188.93.56.124 - - [25/Nov/2018:20:03:50 +0700] "GET /tracking.gif?email=grigoriev09122002%40mail.ru&mailing=132 HTTP/1.0" 200 197 "-" "Mozilla/5.0 (X11; Linux x86_64) AppleWebKit/537.36 (KHTML, like Gecko)"
213.87.126.234 - - [25/Nov/2018:20:03:58 +0700] "GET /tracking.gif?email=kovtonyuk270154%40icloud.com&mailing=124 HTTP/1.0" 200 197 "-" "Mozilla/5.0 (iPhone; CPU iPhone OS 12_0_1 like Mac OS X) AppleWebKit/605.1.15 (KHTML, like Gecko) Mobile/16A404"
66.102.9.17 - - [25/Nov/2018:20:04:04 +0700] "GET /tracking.gif?email=NasSmir03%40gmail.com&mailing=102 HTTP/1.0" 200 197 "-" "Mozilla/5.0 (Windows NT 5.1; rv:11.0) Gecko Firefox/11.0 (via ggpht.com GoogleImageProxy)"
66.102.9.14 - - [25/Nov/2018:20:04:06 +0700] "GET /tracking.gif?email=NasSmir03%40gmail.com&mailing=132 HTTP/1.0" 200 197 "-" "Mozilla/5.0 (Windows NT 5.1; rv:11.0) Gecko Firefox/11.0 (via ggpht.com GoogleImageProxy)"
213.180.215.167 - - [25/Nov/2018:20:04:42 +0700] "GET /tracking.gif?email=sokolnikova.nad%40yandex.ru&mailing=132 HTTP/1.0" 200 197 "-" "Mozilla/5.0 (compatible; YandexImageResizer/2.0; +http://yandex.com/bots)"
188.93.56.121 - - [25/Nov/2018:20:04:42 +0700] "GET /tracking.gif?email=ytkonos%40mail.ru&mailing=132 HTTP/1.0" 200 197 "-" "Mozilla/5.0 (X11; Linux x86_64) AppleWebKit/537.36 (KHTML, like Gecko)"
188.93.56.128 - - [25/Nov/2018:20:05:05 +0700] "GET /tracking.gif?email=ssv75ssv%40mail.ru&mailing=132 HTTP/1.0" 200 197 "-" "Mozilla/5.0 (X11; Linux x86_64) AppleWebKit/537.36 (KHTML, like Gecko)"
188.93.56.121 - - [25/Nov/2018:20:05:31 +0700] "GET /tracking.gif?email=solntan%40mail.ru&mailing=132 HTTP/1.0" 200 197 "-" "Mozilla/5.0 (X11; Linux x86_64) AppleWebKit/537.36 (KHTML, like Gecko)"
188.93.56.125 - - [25/Nov/2018:20:05:32 +0700] "GET /tracking.gif?email=anastasiia.gorodilova%40mail.ru&mailing=132 HTTP/1.0" 200 197 "-" "Mozilla/5.0 (X11; Linux x86_64) AppleWebKit/537.36 (KHTML, like Gecko)"
188.93.56.125 - - [25/Nov/2018:20:05:35 +0700] "GET /tracking.gif?email=loya-2345%40mail.ru&mailing=132 HTTP/1.0" 200 197 "-" "Mozilla/5.0 (X11; Linux x86_64) AppleWebKit/537.36 (KHTML, like Gecko)"
188.93.56.130 - - [25/Nov/2018:20:05:38 +0700] "GET /tracking.gif?email=Vilulya85%40mail.ru&mailing=132 HTTP/1.0" 200 197 "-" "Mozilla/5.0 (X11; Linux x86_64) AppleWebKit/537.36 (KHTML, like Gecko)"
46.166.204.249 - - [25/Nov/2018:20:06:22 +0700] "GET /tracking.gif?email=pta-07%40ya.ru&mailing=132 HTTP/1.0" 200 197 "-" "Mozilla/5.0 (iPhone; CPU iPhone OS 12_0_1 like Mac OS X) AppleWebKit/605.1.15 (KHTML, like Gecko) Mobile/16A404"
188.93.56.123 - - [25/Nov/2018:20:06:33 +0700] "GET /tracking.gif?email=Supis_Irina%40mail.ru&mailing=132 HTTP/1.0" 200 197 "-" "Mozilla/5.0 (X11; Linux x86_64) AppleWebKit/537.36 (KHTML, like Gecko)"
37.9.102.251 - - [25/Nov/2018:20:07:01 +0700] "GET /tracking.gif?email=lithersen%40yandex.ru&mailing=132 HTTP/1.0" 200 197 "-" "Mozilla/5.0 (compatible; YandexImageResizer/2.0; +http://yandex.com/bots)"
188.93.56.129 - - [25/Nov/2018:20:07:29 +0700] "GET /tracking.gif?email=elena_pochepzova%40mail.ru&mailing=132 HTTP/1.0" 200 197 "-" "Mozilla/5.0 (X11; Linux x86_64) AppleWebKit/537.36 (KHTML, like Gecko)"
188.93.56.130 - - [25/Nov/2018:20:07:38 +0700] "GET /tracking.gif?email=marito2006%40mail.ru&mailing=132 HTTP/1.0" 200 197 "-" "Mozilla/5.0 (X11; Linux x86_64) AppleWebKit/537.36 (KHTML, like Gecko)"
46.161.171.178 - - [25/Nov/2018:20:08:00 +0700] "GET /tracking.gif?email=dukat-t%40mail.ru&mailing=132 HTTP/1.0" 200 197 "-" "Mozilla/5.0 (iPhone; CPU iPhone OS 12_0_1 like Mac OS X) AppleWebKit/605.1.15 (KHTML, like Gecko) Mobile/16A404"
188.93.56.122 - - [25/Nov/2018:20:08:12 +0700] "GET /tracking.gif?email=a-mironova%40mail.ru&mailing=132 HTTP/1.0" 200 197 "-" "Mozilla/5.0 (X11; Linux x86_64) AppleWebKit/537.36 (KHTML, like Gecko)"
188.93.56.126 - - [25/Nov/2018:20:08:38 +0700] "GET /tracking.gif?email=salin_68%40mail.ru&mailing=132 HTTP/1.0" 200 197 "-" "Mozilla/5.0 (X11; Linux x86_64) AppleWebKit/537.36 (KHTML, like Gecko)"
188.93.56.127 - - [25/Nov/2018:20:08:43 +0700] "GET /tracking.gif?email=Lalia2003%40mail.ru&mailing=132 HTTP/1.0" 200 197 "-" "Mozilla/5.0 (X11; Linux x86_64) AppleWebKit/537.36 (KHTML, like Gecko)"
188.93.56.125 - - [25/Nov/2018:20:09:34 +0700] "GET /tracking.gif?email=bnm1016%40mail.ru&mailing=132 HTTP/1.0" 200 197 "-" "Mozilla/5.0 (X11; Linux x86_64) AppleWebKit/537.36 (KHTML, like Gecko)"
188.93.56.127 - - [25/Nov/2018:20:10:04 +0700] "GET /tracking.gif?email=Kuzmin-valerf%40mail.ru&mailing=132 HTTP/1.0" 200 197 "-" "Mozilla/5.0 (X11; Linux x86_64) AppleWebKit/537.36 (KHTML, like Gecko)"
78.139.202.145 - - [25/Nov/2018:20:11:36 +0700] "GET /tracking.gif?email=tfzp%40mail.ru&mailing=132 HTTP/1.0" 200 197 "-" "Mozilla/5.0 (iPhone; CPU iPhone OS 12_0_1 like Mac OS X) AppleWebKit/605.1.15 (KHTML, like Gecko) Mobile/16A404"
188.93.56.129 - - [25/Nov/2018:20:11:50 +0700] "GET /tracking.gif?email=kalchenko.990%40mail.ru&mailing=132 HTTP/1.0" 200 197 "-" "Mozilla/5.0 (X11; Linux x86_64) AppleWebKit/537.36 (KHTML, like Gecko)"
188.93.56.129 - - [25/Nov/2018:20:12:06 +0700] "GET /tracking.gif?email=ewrika2001%40mail.ru&mailing=132 HTTP/1.0" 200 197 "-" "Mozilla/5.0 (X11; Linux x86_64) AppleWebKit/537.36 (KHTML, like Gecko)"
188.93.56.125 - - [25/Nov/2018:20:12:27 +0700] "GET /tracking.gif?email=varypetro%40mail.ru&mailing=132 HTTP/1.0" 200 197 "-" "Mozilla/5.0 (X11; Linux x86_64) AppleWebKit/537.36 (KHTML, like Gecko)"
188.93.56.130 - - [25/Nov/2018:20:12:38 +0700] "GET /tracking.gif?email=Kolentsionok.tatiana%40mail.ru&mailing=132 HTTP/1.0" 200 197 "-" "Mozilla/5.0 (X11; Linux x86_64) AppleWebKit/537.36 (KHTML, like Gecko)"
188.93.56.124 - - [25/Nov/2018:20:13:40 +0700] "GET /tracking.gif?email=romikzv%40mail.ru&mailing=132 HTTP/1.0" 200 197 "-" "Mozilla/5.0 (X11; Linux x86_64) AppleWebKit/537.36 (KHTML, like Gecko)"
37.9.102.252 - - [25/Nov/2018:20:13:41 +0700] "GET /tracking.gif?email=helena.pushkina%40yandex.ru&mailing=124 HTTP/1.0" 200 197 "-" "Mozilla/5.0 (compatible; YandexImageResizer/2.0; +http://yandex.com/bots)"
188.93.56.127 - - [25/Nov/2018:20:13:58 +0700] "GET /tracking.gif?email=olga.sheludkova%40mail.ru&mailing=132 HTTP/1.0" 200 197 "-" "Mozilla/5.0 (X11; Linux x86_64) AppleWebKit/537.36 (KHTML, like Gecko)"
188.93.56.125 - - [25/Nov/2018:20:13:59 +0700] "GET /tracking.gif?email=mbtm%40mail.ru&mailing=132 HTTP/1.0" 200 197 "-" "Mozilla/5.0 (X11; Linux x86_64) AppleWebKit/537.36 (KHTML, like Gecko)"
188.93.56.121 - - [25/Nov/2018:20:14:16 +0700] "GET /tracking.gif?email=Ruchenkina.tatyana%40mail.ru&mailing=132 HTTP/1.0" 200 197 "-" "Mozilla/5.0 (X11; Linux x86_64) AppleWebKit/537.36 (KHTML, like Gecko)"
188.93.56.130 - - [25/Nov/2018:20:14:19 +0700] "GET /tracking.gif?email=sitnatig%40mail.ru&mailing=132 HTTP/1.0" 200 197 "-" "Mozilla/5.0 (X11; Linux x86_64) AppleWebKit/537.36 (KHTML, like Gecko)"
31.211.99.145 - - [25/Nov/2018:20:15:21 +0700] "GET /tracking.gif?email=maks94.ru%40mail.ru&mailing=132 HTTP/1.0" 200 197 "-" "Mozilla/5.0 (Linux; Android 7.0; SM-A510F Build/NRD90M; wv) AppleWebKit/537.36 (KHTML, like Gecko) Version/4.0 Chrome/70.0.3538.80 Mobile Safari/537.36"
37.9.102.242 - - [25/Nov/2018:20:15:59 +0700] "GET /tracking.gif?email=89095395160%40yandex.ru&mailing=132 HTTP/1.0" 200 197 "-" "Mozilla/5.0 (compatible; YandexImageResizer/2.0; +http://yandex.com/bots)"
213.59.139.49 - - [25/Nov/2018:20:16:17 +0700] "GET /tracking.gif?email=Valeriya-valera97%40mail.ru&mailing=132 HTTP/1.0" 200 197 "-" "Mozilla/5.0 (iPhone; CPU iPhone OS 12_0_1 like Mac OS X) AppleWebKit/605.1.15 (KHTML, like Gecko) Mobile/16A404"
188.93.56.129 - - [25/Nov/2018:20:16:47 +0700] "GET /tracking.gif?email=oksana.grayf%40mail.ru&mailing=132 HTTP/1.0" 200 197 "-" "Mozilla/5.0 (X11; Linux x86_64) AppleWebKit/537.36 (KHTML, like Gecko)"
188.93.56.125 - - [25/Nov/2018:20:16:56 +0700] "GET /tracking.gif?email=shmidowski%40mail.ru&mailing=132 HTTP/1.0" 200 197 "-" "Mozilla/5.0 (X11; Linux x86_64) AppleWebKit/537.36 (KHTML, like Gecko)"
176.62.94.223 - - [25/Nov/2018:20:17:44 +0700] "GET /tracking.gif?email=sergio55%40yandex.ru&mailing=124 HTTP/1.0" 200 197 "-" "Mozilla/5.0 (iPhone; CPU iPhone OS 9_3_5 like Mac OS X) AppleWebKit/601.1.46 (KHTML, like Gecko) Mobile/13G36"
213.87.120.102 - - [25/Nov/2018:20:17:59 +0700] "GET /tracking.gif?email=agafonovv79%40mail.ru&mailing=132 HTTP/1.0" 200 197 "-" "Mozilla/5.0 (iPhone; CPU iPhone OS 12_1 like Mac OS X) AppleWebKit/605.1.15 (KHTML, like Gecko) Mobile/16B92"
188.93.56.125 - - [25/Nov/2018:20:18:07 +0700] "GET /tracking.gif?email=sli.tomsk%40mail.ru&mailing=132 HTTP/1.0" 200 197 "-" "Mozilla/5.0 (X11; Linux x86_64) AppleWebKit/537.36 (KHTML, like Gecko)"
188.93.56.125 - - [25/Nov/2018:20:19:11 +0700] "GET /tracking.gif?email=Morkovka27%40mail.ru&mailing=132 HTTP/1.0" 200 197 "-" "Mozilla/5.0 (X11; Linux x86_64) AppleWebKit/537.36 (KHTML, like Gecko)"
188.93.56.123 - - [25/Nov/2018:20:21:07 +0700] "GET /tracking.gif?email=Valentinka_9612%40mail.ru&mailing=132 HTTP/1.0" 200 197 "-" "Mozilla/5.0 (X11; Linux x86_64) AppleWebKit/537.36 (KHTML, like Gecko)"
188.93.56.123 - - [25/Nov/2018:20:22:45 +0700] "GET /tracking.gif?email=owlet82%40mail.ru&mailing=132 HTTP/1.0" 200 197 "-" "Mozilla/5.0 (X11; Linux x86_64) AppleWebKit/537.36 (KHTML, like Gecko)"
188.93.56.122 - - [25/Nov/2018:20:22:57 +0700] "GET /tracking.gif?email=kamasan%40mail.ru&mailing=132 HTTP/1.0" 200 197 "-" "Mozilla/5.0 (X11; Linux x86_64) AppleWebKit/537.36 (KHTML, like Gecko)"
188.93.56.123 - - [25/Nov/2018:20:23:26 +0700] "GET /tracking.gif?email=kovr85%40mail.ru&mailing=132 HTTP/1.0" 200 197 "-" "Mozilla/5.0 (X11; Linux x86_64) AppleWebKit/537.36 (KHTML, like Gecko)"
176.59.215.42 - - [25/Nov/2018:20:23:41 +0700] "GET /tracking.gif?email=manzurova1979%40icloud.com&mailing=123 HTTP/1.0" 200 197 "-" "Mozilla/5.0 (iPhone; CPU iPhone OS 12_1 like Mac OS X) AppleWebKit/605.1.15 (KHTML, like Gecko) Mobile/16B92"
188.93.56.122 - - [25/Nov/2018:20:27:04 +0700] "GET /tracking.gif?email=kriulko_nikolay%40mail.ru&mailing=132 HTTP/1.0" 200 197 "-" "Mozilla/5.0 (X11; Linux x86_64) AppleWebKit/537.36 (KHTML, like Gecko)"
212.144.248.66 - - [25/Nov/2018:20:27:39 +0700] "GET /tracking.gif?email=lep000%40mail.ru&mailing=132 HTTP/1.0" 200 197 "-" "Mozilla/5.0 (Linux; Android 7.0; NEM-L51 Build/HONORNEM-L51; wv) AppleWebKit/537.36 (KHTML, like Gecko) Version/4.0 Chrome/70.0.3538.80 Mobile Safari/537.36"
188.93.56.127 - - [25/Nov/2018:20:27:57 +0700] "GET /tracking.gif?email=klimfizo%40mail.ru&mailing=132 HTTP/1.0" 200 197 "-" "Mozilla/5.0 (X11; Linux x86_64) AppleWebKit/537.36 (KHTML, like Gecko)"
188.93.56.130 - - [25/Nov/2018:20:28:03 +0700] "GET /tracking.gif?email=mikhailsigagin%40mail.ru&mailing=132 HTTP/1.0" 200 197 "-" "Mozilla/5.0 (X11; Linux x86_64) AppleWebKit/537.36 (KHTML, like Gecko)"
176.62.94.223 - - [25/Nov/2018:20:28:30 +0700] "GET /tracking.gif?email=sergio55%40yandex.ru&mailing=124 HTTP/1.0" 200 197 "-" "Mozilla/5.0 (iPhone; CPU iPhone OS 9_3_5 like Mac OS X) AppleWebKit/601.1.46 (KHTML, like Gecko) Mobile/13G36"
188.93.56.130 - - [25/Nov/2018:20:28:33 +0700] "GET /tracking.gif?email=soll_crazy%40mail.ru&mailing=132 HTTP/1.0" 200 197 "-" "Mozilla/5.0 (X11; Linux x86_64) AppleWebKit/537.36 (KHTML, like Gecko)"
188.93.56.121 - - [25/Nov/2018:20:28:36 +0700] "GET /tracking.gif?email=Ger.masha5%40mail.ru&mailing=132 HTTP/1.0" 200 197 "-" "Mozilla/5.0 (X11; Linux x86_64) AppleWebKit/537.36 (KHTML, like Gecko)"
188.93.56.130 - - [25/Nov/2018:20:28:40 +0700] "GET /tracking.gif?email=gagus1987%40mail.ru&mailing=132 HTTP/1.0" 200 197 "-" "Mozilla/5.0 (X11; Linux x86_64) AppleWebKit/537.36 (KHTML, like Gecko)"
188.162.84.47 - - [25/Nov/2018:20:29:38 +0700] "GET /tracking.gif?email=zhdanova_k%40mail.ru&mailing=132 HTTP/1.0" 200 197 "-" "Mozilla/5.0 (Linux; Android 8.1.0; PAR-LX1 Build/HUAWEIPAR-LX1; wv) AppleWebKit/537.36 (KHTML, like Gecko) Version/4.0 Chrome/70.0.3538.80 Mobile Safari/537.36"
176.62.94.223 - - [25/Nov/2018:20:30:31 +0700] "GET /tracking.gif?email=sergio55%40yandex.ru&mailing=124 HTTP/1.0" 200 197 "-" "Mozilla/5.0 (iPhone; CPU iPhone OS 9_3_5 like Mac OS X) AppleWebKit/601.1.46 (KHTML, like Gecko) Mobile/13G36"
188.93.56.127 - - [25/Nov/2018:20:30:47 +0700] "GET /tracking.gif?email=lubsya30%40mail.ru&mailing=132 HTTP/1.0" 200 197 "-" "Mozilla/5.0 (X11; Linux x86_64) AppleWebKit/537.36 (KHTML, like Gecko)"
109.227.229.139 - - [25/Nov/2018:20:30:49 +0700] "GET /tracking.gif?email=Tomtel%40mail.ru&mailing=132 HTTP/1.0" 200 197 "-" "Mozilla/5.0 (iPhone; CPU iPhone OS 12_0_1 like Mac OS X) AppleWebKit/605.1.15 (KHTML, like Gecko) Mobile/16A404"
188.93.56.121 - - [25/Nov/2018:20:31:16 +0700] "GET /tracking.gif?email=ketten-20%40mail.ru&mailing=132 HTTP/1.0" 200 197 "-" "Mozilla/5.0 (X11; Linux x86_64) AppleWebKit/537.36 (KHTML, like Gecko)"
188.93.56.125 - - [25/Nov/2018:20:32:44 +0700] "GET /tracking.gif?email=Kozulla%40mail.ru&mailing=132 HTTP/1.0" 200 197 "-" "Mozilla/5.0 (X11; Linux x86_64) AppleWebKit/537.36 (KHTML, like Gecko)"
217.118.79.40 - - [25/Nov/2018:20:33:01 +0700] "GET /tracking.gif?email=ayazbekovaaliya%40icloud.com&mailing=132 HTTP/1.0" 200 197 "-" "Mozilla/5.0 (iPhone; CPU iPhone OS 12_0_1 like Mac OS X) AppleWebKit/605.1.15 (KHTML, like Gecko) Mobile/16A404"
66.102.9.17 - - [25/Nov/2018:20:33:21 +0700] "GET /tracking.gif?email=alexsneezy%40gmail.com&mailing=132 HTTP/1.0" 200 197 "-" "Mozilla/5.0 (Windows NT 5.1; rv:11.0) Gecko Firefox/11.0 (via ggpht.com GoogleImageProxy)"
176.59.141.237 - - [25/Nov/2018:20:34:13 +0700] "GET /tracking.gif?email=O_welsh%40mail.ru&mailing=132 HTTP/1.0" 200 197 "-" "Mozilla/5.0 (iPhone; CPU iPhone OS 12_1 like Mac OS X) AppleWebKit/605.1.15 (KHTML, like Gecko) Mobile/16B92"
213.180.215.164 - - [25/Nov/2018:20:34:28 +0700] "GET /tracking.gif?email=zyryanov55%40yandex.ru&mailing=124 HTTP/1.0" 200 197 "-" "Mozilla/5.0 (compatible; YandexImageResizer/2.0; +http://yandex.com/bots)"
178.140.189.92 - - [25/Nov/2018:20:34:49 +0700] "GET /unsubscribe/?email=zyryanov55%40yandex.ru&mailing=124 HTTP/1.0" 200 984 "-" "Mozilla/5.0 (Linux; Android 5.1.1; Nexus 4 Build/LMY48T) AppleWebKit/537.36 (KHTML, like Gecko) Chrome/60.0.3112.116 Mobile Safari/537.36"
178.140.189.92 - - [25/Nov/2018:20:34:50 +0700] "GET /img/popcorn.svg HTTP/1.0" 200 1187 "http://mailing.etobilet.ru/css/main.css" "Mozilla/5.0 (Linux; Android 5.1.1; Nexus 4 Build/LMY48T) AppleWebKit/537.36 (KHTML, like Gecko) Chrome/60.0.3112.116 Mobile Safari/537.36"
178.140.189.92 - - [25/Nov/2018:20:34:53 +0700] "GET /unsubscribe/?email=zyryanov55%40yandex.ru&mailing=124&confirmed=1 HTTP/1.0" 200 747 "http://mailing.etobilet.ru/unsubscribe/?email=zyryanov55%40yandex.ru&mailing=124" "Mozilla/5.0 (Linux; Android 5.1.1; Nexus 4 Build/LMY48T) AppleWebKit/537.36 (KHTML, like Gecko) Chrome/60.0.3112.116 Mobile Safari/537.36"
213.180.215.165 - - [25/Nov/2018:20:35:41 +0700] "GET /tracking.gif?email=abramovakristina1999%40yandex.ru&mailing=132 HTTP/1.0" 200 197 "-" "Mozilla/5.0 (compatible; YandexImageResizer/2.0; +http://yandex.com/bots)"
81.19.78.160 - - [25/Nov/2018:20:36:07 +0700] "GET /tracking.gif?email=shurinov_valery%40rambler.ru&mailing=132 HTTP/1.0" 200 197 "https://mail.rambler.ru/" "RamblerMail/6.0 (incompatible; ImageProxy/6.0)"
188.93.56.128 - - [25/Nov/2018:20:36:30 +0700] "GET /tracking.gif?email=irina-selezneva-73%40mail.ru&mailing=132 HTTP/1.0" 200 197 "-" "Mozilla/5.0 (X11; Linux x86_64) AppleWebKit/537.36 (KHTML, like Gecko)"
188.93.56.130 - - [25/Nov/2018:20:36:46 +0700] "GET /tracking.gif?email=tuganka74%40mail.ru&mailing=132 HTTP/1.0" 200 197 "-" "Mozilla/5.0 (X11; Linux x86_64) AppleWebKit/537.36 (KHTML, like Gecko)"
109.227.229.139 - - [25/Nov/2018:20:41:28 +0700] "GET /tracking.gif?email=Tomtel%40mail.ru&mailing=132 HTTP/1.0" 200 197 "-" "Mozilla/5.0 (iPhone; CPU iPhone OS 12_0_1 like Mac OS X) AppleWebKit/605.1.15 (KHTML, like Gecko) Mobile/16A404"
78.139.249.171 - - [25/Nov/2018:20:42:13 +0700] "GET /tracking.gif?email=k1ttydance%40mail.ru&mailing=132 HTTP/1.0" 200 197 "-" "Mozilla/5.0 (Linux; Android 6.0.1; Redmi 4 Build/MMB29M; wv) AppleWebKit/537.36 (KHTML, like Gecko) Version/4.0 Chrome/70.0.3538.80 Mobile Safari/537.36"
66.102.9.14 - - [25/Nov/2018:20:42:25 +0700] "GET /unsubscribe/?email=k1ttydance%40mail.ru&mailing=132 HTTP/1.0" 200 980 "android-app://com.google.android.gm" "Mozilla/5.0 (Linux; Android 6.0.1; Redmi 4) AppleWebKit/537.36 (KHTML, like Gecko) Chrome/70.0.3538.80 Mobile Safari/537.36"
66.102.9.14 - - [25/Nov/2018:20:42:26 +0700] "GET /img/popcorn.svg HTTP/1.0" 200 1187 "http://mailing.etobilet.ru/css/main.css" "Mozilla/5.0 (Linux; Android 6.0.1; Redmi 4) AppleWebKit/537.36 (KHTML, like Gecko) Chrome/70.0.3538.80 Mobile Safari/537.36"
188.93.56.130 - - [25/Nov/2018:20:42:28 +0700] "GET /tracking.gif?email=paulmanutd%40mail.ru&mailing=132 HTTP/1.0" 200 197 "-" "Mozilla/5.0 (X11; Linux x86_64) AppleWebKit/537.36 (KHTML, like Gecko)"
66.102.9.14 - - [25/Nov/2018:20:42:29 +0700] "GET /unsubscribe/?email=k1ttydance%40mail.ru&mailing=132&confirmed=1 HTTP/1.0" 200 747 "http://mailing.etobilet.ru/unsubscribe/?email=k1ttydance%40mail.ru&mailing=132" "Mozilla/5.0 (Linux; Android 6.0.1; Redmi 4) AppleWebKit/537.36 (KHTML, like Gecko) Chrome/70.0.3538.80 Mobile Safari/537.36"
31.211.24.6 - - [25/Nov/2018:20:42:46 +0700] "GET /unsubscribe/?email=paulmanutd%40mail.ru&mailing=132 HTTP/1.0" 200 980 "-" "Mozilla/5.0 (Windows NT 10.0; Win64; x64) AppleWebKit/537.36 (KHTML, like Gecko) Chrome/70.0.3538.102 Safari/537.36"
31.211.24.6 - - [25/Nov/2018:20:42:47 +0700] "GET /img/popcorn.svg HTTP/1.0" 200 1187 "http://mailing.etobilet.ru/css/main.css" "Mozilla/5.0 (Windows NT 10.0; Win64; x64) AppleWebKit/537.36 (KHTML, like Gecko) Chrome/70.0.3538.102 Safari/537.36"
31.211.24.6 - - [25/Nov/2018:20:42:50 +0700] "GET /unsubscribe/?email=paulmanutd%40mail.ru&mailing=132&confirmed=1 HTTP/1.0" 200 747 "http://mailing.etobilet.ru/unsubscribe/?email=paulmanutd%40mail.ru&mailing=132" "Mozilla/5.0 (Windows NT 10.0; Win64; x64) AppleWebKit/537.36 (KHTML, like Gecko) Chrome/70.0.3538.102 Safari/537.36"
188.93.56.125 - - [25/Nov/2018:20:44:33 +0700] "GET /tracking.gif?email=Leshchik.mikhail%40mail.ru&mailing=132 HTTP/1.0" 200 197 "-" "Mozilla/5.0 (X11; Linux x86_64) AppleWebKit/537.36 (KHTML, like Gecko)"
188.93.56.130 - - [25/Nov/2018:20:45:40 +0700] "GET /tracking.gif?email=vesnushca79%40mail.ru&mailing=132 HTTP/1.0" 200 197 "-" "Mozilla/5.0 (X11; Linux x86_64) AppleWebKit/537.36 (KHTML, like Gecko)"
213.180.215.169 - - [25/Nov/2018:20:45:53 +0700] "GET /tracking.gif?email=mda404%40mail.ru&mailing=132 HTTP/1.0" 200 197 "-" "Mozilla/5.0 (compatible; YandexImageResizer/2.0; +http://yandex.com/bots)"
188.93.56.129 - - [25/Nov/2018:20:45:57 +0700] "GET /tracking.gif?email=j1222%40mail.ru&mailing=132 HTTP/1.0" 200 197 "-" "Mozilla/5.0 (X11; Linux x86_64) AppleWebKit/537.36 (KHTML, like Gecko)"
188.93.56.126 - - [25/Nov/2018:20:46:03 +0700] "GET /tracking.gif?email=j1222%40mail.ru&mailing=132 HTTP/1.0" 200 197 "-" "Mozilla/5.0 (X11; Linux x86_64) AppleWebKit/537.36 (KHTML, like Gecko)"
188.93.56.122 - - [25/Nov/2018:20:46:21 +0700] "GET /tracking.gif?email=mda404%40mail.ru&mailing=132 HTTP/1.0" 200 197 "-" "Mozilla/5.0 (X11; Linux x86_64) AppleWebKit/537.36 (KHTML, like Gecko)"
188.93.56.125 - - [25/Nov/2018:20:46:55 +0700] "GET /tracking.gif?email=alina-zharova%40mail.ru&mailing=132 HTTP/1.0" 200 197 "-" "Mozilla/5.0 (X11; Linux x86_64) AppleWebKit/537.36 (KHTML, like Gecko)"
188.93.56.127 - - [25/Nov/2018:20:47:01 +0700] "GET /tracking.gif?email=j1222%40mail.ru&mailing=132 HTTP/1.0" 200 197 "-" "Mozilla/5.0 (X11; Linux x86_64) AppleWebKit/537.36 (KHTML, like Gecko)"
188.93.56.121 - - [25/Nov/2018:20:47:13 +0700] "GET /tracking.gif?email=j1222%40mail.ru&mailing=132 HTTP/1.0" 200 197 "-" "Mozilla/5.0 (X11; Linux x86_64) AppleWebKit/537.36 (KHTML, like Gecko)"
188.93.56.124 - - [25/Nov/2018:20:47:25 +0700] "GET /tracking.gif?email=ryabinin_artyom%40mail.ru&mailing=132 HTTP/1.0" 200 197 "-" "Mozilla/5.0 (X11; Linux x86_64) AppleWebKit/537.36 (KHTML, like Gecko)"
188.93.56.130 - - [25/Nov/2018:20:47:35 +0700] "GET /tracking.gif?email=j1222%40mail.ru&mailing=132 HTTP/1.0" 200 197 "-" "Mozilla/5.0 (X11; Linux x86_64) AppleWebKit/537.36 (KHTML, like Gecko)"
46.236.186.148 - - [25/Nov/2018:20:48:03 +0700] "GET /tracking.gif?email=Anzhela525%40mail.ru&mailing=132 HTTP/1.0" 200 197 "-" "Mozilla/5.0 (iPhone; CPU iPhone OS 12_1 like Mac OS X) AppleWebKit/605.1.15 (KHTML, like Gecko) Mobile/16B92"
188.93.56.130 - - [25/Nov/2018:20:49:01 +0700] "GET /tracking.gif?email=woolfer777%40mail.ru&mailing=132 HTTP/1.0" 200 197 "-" "Mozilla/5.0 (X11; Linux x86_64) AppleWebKit/537.36 (KHTML, like Gecko)"
188.93.56.130 - - [25/Nov/2018:20:49:06 +0700] "GET /tracking.gif?email=marina-m74%40mail.ru&mailing=132 HTTP/1.0" 200 197 "-" "Mozilla/5.0 (X11; Linux x86_64) AppleWebKit/537.36 (KHTML, like Gecko)"
188.93.56.129 - - [25/Nov/2018:20:49:13 +0700] "GET /tracking.gif?email=o_rastorgyeva%40mail.ru&mailing=132 HTTP/1.0" 200 197 "-" "Mozilla/5.0 (X11; Linux x86_64) AppleWebKit/537.36 (KHTML, like Gecko)"
188.93.56.125 - - [25/Nov/2018:20:49:36 +0700] "GET /tracking.gif?email=olko73%40mail.ru&mailing=132 HTTP/1.0" 200 197 "-" "Mozilla/5.0 (X11; Linux x86_64) AppleWebKit/537.36 (KHTML, like Gecko)"
188.93.56.129 - - [25/Nov/2018:20:50:14 +0700] "GET /tracking.gif?email=Lenockenkamy%40mail.ru&mailing=132 HTTP/1.0" 200 197 "-" "Mozilla/5.0 (X11; Linux x86_64) AppleWebKit/537.36 (KHTML, like Gecko)"
188.93.56.126 - - [25/Nov/2018:20:51:00 +0700] "GET /tracking.gif?email=noway82%40mail.ru&mailing=132 HTTP/1.0" 200 197 "-" "Mozilla/5.0 (X11; Linux x86_64) AppleWebKit/537.36 (KHTML, like Gecko)"
188.93.56.129 - - [25/Nov/2018:20:51:37 +0700] "GET /tracking.gif?email=Seversk1324%40mail.ru&mailing=132 HTTP/1.0" 200 197 "-" "Mozilla/5.0 (X11; Linux x86_64) AppleWebKit/537.36 (KHTML, like Gecko)"
91.105.139.94 - - [25/Nov/2018:20:51:55 +0700] "GET /tracking.gif?email=amyaurika%40gmail.com&mailing=124 HTTP/1.0" 200 197 "-" "Mozilla/5.0 (iPhone; CPU iPhone OS 12_0 like Mac OS X) AppleWebKit/605.1.15 (KHTML, like Gecko) Mobile/16A366"
188.93.56.122 - - [25/Nov/2018:20:52:36 +0700] "GET /tracking.gif?email=nataliap05%40mail.ru&mailing=132 HTTP/1.0" 200 197 "-" "Mozilla/5.0 (X11; Linux x86_64) AppleWebKit/537.36 (KHTML, like Gecko)"
77.88.11.243 - - [25/Nov/2018:20:52:48 +0700] "GET /tracking.gif?email=nshekunova%40yandex.ru&mailing=132 HTTP/1.0" 200 197 "-" "Mozilla/5.0 (compatible; YandexImageResizer/2.0; +http://yandex.com/bots)"
188.93.56.124 - - [25/Nov/2018:20:53:25 +0700] "GET /tracking.gif?email=Olgacigan%40mail.ru&mailing=132 HTTP/1.0" 200 197 "-" "Mozilla/5.0 (X11; Linux x86_64) AppleWebKit/537.36 (KHTML, like Gecko)"
77.88.11.250 - - [25/Nov/2018:20:54:35 +0700] "GET /tracking.gif?email=livar76%40yandex.ru&mailing=123 HTTP/1.0" 200 197 "-" "Mozilla/5.0 (compatible; YandexImageResizer/2.0; +http://yandex.com/bots)"
188.18.253.158 - - [25/Nov/2018:20:54:47 +0700] "GET /unsubscribe/?email=livar76%40yandex.ru&mailing=123 HTTP/1.0" 200 983 "-" "Mozilla/5.0 (Windows NT 6.1; Win64; x64) AppleWebKit/537.36 (KHTML, like Gecko) Chrome/70.0.3538.102 Safari/537.36"
188.18.253.158 - - [25/Nov/2018:20:54:47 +0700] "GET /img/popcorn.svg HTTP/1.0" 200 1187 "http://mailing.etobilet.ru/css/main.css" "Mozilla/5.0 (Windows NT 6.1; Win64; x64) AppleWebKit/537.36 (KHTML, like Gecko) Chrome/70.0.3538.102 Safari/537.36"
188.18.253.158 - - [25/Nov/2018:20:54:55 +0700] "GET /unsubscribe/?email=livar76%40yandex.ru&mailing=123&confirmed=1 HTTP/1.0" 200 752 "http://mailing.etobilet.ru/unsubscribe/?email=livar76%40yandex.ru&mailing=123" "Mozilla/5.0 (Windows NT 6.1; Win64; x64) AppleWebKit/537.36 (KHTML, like Gecko) Chrome/70.0.3538.102 Safari/537.36"
188.93.56.123 - - [25/Nov/2018:20:55:00 +0700] "GET /tracking.gif?email=alena.antonova.1982%40inbox.ru&mailing=132 HTTP/1.0" 200 197 "-" "Mozilla/5.0 (X11; Linux x86_64) AppleWebKit/537.36 (KHTML, like Gecko)"
188.93.56.127 - - [25/Nov/2018:20:55:11 +0700] "GET /tracking.gif?email=Kostarevis%40mail.ru&mailing=132 HTTP/1.0" 200 197 "-" "Mozilla/5.0 (X11; Linux x86_64) AppleWebKit/537.36 (KHTML, like Gecko)"
188.93.56.121 - - [25/Nov/2018:20:55:25 +0700] "GET /tracking.gif?email=galajen%40mail.ru&mailing=132 HTTP/1.0" 200 197 "-" "Mozilla/5.0 (X11; Linux x86_64) AppleWebKit/537.36 (KHTML, like Gecko)"
188.93.56.129 - - [25/Nov/2018:20:55:44 +0700] "GET /tracking.gif?email=khape%40mail.ru&mailing=132 HTTP/1.0" 200 197 "-" "Mozilla/5.0 (X11; Linux x86_64) AppleWebKit/537.36 (KHTML, like Gecko)"
188.93.56.122 - - [25/Nov/2018:20:56:34 +0700] "GET /tracking.gif?email=minakovay.vtomsk%40mail.ru&mailing=132 HTTP/1.0" 200 197 "-" "Mozilla/5.0 (X11; Linux x86_64) AppleWebKit/537.36 (KHTML, like Gecko)"
188.93.56.125 - - [25/Nov/2018:20:56:48 +0700] "GET /tracking.gif?email=lusta.nastya%40mail.ru&mailing=132 HTTP/1.0" 200 197 "-" "Mozilla/5.0 (X11; Linux x86_64) AppleWebKit/537.36 (KHTML, like Gecko)"
188.93.56.121 - - [25/Nov/2018:20:57:04 +0700] "GET /tracking.gif?email=Lyuba-b%40mail.ru&mailing=132 HTTP/1.0" 200 197 "-" "Mozilla/5.0 (X11; Linux x86_64) AppleWebKit/537.36 (KHTML, like Gecko)"
176.59.44.129 - - [25/Nov/2018:20:57:49 +0700] "GET /tracking.gif?email=Lena.humatova%40yandex.ru&mailing=123 HTTP/1.0" 200 197 "-" "Mozilla/5.0 (Linux; Android 8.0.0; STF-L09 Build/HUAWEISTF-L09; wv) AppleWebKit/537.36 (KHTML, like Gecko) Version/4.0 Chrome/70.0.3538.110 Mobile Safari/537.36"
188.93.56.123 - - [25/Nov/2018:20:58:04 +0700] "GET /tracking.gif?email=kurilenkosa1108%40mail.ru&mailing=132 HTTP/1.0" 200 197 "-" "Mozilla/5.0 (X11; Linux x86_64) AppleWebKit/537.36 (KHTML, like Gecko)"
188.93.56.124 - - [25/Nov/2018:20:58:23 +0700] "GET /tracking.gif?email=pavel.robenkov%40mail.ru&mailing=132 HTTP/1.0" 200 197 "-" "Mozilla/5.0 (X11; Linux x86_64) AppleWebKit/537.36 (KHTML, like Gecko)"
188.93.56.126 - - [25/Nov/2018:20:58:31 +0700] "GET /tracking.gif?email=lipeev1987%40mail.ru&mailing=132 HTTP/1.0" 200 197 "-" "Mozilla/5.0 (X11; Linux x86_64) AppleWebKit/537.36 (KHTML, like Gecko)"
188.93.56.122 - - [25/Nov/2018:20:59:05 +0700] "GET /tracking.gif?email=evgeniy-titkov%40mail.ru&mailing=132 HTTP/1.0" 200 197 "-" "Mozilla/5.0 (X11; Linux x86_64) AppleWebKit/537.36 (KHTML, like Gecko)"
188.93.56.130 - - [25/Nov/2018:20:59:10 +0700] "GET /tracking.gif?email=levinav70%40mail.ru&mailing=132 HTTP/1.0" 200 197 "-" "Mozilla/5.0 (X11; Linux x86_64) AppleWebKit/537.36 (KHTML, like Gecko)"
188.93.56.129 - - [25/Nov/2018:21:00:22 +0700] "GET /tracking.gif?email=Chepurova-a%40mail.ru&mailing=132 HTTP/1.0" 200 197 "-" "Mozilla/5.0 (X11; Linux x86_64) AppleWebKit/537.36 (KHTML, like Gecko)"
66.102.9.20 - - [25/Nov/2018:21:00:54 +0700] "GET /tracking.gif?email=daniil1758%40gmail.com&mailing=132 HTTP/1.0" 200 197 "-" "Mozilla/5.0 (Windows NT 5.1; rv:11.0) Gecko Firefox/11.0 (via ggpht.com GoogleImageProxy)"
188.93.56.126 - - [25/Nov/2018:21:00:55 +0700] "GET /tracking.gif?email=kuzandr2010%40mail.ru&mailing=132 HTTP/1.0" 200 197 "-" "Mozilla/5.0 (X11; Linux x86_64) AppleWebKit/537.36 (KHTML, like Gecko)"
31.211.112.145 - - [25/Nov/2018:21:01:08 +0700] "GET /tracking.gif?email=Mihaylov.MS%40mail.ru&mailing=132 HTTP/1.0" 200 197 "-" "Mozilla/5.0 (Linux; Android 7.0; FRD-L19 Build/HUAWEIFRD-L19; wv) AppleWebKit/537.36 (KHTML, like Gecko) Version/4.0 Chrome/70.0.3538.80 Mobile Safari/537.36"
31.173.84.239 - - [25/Nov/2018:21:02:58 +0700] "GET /tracking.gif?email=aigolkin%40gmail.com&mailing=132 HTTP/1.0" 200 197 "-" "Mozilla/5.0 (iPhone; CPU iPhone OS 12_1 like Mac OS X) AppleWebKit/605.1.15 (KHTML, like Gecko) Mobile/16B92"
83.220.237.0 - - [25/Nov/2018:21:04:07 +0700] "GET /tracking.gif?email=Katmen.80%40mail.ru&mailing=132 HTTP/1.0" 200 197 "-" "Mozilla/5.0 (iPhone; CPU iPhone OS 12_1 like Mac OS X) AppleWebKit/605.1.15 (KHTML, like Gecko) Mobile/16B92"
188.93.56.125 - - [25/Nov/2018:21:04:13 +0700] "GET /tracking.gif?email=Vit.milyutin2012%40mail.ru&mailing=132 HTTP/1.0" 200 197 "-" "Mozilla/5.0 (X11; Linux x86_64) AppleWebKit/537.36 (KHTML, like Gecko)"
5.255.241.239 - - [25/Nov/2018:21:04:32 +0700] "GET /tracking.gif?email=nb-tomsk%40yandex.ru&mailing=132 HTTP/1.0" 200 197 "-" "Mozilla/5.0 (compatible; YandexImageResizer/2.0; +http://yandex.com/bots)"
188.93.56.122 - - [25/Nov/2018:21:05:07 +0700] "GET /tracking.gif?email=oksana_mishukova%40mail.ru&mailing=132 HTTP/1.0" 200 197 "-" "Mozilla/5.0 (X11; Linux x86_64) AppleWebKit/537.36 (KHTML, like Gecko)"
31.211.116.52 - - [25/Nov/2018:21:05:11 +0700] "GET /tracking.gif?email=Ninowithlove%40mail.ru&mailing=132 HTTP/1.0" 200 197 "-" "Mozilla/5.0 (iPhone; CPU iPhone OS 12_1 like Mac OS X) AppleWebKit/605.1.15 (KHTML, like Gecko) Mobile/16B92"
188.93.56.130 - - [25/Nov/2018:21:05:58 +0700] "GET /tracking.gif?email=Nikitinaau%40mail.ru&mailing=132 HTTP/1.0" 200 197 "-" "Mozilla/5.0 (X11; Linux x86_64) AppleWebKit/537.36 (KHTML, like Gecko)"
188.93.56.129 - - [25/Nov/2018:21:07:04 +0700] "GET /tracking.gif?email=az_tomsk%40mail.ru&mailing=132 HTTP/1.0" 200 197 "-" "Mozilla/5.0 (X11; Linux x86_64) AppleWebKit/537.36 (KHTML, like Gecko)"
188.93.56.129 - - [25/Nov/2018:21:07:04 +0700] "GET /tracking.gif?email=lomova-katerina%40mail.ru&mailing=132 HTTP/1.0" 200 197 "-" "Mozilla/5.0 (X11; Linux x86_64) AppleWebKit/537.36 (KHTML, like Gecko)"
188.93.56.122 - - [25/Nov/2018:21:07:27 +0700] "GET /tracking.gif?email=mojapochtamir%40mail.ru&mailing=132 HTTP/1.0" 200 197 "-" "Mozilla/5.0 (X11; Linux x86_64) AppleWebKit/537.36 (KHTML, like Gecko)"
188.93.56.123 - - [25/Nov/2018:21:07:48 +0700] "GET /tracking.gif?email=nastya.100%40mail.ru&mailing=132 HTTP/1.0" 200 197 "-" "Mozilla/5.0 (X11; Linux x86_64) AppleWebKit/537.36 (KHTML, like Gecko)"
188.93.56.126 - - [25/Nov/2018:21:07:51 +0700] "GET /tracking.gif?email=menola84%40mail.ru&mailing=132 HTTP/1.0" 200 197 "-" "Mozilla/5.0 (X11; Linux x86_64) AppleWebKit/537.36 (KHTML, like Gecko)"
188.93.56.125 - - [25/Nov/2018:21:08:19 +0700] "GET /tracking.gif?email=KRISTINA.KO97%40MAIL.RU&mailing=132 HTTP/1.0" 200 197 "-" "Mozilla/5.0 (X11; Linux x86_64) AppleWebKit/537.36 (KHTML, like Gecko)"
37.21.252.92 - - [25/Nov/2018:21:08:26 +0700] "GET /tracking.gif?email=Zemlianin%40sibmail.com&mailing=132 HTTP/1.0" 200 197 "http://www.sibmail.com/sq/src/read_body.php?passed_id=2783&ent_id=1&mailbox=INBOX&sort=0&startMessage=1&show_more=0&passed_ent_id=0&view_unsafe_images=1" "Mozilla/5.0 (Windows NT 10.0; Win64; x64; rv:63.0) Gecko/20100101 Firefox/63.0"
188.93.56.130 - - [25/Nov/2018:21:08:55 +0700] "GET /tracking.gif?email=madyarova1955%40mail.ru&mailing=132 HTTP/1.0" 200 197 "-" "Mozilla/5.0 (X11; Linux x86_64) AppleWebKit/537.36 (KHTML, like Gecko)"
188.93.56.122 - - [25/Nov/2018:21:09:06 +0700] "GET /tracking.gif?email=180419850311%40mail.ru&mailing=132 HTTP/1.0" 200 197 "-" "Mozilla/5.0 (X11; Linux x86_64) AppleWebKit/537.36 (KHTML, like Gecko)"
188.93.56.123 - - [25/Nov/2018:21:09:59 +0700] "GET /tracking.gif?email=sasha_kashinskai%40mail.ru&mailing=132 HTTP/1.0" 200 197 "-" "Mozilla/5.0 (X11; Linux x86_64) AppleWebKit/537.36 (KHTML, like Gecko)"
188.93.56.124 - - [25/Nov/2018:21:10:10 +0700] "GET /tracking.gif?email=vilatomsk%40mail.ru&mailing=132 HTTP/1.0" 200 197 "-" "Mozilla/5.0 (X11; Linux x86_64) AppleWebKit/537.36 (KHTML, like Gecko)"
188.93.56.125 - - [25/Nov/2018:21:10:11 +0700] "GET /tracking.gif?email=chukmasova%40mail.ru&mailing=132 HTTP/1.0" 200 197 "-" "Mozilla/5.0 (X11; Linux x86_64) AppleWebKit/537.36 (KHTML, like Gecko)"
188.93.56.125 - - [25/Nov/2018:21:10:51 +0700] "GET /tracking.gif?email=chukmasova%40mail.ru&mailing=132 HTTP/1.0" 200 197 "-" "Mozilla/5.0 (X11; Linux x86_64) AppleWebKit/537.36 (KHTML, like Gecko)"
188.93.56.123 - - [25/Nov/2018:21:11:08 +0700] "GET /tracking.gif?email=S.jukovskiy%40mail.ru&mailing=132 HTTP/1.0" 200 197 "-" "Mozilla/5.0 (X11; Linux x86_64) AppleWebKit/537.36 (KHTML, like Gecko)"
95.191.2.243 - - [25/Nov/2018:21:11:45 +0700] "GET /tracking.gif?email=kirill-sever98%40mail.ru&mailing=132 HTTP/1.0" 200 197 "-" "Mozilla/5.0 (iPhone; CPU iPhone OS 11_4 like Mac OS X) AppleWebKit/605.1.15 (KHTML, like Gecko) Mobile/15F79"
188.93.56.123 - - [25/Nov/2018:21:12:37 +0700] "GET /tracking.gif?email=toniatina%40mail.ru&mailing=132 HTTP/1.0" 200 197 "-" "Mozilla/5.0 (X11; Linux x86_64) AppleWebKit/537.36 (KHTML, like Gecko)"
188.93.56.126 - - [25/Nov/2018:21:13:43 +0700] "GET /tracking.gif?email=snedo%40mail.ru&mailing=132 HTTP/1.0" 200 197 "-" "Mozilla/5.0 (X11; Linux x86_64) AppleWebKit/537.36 (KHTML, like Gecko)"
93.158.130.179 - - [25/Nov/2018:21:13:49 +0700] "GET /tracking.gif?email=kiyam1%40ya.ru&mailing=123 HTTP/1.0" 200 197 "-" "Mozilla/5.0 (compatible; YandexImageResizer/2.0; +http://yandex.com/bots)"
188.93.56.125 - - [25/Nov/2018:21:14:08 +0700] "GET /tracking.gif?email=suntsenberg%40mail.ru&mailing=132 HTTP/1.0" 200 197 "-" "Mozilla/5.0 (X11; Linux x86_64) AppleWebKit/537.36 (KHTML, like Gecko)"
188.93.56.129 - - [25/Nov/2018:21:15:48 +0700] "GET /tracking.gif?email=zloy-oleg%40mail.ru&mailing=132 HTTP/1.0" 200 197 "-" "Mozilla/5.0 (X11; Linux x86_64) AppleWebKit/537.36 (KHTML, like Gecko)"
188.93.56.121 - - [25/Nov/2018:21:15:50 +0700] "GET /tracking.gif?email=kuniu%40mail.ru&mailing=132 HTTP/1.0" 200 197 "-" "Mozilla/5.0 (X11; Linux x86_64) AppleWebKit/537.36 (KHTML, like Gecko)"
46.161.157.16 - - [25/Nov/2018:21:15:55 +0700] "GET /unsubscribe/?email=kuniu%40mail.ru&mailing=132 HTTP/1.0" 200 970 "-" "Mozilla/5.0 (Windows NT 10.0; Win64; x64; rv:63.0) Gecko/20100101 Firefox/63.0"
46.161.157.16 - - [25/Nov/2018:21:15:55 +0700] "GET /img/popcorn.svg HTTP/1.0" 200 1187 "http://mailing.etobilet.ru/css/main.css" "Mozilla/5.0 (Windows NT 10.0; Win64; x64; rv:63.0) Gecko/20100101 Firefox/63.0"
46.161.157.16 - - [25/Nov/2018:21:15:57 +0700] "GET /unsubscribe/?email=kuniu%40mail.ru&mailing=132&confirmed=1 HTTP/1.0" 200 747 "http://mailing.etobilet.ru/unsubscribe/?email=kuniu%40mail.ru&mailing=132" "Mozilla/5.0 (Windows NT 10.0; Win64; x64; rv:63.0) Gecko/20100101 Firefox/63.0"
188.93.56.124 - - [25/Nov/2018:21:16:56 +0700] "GET /tracking.gif?email=mr.chistyakov96%40mail.ru&mailing=132 HTTP/1.0" 200 197 "-" "Mozilla/5.0 (X11; Linux x86_64) AppleWebKit/537.36 (KHTML, like Gecko)"
188.93.56.121 - - [25/Nov/2018:21:18:52 +0700] "GET /tracking.gif?email=bagirov2003%40mail.ru&mailing=132 HTTP/1.0" 200 197 "-" "Mozilla/5.0 (X11; Linux x86_64) AppleWebKit/537.36 (KHTML, like Gecko)"
109.124.2.221 - - [25/Nov/2018:21:19:22 +0700] "GET /tracking.gif?email=ma6utka93%40mail.ru&mailing=132 HTTP/1.0" 200 197 "-" "Mozilla/5.0 (iPhone; CPU iPhone OS 12_1 like Mac OS X) AppleWebKit/605.1.15 (KHTML, like Gecko) Mobile/16B92"
188.93.56.123 - - [25/Nov/2018:21:19:51 +0700] "GET /tracking.gif?email=Davlednadezhda%40mail.ru&mailing=132 HTTP/1.0" 200 197 "-" "Mozilla/5.0 (X11; Linux x86_64) AppleWebKit/537.36 (KHTML, like Gecko)"
188.93.56.123 - - [25/Nov/2018:21:19:55 +0700] "GET /tracking.gif?email=P_a_n21%40mail.ru&mailing=132 HTTP/1.0" 200 197 "-" "Mozilla/5.0 (X11; Linux x86_64) AppleWebKit/537.36 (KHTML, like Gecko)"
188.93.56.122 - - [25/Nov/2018:21:20:32 +0700] "GET /tracking.gif?email=within90%40mail.ru&mailing=132 HTTP/1.0" 200 197 "-" "Mozilla/5.0 (X11; Linux x86_64) AppleWebKit/537.36 (KHTML, like Gecko)"
5.255.241.236 - - [25/Nov/2018:21:20:43 +0700] "GET /tracking.gif?email=a89139752066%40yandex.ru&mailing=124 HTTP/1.0" 200 197 "-" "Mozilla/5.0 (compatible; YandexImageResizer/2.0; +http://yandex.com/bots)"
188.93.56.126 - - [25/Nov/2018:21:20:50 +0700] "GET /tracking.gif?email=merinovaekaterina82%40mail.ru&mailing=132 HTTP/1.0" 200 197 "-" "Mozilla/5.0 (X11; Linux x86_64) AppleWebKit/537.36 (KHTML, like Gecko)"
188.93.56.130 - - [25/Nov/2018:21:20:52 +0700] "GET /tracking.gif?email=Kiryanova_kv%40mail.ru&mailing=132 HTTP/1.0" 200 197 "-" "Mozilla/5.0 (X11; Linux x86_64) AppleWebKit/537.36 (KHTML, like Gecko)"
188.93.56.126 - - [25/Nov/2018:21:21:12 +0700] "GET /tracking.gif?email=pamp.00%40mail.ru&mailing=132 HTTP/1.0" 200 197 "-" "Mozilla/5.0 (X11; Linux x86_64) AppleWebKit/537.36 (KHTML, like Gecko)"
188.93.56.130 - - [25/Nov/2018:21:21:35 +0700] "GET /tracking.gif?email=psveta72%40mail.ru&mailing=132 HTTP/1.0" 200 197 "-" "Mozilla/5.0 (X11; Linux x86_64) AppleWebKit/537.36 (KHTML, like Gecko)"
5.255.241.232 - - [25/Nov/2018:21:21:48 +0700] "GET /tracking.gif?email=ivanchikova112%40yandex.ru&mailing=124 HTTP/1.0" 200 197 "-" "Mozilla/5.0 (compatible; YandexImageResizer/2.0; +http://yandex.com/bots)"
188.93.56.124 - - [25/Nov/2018:21:21:56 +0700] "GET /tracking.gif?email=just_ksunik_28%40mail.ru&mailing=132 HTTP/1.0" 200 197 "-" "Mozilla/5.0 (X11; Linux x86_64) AppleWebKit/537.36 (KHTML, like Gecko)"
188.93.56.126 - - [25/Nov/2018:21:22:01 +0700] "GET /tracking.gif?email=katya.damm%40mail.ru&mailing=132 HTTP/1.0" 200 197 "-" "Mozilla/5.0 (X11; Linux x86_64) AppleWebKit/537.36 (KHTML, like Gecko)"
188.93.56.125 - - [25/Nov/2018:21:22:10 +0700] "GET /tracking.gif?email=pussanauto%40mail.ru&mailing=132 HTTP/1.0" 200 197 "-" "Mozilla/5.0 (X11; Linux x86_64) AppleWebKit/537.36 (KHTML, like Gecko)"
