217.118.79.43 - - [09/Dec/2018:10:40:14 +0700] "GET /tracking.gif?email=zloigenii666%40mail.ru&mailing=206 HTTP/1.0" 200 197 "-" "Mozilla/5.0 (iPhone; CPU iPhone OS 12_1 like Mac OS X) AppleWebKit/605.1.15 (KHTML, like Gecko) Mobile/16B92"
188.93.56.129 - - [09/Dec/2018:10:40:23 +0700] "GET /tracking.gif?email=novikova_rg%40mail.ru&mailing=206 HTTP/1.0" 200 197 "-" "Mozilla/5.0 (X11; Linux x86_64) AppleWebKit/537.36 (KHTML, like Gecko)"
188.93.56.123 - - [09/Dec/2018:10:40:32 +0700] "GET /tracking.gif?email=ylianov90%40mail.ru&mailing=206 HTTP/1.0" 200 197 "-" "Mozilla/5.0 (X11; Linux x86_64) AppleWebKit/537.36 (KHTML, like Gecko)"
188.93.56.130 - - [09/Dec/2018:10:41:01 +0700] "GET /tracking.gif?email=new_omsk%40mail.ru&mailing=206 HTTP/1.0" 200 197 "-" "Mozilla/5.0 (X11; Linux x86_64) AppleWebKit/537.36 (KHTML, like Gecko)"
188.162.86.153 - - [09/Dec/2018:10:41:15 +0700] "GET /tracking.gif?email=nokia2158%40mail.ru&mailing=206 HTTP/1.0" 200 197 "-" "Mozilla/5.0 (iPad; CPU OS 12_0 like Mac OS X) AppleWebKit/605.1.15 (KHTML, like Gecko) Mobile/16A366"
188.93.56.126 - - [09/Dec/2018:10:41:15 +0700] "GET /tracking.gif?email=vmgoodvin%40mail.ru&mailing=206 HTTP/1.0" 200 197 "-" "Mozilla/5.0 (X11; Linux x86_64) AppleWebKit/537.36 (KHTML, like Gecko)"
188.93.56.122 - - [09/Dec/2018:10:42:14 +0700] "GET /tracking.gif?email=matakom%40mail.ru&mailing=206 HTTP/1.0" 200 197 "-" "Mozilla/5.0 (X11; Linux x86_64) AppleWebKit/537.36 (KHTML, like Gecko)"
188.93.56.124 - - [09/Dec/2018:10:42:18 +0700] "GET /tracking.gif?email=zefirka2206%40mail.ru&mailing=206 HTTP/1.0" 200 197 "-" "Mozilla/5.0 (X11; Linux x86_64) AppleWebKit/537.36 (KHTML, like Gecko)"
188.93.56.130 - - [09/Dec/2018:10:42:58 +0700] "GET /tracking.gif?email=seg_1980%40mail.ru&mailing=206 HTTP/1.0" 200 197 "-" "Mozilla/5.0 (X11; Linux x86_64) AppleWebKit/537.36 (KHTML, like Gecko)"
2.60.45.79 - - [09/Dec/2018:10:43:04 +0700] "GET /tracking.gif?email=vanilla_dx%40mail.ru&mailing=206 HTTP/1.0" 200 197 "-" "Mozilla/5.0 (iPhone; CPU iPhone OS 12_1 like Mac OS X) AppleWebKit/605.1.15 (KHTML, like Gecko) Mobile/16B92"
188.93.56.128 - - [09/Dec/2018:10:43:07 +0700] "GET /tracking.gif?email=v135555dvoiny%40mail.ru&mailing=206 HTTP/1.0" 200 197 "-" "Mozilla/5.0 (X11; Linux x86_64) AppleWebKit/537.36 (KHTML, like Gecko)"
188.93.56.130 - - [09/Dec/2018:10:43:08 +0700] "GET /tracking.gif?email=innok1991%40mail.ru&mailing=206 HTTP/1.0" 200 197 "-" "Mozilla/5.0 (X11; Linux x86_64) AppleWebKit/537.36 (KHTML, like Gecko)"
188.93.56.128 - - [09/Dec/2018:10:43:21 +0700] "GET /tracking.gif?email=sabirifat%40mail.ru&mailing=206 HTTP/1.0" 200 197 "-" "Mozilla/5.0 (X11; Linux x86_64) AppleWebKit/537.36 (KHTML, like Gecko)"
178.74.109.72 - - [09/Dec/2018:10:44:28 +0700] "GET /tracking.gif?email=Ferumgear%40icloud.com&mailing=206 HTTP/1.0" 200 197 "-" "Mozilla/5.0 (iPhone; CPU iPhone OS 12_1 like Mac OS X) AppleWebKit/605.1.15 (KHTML, like Gecko) Mobile/16B92"
94.137.30.252 - - [09/Dec/2018:10:45:11 +0700] "GET /tracking.gif?email=Tanya.luzareva%40mail.ru&mailing=206 HTTP/1.0" 200 197 "-" "Mozilla/5.0 (iPhone; CPU iPhone OS 12_1 like Mac OS X) AppleWebKit/605.1.15 (KHTML, like Gecko) Mobile/16B92"
188.93.56.130 - - [09/Dec/2018:10:45:22 +0700] "GET /tracking.gif?email=zu-zu6296%40mail.ru&mailing=206 HTTP/1.0" 200 197 "-" "Mozilla/5.0 (X11; Linux x86_64) AppleWebKit/537.36 (KHTML, like Gecko)"
188.93.56.124 - - [09/Dec/2018:10:45:43 +0700] "GET /tracking.gif?email=petroushkine%40mail.ru&mailing=206 HTTP/1.0" 200 197 "-" "Mozilla/5.0 (X11; Linux x86_64) AppleWebKit/537.36 (KHTML, like Gecko)"
79.104.44.226 - - [09/Dec/2018:10:47:13 +0700] "GET /tracking.gif?email=ms.nsoloveva%40mail.ru&mailing=206 HTTP/1.0" 200 197 "-" "Mozilla/5.0 (iPhone; CPU iPhone OS 12_1 like Mac OS X) AppleWebKit/605.1.15 (KHTML, like Gecko) Mobile/16B92"
188.93.56.126 - - [09/Dec/2018:10:48:15 +0700] "GET /tracking.gif?email=tonj1994%40mail.ru&mailing=206 HTTP/1.0" 200 197 "-" "Mozilla/5.0 (X11; Linux x86_64) AppleWebKit/537.36 (KHTML, like Gecko)"
188.93.56.122 - - [09/Dec/2018:10:48:46 +0700] "GET /tracking.gif?email=frgd.86%40mail.ru&mailing=206 HTTP/1.0" 200 197 "-" "Mozilla/5.0 (X11; Linux x86_64) AppleWebKit/537.36 (KHTML, like Gecko)"
188.93.56.130 - - [09/Dec/2018:10:49:02 +0700] "GET /tracking.gif?email=petrov_en%40mail.ru&mailing=206 HTTP/1.0" 200 197 "-" "Mozilla/5.0 (X11; Linux x86_64) AppleWebKit/537.36 (KHTML, like Gecko)"
95.189.200.191 - - [09/Dec/2018:10:49:06 +0700] "GET /tracking.gif?email=nataly.zah%40mail.ru&mailing=206 HTTP/1.0" 200 197 "-" "Mozilla/5.0 (iPhone; CPU iPhone OS 12_1 like Mac OS X) AppleWebKit/605.1.15 (KHTML, like Gecko) Mobile/16B92"
188.93.56.124 - - [09/Dec/2018:10:49:41 +0700] "GET /tracking.gif?email=tonyterencehalred%40mail.ru&mailing=206 HTTP/1.0" 200 197 "-" "Mozilla/5.0 (X11; Linux x86_64) AppleWebKit/537.36 (KHTML, like Gecko)"
213.87.224.73 - - [09/Dec/2018:10:49:51 +0700] "GET /tracking.gif?email=nikomsk22%40mail.ru&mailing=206 HTTP/1.0" 200 197 "-" "Mozilla/5.0 (iPhone; CPU iPhone OS 11_4_1 like Mac OS X) AppleWebKit/605.1.15 (KHTML, like Gecko) Mobile/15G77"
188.93.56.125 - - [09/Dec/2018:10:49:57 +0700] "GET /tracking.gif?email=Tutor-2010%40mail.ru&mailing=206 HTTP/1.0" 200 197 "-" "Mozilla/5.0 (X11; Linux x86_64) AppleWebKit/537.36 (KHTML, like Gecko)"
188.93.56.127 - - [09/Dec/2018:10:50:29 +0700] "GET /tracking.gif?email=slacker24%40mail.ru&mailing=206 HTTP/1.0" 200 197 "-" "Mozilla/5.0 (X11; Linux x86_64) AppleWebKit/537.36 (KHTML, like Gecko)"
188.93.56.128 - - [09/Dec/2018:10:50:37 +0700] "GET /tracking.gif?email=odarchuk-la%40mail.ru&mailing=206 HTTP/1.0" 200 197 "-" "Mozilla/5.0 (X11; Linux x86_64) AppleWebKit/537.36 (KHTML, like Gecko)"
188.93.56.126 - - [09/Dec/2018:10:50:48 +0700] "GET /tracking.gif?email=odarchuk-la%40mail.ru&mailing=206 HTTP/1.0" 200 197 "-" "Mozilla/5.0 (X11; Linux x86_64) AppleWebKit/537.36 (KHTML, like Gecko)"
188.93.56.122 - - [09/Dec/2018:10:51:17 +0700] "GET /tracking.gif?email=mr.man1978%40mail.ru&mailing=206 HTTP/1.0" 200 197 "-" "Mozilla/5.0 (X11; Linux x86_64) AppleWebKit/537.36 (KHTML, like Gecko)"
188.93.56.123 - - [09/Dec/2018:10:51:39 +0700] "GET /tracking.gif?email=noskoff.55%40mail.ru&mailing=206 HTTP/1.0" 200 197 "-" "Mozilla/5.0 (X11; Linux x86_64) AppleWebKit/537.36 (KHTML, like Gecko)"
188.93.56.125 - - [09/Dec/2018:10:52:42 +0700] "GET /tracking.gif?email=Silabear90%40mail.ru&mailing=206 HTTP/1.0" 200 197 "-" "Mozilla/5.0 (X11; Linux x86_64) AppleWebKit/537.36 (KHTML, like Gecko)"
188.93.56.127 - - [09/Dec/2018:10:52:59 +0700] "GET /tracking.gif?email=Makcmartinov%40mail.ru&mailing=206 HTTP/1.0" 200 197 "-" "Mozilla/5.0 (X11; Linux x86_64) AppleWebKit/537.36 (KHTML, like Gecko)"
188.93.56.123 - - [09/Dec/2018:10:53:36 +0700] "GET /tracking.gif?email=Los_ey%40mail.ru&mailing=206 HTTP/1.0" 200 197 "-" "Mozilla/5.0 (X11; Linux x86_64) AppleWebKit/537.36 (KHTML, like Gecko)"
66.102.9.14 - - [09/Dec/2018:10:53:42 +0700] "GET /browse/?email=Makcmartinov%40mail.ru&mailing=206 HTTP/1.0" 200 91525 "-" "Mozilla/5.0 (Linux; Android 8.0.0; MI 6) AppleWebKit/537.36 (KHTML, like Gecko) Chrome/70.0.3538.80 Mobile Safari/537.36"
66.102.9.20 - - [09/Dec/2018:10:53:42 +0700] "GET /tracking.gif?email=Makcmartinov%40mail.ru&mailing=206 HTTP/1.0" 200 197 "http://mailing.etobilet.ru/browse/?email=Makcmartinov%40mail.ru&mailing=206" "Mozilla/5.0 (Linux; Android 8.0.0; MI 6) AppleWebKit/537.36 (KHTML, like Gecko) Chrome/70.0.3538.80 Mobile Safari/537.36"
188.93.56.126 - - [09/Dec/2018:10:54:10 +0700] "GET /tracking.gif?email=zenia69%40mail.ru&mailing=206 HTTP/1.0" 200 197 "-" "Mozilla/5.0 (X11; Linux x86_64) AppleWebKit/537.36 (KHTML, like Gecko)"
188.93.56.129 - - [09/Dec/2018:10:54:56 +0700] "GET /tracking.gif?email=ulianka82%40mail.ru&mailing=206 HTTP/1.0" 200 197 "-" "Mozilla/5.0 (X11; Linux x86_64) AppleWebKit/537.36 (KHTML, like Gecko)"
188.93.56.125 - - [09/Dec/2018:10:55:07 +0700] "GET /tracking.gif?email=Snastistrasti%40mail.ru&mailing=206 HTTP/1.0" 200 197 "-" "Mozilla/5.0 (X11; Linux x86_64) AppleWebKit/537.36 (KHTML, like Gecko)"
213.87.224.69 - - [09/Dec/2018:10:55:15 +0700] "GET /tracking.gif?email=pashashch%40mail.ru&mailing=206 HTTP/1.0" 200 197 "-" "Mozilla/5.0 (iPhone; CPU iPhone OS 12_1 like Mac OS X) AppleWebKit/605.1.15 (KHTML, like Gecko) Mobile/16B92"
109.194.124.170 - - [09/Dec/2018:10:55:20 +0700] "GET /tracking.gif?email=nkjhkj%40mail.ru&mailing=206 HTTP/1.0" 200 197 "-" "Mozilla/5.0 (iPhone; CPU iPhone OS 12_1 like Mac OS X) AppleWebKit/605.1.15 (KHTML, like Gecko) Mobile/16B92"
188.93.56.123 - - [09/Dec/2018:10:55:46 +0700] "GET /tracking.gif?email=yurovaolga%40mail.ru&mailing=206 HTTP/1.0" 200 197 "-" "Mozilla/5.0 (X11; Linux x86_64) AppleWebKit/537.36 (KHTML, like Gecko)"
188.93.56.122 - - [09/Dec/2018:10:56:29 +0700] "GET /tracking.gif?email=madina.ibraeva.97%40mail.ru&mailing=206 HTTP/1.0" 200 197 "-" "Mozilla/5.0 (X11; Linux x86_64) AppleWebKit/537.36 (KHTML, like Gecko)"
188.93.56.123 - - [09/Dec/2018:10:57:32 +0700] "GET /tracking.gif?email=nikp_90%40mail.ru&mailing=206 HTTP/1.0" 200 197 "-" "Mozilla/5.0 (X11; Linux x86_64) AppleWebKit/537.36 (KHTML, like Gecko)"
188.93.56.126 - - [09/Dec/2018:10:57:37 +0700] "GET /tracking.gif?email=yanalu4793%40mail.ru&mailing=206 HTTP/1.0" 200 197 "-" "Mozilla/5.0 (X11; Linux x86_64) AppleWebKit/537.36 (KHTML, like Gecko)"
77.88.11.252 - - [09/Dec/2018:10:57:41 +0700] "GET /tracking.gif?email=hvoroff%40yandex.ru&mailing=191 HTTP/1.0" 200 197 "-" "Mozilla/5.0 (compatible; YandexImageResizer/2.0; +http://yandex.com/bots)"
188.93.56.127 - - [09/Dec/2018:10:58:09 +0700] "GET /tracking.gif?email=meteora80%40mail.ru&mailing=206 HTTP/1.0" 200 197 "-" "Mozilla/5.0 (X11; Linux x86_64) AppleWebKit/537.36 (KHTML, like Gecko)"
188.93.56.123 - - [09/Dec/2018:10:58:26 +0700] "GET /tracking.gif?email=rant.27%40mail.ru&mailing=206 HTTP/1.0" 200 197 "-" "Mozilla/5.0 (X11; Linux x86_64) AppleWebKit/537.36 (KHTML, like Gecko)"
188.93.56.129 - - [09/Dec/2018:10:58:38 +0700] "GET /tracking.gif?email=nikiforka%40mail.ru&mailing=206 HTTP/1.0" 200 197 "-" "Mozilla/5.0 (X11; Linux x86_64) AppleWebKit/537.36 (KHTML, like Gecko)"
2.60.198.118 - - [09/Dec/2018:10:58:41 +0700] "GET /unsubscribe/?email=rant.27%40mail.ru&mailing=206 HTTP/1.0" 200 974 "-" "Mozilla/5.0 (Linux; Android 8.0.0; SM-G950F) AppleWebKit/537.36 (KHTML, like Gecko) Chrome/70.0.3538.110 Mobile Safari/537.36"
2.60.198.118 - - [09/Dec/2018:10:58:41 +0700] "GET /img/popcorn.svg HTTP/1.0" 200 1187 "http://mailing.etobilet.ru/css/main.css" "Mozilla/5.0 (Linux; Android 8.0.0; SM-G950F) AppleWebKit/537.36 (KHTML, like Gecko) Chrome/70.0.3538.110 Mobile Safari/537.36"
2.60.198.118 - - [09/Dec/2018:10:58:46 +0700] "GET /unsubscribe/?email=rant.27%40mail.ru&mailing=206&confirmed=1 HTTP/1.0" 200 747 "http://mailing.etobilet.ru/unsubscribe/?email=rant.27%40mail.ru&mailing=206" "Mozilla/5.0 (Linux; Android 8.0.0; SM-G950F) AppleWebKit/537.36 (KHTML, like Gecko) Chrome/70.0.3538.110 Mobile Safari/537.36"
95.191.34.99 - - [09/Dec/2018:10:58:57 +0700] "GET /tracking.gif?email=andy.gergert%40outlook.com&mailing=170 HTTP/1.0" 200 197 "-" "Mozilla/5.0 (Linux; Android 7.1.2; MI 5X Build/N2G47H; wv) AppleWebKit/537.36 (KHTML, like Gecko) Version/4.0 Chrome/71.0.3578.83 Mobile Safari/537.36"
188.93.56.124 - - [09/Dec/2018:10:59:08 +0700] "GET /tracking.gif?email=mosunova_olga%40mail.ru&mailing=206 HTTP/1.0" 200 197 "-" "Mozilla/5.0 (X11; Linux x86_64) AppleWebKit/537.36 (KHTML, like Gecko)"
188.93.56.126 - - [09/Dec/2018:10:59:26 +0700] "GET /tracking.gif?email=ira.ostrovskaya.1997%40mail.ru&mailing=191 HTTP/1.0" 200 197 "-" "Mozilla/5.0 (X11; Linux x86_64) AppleWebKit/537.36 (KHTML, like Gecko)"
188.93.56.127 - - [09/Dec/2018:10:59:38 +0700] "GET /tracking.gif?email=Poiskovik-82%40mail.ru&mailing=206 HTTP/1.0" 200 197 "-" "Mozilla/5.0 (X11; Linux x86_64) AppleWebKit/537.36 (KHTML, like Gecko)"
188.93.56.122 - - [09/Dec/2018:11:01:36 +0700] "GET /tracking.gif?email=znanio%40mail.ru&mailing=206 HTTP/1.0" 200 197 "-" "Mozilla/5.0 (X11; Linux x86_64) AppleWebKit/537.36 (KHTML, like Gecko)"
188.93.56.127 - - [09/Dec/2018:11:01:43 +0700] "GET /tracking.gif?email=timoshin-888%40mail.ru&mailing=206 HTTP/1.0" 200 197 "-" "Mozilla/5.0 (X11; Linux x86_64) AppleWebKit/537.36 (KHTML, like Gecko)"
188.93.56.121 - - [09/Dec/2018:11:01:56 +0700] "GET /tracking.gif?email=olesa5394%40mail.ru&mailing=206 HTTP/1.0" 200 197 "-" "Mozilla/5.0 (X11; Linux x86_64) AppleWebKit/537.36 (KHTML, like Gecko)"
188.93.56.128 - - [09/Dec/2018:11:02:27 +0700] "GET /tracking.gif?email=Vadim_pl96%40mail.ru&mailing=206 HTTP/1.0" 200 197 "-" "Mozilla/5.0 (X11; Linux x86_64) AppleWebKit/537.36 (KHTML, like Gecko)"
188.93.56.127 - - [09/Dec/2018:11:02:46 +0700] "GET /tracking.gif?email=Stampa-omsk%40mail.ru&mailing=206 HTTP/1.0" 200 197 "-" "Mozilla/5.0 (X11; Linux x86_64) AppleWebKit/537.36 (KHTML, like Gecko)"
188.93.56.130 - - [09/Dec/2018:11:02:48 +0700] "GET /tracking.gif?email=verst_petrovich%40mail.ru&mailing=206 HTTP/1.0" 200 197 "-" "Mozilla/5.0 (X11; Linux x86_64) AppleWebKit/537.36 (KHTML, like Gecko)"
188.93.56.126 - - [09/Dec/2018:11:02:49 +0700] "GET /tracking.gif?email=volkov___86%40mail.ru&mailing=206 HTTP/1.0" 200 197 "-" "Mozilla/5.0 (X11; Linux x86_64) AppleWebKit/537.36 (KHTML, like Gecko)"
188.93.56.126 - - [09/Dec/2018:11:04:30 +0700] "GET /tracking.gif?email=pasha_rube%40mail.ru&mailing=206 HTTP/1.0" 200 197 "-" "Mozilla/5.0 (X11; Linux x86_64) AppleWebKit/537.36 (KHTML, like Gecko)"
176.59.208.128 - - [09/Dec/2018:11:04:45 +0700] "GET /tracking.gif?email=shorstkij2013%40mail.ru&mailing=206 HTTP/1.0" 200 197 "-" "Mozilla/5.0 (iPhone; CPU iPhone OS 11_4_1 like Mac OS X) AppleWebKit/605.1.15 (KHTML, like Gecko) Mobile/15G77"
188.93.56.122 - - [09/Dec/2018:11:04:46 +0700] "GET /tracking.gif?email=yana180789%40mail.ru&mailing=206 HTTP/1.0" 200 197 "-" "Mozilla/5.0 (X11; Linux x86_64) AppleWebKit/537.36 (KHTML, like Gecko)"
213.180.215.161 - - [09/Dec/2018:11:05:13 +0700] "GET /tracking.gif?email=yarowikowa.e%40yandex.ru&mailing=191 HTTP/1.0" 200 197 "-" "Mozilla/5.0 (compatible; YandexImageResizer/2.0; +http://yandex.com/bots)"
188.93.56.122 - - [09/Dec/2018:11:05:21 +0700] "GET /tracking.gif?email=y-b-l-o-c-h-k-o%40mail.ru&mailing=206 HTTP/1.0" 200 197 "-" "Mozilla/5.0 (X11; Linux x86_64) AppleWebKit/537.36 (KHTML, like Gecko)"
188.93.56.130 - - [09/Dec/2018:11:05:45 +0700] "GET /tracking.gif?email=Mashyla85%40mail.ru&mailing=206 HTTP/1.0" 200 197 "-" "Mozilla/5.0 (X11; Linux x86_64) AppleWebKit/537.36 (KHTML, like Gecko)"
188.93.56.122 - - [09/Dec/2018:11:05:55 +0700] "GET /tracking.gif?email=popova-t-n%40mail.ru&mailing=206 HTTP/1.0" 200 197 "-" "Mozilla/5.0 (X11; Linux x86_64) AppleWebKit/537.36 (KHTML, like Gecko)"
188.93.56.125 - - [09/Dec/2018:11:06:31 +0700] "GET /tracking.gif?email=dna75%40mail.ru&mailing=170 HTTP/1.0" 200 197 "-" "Mozilla/5.0 (X11; Linux x86_64) AppleWebKit/537.36 (KHTML, like Gecko)"
188.93.56.129 - - [09/Dec/2018:11:06:50 +0700] "GET /tracking.gif?email=makagon94%40mail.ru&mailing=206 HTTP/1.0" 200 197 "-" "Mozilla/5.0 (X11; Linux x86_64) AppleWebKit/537.36 (KHTML, like Gecko)"
188.93.56.130 - - [09/Dec/2018:11:07:18 +0700] "GET /tracking.gif?email=Shpet_bayan%40mail.ru&mailing=206 HTTP/1.0" 200 197 "-" "Mozilla/5.0 (X11; Linux x86_64) AppleWebKit/537.36 (KHTML, like Gecko)"
188.93.56.128 - - [09/Dec/2018:11:07:22 +0700] "GET /tracking.gif?email=lida-www%40mail.ru&mailing=206 HTTP/1.0" 200 197 "-" "Mozilla/5.0 (X11; Linux x86_64) AppleWebKit/537.36 (KHTML, like Gecko)"
188.93.56.127 - - [09/Dec/2018:11:07:27 +0700] "GET /tracking.gif?email=Vika_97.09%40mail.ru&mailing=206 HTTP/1.0" 200 197 "-" "Mozilla/5.0 (X11; Linux x86_64) AppleWebKit/537.36 (KHTML, like Gecko)"
213.87.122.107 - - [09/Dec/2018:11:07:31 +0700] "GET /tracking.gif?email=otrax1968%40mail.ru&mailing=191 HTTP/1.0" 200 197 "-" "Mozilla/5.0 (iPhone; CPU iPhone OS 11_2_6 like Mac OS X) AppleWebKit/604.5.6 (KHTML, like Gecko) Mobile/15D100"
188.93.56.128 - - [09/Dec/2018:11:07:32 +0700] "GET /tracking.gif?email=pdm55%40mail.ru&mailing=206 HTTP/1.0" 200 197 "-" "Mozilla/5.0 (X11; Linux x86_64) AppleWebKit/537.36 (KHTML, like Gecko)"
217.118.79.45 - - [09/Dec/2018:11:07:56 +0700] "GET /tracking.gif?email=wizorvi%40mail.ru&mailing=206 HTTP/1.0" 200 197 "-" "Mozilla/5.0 (iPhone; CPU iPhone OS 12_1 like Mac OS X) AppleWebKit/605.1.15 (KHTML, like Gecko) Mobile/16B92"
176.62.104.103 - - [09/Dec/2018:11:07:59 +0700] "GET /tracking.gif?email=rozin87%40mail.ru&mailing=206 HTTP/1.0" 200 197 "-" "Mozilla/5.0 (Linux; Android 6.0.1; Redmi Note 3 Build/MMB29M; wv) AppleWebKit/537.36 (KHTML, like Gecko) Version/4.0 Chrome/70.0.3538.110 Mobile Safari/537.36"
5.255.241.247 - - [09/Dec/2018:11:08:07 +0700] "GET /tracking.gif?email=edu%40reaktor55.ru&mailing=206 HTTP/1.0" 200 197 "-" "Mozilla/5.0 (compatible; YandexImageResizer/2.0; +http://yandex.com/bots)"
188.93.56.125 - - [09/Dec/2018:11:08:30 +0700] "GET /tracking.gif?email=vika9193%40mail.ru&mailing=206 HTTP/1.0" 200 197 "-" "Mozilla/5.0 (X11; Linux x86_64) AppleWebKit/537.36 (KHTML, like Gecko)"
188.93.56.129 - - [09/Dec/2018:11:08:44 +0700] "GET /tracking.gif?email=vmkoms%40mail.ru&mailing=206 HTTP/1.0" 200 197 "-" "Mozilla/5.0 (X11; Linux x86_64) AppleWebKit/537.36 (KHTML, like Gecko)"
188.93.56.122 - - [09/Dec/2018:11:09:12 +0700] "GET /tracking.gif?email=Pochta-201%40mail.ru&mailing=206 HTTP/1.0" 200 197 "-" "Mozilla/5.0 (X11; Linux x86_64) AppleWebKit/537.36 (KHTML, like Gecko)"
176.214.15.111 - - [09/Dec/2018:11:09:16 +0700] "GET /tracking.gif?email=tsipa_1970%40mail.ru&mailing=206 HTTP/1.0" 200 197 "-" "Mozilla/5.0 (iPad; CPU OS 12_0 like Mac OS X) AppleWebKit/605.1.15 (KHTML, like Gecko) Mobile/16A366"
188.93.56.127 - - [09/Dec/2018:11:09:26 +0700] "GET /tracking.gif?email=osennijveter%40mail.ru&mailing=206 HTTP/1.0" 200 197 "-" "Mozilla/5.0 (X11; Linux x86_64) AppleWebKit/537.36 (KHTML, like Gecko)"
188.93.56.128 - - [09/Dec/2018:11:10:20 +0700] "GET /tracking.gif?email=medina_julia%40mail.ru&mailing=206 HTTP/1.0" 200 197 "-" "Mozilla/5.0 (X11; Linux x86_64) AppleWebKit/537.36 (KHTML, like Gecko)"
188.93.56.121 - - [09/Dec/2018:11:11:34 +0700] "GET /tracking.gif?email=tebenkova25list%40mail.ru&mailing=206 HTTP/1.0" 200 197 "-" "Mozilla/5.0 (X11; Linux x86_64) AppleWebKit/537.36 (KHTML, like Gecko)"
95.189.198.143 - - [09/Dec/2018:11:11:52 +0700] "GET /tracking.gif?email=xaxol.1989%40mail.ru&mailing=206 HTTP/1.0" 200 197 "-" "Mozilla/5.0 (iPhone; CPU iPhone OS 10_3_3 like Mac OS X) AppleWebKit/603.3.8 (KHTML, like Gecko) Mobile/14G60"
213.87.123.242 - - [09/Dec/2018:11:12:18 +0700] "GET /tracking.gif?email=ribakova_nata%40mail.ru&mailing=206 HTTP/1.0" 200 197 "-" "Mozilla/5.0 (iPhone; CPU iPhone OS 8_4_1 like Mac OS X) AppleWebKit/600.1.4 (KHTML, like Gecko) Mobile/12H321"
188.93.56.130 - - [09/Dec/2018:11:12:49 +0700] "GET /tracking.gif?email=polouxina%40mail.ru&mailing=206 HTTP/1.0" 200 197 "-" "Mozilla/5.0 (X11; Linux x86_64) AppleWebKit/537.36 (KHTML, like Gecko)"
188.93.56.121 - - [09/Dec/2018:11:13:03 +0700] "GET /tracking.gif?email=shishmakov65%40mail.ru&mailing=206 HTTP/1.0" 200 197 "-" "Mozilla/5.0 (X11; Linux x86_64) AppleWebKit/537.36 (KHTML, like Gecko)"
188.93.56.123 - - [09/Dec/2018:11:14:00 +0700] "GET /tracking.gif?email=zaichik3%40mail.ru&mailing=206 HTTP/1.0" 200 197 "-" "Mozilla/5.0 (X11; Linux x86_64) AppleWebKit/537.36 (KHTML, like Gecko)"
188.93.56.126 - - [09/Dec/2018:11:14:54 +0700] "GET /tracking.gif?email=sorokina-s70%40mail.ru&mailing=206 HTTP/1.0" 200 197 "-" "Mozilla/5.0 (X11; Linux x86_64) AppleWebKit/537.36 (KHTML, like Gecko)"
188.93.56.129 - - [09/Dec/2018:11:14:56 +0700] "GET /tracking.gif?email=p.pyatkov%40mail.ru&mailing=206 HTTP/1.0" 200 197 "-" "Mozilla/5.0 (X11; Linux x86_64) AppleWebKit/537.36 (KHTML, like Gecko)"
188.93.56.127 - - [09/Dec/2018:11:15:11 +0700] "GET /tracking.gif?email=Ognezachita85%40mail.ru&mailing=206 HTTP/1.0" 200 197 "-" "Mozilla/5.0 (X11; Linux x86_64) AppleWebKit/537.36 (KHTML, like Gecko)"
188.93.56.128 - - [09/Dec/2018:11:16:17 +0700] "GET /tracking.gif?email=sashafab%40mail.ru&mailing=206 HTTP/1.0" 200 197 "-" "Mozilla/5.0 (X11; Linux x86_64) AppleWebKit/537.36 (KHTML, like Gecko)"
46.233.217.42 - - [09/Dec/2018:11:16:18 +0700] "GET /tracking.gif?email=omskserg%40mail.ru&mailing=191 HTTP/1.0" 200 197 "-" "Mozilla/5.0 (iPhone; CPU iPhone OS 12_1 like Mac OS X) AppleWebKit/605.1.15 (KHTML, like Gecko) Mobile/16B92"
46.233.217.42 - - [09/Dec/2018:11:16:30 +0700] "GET /unsubscribe/?email=omskserg%40mail.ru&mailing=191 HTTP/1.0" 200 973 "-" "Mozilla/5.0 (iPhone; CPU iPhone OS 12_1 like Mac OS X) AppleWebKit/605.1.15 (KHTML, like Gecko) Version/12.0 Mobile/15E148 Safari/604.1"
46.233.217.42 - - [09/Dec/2018:11:16:31 +0700] "GET /img/popcorn.svg HTTP/1.0" 200 1187 "http://mailing.etobilet.ru/unsubscribe/?email=omskserg%40mail.ru&mailing=191" "Mozilla/5.0 (iPhone; CPU iPhone OS 12_1 like Mac OS X) AppleWebKit/605.1.15 (KHTML, like Gecko) Version/12.0 Mobile/15E148 Safari/604.1"
188.93.56.126 - - [09/Dec/2018:11:16:34 +0700] "GET /tracking.gif?email=s_gordeev%40mail.ru&mailing=206 HTTP/1.0" 200 197 "-" "Mozilla/5.0 (X11; Linux x86_64) AppleWebKit/537.36 (KHTML, like Gecko)"
46.233.217.42 - - [09/Dec/2018:11:16:36 +0700] "GET /unsubscribe/?email=omskserg%40mail.ru&mailing=191&confirmed=1 HTTP/1.0" 200 744 "http://mailing.etobilet.ru/unsubscribe/?email=omskserg%40mail.ru&mailing=191" "Mozilla/5.0 (iPhone; CPU iPhone OS 12_1 like Mac OS X) AppleWebKit/605.1.15 (KHTML, like Gecko) Version/12.0 Mobile/15E148 Safari/604.1"
213.87.123.84 - - [09/Dec/2018:11:16:58 +0700] "GET /tracking.gif?email=zakharcheva79%40mail.ru&mailing=206 HTTP/1.0" 200 197 "-" "Mozilla/5.0 (Linux; Android 7.0; Redmi Note 4 Build/NRD90M; wv) AppleWebKit/537.36 (KHTML, like Gecko) Version/4.0 Chrome/71.0.3578.83 Mobile Safari/537.36"
46.233.230.37 - - [09/Dec/2018:11:17:55 +0700] "GET /tracking.gif?email=tantashevk%40mail.ru&mailing=206 HTTP/1.0" 200 197 "-" "Mozilla/5.0 (iPad; CPU OS 10_3_2 like Mac OS X) AppleWebKit/603.2.4 (KHTML, like Gecko) Mobile/14F89"
188.93.56.123 - - [09/Dec/2018:11:18:34 +0700] "GET /tracking.gif?email=vakulov_n.v%40mail.ru&mailing=206 HTTP/1.0" 200 197 "-" "Mozilla/5.0 (X11; Linux x86_64) AppleWebKit/537.36 (KHTML, like Gecko)"
188.93.56.121 - - [09/Dec/2018:11:18:56 +0700] "GET /tracking.gif?email=Tyulyubaevsd%40mail.ru&mailing=206 HTTP/1.0" 200 197 "-" "Mozilla/5.0 (X11; Linux x86_64) AppleWebKit/537.36 (KHTML, like Gecko)"
188.93.56.127 - - [09/Dec/2018:11:20:10 +0700] "GET /tracking.gif?email=maxim_ka_123%40mail.ru&mailing=206 HTTP/1.0" 200 197 "-" "Mozilla/5.0 (X11; Linux x86_64) AppleWebKit/537.36 (KHTML, like Gecko)"
188.93.56.121 - - [09/Dec/2018:11:20:33 +0700] "GET /tracking.gif?email=jeeny_mogi_1995%40mail.ru&mailing=206 HTTP/1.0" 200 197 "-" "Mozilla/5.0 (X11; Linux x86_64) AppleWebKit/537.36 (KHTML, like Gecko)"
188.93.56.126 - - [09/Dec/2018:11:21:06 +0700] "GET /tracking.gif?email=olga.butakova.85%40mail.ru&mailing=206 HTTP/1.0" 200 197 "-" "Mozilla/5.0 (X11; Linux x86_64) AppleWebKit/537.36 (KHTML, like Gecko)"
188.93.56.125 - - [09/Dec/2018:11:21:30 +0700] "GET /tracking.gif?email=tolikbig%40mail.ru&mailing=206 HTTP/1.0" 200 197 "-" "Mozilla/5.0 (X11; Linux x86_64) AppleWebKit/537.36 (KHTML, like Gecko)"
188.93.56.128 - - [09/Dec/2018:11:21:36 +0700] "GET /tracking.gif?email=sibflash%40mail.ru&mailing=206 HTTP/1.0" 200 197 "-" "Mozilla/5.0 (X11; Linux x86_64) AppleWebKit/537.36 (KHTML, like Gecko)"
176.59.151.233 - - [09/Dec/2018:11:23:34 +0700] "GET /tracking.gif?email=Kipreeva99%40mail.ru&mailing=206 HTTP/1.0" 200 197 "-" "Mozilla/5.0 (iPhone; CPU iPhone OS 11_2_5 like Mac OS X) AppleWebKit/604.5.6 (KHTML, like Gecko) Mobile/15D60"
188.93.56.125 - - [09/Dec/2018:11:23:39 +0700] "GET /tracking.gif?email=toyarova75%40mail.ru&mailing=206 HTTP/1.0" 200 197 "-" "Mozilla/5.0 (X11; Linux x86_64) AppleWebKit/537.36 (KHTML, like Gecko)"
188.93.56.125 - - [09/Dec/2018:11:23:54 +0700] "GET /tracking.gif?email=overlord_05%40mail.ru&mailing=206 HTTP/1.0" 200 197 "-" "Mozilla/5.0 (X11; Linux x86_64) AppleWebKit/537.36 (KHTML, like Gecko)"
188.93.56.122 - - [09/Dec/2018:11:24:44 +0700] "GET /tracking.gif?email=o.m.darenskaya%40mail.ru&mailing=206 HTTP/1.0" 200 197 "-" "Mozilla/5.0 (X11; Linux x86_64) AppleWebKit/537.36 (KHTML, like Gecko)"
188.93.56.123 - - [09/Dec/2018:11:25:18 +0700] "GET /tracking.gif?email=marrry_me%40mail.ru&mailing=206 HTTP/1.0" 200 197 "-" "Mozilla/5.0 (X11; Linux x86_64) AppleWebKit/537.36 (KHTML, like Gecko)"
46.233.233.16 - - [09/Dec/2018:11:25:52 +0700] "GET /tracking.gif?email=Uscta-ftar%40mail.ru&mailing=206 HTTP/1.0" 200 197 "-" "Mozilla/5.0 (iPad; CPU OS 9_3_5 like Mac OS X) AppleWebKit/601.1.46 (KHTML, like Gecko) Mobile/13G36"
178.216.222.230 - - [09/Dec/2018:11:25:58 +0700] "GET /tracking.gif?email=ratnik.83%40mail.ru&mailing=206 HTTP/1.0" 200 197 "-" "Mozilla/5.0 (iPhone; CPU iPhone OS 12_1 like Mac OS X) AppleWebKit/605.1.15 (KHTML, like Gecko) Mobile/16B92"
188.93.56.127 - - [09/Dec/2018:11:26:36 +0700] "GET /tracking.gif?email=sklyueva1997%40mail.ru&mailing=206 HTTP/1.0" 200 197 "-" "Mozilla/5.0 (X11; Linux x86_64) AppleWebKit/537.36 (KHTML, like Gecko)"
188.93.56.127 - - [09/Dec/2018:11:27:18 +0700] "GET /tracking.gif?email=sklyueva1997%40mail.ru&mailing=206 HTTP/1.0" 200 197 "-" "Mozilla/5.0 (X11; Linux x86_64) AppleWebKit/537.36 (KHTML, like Gecko)"
188.93.56.121 - - [09/Dec/2018:11:28:06 +0700] "GET /tracking.gif?email=polina.degovczova%40mail.ru&mailing=206 HTTP/1.0" 200 197 "-" "Mozilla/5.0 (X11; Linux x86_64) AppleWebKit/537.36 (KHTML, like Gecko)"
188.93.56.124 - - [09/Dec/2018:11:29:01 +0700] "GET /tracking.gif?email=victoria.altina%40mail.ru&mailing=206 HTTP/1.0" 200 197 "-" "Mozilla/5.0 (X11; Linux x86_64) AppleWebKit/537.36 (KHTML, like Gecko)"
188.93.56.125 - - [09/Dec/2018:11:29:27 +0700] "GET /tracking.gif?email=sanekmail%40mail.ru&mailing=206 HTTP/1.0" 200 197 "-" "Mozilla/5.0 (X11; Linux x86_64) AppleWebKit/537.36 (KHTML, like Gecko)"
188.93.56.124 - - [09/Dec/2018:11:29:36 +0700] "GET /tracking.gif?email=M.A.X.I.M.777%40MAIL.RU&mailing=206 HTTP/1.0" 200 197 "-" "Mozilla/5.0 (X11; Linux x86_64) AppleWebKit/537.36 (KHTML, like Gecko)"
188.93.56.124 - - [09/Dec/2018:11:29:43 +0700] "GET /tracking.gif?email=Svetlanapoznak%40mail.ru&mailing=206 HTTP/1.0" 200 197 "-" "Mozilla/5.0 (X11; Linux x86_64) AppleWebKit/537.36 (KHTML, like Gecko)"
188.93.56.124 - - [09/Dec/2018:11:29:48 +0700] "GET /tracking.gif?email=Svetlanapoznak%40mail.ru&mailing=206 HTTP/1.0" 200 197 "-" "Mozilla/5.0 (X11; Linux x86_64) AppleWebKit/537.36 (KHTML, like Gecko)"
188.93.56.128 - - [09/Dec/2018:11:30:13 +0700] "GET /tracking.gif?email=nadyxa321%40mail.ru&mailing=206 HTTP/1.0" 200 197 "-" "Mozilla/5.0 (X11; Linux x86_64) AppleWebKit/537.36 (KHTML, like Gecko)"
176.214.0.247 - - [09/Dec/2018:11:31:07 +0700] "GET /tracking.gif?email=rereress95%40mail.ru&mailing=206 HTTP/1.0" 200 197 "-" "Mozilla/5.0 (iPhone; CPU iPhone OS 12_1 like Mac OS X) AppleWebKit/605.1.15 (KHTML, like Gecko) Mobile/16B92"
188.93.56.127 - - [09/Dec/2018:11:31:17 +0700] "GET /tracking.gif?email=laptev_vs%40mail.ru&mailing=206 HTTP/1.0" 200 197 "-" "Mozilla/5.0 (X11; Linux x86_64) AppleWebKit/537.36 (KHTML, like Gecko)"
176.59.147.135 - - [09/Dec/2018:11:31:32 +0700] "GET /tracking.gif?email=olgakulisheva83%40mail.ru&mailing=206 HTTP/1.0" 200 197 "-" "Mozilla/5.0 (Linux; Android 7.0; SM-A310F Build/NRD90M; wv) AppleWebKit/537.36 (KHTML, like Gecko) Version/4.0 Chrome/70.0.3538.64 Mobile Safari/537.36"
2.60.47.60 - - [09/Dec/2018:11:31:42 +0700] "GET /tracking.gif?email=tumanova_201292%40mail.ru&mailing=206 HTTP/1.0" 200 197 "-" "Mozilla/5.0 (iPhone; CPU iPhone OS 11_4_1 like Mac OS X) AppleWebKit/605.1.15 (KHTML, like Gecko) Mobile/15G77"
188.93.56.126 - - [09/Dec/2018:11:33:52 +0700] "GET /tracking.gif?email=a_sorokovoi%40mail.ru&mailing=191 HTTP/1.0" 200 197 "-" "Mozilla/5.0 (X11; Linux x86_64) AppleWebKit/537.36 (KHTML, like Gecko)"
188.93.56.130 - - [09/Dec/2018:11:34:08 +0700] "GET /tracking.gif?email=otkt-snab%40mail.ru&mailing=206 HTTP/1.0" 200 197 "-" "Mozilla/5.0 (X11; Linux x86_64) AppleWebKit/537.36 (KHTML, like Gecko)"
146.158.121.216 - - [09/Dec/2018:11:34:54 +0700] "GET /tracking.gif?email=Sergeikozluk%40icloud.com&mailing=193 HTTP/1.0" 200 197 "-" "Mozilla/5.0 (iPad; CPU OS 12_1 like Mac OS X) AppleWebKit/605.1.15 (KHTML, like Gecko) Mobile/16B92"
188.93.56.129 - - [09/Dec/2018:11:35:08 +0700] "GET /tracking.gif?email=m.belousko%40mail.ru&mailing=206 HTTP/1.0" 200 197 "-" "Mozilla/5.0 (X11; Linux x86_64) AppleWebKit/537.36 (KHTML, like Gecko)"
188.93.56.128 - - [09/Dec/2018:11:35:12 +0700] "GET /tracking.gif?email=u-ri72%40mail.ru&mailing=206 HTTP/1.0" 200 197 "-" "Mozilla/5.0 (X11; Linux x86_64) AppleWebKit/537.36 (KHTML, like Gecko)"
188.93.56.121 - - [09/Dec/2018:11:35:50 +0700] "GET /tracking.gif?email=pelevink8908%40mail.ru&mailing=191 HTTP/1.0" 200 197 "-" "Mozilla/5.0 (X11; Linux x86_64) AppleWebKit/537.36 (KHTML, like Gecko)"
188.93.56.121 - - [09/Dec/2018:11:36:02 +0700] "GET /tracking.gif?email=vp1505%40mail.ru&mailing=206 HTTP/1.0" 200 197 "-" "Mozilla/5.0 (X11; Linux x86_64) AppleWebKit/537.36 (KHTML, like Gecko)"
188.93.56.121 - - [09/Dec/2018:11:36:33 +0700] "GET /tracking.gif?email=Ksufilippova%40mail.ru&mailing=206 HTTP/1.0" 200 197 "-" "Mozilla/5.0 (X11; Linux x86_64) AppleWebKit/537.36 (KHTML, like Gecko)"
188.93.56.128 - - [09/Dec/2018:11:37:03 +0700] "GET /tracking.gif?email=sk-iron%40bk.ru&mailing=206 HTTP/1.0" 200 197 "-" "Mozilla/5.0 (X11; Linux x86_64) AppleWebKit/537.36 (KHTML, like Gecko)"
94.137.61.33 - - [09/Dec/2018:11:38:07 +0700] "GET /tracking.gif?email=Kukoba_Anton%40mail.ru&mailing=191 HTTP/1.0" 200 197 "-" "Mozilla/5.0 (iPhone; CPU iPhone OS 11_4_1 like Mac OS X) AppleWebKit/605.1.15 (KHTML, like Gecko) Mobile/15G77"
188.93.56.123 - - [09/Dec/2018:11:39:03 +0700] "GET /tracking.gif?email=taniantpi%40mail.ru&mailing=191 HTTP/1.0" 200 197 "-" "Mozilla/5.0 (X11; Linux x86_64) AppleWebKit/537.36 (KHTML, like Gecko)"
188.17.62.50 - - [09/Dec/2018:11:39:07 +0700] "GET /tracking.gif?email=nmtor%40ya.ru&mailing=193 HTTP/1.0" 200 197 "http://mobile-mail.google.com/1834164824/1352952687843950514" "Mozilla/5.0 (Linux; Android 8.0.0; SM-G950F Build/R16NW; wv) AppleWebKit/537.36 (KHTML, like Gecko) Version/4.0 Chrome/70.0.3538.110 Mobile Safari/537.36"
188.93.56.130 - - [09/Dec/2018:11:39:34 +0700] "GET /tracking.gif?email=liza.andreeva72%40mail.ru&mailing=206 HTTP/1.0" 200 197 "-" "Mozilla/5.0 (X11; Linux x86_64) AppleWebKit/537.36 (KHTML, like Gecko)"
188.93.56.127 - - [09/Dec/2018:11:39:41 +0700] "GET /tracking.gif?email=andrei-zelikson%40mail.ru&mailing=191 HTTP/1.0" 200 197 "-" "Mozilla/5.0 (X11; Linux x86_64) AppleWebKit/537.36 (KHTML, like Gecko)"
188.93.56.126 - - [09/Dec/2018:11:39:44 +0700] "GET /tracking.gif?email=london_5.10%40mail.ru&mailing=206 HTTP/1.0" 200 197 "-" "Mozilla/5.0 (X11; Linux x86_64) AppleWebKit/537.36 (KHTML, like Gecko)"
109.120.49.102 - - [09/Dec/2018:11:39:58 +0700] "GET /tracking.gif?email=P_svic%40mail.ru&mailing=206 HTTP/1.0" 200 197 "-" "Mozilla/5.0 (iPhone; CPU iPhone OS 12_1_1 like Mac OS X) AppleWebKit/605.1.15 (KHTML, like Gecko) Mobile/16C50"
188.93.56.123 - - [09/Dec/2018:11:40:08 +0700] "GET /tracking.gif?email=omsk-wowa%40mail.ru&mailing=206 HTTP/1.0" 200 197 "-" "Mozilla/5.0 (X11; Linux x86_64) AppleWebKit/537.36 (KHTML, like Gecko)"
188.93.56.130 - - [09/Dec/2018:11:40:33 +0700] "GET /tracking.gif?email=omsk-wowa%40mail.ru&mailing=206 HTTP/1.0" 200 197 "-" "Mozilla/5.0 (X11; Linux x86_64) AppleWebKit/537.36 (KHTML, like Gecko)"
128.73.113.102 - - [09/Dec/2018:11:42:29 +0700] "GET /tracking.gif?email=shvem%40mail.ru&mailing=206 HTTP/1.0" 200 197 "-" "Mozilla/5.0 (iPhone; CPU iPhone OS 12_1 like Mac OS X) AppleWebKit/605.1.15 (KHTML, like Gecko) Mobile/16B92"
188.93.56.125 - - [09/Dec/2018:11:42:57 +0700] "GET /tracking.gif?email=shtaiger36%40mail.ru&mailing=206 HTTP/1.0" 200 197 "-" "Mozilla/5.0 (X11; Linux x86_64) AppleWebKit/537.36 (KHTML, like Gecko)"
188.93.56.121 - - [09/Dec/2018:11:43:22 +0700] "GET /tracking.gif?email=uehnmtdf10a%40mail.ru&mailing=206 HTTP/1.0" 200 197 "-" "Mozilla/5.0 (X11; Linux x86_64) AppleWebKit/537.36 (KHTML, like Gecko)"
188.93.56.122 - - [09/Dec/2018:11:43:27 +0700] "GET /tracking.gif?email=prociv72%40mail.ru&mailing=206 HTTP/1.0" 200 197 "-" "Mozilla/5.0 (X11; Linux x86_64) AppleWebKit/537.36 (KHTML, like Gecko)"
2.60.200.123 - - [09/Dec/2018:11:44:08 +0700] "GET /tracking.gif?email=procolharum%40mail.ru&mailing=206 HTTP/1.0" 200 197 "-" "Mozilla/5.0 (Windows NT 10.0; WOW64; rv:60.0) Gecko/20100101 Thunderbird/60.3.1 Lightning/6.2.3.1"
188.93.56.125 - - [09/Dec/2018:11:44:40 +0700] "GET /tracking.gif?email=prazdnik.olya-la%40mail.ru&mailing=206 HTTP/1.0" 200 197 "-" "Mozilla/5.0 (X11; Linux x86_64) AppleWebKit/537.36 (KHTML, like Gecko)"
188.93.56.127 - - [09/Dec/2018:11:44:44 +0700] "GET /tracking.gif?email=vika.mylnikova.94%40bk.ru&mailing=191 HTTP/1.0" 200 197 "-" "Mozilla/5.0 (X11; Linux x86_64) AppleWebKit/537.36 (KHTML, like Gecko)"
95.189.220.230 - - [09/Dec/2018:11:44:57 +0700] "GET /tracking.gif?email=sht-dealer%40mail.ru&mailing=191 HTTP/1.0" 200 197 "-" "Mozilla/4.0 (compatible; MSIE 7.0; Windows NT 6.1; Trident/7.0; SLCC2; .NET CLR 2.0.50727; .NET CLR 3.5.30729; .NET CLR 3.0.30729; .NET4.0C; .NET4.0E; InfoPath.3; Microsoft Outlook 15.0.5075; ms-office; MSOffice 15)"
95.189.220.230 - - [09/Dec/2018:11:45:06 +0700] "GET /tracking.gif?email=sht-dealer%40mail.ru&mailing=191 HTTP/1.0" 200 197 "-" "Mozilla/4.0 (compatible; MSIE 7.0; Windows NT 6.1; Trident/7.0; SLCC2; .NET CLR 2.0.50727; .NET CLR 3.5.30729; .NET CLR 3.0.30729; .NET4.0C; .NET4.0E; InfoPath.3; Microsoft Outlook 15.0.5075; ms-office; MSOffice 15)"
176.59.144.87 - - [09/Dec/2018:11:45:20 +0700] "GET /tracking.gif?email=marina3678_38%40mail.ru&mailing=206 HTTP/1.0" 200 197 "-" "Mozilla/5.0 (iPhone; CPU iPhone OS 11_3 like Mac OS X) AppleWebKit/605.1.15 (KHTML, like Gecko) Mobile/15E216"
188.93.56.122 - - [09/Dec/2018:11:45:57 +0700] "GET /tracking.gif?email=Ksv1707%40mail.ru&mailing=206 HTTP/1.0" 200 197 "-" "Mozilla/5.0 (X11; Linux x86_64) AppleWebKit/537.36 (KHTML, like Gecko)"
188.93.56.122 - - [09/Dec/2018:11:46:01 +0700] "GET /tracking.gif?email=shd79%40mail.ru&mailing=206 HTTP/1.0" 200 197 "-" "Mozilla/5.0 (X11; Linux x86_64) AppleWebKit/537.36 (KHTML, like Gecko)"
188.93.56.127 - - [09/Dec/2018:11:46:03 +0700] "GET /tracking.gif?email=kolomoec-tania%40mail.ru&mailing=191 HTTP/1.0" 200 197 "-" "Mozilla/5.0 (X11; Linux x86_64) AppleWebKit/537.36 (KHTML, like Gecko)"
213.87.225.187 - - [09/Dec/2018:11:46:27 +0700] "GET /tracking.gif?email=vip.seeem%40mail.ru&mailing=191 HTTP/1.0" 200 197 "-" "Mozilla/5.0 (Linux; Android 7.1.2; M6 Note Build/N2G47H; wv) AppleWebKit/537.36 (KHTML, like Gecko) Version/4.0 Chrome/70.0.3538.80 Mobile Safari/537.36"
188.93.56.125 - - [09/Dec/2018:11:46:39 +0700] "GET /tracking.gif?email=olga-stany%40mail.ru&mailing=206 HTTP/1.0" 200 197 "-" "Mozilla/5.0 (X11; Linux x86_64) AppleWebKit/537.36 (KHTML, like Gecko)"
213.180.215.169 - - [09/Dec/2018:11:47:08 +0700] "GET /tracking.gif?email=alex73148%40yandex.ru&mailing=193 HTTP/1.0" 200 197 "-" "Mozilla/5.0 (compatible; YandexImageResizer/2.0; +http://yandex.com/bots)"
188.93.56.124 - - [09/Dec/2018:11:47:48 +0700] "GET /tracking.gif?email=Ut_sibvo_55%40mail.ru&mailing=206 HTTP/1.0" 200 197 "-" "Mozilla/5.0 (X11; Linux x86_64) AppleWebKit/537.36 (KHTML, like Gecko)"
5.255.241.240 - - [09/Dec/2018:11:48:00 +0700] "GET /tracking.gif?email=kosta20132013%40mail.ru&mailing=206 HTTP/1.0" 200 197 "-" "Mozilla/5.0 (compatible; YandexImageResizer/2.0; +http://yandex.com/bots)"
188.93.56.122 - - [09/Dec/2018:11:48:02 +0700] "GET /tracking.gif?email=S.p.k.2010%40mail.ru&mailing=206 HTTP/1.0" 200 197 "-" "Mozilla/5.0 (X11; Linux x86_64) AppleWebKit/537.36 (KHTML, like Gecko)"
188.93.56.128 - - [09/Dec/2018:11:48:27 +0700] "GET /tracking.gif?email=s_kendux84%40mail.ru&mailing=206 HTTP/1.0" 200 197 "-" "Mozilla/5.0 (X11; Linux x86_64) AppleWebKit/537.36 (KHTML, like Gecko)"
176.210.1.185 - - [09/Dec/2018:11:48:37 +0700] "GET /tracking.gif?email=migan55%40mail.ru&mailing=206 HTTP/1.0" 200 197 "-" "Mozilla/5.0 (Macintosh; Intel Mac OS X 10_14_2) AppleWebKit/605.1.15 (KHTML, like Gecko)"
188.93.56.121 - - [09/Dec/2018:11:48:45 +0700] "GET /tracking.gif?email=ok_alieva%40mail.ru&mailing=206 HTTP/1.0" 200 197 "-" "Mozilla/5.0 (X11; Linux x86_64) AppleWebKit/537.36 (KHTML, like Gecko)"
188.93.56.124 - - [09/Dec/2018:11:48:48 +0700] "GET /tracking.gif?email=uehnmtdf10a%40mail.ru&mailing=206 HTTP/1.0" 200 197 "-" "Mozilla/5.0 (X11; Linux x86_64) AppleWebKit/537.36 (KHTML, like Gecko)"
109.226.246.172 - - [09/Dec/2018:11:48:58 +0700] "GET /tracking.gif?email=Wollker%40mail.ru&mailing=206 HTTP/1.0" 200 197 "http://mobile-mail.google.com/1597839002/-2633149738532455021" "Mozilla/5.0 (Linux; Android 8.0.0; ZS620KL Build/OPR1.170623.032; wv) AppleWebKit/537.36 (KHTML, like Gecko) Version/4.0 Chrome/70.0.3538.110 Mobile Safari/537.36"
95.189.220.230 - - [09/Dec/2018:11:49:49 +0700] "GET /tracking.gif?email=sht-dealer%40mail.ru&mailing=191 HTTP/1.0" 200 197 "-" "Mozilla/4.0 (compatible; MSIE 7.0; Windows NT 6.1; Trident/7.0; SLCC2; .NET CLR 2.0.50727; .NET CLR 3.5.30729; .NET CLR 3.0.30729; .NET4.0C; .NET4.0E; InfoPath.3; Microsoft Outlook 15.0.5075; ms-office; MSOffice 15)"
95.189.220.230 - - [09/Dec/2018:11:49:49 +0700] "GET /tracking.gif?email=sht-dealer%40mail.ru&mailing=191 HTTP/1.0" 200 197 "-" "Mozilla/4.0 (compatible; MSIE 7.0; Windows NT 6.1; Trident/7.0; SLCC2; .NET CLR 2.0.50727; .NET CLR 3.5.30729; .NET CLR 3.0.30729; .NET4.0C; .NET4.0E; InfoPath.3; Microsoft Outlook 15.0.5075; ms-office; MSOffice 15)"
188.93.56.129 - - [09/Dec/2018:11:50:30 +0700] "GET /tracking.gif?email=Zainap05%40bk.ru&mailing=193 HTTP/1.0" 200 197 "-" "Mozilla/5.0 (X11; Linux x86_64) AppleWebKit/537.36 (KHTML, like Gecko)"
178.74.109.93 - - [09/Dec/2018:11:51:25 +0700] "GET /tracking.gif?email=Niko2806%40mail.ru&mailing=206 HTTP/1.0" 200 197 "-" "Mozilla/5.0 (iPhone; CPU iPhone OS 12_1 like Mac OS X) AppleWebKit/605.1.15 (KHTML, like Gecko) Mobile/16B92"
2.60.58.164 - - [09/Dec/2018:11:51:25 +0700] "GET /tracking.gif?email=murovskaya%40mail.ru&mailing=206 HTTP/1.0" 200 197 "-" "Mozilla/5.0 (iPhone; CPU iPhone OS 12_1 like Mac OS X) AppleWebKit/605.1.15 (KHTML, like Gecko) Mobile/16B92"
188.93.56.122 - - [09/Dec/2018:11:52:09 +0700] "GET /tracking.gif?email=svetlana.minakova.65%40mail.ru&mailing=206 HTTP/1.0" 200 197 "-" "Mozilla/5.0 (X11; Linux x86_64) AppleWebKit/537.36 (KHTML, like Gecko)"
188.93.56.127 - - [09/Dec/2018:11:52:19 +0700] "GET /tracking.gif?email=saden4%40mail.ru&mailing=206 HTTP/1.0" 200 197 "-" "Mozilla/5.0 (X11; Linux x86_64) AppleWebKit/537.36 (KHTML, like Gecko)"
188.93.56.125 - - [09/Dec/2018:11:52:29 +0700] "GET /tracking.gif?email=sonar_omsk%40mail.ru&mailing=206 HTTP/1.0" 200 197 "-" "Mozilla/5.0 (X11; Linux x86_64) AppleWebKit/537.36 (KHTML, like Gecko)"
188.93.56.122 - - [09/Dec/2018:11:52:36 +0700] "GET /tracking.gif?email=kiryakova.94.94%40mail.ru&mailing=206 HTTP/1.0" 200 197 "-" "Mozilla/5.0 (X11; Linux x86_64) AppleWebKit/537.36 (KHTML, like Gecko)"
188.93.56.122 - - [09/Dec/2018:11:52:40 +0700] "GET /tracking.gif?email=Porohnin_iu78%40mail.ru&mailing=206 HTTP/1.0" 200 197 "-" "Mozilla/5.0 (X11; Linux x86_64) AppleWebKit/537.36 (KHTML, like Gecko)"
188.93.56.122 - - [09/Dec/2018:11:53:12 +0700] "GET /tracking.gif?email=zhenek_kil%40mail.ru&mailing=206 HTTP/1.0" 200 197 "-" "Mozilla/5.0 (X11; Linux x86_64) AppleWebKit/537.36 (KHTML, like Gecko)"
188.93.56.125 - - [09/Dec/2018:11:53:39 +0700] "GET /tracking.gif?email=sha.trololo%40mail.ru&mailing=206 HTTP/1.0" 200 197 "-" "Mozilla/5.0 (X11; Linux x86_64) AppleWebKit/537.36 (KHTML, like Gecko)"
188.93.56.123 - - [09/Dec/2018:11:53:44 +0700] "GET /tracking.gif?email=sha.trololo%40mail.ru&mailing=206 HTTP/1.0" 200 197 "-" "Mozilla/5.0 (X11; Linux x86_64) AppleWebKit/537.36 (KHTML, like Gecko)"
188.93.56.130 - - [09/Dec/2018:11:53:57 +0700] "GET /tracking.gif?email=osidelnikova79%40mail.ru&mailing=206 HTTP/1.0" 200 197 "-" "Mozilla/5.0 (X11; Linux x86_64) AppleWebKit/537.36 (KHTML, like Gecko)"
188.93.56.130 - - [09/Dec/2018:11:54:01 +0700] "GET /tracking.gif?email=pygachova_ksenia%40mail.ru&mailing=206 HTTP/1.0" 200 197 "-" "Mozilla/5.0 (X11; Linux x86_64) AppleWebKit/537.36 (KHTML, like Gecko)"
188.93.56.130 - - [09/Dec/2018:11:54:11 +0700] "GET /tracking.gif?email=Marsha.voronenko.85%40mail.ru&mailing=206 HTTP/1.0" 200 197 "-" "Mozilla/5.0 (X11; Linux x86_64) AppleWebKit/537.36 (KHTML, like Gecko)"
188.93.56.127 - - [09/Dec/2018:11:55:02 +0700] "GET /tracking.gif?email=Marsha.voronenko.85%40mail.ru&mailing=206 HTTP/1.0" 200 197 "-" "Mozilla/5.0 (X11; Linux x86_64) AppleWebKit/537.36 (KHTML, like Gecko)"
213.87.121.221 - - [09/Dec/2018:11:55:23 +0700] "GET /tracking.gif?email=hullication%40mail.ru&mailing=206 HTTP/1.0" 200 197 "-" "Mozilla/5.0 (iPhone; CPU iPhone OS 12_1 like Mac OS X) AppleWebKit/605.1.15 (KHTML, like Gecko) Mobile/16B92"
188.93.56.125 - - [09/Dec/2018:11:55:25 +0700] "GET /tracking.gif?email=y-lianna.83%40mail.ru&mailing=206 HTTP/1.0" 200 197 "-" "Mozilla/5.0 (X11; Linux x86_64) AppleWebKit/537.36 (KHTML, like Gecko)"
188.93.56.129 - - [09/Dec/2018:11:56:26 +0700] "GET /tracking.gif?email=md-0305%40mail.ru&mailing=206 HTTP/1.0" 200 197 "-" "Mozilla/5.0 (X11; Linux x86_64) AppleWebKit/537.36 (KHTML, like Gecko)"
188.93.56.125 - - [09/Dec/2018:11:56:38 +0700] "GET /tracking.gif?email=lenusi4ka1%40mail.ru&mailing=206 HTTP/1.0" 200 197 "-" "Mozilla/5.0 (X11; Linux x86_64) AppleWebKit/537.36 (KHTML, like Gecko)"
188.93.56.126 - - [09/Dec/2018:11:56:43 +0700] "GET /tracking.gif?email=alex-734%40mail.ru&mailing=170 HTTP/1.0" 200 197 "-" "Mozilla/5.0 (X11; Linux x86_64) AppleWebKit/537.36 (KHTML, like Gecko)"
176.62.91.244 - - [09/Dec/2018:11:57:14 +0700] "GET /tracking.gif?email=zhenia.05%40mail.ru&mailing=206 HTTP/1.0" 200 197 "-" "Mozilla/5.0 (iPhone; CPU iPhone OS 12_1 like Mac OS X) AppleWebKit/605.1.15 (KHTML, like Gecko) Mobile/16B92"
188.93.56.123 - - [09/Dec/2018:11:57:54 +0700] "GET /tracking.gif?email=s.starchak%40mail.ru&mailing=206 HTTP/1.0" 200 197 "-" "Mozilla/5.0 (X11; Linux x86_64) AppleWebKit/537.36 (KHTML, like Gecko)"
128.73.88.110 - - [09/Dec/2018:11:58:24 +0700] "GET /tracking.gif?email=ntp1007%40mail.ru&mailing=206 HTTP/1.0" 200 197 "-" "Mozilla/5.0 (Linux; Android 8.0.0; SM-A520F Build/R16NW; wv) AppleWebKit/537.36 (KHTML, like Gecko) Version/4.0 Chrome/70.0.3538.110 Mobile Safari/537.36"
188.93.56.129 - - [09/Dec/2018:11:59:41 +0700] "GET /tracking.gif?email=Suleymanov.arty.99%40mail.ru&mailing=206 HTTP/1.0" 200 197 "-" "Mozilla/5.0 (X11; Linux x86_64) AppleWebKit/537.36 (KHTML, like Gecko)"
188.93.56.128 - - [09/Dec/2018:11:59:45 +0700] "GET /tracking.gif?email=Suleymanov.arty.99%40mail.ru&mailing=206 HTTP/1.0" 200 197 "-" "Mozilla/5.0 (X11; Linux x86_64) AppleWebKit/537.36 (KHTML, like Gecko)"
95.189.246.203 - - [09/Dec/2018:12:00:51 +0700] "GET /tracking.gif?email=polkanova0202%40mail.ru&mailing=206 HTTP/1.0" 200 197 "-" "Mozilla/5.0 (iPhone; CPU iPhone OS 11_4 like Mac OS X) AppleWebKit/605.1.15 (KHTML, like Gecko) Mobile/15F79"
217.66.158.195 - - [09/Dec/2018:12:01:12 +0700] "GET /unsubscribe/?email=mrananin%40gmail.com&mailing=206 HTTP/1.0" 200 980 "-" "Mozilla/5.0 (iPhone; CPU iPhone OS 12_1 like Mac OS X) AppleWebKit/605.1.15 (KHTML, like Gecko) Version/12.0 Mobile/15E148 Safari/604.1"
217.66.158.195 - - [09/Dec/2018:12:01:13 +0700] "GET /img/popcorn.svg HTTP/1.0" 200 1187 "http://mailing.etobilet.ru/unsubscribe/?email=mrananin%40gmail.com&mailing=206" "Mozilla/5.0 (iPhone; CPU iPhone OS 12_1 like Mac OS X) AppleWebKit/605.1.15 (KHTML, like Gecko) Version/12.0 Mobile/15E148 Safari/604.1"
217.66.158.195 - - [09/Dec/2018:12:01:15 +0700] "GET /unsubscribe/?email=mrananin%40gmail.com&mailing=206&confirmed=1 HTTP/1.0" 200 747 "http://mailing.etobilet.ru/unsubscribe/?email=mrananin%40gmail.com&mailing=206" "Mozilla/5.0 (iPhone; CPU iPhone OS 12_1 like Mac OS X) AppleWebKit/605.1.15 (KHTML, like Gecko) Version/12.0 Mobile/15E148 Safari/604.1"
188.93.56.121 - - [09/Dec/2018:12:01:18 +0700] "GET /tracking.gif?email=Svetlana18s%40mail.ru&mailing=206 HTTP/1.0" 200 197 "-" "Mozilla/5.0 (X11; Linux x86_64) AppleWebKit/537.36 (KHTML, like Gecko)"
188.93.56.128 - - [09/Dec/2018:12:01:31 +0700] "GET /tracking.gif?email=shulga-alexander%40mail.ru&mailing=206 HTTP/1.0" 200 197 "-" "Mozilla/5.0 (X11; Linux x86_64) AppleWebKit/537.36 (KHTML, like Gecko)"
188.93.56.125 - - [09/Dec/2018:12:02:51 +0700] "GET /tracking.gif?email=www.valeri94.ru%40mail.ru&mailing=206 HTTP/1.0" 200 197 "-" "Mozilla/5.0 (X11; Linux x86_64) AppleWebKit/537.36 (KHTML, like Gecko)"
176.59.146.44 - - [09/Dec/2018:12:03:13 +0700] "GET /tracking.gif?email=trifonov_all%40mail.ru&mailing=206 HTTP/1.0" 200 197 "-" "Mozilla/5.0 (iPhone; CPU iPhone OS 11_4 like Mac OS X) AppleWebKit/605.1.15 (KHTML, like Gecko) Mobile/15F79"
188.93.56.121 - - [09/Dec/2018:12:03:17 +0700] "GET /tracking.gif?email=olenka12081994%40mail.ru&mailing=206 HTTP/1.0" 200 197 "-" "Mozilla/5.0 (X11; Linux x86_64) AppleWebKit/537.36 (KHTML, like Gecko)"
188.93.56.125 - - [09/Dec/2018:12:03:20 +0700] "GET /tracking.gif?email=vip.rozohska%40mail.ru&mailing=206 HTTP/1.0" 200 197 "-" "Mozilla/5.0 (X11; Linux x86_64) AppleWebKit/537.36 (KHTML, like Gecko)"
213.87.121.156 - - [09/Dec/2018:12:03:30 +0700] "GET /tracking.gif?email=Superkaterino4ka%40mail.ru&mailing=191 HTTP/1.0" 200 197 "-" "Mozilla/5.0 (iPhone; CPU iPhone OS 12_1 like Mac OS X) AppleWebKit/605.1.15 (KHTML, like Gecko) Mobile/16B92"
95.189.199.33 - - [09/Dec/2018:12:04:08 +0700] "GET /tracking.gif?email=radda_pineda%40mail.ru&mailing=206 HTTP/1.0" 200 197 "-" "Mozilla/5.0 (Linux; Android 7.0; NEM-L51 Build/HONORNEM-L51; wv) AppleWebKit/537.36 (KHTML, like Gecko) Version/4.0 Chrome/70.0.3538.110 Mobile Safari/537.36"
188.93.56.122 - - [09/Dec/2018:12:04:15 +0700] "GET /tracking.gif?email=6156776%40mail.ru&mailing=206 HTTP/1.0" 200 197 "-" "Mozilla/5.0 (X11; Linux x86_64) AppleWebKit/537.36 (KHTML, like Gecko)"
188.232.248.50 - - [09/Dec/2018:12:04:22 +0700] "GET /tracking.gif?email=nastia_fil80%40mail.ru&mailing=206 HTTP/1.0" 200 197 "-" "Mozilla/5.0 (Linux; Android 7.0; SM-A510F Build/NRD90M; wv) AppleWebKit/537.36 (KHTML, like Gecko) Version/4.0 Chrome/69.0.3497.100 Mobile Safari/537.36"
188.93.56.121 - - [09/Dec/2018:12:04:47 +0700] "GET /tracking.gif?email=pershaeva310%40mail.ru&mailing=206 HTTP/1.0" 200 197 "-" "Mozilla/5.0 (X11; Linux x86_64) AppleWebKit/537.36 (KHTML, like Gecko)"
81.19.78.160 - - [09/Dec/2018:12:05:13 +0700] "GET /tracking.gif?email=alkotlov%40rambler.ru&mailing=206 HTTP/1.0" 200 197 "https://mail.rambler.ru/?utm_source=head&utm_campaign=self_promo&utm_medium=widget&utm_content=mail&utm_term=inbox" "RamblerMail/6.0 (incompatible; ImageProxy/6.0)"
188.93.56.124 - - [09/Dec/2018:12:05:23 +0700] "GET /tracking.gif?email=pershaeva310%40mail.ru&mailing=206 HTTP/1.0" 200 197 "-" "Mozilla/5.0 (X11; Linux x86_64) AppleWebKit/537.36 (KHTML, like Gecko)"
188.93.56.122 - - [09/Dec/2018:12:05:26 +0700] "GET /tracking.gif?email=kochenevskaya%40mail.ru&mailing=206 HTTP/1.0" 200 197 "-" "Mozilla/5.0 (X11; Linux x86_64) AppleWebKit/537.36 (KHTML, like Gecko)"
46.161.159.202 - - [09/Dec/2018:12:06:17 +0700] "GET /tracking.gif?email=Petr9999%40mail.ru&mailing=170 HTTP/1.0" 200 197 "-" "Mozilla/5.0 (iPad; CPU OS 11_4_1 like Mac OS X) AppleWebKit/605.1.15 (KHTML, like Gecko) Mobile/15G77"
188.18.253.185 - - [09/Dec/2018:12:07:38 +0700] "GET /tracking.gif?email=m-maria-e%40mail.ru&mailing=206 HTTP/1.0" 200 197 "-" "Mozilla/5.0 (iPhone; CPU iPhone OS 12_1 like Mac OS X) AppleWebKit/605.1.15 (KHTML, like Gecko) Mobile/16B92"
188.18.253.185 - - [09/Dec/2018:12:07:59 +0700] "GET /unsubscribe/?email=m-maria-e%40mail.ru&mailing=206 HTTP/1.0" 200 978 "-" "Mozilla/5.0 (iPhone; CPU iPhone OS 12_1 like Mac OS X) AppleWebKit/605.1.15 (KHTML, like Gecko) Version/12.0 Mobile/15E148 Safari/604.1"
188.18.253.185 - - [09/Dec/2018:12:07:59 +0700] "GET /img/popcorn.svg HTTP/1.0" 200 1187 "http://mailing.etobilet.ru/unsubscribe/?email=m-maria-e%40mail.ru&mailing=206" "Mozilla/5.0 (iPhone; CPU iPhone OS 12_1 like Mac OS X) AppleWebKit/605.1.15 (KHTML, like Gecko) Version/12.0 Mobile/15E148 Safari/604.1"
188.18.253.185 - - [09/Dec/2018:12:08:00 +0700] "GET /unsubscribe/?email=m-maria-e%40mail.ru&mailing=206&confirmed=1 HTTP/1.0" 200 747 "http://mailing.etobilet.ru/unsubscribe/?email=m-maria-e%40mail.ru&mailing=206" "Mozilla/5.0 (iPhone; CPU iPhone OS 12_1 like Mac OS X) AppleWebKit/605.1.15 (KHTML, like Gecko) Version/12.0 Mobile/15E148 Safari/604.1"
46.161.159.202 - - [09/Dec/2018:12:08:20 +0700] "GET /tracking.gif?email=Petr9999%40mail.ru&mailing=132 HTTP/1.0" 200 197 "-" "Mozilla/5.0 (iPad; CPU OS 11_4_1 like Mac OS X) AppleWebKit/605.1.15 (KHTML, like Gecko) Mobile/15G77"
188.93.56.125 - - [09/Dec/2018:12:08:21 +0700] "GET /tracking.gif?email=Solens611%40mail.ru&mailing=206 HTTP/1.0" 200 197 "-" "Mozilla/5.0 (X11; Linux x86_64) AppleWebKit/537.36 (KHTML, like Gecko)"
188.93.56.127 - - [09/Dec/2018:12:09:31 +0700] "GET /tracking.gif?email=kochenevskaya%40mail.ru&mailing=206 HTTP/1.0" 200 197 "-" "Mozilla/5.0 (X11; Linux x86_64) AppleWebKit/537.36 (KHTML, like Gecko)"
188.93.56.128 - - [09/Dec/2018:12:09:32 +0700] "GET /tracking.gif?email=preved_sekred%40mail.ru&mailing=206 HTTP/1.0" 200 197 "-" "Mozilla/5.0 (X11; Linux x86_64) AppleWebKit/537.36 (KHTML, like Gecko)"
188.93.56.130 - - [09/Dec/2018:12:10:58 +0700] "GET /tracking.gif?email=Valek_14%40mail.ru&mailing=206 HTTP/1.0" 200 197 "-" "Mozilla/5.0 (X11; Linux x86_64) AppleWebKit/537.36 (KHTML, like Gecko)"
