5.59.212.84 - - [04/Feb/2019:09:38:19 +0700] "GET /tracking.gif?email=Pomz%40mail.ru&mailing=430 HTTP/1.0" 200 197 "-" "Mozilla/5.0 (iPhone; CPU iPhone OS 12_1_2 like Mac OS X) AppleWebKit/605.1.15 (KHTML, like Gecko) Mobile/16C101"
82.200.5.67 - - [04/Feb/2019:09:39:25 +0700] "GET /tracking.gif?email=gordiy%40ngs.ru&mailing=384 HTTP/1.0" 200 197 "-" "Microsoft Office/16.0 (Microsoft Outlook 16.0.11029; Pro)"
188.19.167.144 - - [04/Feb/2019:09:45:43 +0700] "GET /tracking.gif?email=litovda%40mail.ru&mailing=463 HTTP/1.0" 200 197 "-" "Mozilla/5.0 (iPad; CPU OS 12_1_1 like Mac OS X) AppleWebKit/605.1.15 (KHTML, like Gecko) Mobile/16C50"
37.9.65.79 - - [04/Feb/2019:09:48:51 +0700] "GET /tracking.gif?email=miss.novikovaev2015%40yandex.ru&mailing=345 HTTP/1.0" 200 197 "-" "Mozilla/5.0 (compatible; YandexImageResizer/2.0; +http://yandex.com/bots)"
188.93.56.130 - - [04/Feb/2019:09:54:57 +0700] "GET /tracking.gif?email=veronikagomer%40mail.ru&mailing=384 HTTP/1.0" 200 197 "-" "Mozilla/5.0 (X11; Linux x86_64) AppleWebKit/537.36 (KHTML, like Gecko)"
31.211.112.205 - - [04/Feb/2019:09:55:08 +0700] "GET /unsubscribe/?email=veronikagomer%40mail.ru&mailing=384 HTTP/1.0" 200 960 "-" "Mozilla/5.0 (iPhone; CPU iPhone OS 10_1_1 like Mac OS X) AppleWebKit/602.2.14 (KHTML, like Gecko) Version/10.0 Mobile/14B100 Safari/602.1"
31.211.112.205 - - [04/Feb/2019:09:55:08 +0700] "GET /img/popcorn.svg HTTP/1.0" 200 1187 "http://mailing.etobilet.ru/unsubscribe/?email=veronikagomer%40mail.ru&mailing=384" "Mozilla/5.0 (iPhone; CPU iPhone OS 10_1_1 like Mac OS X) AppleWebKit/602.2.14 (KHTML, like Gecko) Version/10.0 Mobile/14B100 Safari/602.1"
31.211.112.205 - - [04/Feb/2019:09:55:12 +0700] "GET /unsubscribe/?email=veronikagomer%40mail.ru&mailing=384&confirmed=1 HTTP/1.0" 200 721 "http://mailing.etobilet.ru/unsubscribe/?email=veronikagomer%40mail.ru&mailing=384" "Mozilla/5.0 (iPhone; CPU iPhone OS 10_1_1 like Mac OS X) AppleWebKit/602.2.14 (KHTML, like Gecko) Version/10.0 Mobile/14B100 Safari/602.1"
66.102.9.17 - - [04/Feb/2019:10:00:55 +0700] "GET /tracking.gif?email=dabbid%40mail.ru&mailing=435 HTTP/1.0" 200 197 "-" "Mozilla/5.0 (Windows NT 5.1; rv:11.0) Gecko Firefox/11.0 (via ggpht.com GoogleImageProxy)"
66.102.9.20 - - [04/Feb/2019:10:00:58 +0700] "GET /tracking.gif?email=dabbid%40mail.ru&mailing=435 HTTP/1.0" 200 197 "-" "Mozilla/5.0 (Windows NT 5.1; rv:11.0) Gecko Firefox/11.0 (via ggpht.com GoogleImageProxy)"
66.102.9.14 - - [04/Feb/2019:10:01:52 +0700] "GET /tracking.gif?email=lisenochka25%40gmail.com&mailing=435 HTTP/1.0" 200 197 "-" "Mozilla/5.0 (Windows NT 5.1; rv:11.0) Gecko Firefox/11.0 (via ggpht.com GoogleImageProxy)"
91.246.0.66 - - [04/Feb/2019:10:03:12 +0700] "GET /tracking.gif?email=selton94%40yandex.ru&mailing=370 HTTP/1.0" 200 197 "-" "Mozilla/5.0 (iPhone; CPU iPhone OS 12_1 like Mac OS X) AppleWebKit/605.1.15 (KHTML, like Gecko) Mobile/16B92"
5.255.241.235 - - [04/Feb/2019:10:08:05 +0700] "GET /tracking.gif?email=lukiynov%40yandex.ru&mailing=463 HTTP/1.0" 200 197 "-" "Mozilla/5.0 (compatible; YandexImageResizer/2.0; +http://yandex.com/bots)"
31.173.100.159 - - [04/Feb/2019:10:12:19 +0700] "GET /tracking.gif?email=bauazitovaelena%40mail.ru&mailing=430 HTTP/1.0" 200 197 "-" "Mozilla/5.0 (Linux; Android 6.0.1; SM-J510FN Build/MMB29M; wv) AppleWebKit/537.36 (KHTML, like Gecko) Version/4.0 Chrome/70.0.3538.110 Mobile Safari/537.36"
66.102.9.20 - - [04/Feb/2019:10:13:08 +0700] "GET /tracking.gif?email=dimkaib%40gmail.com&mailing=435 HTTP/1.0" 200 197 "-" "Mozilla/5.0 (Windows NT 5.1; rv:11.0) Gecko Firefox/11.0 (via ggpht.com GoogleImageProxy)"
188.93.56.123 - - [04/Feb/2019:10:13:55 +0700] "GET /tracking.gif?email=Luk.A.S%40mail.ru&mailing=463 HTTP/1.0" 200 197 "-" "Mozilla/5.0 (X11; Linux x86_64) AppleWebKit/537.36 (KHTML, like Gecko)"
188.93.56.130 - - [04/Feb/2019:10:17:52 +0700] "GET /tracking.gif?email=lyuda_91_91%40mail.ru&mailing=435 HTTP/1.0" 200 197 "-" "Mozilla/5.0 (X11; Linux x86_64) AppleWebKit/537.36 (KHTML, like Gecko)"
217.118.79.40 - - [04/Feb/2019:10:18:06 +0700] "GET /tracking.gif?email=Dorohoviv%40gmail.com&mailing=345 HTTP/1.0" 200 197 "-" "Mozilla/5.0 (iPhone; CPU iPhone OS 12_1_2 like Mac OS X) AppleWebKit/605.1.15 (KHTML, like Gecko) Mobile/16C101"
217.118.79.40 - - [04/Feb/2019:10:18:06 +0700] "GET /tracking.gif?email=Dorohoviv%40gmail.com&mailing=321 HTTP/1.0" 200 197 "-" "Mozilla/5.0 (iPhone; CPU iPhone OS 12_1_2 like Mac OS X) AppleWebKit/605.1.15 (KHTML, like Gecko) Mobile/16C101"
188.93.56.125 - - [04/Feb/2019:10:20:31 +0700] "GET /tracking.gif?email=anna.puchenko%40mail.ru&mailing=435 HTTP/1.0" 200 197 "-" "Mozilla/5.0 (X11; Linux x86_64) AppleWebKit/537.36 (KHTML, like Gecko)"
188.93.56.124 - - [04/Feb/2019:10:21:10 +0700] "GET /tracking.gif?email=anna.puchenko%40mail.ru&mailing=435 HTTP/1.0" 200 197 "-" "Mozilla/5.0 (X11; Linux x86_64) AppleWebKit/537.36 (KHTML, like Gecko)"
188.93.56.129 - - [04/Feb/2019:10:29:01 +0700] "GET /tracking.gif?email=vikatsg%40mail.ru&mailing=435 HTTP/1.0" 200 197 "-" "Mozilla/5.0 (X11; Linux x86_64) AppleWebKit/537.36 (KHTML, like Gecko)"
188.93.56.125 - - [04/Feb/2019:10:29:54 +0700] "GET /tracking.gif?email=shurin1999%40mail.ru&mailing=343 HTTP/1.0" 200 197 "-" "Mozilla/5.0 (X11; Linux x86_64) AppleWebKit/537.36 (KHTML, like Gecko)"
188.162.245.210 - - [04/Feb/2019:10:34:12 +0700] "GET /tracking.gif?email=mihsa18%40mail.ru&mailing=320 HTTP/1.0" 200 197 "-" "Mozilla/5.0 (Linux; Android 9; MI 8 Build/PKQ1.180729.001; wv) AppleWebKit/537.36 (KHTML, like Gecko) Version/4.0 Chrome/72.0.3626.76 Mobile Safari/537.36"
37.9.65.69 - - [04/Feb/2019:10:35:08 +0700] "GET /tracking.gif?email=evgbaksht%40ya.ru&mailing=384 HTTP/1.0" 200 197 "-" "Mozilla/5.0 (compatible; YandexImageResizer/2.0; +http://yandex.com/bots)"
81.19.78.161 - - [04/Feb/2019:10:36:58 +0700] "GET /tracking.gif?email=Volodina23%40rambler.ru&mailing=431 HTTP/1.0" 200 197 "https://mail.rambler.ru/" "RamblerMail/6.0 (incompatible; ImageProxy/6.0)"
188.93.56.123 - - [04/Feb/2019:10:38:47 +0700] "GET /tracking.gif?email=rus86.89%40mail.ru&mailing=430 HTTP/1.0" 200 197 "-" "Mozilla/5.0 (X11; Linux x86_64) AppleWebKit/537.36 (KHTML, like Gecko)"
62.68.141.42 - - [04/Feb/2019:10:40:45 +0700] "GET /tracking.gif?email=vka%40nikolas.ru&mailing=460 HTTP/1.0" 200 197 "-" "Mozilla/4.0 (compatible; MSIE 7.0; Windows NT 10.0; Win64; x64; Trident/7.0; .NET4.0C; .NET4.0E; Microsoft Outlook 16.0.4573; ms-office; MSOffice 16)"
62.68.141.42 - - [04/Feb/2019:10:40:53 +0700] "GET /tracking.gif?email=vka%40nikolas.ru&mailing=463 HTTP/1.0" 200 197 "-" "Mozilla/4.0 (compatible; MSIE 7.0; Windows NT 10.0; Win64; x64; Trident/7.0; .NET4.0C; .NET4.0E; Microsoft Outlook 16.0.4573; ms-office; MSOffice 16)"
188.93.56.130 - - [04/Feb/2019:10:41:40 +0700] "GET /tracking.gif?email=Morozoff109%40mail.ru&mailing=343 HTTP/1.0" 200 197 "-" "Mozilla/5.0 (X11; Linux x86_64) AppleWebKit/537.36 (KHTML, like Gecko)"
188.93.56.124 - - [04/Feb/2019:10:41:41 +0700] "GET /tracking.gif?email=anna.tortaeva%40mail.ru&mailing=430 HTTP/1.0" 200 197 "-" "Mozilla/5.0 (X11; Linux x86_64) AppleWebKit/537.36 (KHTML, like Gecko)"
93.158.130.169 - - [04/Feb/2019:10:42:45 +0700] "GET /tracking.gif?email=akanonerov%40yandex.ru&mailing=463 HTTP/1.0" 200 197 "-" "Mozilla/5.0 (compatible; YandexImageResizer/2.0; +http://yandex.com/bots)"
62.68.141.42 - - [04/Feb/2019:10:44:03 +0700] "GET /tracking.gif?email=vka%40nikolas.ru&mailing=463 HTTP/1.0" 200 197 "-" "Mozilla/4.0 (compatible; MSIE 7.0; Windows NT 10.0; Win64; x64; Trident/7.0; .NET4.0C; .NET4.0E; Microsoft Outlook 16.0.4573; ms-office; MSOffice 16)"
5.255.241.230 - - [04/Feb/2019:10:44:39 +0700] "GET /tracking.gif?email=usn67%40yandex.ru&mailing=463 HTTP/1.0" 200 197 "-" "Mozilla/5.0 (compatible; YandexImageResizer/2.0; +http://yandex.com/bots)"
188.93.56.129 - - [04/Feb/2019:10:45:46 +0700] "GET /tracking.gif?email=evgeniy_makarenko_83%40mail.ru&mailing=463 HTTP/1.0" 200 197 "-" "Mozilla/5.0 (X11; Linux x86_64) AppleWebKit/537.36 (KHTML, like Gecko)"
66.249.81.190 - - [04/Feb/2019:10:47:40 +0700] "GET /tracking.gif?email=juliarubin.jr%40gmail.com&mailing=435 HTTP/1.0" 200 197 "-" "Mozilla/5.0 (Windows NT 5.1; rv:11.0) Gecko Firefox/11.0 (via ggpht.com GoogleImageProxy)"
188.93.56.121 - - [04/Feb/2019:10:52:04 +0700] "GET /tracking.gif?email=gnedova96%40mail.ru&mailing=463 HTTP/1.0" 200 197 "-" "Mozilla/5.0 (X11; Linux x86_64) AppleWebKit/537.36 (KHTML, like Gecko)"
188.93.56.127 - - [04/Feb/2019:10:53:33 +0700] "GET /tracking.gif?email=govorishsheva%40mail.ru&mailing=430 HTTP/1.0" 200 197 "-" "Mozilla/5.0 (X11; Linux x86_64) AppleWebKit/537.36 (KHTML, like Gecko)"
89.221.20.121 - - [04/Feb/2019:10:57:57 +0700] "GET /tracking.gif?email=Gribugk%40mail.ru&mailing=463 HTTP/1.0" 200 197 "-" "Mozilla/4.0 (compatible; MSIE 7.0; Windows NT 6.1; WOW64; Trident/4.0; SLCC2; .NET CLR 2.0.50727; .NET CLR 3.5.30729; .NET CLR 3.0.30729; Media Center PC 6.0; .NET4.0C; .NET4.0E; InfoPath.3)"
37.9.65.74 - - [04/Feb/2019:10:59:36 +0700] "GET /tracking.gif?email=d.ackimov2017%40yandex.ru&mailing=384 HTTP/1.0" 200 197 "-" "Mozilla/5.0 (compatible; YandexImageResizer/2.0; +http://yandex.com/bots)"
188.93.56.129 - - [04/Feb/2019:11:00:10 +0700] "GET /tracking.gif?email=volzhenin86%40mail.ru&mailing=463 HTTP/1.0" 200 197 "-" "Mozilla/5.0 (X11; Linux x86_64) AppleWebKit/537.36 (KHTML, like Gecko)"
37.9.65.74 - - [04/Feb/2019:11:00:20 +0700] "GET /tracking.gif?email=d.ackimov2017%40yandex.ru&mailing=343 HTTP/1.0" 200 197 "-" "Mozilla/5.0 (compatible; YandexImageResizer/2.0; +http://yandex.com/bots)"
5.255.241.247 - - [04/Feb/2019:11:00:42 +0700] "GET /tracking.gif?email=d.ackimov2017%40yandex.ru&mailing=321 HTTP/1.0" 200 197 "-" "Mozilla/5.0 (compatible; YandexImageResizer/2.0; +http://yandex.com/bots)"
37.9.65.66 - - [04/Feb/2019:11:00:58 +0700] "GET /tracking.gif?email=ksu.vlasenko%40yandex.ru&mailing=460 HTTP/1.0" 200 197 "-" "Mozilla/5.0 (compatible; YandexImageResizer/2.0; +http://yandex.com/bots)"
5.255.241.235 - - [04/Feb/2019:11:01:25 +0700] "GET /tracking.gif?email=ksu.vlasenko%40yandex.ru&mailing=462 HTTP/1.0" 200 197 "-" "Mozilla/5.0 (compatible; YandexImageResizer/2.0; +http://yandex.com/bots)"
37.9.65.67 - - [04/Feb/2019:11:03:37 +0700] "GET /tracking.gif?email=ksu.vlasenko%40yandex.ru&mailing=453 HTTP/1.0" 200 197 "-" "Mozilla/5.0 (compatible; YandexImageResizer/2.0; +http://yandex.com/bots)"
62.68.141.57 - - [04/Feb/2019:11:03:37 +0700] "GET /tracking.gif?email=[%VAR%20RCPT.EMAIL%20ESCAPE=URL%]&mailing=2342 HTTP/1.0" 200 197 "-" "Mozilla/5.0 (Macintosh; Intel Mac OS X 10_14_3) AppleWebKit/537.36 (KHTML, like Gecko) Chrome/72.0.3626.81 Safari/537.36"
188.93.56.125 - - [04/Feb/2019:11:05:15 +0700] "GET /tracking.gif?email=Sharavin2%40mail.ru&mailing=340 HTTP/1.0" 200 197 "-" "Mozilla/5.0 (X11; Linux x86_64) AppleWebKit/537.36 (KHTML, like Gecko)"
188.93.56.125 - - [04/Feb/2019:11:19:23 +0700] "GET /tracking.gif?email=ibriv93%40mail.ru&mailing=344 HTTP/1.0" 200 197 "-" "Mozilla/5.0 (X11; Linux x86_64) AppleWebKit/537.36 (KHTML, like Gecko)"
5.255.241.237 - - [04/Feb/2019:11:19:49 +0700] "GET /tracking.gif?email=jan4ikgraf%40yandex.ru&mailing=435 HTTP/1.0" 200 197 "-" "Mozilla/5.0 (compatible; YandexImageResizer/2.0; +http://yandex.com/bots)"
188.93.56.129 - - [04/Feb/2019:11:23:06 +0700] "GET /tracking.gif?email=mev0103%40mail.ru&mailing=463 HTTP/1.0" 200 197 "-" "Mozilla/5.0 (X11; Linux x86_64) AppleWebKit/537.36 (KHTML, like Gecko)"
188.93.56.126 - - [04/Feb/2019:11:24:59 +0700] "GET /tracking.gif?email=chattalena%40mail.ru&mailing=287 HTTP/1.0" 200 197 "-" "Mozilla/5.0 (X11; Linux x86_64) AppleWebKit/537.36 (KHTML, like Gecko)"
188.93.56.126 - - [04/Feb/2019:11:25:02 +0700] "GET /tracking.gif?email=chattalena%40mail.ru&mailing=286 HTTP/1.0" 200 197 "-" "Mozilla/5.0 (X11; Linux x86_64) AppleWebKit/537.36 (KHTML, like Gecko)"
188.93.56.122 - - [04/Feb/2019:11:30:02 +0700] "GET /tracking.gif?email=jusik_o%40mail.ru&mailing=383 HTTP/1.0" 200 197 "-" "Mozilla/5.0 (X11; Linux x86_64) AppleWebKit/537.36 (KHTML, like Gecko)"
188.93.56.130 - - [04/Feb/2019:11:30:07 +0700] "GET /tracking.gif?email=johnvolf%40list.ru&mailing=346 HTTP/1.0" 200 197 "-" "Mozilla/5.0 (X11; Linux x86_64) AppleWebKit/537.36 (KHTML, like Gecko)"
188.93.56.122 - - [04/Feb/2019:11:30:08 +0700] "GET /tracking.gif?email=jusik_o%40mail.ru&mailing=383 HTTP/1.0" 200 197 "-" "Mozilla/5.0 (X11; Linux x86_64) AppleWebKit/537.36 (KHTML, like Gecko)"
188.93.56.125 - - [04/Feb/2019:11:30:11 +0700] "GET /tracking.gif?email=ulianko1771%40mail.ru&mailing=463 HTTP/1.0" 200 197 "-" "Mozilla/5.0 (X11; Linux x86_64) AppleWebKit/537.36 (KHTML, like Gecko)"
188.93.56.122 - - [04/Feb/2019:11:30:12 +0700] "GET /tracking.gif?email=jusik_o%40mail.ru&mailing=383 HTTP/1.0" 200 197 "-" "Mozilla/5.0 (X11; Linux x86_64) AppleWebKit/537.36 (KHTML, like Gecko)"
62.68.141.57 - - [04/Feb/2019:11:33:46 +0700] "GET /tracking.gif?email=[%VAR%20RCPT.EMAIL%20ESCAPE=URL%]&mailing=2342 HTTP/1.0" 200 197 "-" "Mozilla/5.0 (Macintosh; Intel Mac OS X 10_14_3) AppleWebKit/537.36 (KHTML, like Gecko) Chrome/72.0.3626.81 Safari/537.36"
62.68.141.57 - - [04/Feb/2019:11:36:48 +0700] "GET /tracking.gif?email=[%VAR%20RCPT.EMAIL%20ESCAPE=URL%]&mailing=2342 HTTP/1.0" 200 197 "-" "Mozilla/5.0 (Macintosh; Intel Mac OS X 10_14_3) AppleWebKit/537.36 (KHTML, like Gecko) Chrome/72.0.3626.81 Safari/537.36"
188.93.56.127 - - [04/Feb/2019:11:37:32 +0700] "GET /tracking.gif?email=Olga_Haidukova.2011%40mail.ru&mailing=346 HTTP/1.0" 200 197 "-" "Mozilla/5.0 (X11; Linux x86_64) AppleWebKit/537.36 (KHTML, like Gecko)"
81.19.78.160 - - [04/Feb/2019:11:37:40 +0700] "GET /tracking.gif?email=Galina.kostomarova%40rambler.ru&mailing=463 HTTP/1.0" 200 197 "https://mail.rambler.ru/" "RamblerMail/6.0 (incompatible; ImageProxy/6.0)"
188.93.56.128 - - [04/Feb/2019:11:37:48 +0700] "GET /tracking.gif?email=shesav%40mail.ru&mailing=463 HTTP/1.0" 200 197 "-" "Mozilla/5.0 (X11; Linux x86_64) AppleWebKit/537.36 (KHTML, like Gecko)"
62.68.141.57 - - [04/Feb/2019:11:38:37 +0700] "GET /tracking.gif?email=[%VAR%20RCPT.EMAIL%20ESCAPE=URL%]&mailing=2342 HTTP/1.0" 200 197 "-" "Mozilla/5.0 (Macintosh; Intel Mac OS X 10_14_3) AppleWebKit/537.36 (KHTML, like Gecko) Chrome/72.0.3626.81 Safari/537.36"
62.68.141.57 - - [04/Feb/2019:11:38:42 +0700] "GET /tracking.gif?email=[%VAR%20RCPT.EMAIL%20ESCAPE=URL%]&mailing=2342 HTTP/1.0" 200 197 "-" "Mozilla/5.0 (Macintosh; Intel Mac OS X 10_14_3) AppleWebKit/537.36 (KHTML, like Gecko) Chrome/72.0.3626.81 Safari/537.36"
62.68.141.57 - - [04/Feb/2019:11:38:47 +0700] "GET /tracking.gif?email=[%VAR%20RCPT.EMAIL%20ESCAPE=URL%]&mailing=2342 HTTP/1.0" 200 197 "-" "Mozilla/5.0 (Macintosh; Intel Mac OS X 10_14_3) AppleWebKit/537.36 (KHTML, like Gecko) Chrome/72.0.3626.81 Safari/537.36"
188.93.56.127 - - [04/Feb/2019:11:38:49 +0700] "GET /tracking.gif?email=Olga_Haidukova.2011%40mail.ru&mailing=327 HTTP/1.0" 200 197 "-" "Mozilla/5.0 (X11; Linux x86_64) AppleWebKit/537.36 (KHTML, like Gecko)"
188.93.56.127 - - [04/Feb/2019:11:39:48 +0700] "GET /tracking.gif?email=Olga_Haidukova.2011%40mail.ru&mailing=312 HTTP/1.0" 200 197 "-" "Mozilla/5.0 (X11; Linux x86_64) AppleWebKit/537.36 (KHTML, like Gecko)"
188.93.56.127 - - [04/Feb/2019:11:39:49 +0700] "GET /tracking.gif?email=Olga_Haidukova.2011%40mail.ru&mailing=311 HTTP/1.0" 200 197 "-" "Mozilla/5.0 (X11; Linux x86_64) AppleWebKit/537.36 (KHTML, like Gecko)"
188.93.56.124 - - [04/Feb/2019:11:40:44 +0700] "GET /tracking.gif?email=olesya3179%40mail.ru&mailing=430 HTTP/1.0" 200 197 "-" "Mozilla/5.0 (X11; Linux x86_64) AppleWebKit/537.36 (KHTML, like Gecko)"
188.93.56.127 - - [04/Feb/2019:11:40:54 +0700] "GET /tracking.gif?email=Olga_Haidukova.2011%40mail.ru&mailing=309 HTTP/1.0" 200 197 "-" "Mozilla/5.0 (X11; Linux x86_64) AppleWebKit/537.36 (KHTML, like Gecko)"
62.68.141.57 - - [04/Feb/2019:11:41:02 +0700] "GET /tracking.gif?email=[%VAR%20RCPT.EMAIL%20ESCAPE=URL%]&mailing=2342 HTTP/1.0" 200 197 "-" "Mozilla/5.0 (Macintosh; Intel Mac OS X 10_14_3) AppleWebKit/537.36 (KHTML, like Gecko) Chrome/72.0.3626.81 Safari/537.36"
62.68.141.57 - - [04/Feb/2019:11:41:03 +0700] "GET /tracking.gif?email=[%VAR%20RCPT.EMAIL%20ESCAPE=URL%]&mailing=2342 HTTP/1.0" 200 197 "-" "Mozilla/5.0 (Macintosh; Intel Mac OS X 10_14_3) AppleWebKit/537.36 (KHTML, like Gecko) Chrome/72.0.3626.81 Safari/537.36"
62.68.141.57 - - [04/Feb/2019:11:41:07 +0700] "GET /tracking.gif?email=[%VAR%20RCPT.EMAIL%20ESCAPE=URL%]&mailing=2342 HTTP/1.0" 200 197 "-" "Mozilla/5.0 (Macintosh; Intel Mac OS X 10_14_3) AppleWebKit/537.36 (KHTML, like Gecko) Chrome/72.0.3626.81 Safari/537.36"
188.93.56.127 - - [04/Feb/2019:11:41:09 +0700] "GET /tracking.gif?email=Olga_Haidukova.2011%40mail.ru&mailing=308 HTTP/1.0" 200 197 "-" "Mozilla/5.0 (X11; Linux x86_64) AppleWebKit/537.36 (KHTML, like Gecko)"
188.93.56.127 - - [04/Feb/2019:11:41:11 +0700] "GET /tracking.gif?email=Olga_Haidukova.2011%40mail.ru&mailing=307 HTTP/1.0" 200 197 "-" "Mozilla/5.0 (X11; Linux x86_64) AppleWebKit/537.36 (KHTML, like Gecko)"
62.68.141.57 - - [04/Feb/2019:11:41:11 +0700] "GET /tracking.gif?email=[%VAR%20RCPT.EMAIL%20ESCAPE=URL%]&mailing=2342 HTTP/1.0" 200 197 "-" "Mozilla/5.0 (Macintosh; Intel Mac OS X 10_14_3) AppleWebKit/537.36 (KHTML, like Gecko) Chrome/72.0.3626.81 Safari/537.36"
188.93.56.127 - - [04/Feb/2019:11:41:13 +0700] "GET /tracking.gif?email=Olga_Haidukova.2011%40mail.ru&mailing=306 HTTP/1.0" 200 197 "-" "Mozilla/5.0 (X11; Linux x86_64) AppleWebKit/537.36 (KHTML, like Gecko)"
188.93.56.128 - - [04/Feb/2019:11:41:15 +0700] "GET /tracking.gif?email=zemkayus73%40mail.ru&mailing=435 HTTP/1.0" 200 197 "-" "Mozilla/5.0 (X11; Linux x86_64) AppleWebKit/537.36 (KHTML, like Gecko)"
188.93.56.125 - - [04/Feb/2019:11:41:19 +0700] "GET /tracking.gif?email=Olga_Haidukova.2011%40mail.ru&mailing=305 HTTP/1.0" 200 197 "-" "Mozilla/5.0 (X11; Linux x86_64) AppleWebKit/537.36 (KHTML, like Gecko)"
188.93.56.125 - - [04/Feb/2019:11:41:32 +0700] "GET /tracking.gif?email=Olga_Haidukova.2011%40mail.ru&mailing=304 HTTP/1.0" 200 197 "-" "Mozilla/5.0 (X11; Linux x86_64) AppleWebKit/537.36 (KHTML, like Gecko)"
188.93.56.125 - - [04/Feb/2019:11:41:36 +0700] "GET /tracking.gif?email=Olga_Haidukova.2011%40mail.ru&mailing=294 HTTP/1.0" 200 197 "-" "Mozilla/5.0 (X11; Linux x86_64) AppleWebKit/537.36 (KHTML, like Gecko)"
188.93.56.125 - - [04/Feb/2019:11:41:44 +0700] "GET /tracking.gif?email=Olga_Haidukova.2011%40mail.ru&mailing=293 HTTP/1.0" 200 197 "-" "Mozilla/5.0 (X11; Linux x86_64) AppleWebKit/537.36 (KHTML, like Gecko)"
188.93.56.125 - - [04/Feb/2019:11:42:29 +0700] "GET /tracking.gif?email=Olga_Haidukova.2011%40mail.ru&mailing=291 HTTP/1.0" 200 197 "-" "Mozilla/5.0 (X11; Linux x86_64) AppleWebKit/537.36 (KHTML, like Gecko)"
62.68.141.57 - - [04/Feb/2019:11:42:40 +0700] "GET /tracking.gif?email=[%VAR%20RCPT.EMAIL%20ESCAPE=URL%]&mailing=2342 HTTP/1.0" 200 197 "-" "Mozilla/5.0 (Macintosh; Intel Mac OS X 10_14_3) AppleWebKit/537.36 (KHTML, like Gecko) Chrome/72.0.3626.81 Safari/537.36"
62.68.141.57 - - [04/Feb/2019:11:42:41 +0700] "GET /tracking.gif?email=[%VAR%20RCPT.EMAIL%20ESCAPE=URL%]&mailing=2342 HTTP/1.0" 200 197 "-" "Mozilla/5.0 (Macintosh; Intel Mac OS X 10_14_3) AppleWebKit/537.36 (KHTML, like Gecko) Chrome/72.0.3626.81 Safari/537.36"
62.68.141.57 - - [04/Feb/2019:11:42:41 +0700] "GET /tracking.gif?email=[%VAR%20RCPT.EMAIL%20ESCAPE=URL%]&mailing=2342 HTTP/1.0" 200 197 "-" "Mozilla/5.0 (Macintosh; Intel Mac OS X 10_14_3) AppleWebKit/537.36 (KHTML, like Gecko) Chrome/72.0.3626.81 Safari/537.36"
62.68.141.57 - - [04/Feb/2019:11:42:45 +0700] "GET /tracking.gif?email=[%VAR%20RCPT.EMAIL%20ESCAPE=URL%]&mailing=2342 HTTP/1.0" 200 197 "-" "Mozilla/5.0 (Macintosh; Intel Mac OS X 10_14_3) AppleWebKit/537.36 (KHTML, like Gecko) Chrome/72.0.3626.81 Safari/537.36"
188.93.56.130 - - [04/Feb/2019:11:43:42 +0700] "GET /tracking.gif?email=Olga_Haidukova.2011%40mail.ru&mailing=266 HTTP/1.0" 200 197 "-" "Mozilla/5.0 (X11; Linux x86_64) AppleWebKit/537.36 (KHTML, like Gecko)"
188.93.56.130 - - [04/Feb/2019:11:43:55 +0700] "GET /tracking.gif?email=Olga_Haidukova.2011%40mail.ru&mailing=261 HTTP/1.0" 200 197 "-" "Mozilla/5.0 (X11; Linux x86_64) AppleWebKit/537.36 (KHTML, like Gecko)"
62.68.141.57 - - [04/Feb/2019:11:44:09 +0700] "GET /tracking.gif?email=[%VAR%20RCPT.EMAIL%20ESCAPE=URL%]&mailing=2342 HTTP/1.0" 200 197 "-" "Mozilla/5.0 (Macintosh; Intel Mac OS X 10_14_3) AppleWebKit/537.36 (KHTML, like Gecko) Chrome/72.0.3626.81 Safari/537.36"
188.93.56.130 - - [04/Feb/2019:11:44:15 +0700] "GET /tracking.gif?email=Olga_Haidukova.2011%40mail.ru&mailing=240 HTTP/1.0" 200 197 "-" "Mozilla/5.0 (X11; Linux x86_64) AppleWebKit/537.36 (KHTML, like Gecko)"
188.93.56.124 - - [04/Feb/2019:11:44:23 +0700] "GET /tracking.gif?email=ksucha.n%40mail.ru&mailing=435 HTTP/1.0" 200 197 "-" "Mozilla/5.0 (X11; Linux x86_64) AppleWebKit/537.36 (KHTML, like Gecko)"
188.93.56.130 - - [04/Feb/2019:11:44:34 +0700] "GET /tracking.gif?email=Olga_Haidukova.2011%40mail.ru&mailing=237 HTTP/1.0" 200 197 "-" "Mozilla/5.0 (X11; Linux x86_64) AppleWebKit/537.36 (KHTML, like Gecko)"
188.93.56.130 - - [04/Feb/2019:11:44:51 +0700] "GET /tracking.gif?email=Olga_Haidukova.2011%40mail.ru&mailing=212 HTTP/1.0" 200 197 "-" "Mozilla/5.0 (X11; Linux x86_64) AppleWebKit/537.36 (KHTML, like Gecko)"
188.93.56.124 - - [04/Feb/2019:11:45:10 +0700] "GET /tracking.gif?email=ksucha.n%40mail.ru&mailing=241 HTTP/1.0" 200 197 "-" "Mozilla/5.0 (X11; Linux x86_64) AppleWebKit/537.36 (KHTML, like Gecko)"
188.93.56.125 - - [04/Feb/2019:11:45:25 +0700] "GET /tracking.gif?email=tyr1576%40mail.ru&mailing=435 HTTP/1.0" 200 197 "-" "Mozilla/5.0 (X11; Linux x86_64) AppleWebKit/537.36 (KHTML, like Gecko)"
37.9.65.72 - - [04/Feb/2019:11:46:17 +0700] "GET /tracking.gif?email=fpolivko%40yandex.ru&mailing=463 HTTP/1.0" 200 197 "-" "Mozilla/5.0 (compatible; YandexImageResizer/2.0; +http://yandex.com/bots)"
62.68.141.57 - - [04/Feb/2019:11:46:34 +0700] "GET /tracking.gif?email=[%VAR%20RCPT.EMAIL%20ESCAPE=URL%]&mailing=2342 HTTP/1.0" 200 197 "-" "Mozilla/5.0 (Macintosh; Intel Mac OS X 10_14_3) AppleWebKit/537.36 (KHTML, like Gecko) Chrome/72.0.3626.81 Safari/537.36"
62.68.141.57 - - [04/Feb/2019:11:46:35 +0700] "GET /tracking.gif?email=[%VAR%20RCPT.EMAIL%20ESCAPE=URL%]&mailing=2342 HTTP/1.0" 200 197 "-" "Mozilla/5.0 (Macintosh; Intel Mac OS X 10_14_3) AppleWebKit/537.36 (KHTML, like Gecko) Chrome/72.0.3626.81 Safari/537.36"
62.68.141.57 - - [04/Feb/2019:11:46:35 +0700] "GET /tracking.gif?email=[%VAR%20RCPT.EMAIL%20ESCAPE=URL%]&mailing=2342 HTTP/1.0" 200 197 "-" "Mozilla/5.0 (Macintosh; Intel Mac OS X 10_14_3) AppleWebKit/537.36 (KHTML, like Gecko) Chrome/72.0.3626.81 Safari/537.36"
81.19.78.161 - - [04/Feb/2019:11:46:38 +0700] "GET /tracking.gif?email=tatcher8%40rambler.ru&mailing=435 HTTP/1.0" 200 197 "https://mail-pda.rambler.ru/" "RamblerMail/6.0 (incompatible; ImageProxy/6.0)"
62.68.141.57 - - [04/Feb/2019:11:47:26 +0700] "GET /tracking.gif?email=[%VAR%20RCPT.EMAIL%20ESCAPE=URL%]&mailing=2342 HTTP/1.0" 200 197 "-" "Mozilla/5.0 (Macintosh; Intel Mac OS X 10_14_3) AppleWebKit/537.36 (KHTML, like Gecko) Chrome/72.0.3626.81 Safari/537.36"
62.68.141.57 - - [04/Feb/2019:11:47:26 +0700] "GET /tracking.gif?email=[%VAR%20RCPT.EMAIL%20ESCAPE=URL%]&mailing=2342 HTTP/1.0" 200 197 "-" "Mozilla/5.0 (Macintosh; Intel Mac OS X 10_14_3) AppleWebKit/537.36 (KHTML, like Gecko) Chrome/72.0.3626.81 Safari/537.36"
62.68.141.57 - - [04/Feb/2019:11:47:29 +0700] "GET /tracking.gif?email=[%VAR%20RCPT.EMAIL%20ESCAPE=URL%]&mailing=2342 HTTP/1.0" 200 197 "-" "Mozilla/5.0 (Macintosh; Intel Mac OS X 10_14_3) AppleWebKit/537.36 (KHTML, like Gecko) Chrome/72.0.3626.81 Safari/537.36"
188.93.56.121 - - [04/Feb/2019:11:48:41 +0700] "GET /tracking.gif?email=9039819982%40mail.ru&mailing=435 HTTP/1.0" 200 197 "-" "Mozilla/5.0 (X11; Linux x86_64) AppleWebKit/537.36 (KHTML, like Gecko)"
62.68.141.57 - - [04/Feb/2019:11:49:08 +0700] "GET /tracking.gif?email=[%VAR%20RCPT.EMAIL%20ESCAPE=URL%]&mailing=2342 HTTP/1.0" 200 197 "-" "Mozilla/5.0 (Macintosh; Intel Mac OS X 10_14_3) AppleWebKit/537.36 (KHTML, like Gecko) Chrome/72.0.3626.81 Safari/537.36"
62.68.141.57 - - [04/Feb/2019:11:49:09 +0700] "GET /tracking.gif?email=[%VAR%20RCPT.EMAIL%20ESCAPE=URL%]&mailing=2342 HTTP/1.0" 200 197 "-" "Mozilla/5.0 (Macintosh; Intel Mac OS X 10_14_3) AppleWebKit/537.36 (KHTML, like Gecko) Chrome/72.0.3626.81 Safari/537.36"
178.216.222.243 - - [04/Feb/2019:11:51:16 +0700] "GET /unsubscribe/?email=9039819982%40mail.ru&mailing=435 HTTP/1.0" 200 977 "-" "Mozilla/5.0 (Windows NT 6.1; Win64; x64) AppleWebKit/537.36 (KHTML, like Gecko) Chrome/71.0.3578.98 Safari/537.36"
178.216.222.243 - - [04/Feb/2019:11:51:19 +0700] "GET /img/popcorn.svg HTTP/1.0" 200 1187 "http://mailing.etobilet.ru/css/main.css" "Mozilla/5.0 (Windows NT 6.1; Win64; x64) AppleWebKit/537.36 (KHTML, like Gecko) Chrome/71.0.3578.98 Safari/537.36"
178.216.222.243 - - [04/Feb/2019:11:51:55 +0700] "GET /unsubscribe/?email=9039819982%40mail.ru&mailing=435&confirmed=1 HTTP/1.0" 200 744 "http://mailing.etobilet.ru/unsubscribe/?email=9039819982%40mail.ru&mailing=435" "Mozilla/5.0 (Windows NT 6.1; Win64; x64) AppleWebKit/537.36 (KHTML, like Gecko) Chrome/71.0.3578.98 Safari/537.36"
5.136.4.175 - - [04/Feb/2019:11:53:15 +0700] "GET /tracking.gif?email=lazarevdenis.92%40gmail.com&mailing=380 HTTP/1.0" 200 197 "-" "Mozilla/5.0 (Macintosh; Intel Mac OS X 10_11_6) AppleWebKit/601.7.8 (KHTML, like Gecko)"
188.18.254.93 - - [04/Feb/2019:11:53:17 +0700] "GET /tracking.gif?email=viktoriaadele2%40gmail.com&mailing=373 HTTP/1.0" 200 197 "-" "Mozilla/5.0 (iPhone; CPU iPhone OS 12_1_2 like Mac OS X) AppleWebKit/605.1.15 (KHTML, like Gecko) Mobile/16C101"
188.18.254.93 - - [04/Feb/2019:11:53:17 +0700] "GET /tracking.gif?email=viktoriaadele2%40gmail.com&mailing=378 HTTP/1.0" 200 197 "-" "Mozilla/5.0 (iPhone; CPU iPhone OS 12_1_2 like Mac OS X) AppleWebKit/605.1.15 (KHTML, like Gecko) Mobile/16C101"
188.18.254.93 - - [04/Feb/2019:11:53:17 +0700] "GET /tracking.gif?email=viktoriaadele2%40gmail.com&mailing=463 HTTP/1.0" 200 197 "-" "Mozilla/5.0 (iPhone; CPU iPhone OS 12_1_2 like Mac OS X) AppleWebKit/605.1.15 (KHTML, like Gecko) Mobile/16C101"
188.18.254.93 - - [04/Feb/2019:11:53:17 +0700] "GET /tracking.gif?email=viktoriaadele2%40gmail.com&mailing=344 HTTP/1.0" 200 197 "-" "Mozilla/5.0 (iPhone; CPU iPhone OS 12_1_2 like Mac OS X) AppleWebKit/605.1.15 (KHTML, like Gecko) Mobile/16C101"
66.102.9.14 - - [04/Feb/2019:11:53:29 +0700] "GET /tracking.gif?email=tihonkovaelena%40gmail.com&mailing=345 HTTP/1.0" 200 197 "-" "Mozilla/5.0 (Windows NT 5.1; rv:11.0) Gecko Firefox/11.0 (via ggpht.com GoogleImageProxy)"
5.255.241.244 - - [04/Feb/2019:12:07:30 +0700] "GET /tracking.gif?email=an-fischuk%40ya.ru&mailing=463 HTTP/1.0" 200 197 "-" "Mozilla/5.0 (compatible; YandexImageResizer/2.0; +http://yandex.com/bots)"
95.172.103.176 - - [04/Feb/2019:12:07:56 +0700] "GET /tracking.gif?email=janitta%40mail.ru&mailing=383 HTTP/1.0" 200 197 "-" "Mozilla/5.0 (iPhone; CPU iPhone OS 11_4_1 like Mac OS X) AppleWebKit/605.1.15 (KHTML, like Gecko) Mobile/15G77"
188.93.56.129 - - [04/Feb/2019:12:08:15 +0700] "GET /tracking.gif?email=ann1750%40mail.ru&mailing=409 HTTP/1.0" 200 197 "-" "Mozilla/5.0 (X11; Linux x86_64) AppleWebKit/537.36 (KHTML, like Gecko)"
188.93.56.129 - - [04/Feb/2019:12:11:17 +0700] "GET /tracking.gif?email=ann1750%40mail.ru&mailing=327 HTTP/1.0" 200 197 "-" "Mozilla/5.0 (X11; Linux x86_64) AppleWebKit/537.36 (KHTML, like Gecko)"
188.93.56.121 - - [04/Feb/2019:12:11:28 +0700] "GET /tracking.gif?email=gerasimova_nasta%40list.ru&mailing=280 HTTP/1.0" 200 197 "-" "Mozilla/5.0 (X11; Linux x86_64) AppleWebKit/537.36 (KHTML, like Gecko)"
2.94.188.204 - - [04/Feb/2019:12:12:38 +0700] "GET /tracking.gif?email=gps3812%40yandex.ru&mailing=435 HTTP/1.0" 200 197 "-" "Mozilla/4.0 (compatible; MSIE 7.0; Windows NT 6.1; WOW64; Trident/7.0; SLCC2; .NET CLR 2.0.50727; .NET CLR 3.5.30729; .NET CLR 3.0.30729; .NET4.0C; .NET4.0E; MANM; McAfee; WebMoney Advisor)"
188.93.56.129 - - [04/Feb/2019:12:13:46 +0700] "GET /tracking.gif?email=galina_smirnova86%40mail.ru&mailing=463 HTTP/1.0" 200 197 "-" "Mozilla/5.0 (X11; Linux x86_64) AppleWebKit/537.36 (KHTML, like Gecko)"
188.93.56.126 - - [04/Feb/2019:12:14:20 +0700] "GET /tracking.gif?email=blondinka_tania%40mail.ru&mailing=435 HTTP/1.0" 200 197 "-" "Mozilla/5.0 (X11; Linux x86_64) AppleWebKit/537.36 (KHTML, like Gecko)"
176.59.138.135 - - [04/Feb/2019:12:14:47 +0700] "GET /tracking.gif?email=trikozof%40gmail.com&mailing=435 HTTP/1.0" 200 197 "-" "Mozilla/5.0 (iPhone; CPU iPhone OS 12_1_2 like Mac OS X) AppleWebKit/605.1.15 (KHTML, like Gecko) Mobile/16C101"
217.118.83.216 - - [04/Feb/2019:12:15:24 +0700] "GET /tracking.gif?email=litovda%40mail.ru&mailing=463 HTTP/1.0" 200 197 "-" "Mozilla/5.0 (iPad; CPU OS 12_1_1 like Mac OS X) AppleWebKit/605.1.15 (KHTML, like Gecko) Mobile/16C50"
66.102.9.20 - - [04/Feb/2019:12:19:48 +0700] "GET / HTTP/1.0" 404 180 "-" "Mozilla/5.0 (X11; Linux x86_64) AppleWebKit/537.36 (KHTML, like Gecko) Chrome/49.0.2623.75 Safari/537.36 Google Favicon"
188.93.56.124 - - [04/Feb/2019:12:21:23 +0700] "GET /tracking.gif?email=natasha-lexx%40mail.ru&mailing=463 HTTP/1.0" 200 197 "-" "Mozilla/5.0 (X11; Linux x86_64) AppleWebKit/537.36 (KHTML, like Gecko)"
188.93.56.128 - - [04/Feb/2019:12:22:12 +0700] "GET /tracking.gif?email=ms.kanbolatova%40mail.ru&mailing=409 HTTP/1.0" 200 197 "-" "Mozilla/5.0 (X11; Linux x86_64) AppleWebKit/537.36 (KHTML, like Gecko)"
109.202.13.112 - - [04/Feb/2019:12:22:20 +0700] "GET /unsubscribe/?email=alfainsomnia%40gmail.com&mailing=345 HTTP/1.0" 200 965 "-" "Mozilla/5.0 (Windows NT 10.0; Win64; x64) AppleWebKit/537.36 (KHTML, like Gecko) Chrome/72.0.3626.81 Safari/537.36"
109.202.13.112 - - [04/Feb/2019:12:22:20 +0700] "GET /img/popcorn.svg HTTP/1.0" 200 1187 "http://mailing.etobilet.ru/css/main.css" "Mozilla/5.0 (Windows NT 10.0; Win64; x64) AppleWebKit/537.36 (KHTML, like Gecko) Chrome/72.0.3626.81 Safari/537.36"
109.202.13.112 - - [04/Feb/2019:12:22:22 +0700] "GET /unsubscribe/?email=alfainsomnia%40gmail.com&mailing=345&confirmed=1 HTTP/1.0" 200 724 "http://mailing.etobilet.ru/unsubscribe/?email=alfainsomnia%40gmail.com&mailing=345" "Mozilla/5.0 (Windows NT 10.0; Win64; x64) AppleWebKit/537.36 (KHTML, like Gecko) Chrome/72.0.3626.81 Safari/537.36"
90.151.200.118 - - [04/Feb/2019:12:22:54 +0700] "GET /tracking.gif?email=nothingforyou%40rambler.ru&mailing=430 HTTP/1.0" 200 197 "-" "Mozilla/5.0 (iPhone; CPU iPhone OS 12_1_2 like Mac OS X) AppleWebKit/605.1.15 (KHTML, like Gecko) Mobile/16C101"
90.151.200.118 - - [04/Feb/2019:12:22:56 +0700] "GET /tracking.gif?email=nothingforyou%40rambler.ru&mailing=430 HTTP/1.0" 200 197 "-" "Mozilla/5.0 (iPhone; CPU iPhone OS 12_1_2 like Mac OS X) AppleWebKit/605.1.15 (KHTML, like Gecko) Mobile/16C101"
90.151.200.118 - - [04/Feb/2019:12:22:56 +0700] "GET /tracking.gif?email=nothingforyou%40rambler.ru&mailing=430 HTTP/1.0" 200 197 "-" "Mozilla/5.0 (iPhone; CPU iPhone OS 12_1_2 like Mac OS X) AppleWebKit/605.1.15 (KHTML, like Gecko) Mobile/16C101"
188.162.86.240 - - [04/Feb/2019:12:23:03 +0700] "GET /tracking.gif?email=tav_omsk%40mail.ru&mailing=435 HTTP/1.0" 200 197 "-" "Mozilla/5.0 (iPhone; CPU iPhone OS 12_1_3 like Mac OS X) AppleWebKit/605.1.15 (KHTML, like Gecko) Mobile/16D39"
178.34.149.239 - - [04/Feb/2019:12:24:11 +0700] "GET /tracking.gif?email=Anastasias.77%40icloud.com&mailing=431 HTTP/1.0" 200 197 "-" "Mozilla/5.0 (iPhone; CPU iPhone OS 12_1_2 like Mac OS X) AppleWebKit/605.1.15 (KHTML, like Gecko) Mobile/16C101"
178.34.149.239 - - [04/Feb/2019:12:24:13 +0700] "GET /tracking.gif?email=Anastasias.77%40icloud.com&mailing=431 HTTP/1.0" 200 197 "-" "Mozilla/5.0 (iPhone; CPU iPhone OS 12_1_2 like Mac OS X) AppleWebKit/605.1.15 (KHTML, like Gecko) Mobile/16C101"
217.115.191.138 - - [04/Feb/2019:12:26:50 +0700] "GET /tracking.gif?email=9825050500%40mail.ru&mailing=463 HTTP/1.0" 200 197 "-" "Mozilla/5.0 (Macintosh; Intel Mac OS X 10_14_2) AppleWebKit/605.1.15 (KHTML, like Gecko)"
213.87.127.179 - - [04/Feb/2019:12:29:16 +0700] "GET /tracking.gif?email=bolotinaleedia%40gmail.com&mailing=343 HTTP/1.0" 200 197 "-" "Mozilla/5.0 (iPad; CPU OS 12_1_3 like Mac OS X) AppleWebKit/605.1.15 (KHTML, like Gecko) Mobile/16D39"
213.87.127.179 - - [04/Feb/2019:12:29:22 +0700] "GET /tracking.gif?email=bolotinaleedia%40gmail.com&mailing=321 HTTP/1.0" 200 197 "-" "Mozilla/5.0 (iPad; CPU OS 12_1_3 like Mac OS X) AppleWebKit/605.1.15 (KHTML, like Gecko) Mobile/16D39"
213.87.127.179 - - [04/Feb/2019:12:29:46 +0700] "GET /tracking.gif?email=bolotinaleedia%40gmail.com&mailing=321 HTTP/1.0" 200 197 "-" "Mozilla/5.0 (iPad; CPU OS 12_1_3 like Mac OS X) AppleWebKit/605.1.15 (KHTML, like Gecko) Mobile/16D39"
213.87.127.179 - - [04/Feb/2019:12:35:49 +0700] "GET /tracking.gif?email=bolotinaleedia%40gmail.com&mailing=321 HTTP/1.0" 200 197 "-" "Mozilla/5.0 (iPad; CPU OS 12_1_3 like Mac OS X) AppleWebKit/605.1.15 (KHTML, like Gecko) Mobile/16D39"
188.93.56.127 - - [04/Feb/2019:12:36:03 +0700] "GET /tracking.gif?email=aplsok%40mail.ru&mailing=435 HTTP/1.0" 200 197 "-" "Mozilla/5.0 (X11; Linux x86_64) AppleWebKit/537.36 (KHTML, like Gecko)"
188.93.56.128 - - [04/Feb/2019:12:42:48 +0700] "GET /tracking.gif?email=Ekaterina.mitrofanova%40mail.ru&mailing=435 HTTP/1.0" 200 197 "-" "Mozilla/5.0 (X11; Linux x86_64) AppleWebKit/537.36 (KHTML, like Gecko)"
93.158.130.171 - - [04/Feb/2019:12:54:20 +0700] "GET /tracking.gif?email=ofis-gid-hm%40yandex.ru&mailing=463 HTTP/1.0" 200 197 "-" "Mozilla/5.0 (compatible; YandexImageResizer/2.0; +http://yandex.com/bots)"
193.169.1.67 - - [04/Feb/2019:12:57:24 +0700] "GET /tracking.gif?email=anton280588%40icloud.com&mailing=370 HTTP/1.0" 200 197 "-" "Mozilla/5.0 (iPhone; CPU iPhone OS 12_1_2 like Mac OS X) AppleWebKit/605.1.15 (KHTML, like Gecko) Mobile/16C101"
37.9.65.81 - - [04/Feb/2019:13:00:35 +0700] "GET /tracking.gif?email=ksu.vlasenko%40yandex.ru&mailing=465 HTTP/1.0" 200 197 "-" "Mozilla/5.0 (compatible; YandexImageResizer/2.0; +http://yandex.com/bots)"
188.93.56.128 - - [04/Feb/2019:13:02:24 +0700] "GET /tracking.gif?email=fish-202%40mail.ru&mailing=463 HTTP/1.0" 200 197 "-" "Mozilla/5.0 (X11; Linux x86_64) AppleWebKit/537.36 (KHTML, like Gecko)"
188.93.56.128 - - [04/Feb/2019:13:03:06 +0700] "GET /tracking.gif?email=natalj_ru%40mail.ru&mailing=435 HTTP/1.0" 200 197 "-" "Mozilla/5.0 (X11; Linux x86_64) AppleWebKit/537.36 (KHTML, like Gecko)"
188.93.56.126 - - [04/Feb/2019:13:05:48 +0700] "GET /tracking.gif?email=TrofAndr18%40mail.ru&mailing=435 HTTP/1.0" 200 197 "-" "Mozilla/5.0 (X11; Linux x86_64) AppleWebKit/537.36 (KHTML, like Gecko)"
188.93.56.124 - - [04/Feb/2019:13:08:42 +0700] "GET /tracking.gif?email=irina.96.o%40mail.ru&mailing=435 HTTP/1.0" 200 197 "-" "Mozilla/5.0 (X11; Linux x86_64) AppleWebKit/537.36 (KHTML, like Gecko)"
188.93.56.127 - - [04/Feb/2019:13:11:38 +0700] "GET /tracking.gif?email=Fil59%40mail.ru&mailing=430 HTTP/1.0" 200 197 "-" "Mozilla/5.0 (X11; Linux x86_64) AppleWebKit/537.36 (KHTML, like Gecko)"
178.176.113.220 - - [04/Feb/2019:13:12:00 +0700] "GET /unsubscribe/?email=Fil59%40mail.ru&mailing=430 HTTP/1.0" 200 975 "-" "Mozilla/5.0 (Linux; U; Android 7.1.2; ru-ru; Redmi 4A Build/N2G47H) AppleWebKit/537.36 (KHTML, like Gecko) Version/4.0 Chrome/61.0.3163.128 Mobile Safari/537.36 XiaoMi/MiuiBrowser/10.4.3-g"
178.176.113.220 - - [04/Feb/2019:13:12:00 +0700] "GET /img/popcorn.svg HTTP/1.0" 200 1187 "http://mailing.etobilet.ru/css/main.css" "Mozilla/5.0 (Linux; U; Android 7.1.2; ru-ru; Redmi 4A Build/N2G47H) AppleWebKit/537.36 (KHTML, like Gecko) Version/4.0 Chrome/61.0.3163.128 Mobile Safari/537.36 XiaoMi/MiuiBrowser/10.4.3-g"
178.176.113.220 - - [04/Feb/2019:13:12:03 +0700] "GET /unsubscribe/?email=Fil59%40mail.ru&mailing=430&confirmed=1 HTTP/1.0" 200 752 "http://mailing.etobilet.ru/unsubscribe/?email=Fil59%40mail.ru&mailing=430" "Mozilla/5.0 (Linux; U; Android 7.1.2; ru-ru; Redmi 4A Build/N2G47H) AppleWebKit/537.36 (KHTML, like Gecko) Version/4.0 Chrome/61.0.3163.128 Mobile Safari/537.36 XiaoMi/MiuiBrowser/10.4.3-g"
31.173.241.118 - - [04/Feb/2019:13:12:25 +0700] "GET /tracking.gif?email=da.elagin%40yandex.ru&mailing=384 HTTP/1.0" 200 197 "-" "Mozilla/5.0 (Linux; Android 7.0; DLI-TL20 Build/HONORDLI-TL20; wv) AppleWebKit/537.36 (KHTML, like Gecko) Version/4.0 Chrome/71.0.3578.99 Mobile Safari/537.36"
62.68.141.42 - - [04/Feb/2019:13:14:32 +0700] "GET /tracking.gif?email=vka%40nikolas.ru&mailing=465 HTTP/1.0" 200 197 "-" "Mozilla/4.0 (compatible; MSIE 7.0; Windows NT 10.0; Win64; x64; Trident/7.0; .NET4.0C; .NET4.0E; Microsoft Outlook 16.0.4573; ms-office; MSOffice 16)"
93.158.130.170 - - [04/Feb/2019:13:14:37 +0700] "GET /tracking.gif?email=ksu.vlasenko%40yandex.ru&mailing=466 HTTP/1.0" 200 197 "-" "Mozilla/5.0 (compatible; YandexImageResizer/2.0; +http://yandex.com/bots)"
93.158.130.179 - - [04/Feb/2019:13:14:58 +0700] "GET /tracking.gif?email=ksu.vlasenko%40yandex.ru&mailing=467 HTTP/1.0" 200 197 "-" "Mozilla/5.0 (compatible; YandexImageResizer/2.0; +http://yandex.com/bots)"
217.118.83.216 - - [04/Feb/2019:13:15:01 +0700] "GET /tracking.gif?email=litovda%40mail.ru&mailing=463 HTTP/1.0" 200 197 "-" "Mozilla/5.0 (iPad; CPU OS 12_1_1 like Mac OS X) AppleWebKit/605.1.15 (KHTML, like Gecko) Mobile/16C50"
93.158.130.178 - - [04/Feb/2019:13:15:05 +0700] "GET /tracking.gif?email=ksu.vlasenko%40yandex.ru&mailing=468 HTTP/1.0" 200 197 "-" "Mozilla/5.0 (compatible; YandexImageResizer/2.0; +http://yandex.com/bots)"
93.158.130.173 - - [04/Feb/2019:13:15:13 +0700] "GET /tracking.gif?email=ksu.vlasenko%40yandex.ru&mailing=469 HTTP/1.0" 200 197 "-" "Mozilla/5.0 (compatible; YandexImageResizer/2.0; +http://yandex.com/bots)"
188.93.56.126 - - [04/Feb/2019:13:15:22 +0700] "GET /tracking.gif?email=rychkatya00%40mail.ru&mailing=370 HTTP/1.0" 200 197 "-" "Mozilla/5.0 (X11; Linux x86_64) AppleWebKit/537.36 (KHTML, like Gecko)"
188.93.56.124 - - [04/Feb/2019:13:19:03 +0700] "GET /tracking.gif?email=kurenevvlad%40mail.ru&mailing=463 HTTP/1.0" 200 197 "-" "Mozilla/5.0 (X11; Linux x86_64) AppleWebKit/537.36 (KHTML, like Gecko)"
188.93.56.125 - - [04/Feb/2019:13:19:52 +0700] "GET /tracking.gif?email=kurenevvlad%40mail.ru&mailing=378 HTTP/1.0" 200 197 "-" "Mozilla/5.0 (X11; Linux x86_64) AppleWebKit/537.36 (KHTML, like Gecko)"
188.93.56.125 - - [04/Feb/2019:13:19:57 +0700] "GET /tracking.gif?email=kurenevvlad%40mail.ru&mailing=373 HTTP/1.0" 200 197 "-" "Mozilla/5.0 (X11; Linux x86_64) AppleWebKit/537.36 (KHTML, like Gecko)"
188.93.56.122 - - [04/Feb/2019:13:20:35 +0700] "GET /tracking.gif?email=kurenevvlad%40mail.ru&mailing=344 HTTP/1.0" 200 197 "-" "Mozilla/5.0 (X11; Linux x86_64) AppleWebKit/537.36 (KHTML, like Gecko)"
188.93.56.127 - - [04/Feb/2019:13:20:45 +0700] "GET /tracking.gif?email=wolf.tesb%40mail.ru&mailing=431 HTTP/1.0" 200 197 "-" "Mozilla/5.0 (X11; Linux x86_64) AppleWebKit/537.36 (KHTML, like Gecko)"
188.93.56.129 - - [04/Feb/2019:13:21:14 +0700] "GET /tracking.gif?email=kurenevvlad%40mail.ru&mailing=316 HTTP/1.0" 200 197 "-" "Mozilla/5.0 (X11; Linux x86_64) AppleWebKit/537.36 (KHTML, like Gecko)"
188.93.56.123 - - [04/Feb/2019:13:21:50 +0700] "GET /tracking.gif?email=kurenevvlad%40mail.ru&mailing=278 HTTP/1.0" 200 197 "-" "Mozilla/5.0 (X11; Linux x86_64) AppleWebKit/537.36 (KHTML, like Gecko)"
176.59.139.214 - - [04/Feb/2019:13:24:32 +0700] "GET /tracking.gif?email=trikozof%40gmail.com&mailing=435 HTTP/1.0" 200 197 "-" "Mozilla/5.0 (iPhone; CPU iPhone OS 12_1_2 like Mac OS X) AppleWebKit/605.1.15 (KHTML, like Gecko) Mobile/16C101"
188.93.56.122 - - [04/Feb/2019:13:25:17 +0700] "GET /tracking.gif?email=egnko%40mail.ru&mailing=435 HTTP/1.0" 200 197 "-" "Mozilla/5.0 (X11; Linux x86_64) AppleWebKit/537.36 (KHTML, like Gecko)"
188.93.56.127 - - [04/Feb/2019:13:25:31 +0700] "GET /tracking.gif?email=ndrubtsova%40mail.ru&mailing=430 HTTP/1.0" 200 197 "-" "Mozilla/5.0 (X11; Linux x86_64) AppleWebKit/537.36 (KHTML, like Gecko)"
62.68.141.42 - - [04/Feb/2019:13:25:37 +0700] "GET /tracking.gif?email=vka%40nikolas.ru&mailing=469 HTTP/1.0" 200 197 "-" "Mozilla/4.0 (compatible; MSIE 7.0; Windows NT 10.0; Win64; x64; Trident/7.0; .NET4.0C; .NET4.0E; Microsoft Outlook 16.0.4573; ms-office; MSOffice 16)"
62.68.141.42 - - [04/Feb/2019:13:25:38 +0700] "GET /tracking.gif?email=vka%40nikolas.ru&mailing=468 HTTP/1.0" 200 197 "-" "Mozilla/4.0 (compatible; MSIE 7.0; Windows NT 10.0; Win64; x64; Trident/7.0; .NET4.0C; .NET4.0E; Microsoft Outlook 16.0.4573; ms-office; MSOffice 16)"
62.68.141.42 - - [04/Feb/2019:13:25:38 +0700] "GET /tracking.gif?email=vka%40nikolas.ru&mailing=467 HTTP/1.0" 200 197 "-" "Mozilla/4.0 (compatible; MSIE 7.0; Windows NT 10.0; Win64; x64; Trident/7.0; .NET4.0C; .NET4.0E; Microsoft Outlook 16.0.4573; ms-office; MSOffice 16)"
62.68.141.42 - - [04/Feb/2019:13:25:38 +0700] "GET /tracking.gif?email=vka%40nikolas.ru&mailing=466 HTTP/1.0" 200 197 "-" "Mozilla/4.0 (compatible; MSIE 7.0; Windows NT 10.0; Win64; x64; Trident/7.0; .NET4.0C; .NET4.0E; Microsoft Outlook 16.0.4573; ms-office; MSOffice 16)"
66.249.93.94 - - [04/Feb/2019:13:25:40 +0700] "GET /tracking.gif?email=sibrex%40yandex.ru&mailing=409 HTTP/1.0" 200 197 "-" "Mozilla/5.0 (Windows NT 5.1; rv:11.0) Gecko Firefox/11.0 (via ggpht.com GoogleImageProxy)"
62.68.141.42 - - [04/Feb/2019:13:25:40 +0700] "GET /tracking.gif?email=vka%40nikolas.ru&mailing=469 HTTP/1.0" 200 197 "-" "Mozilla/4.0 (compatible; MSIE 7.0; Windows NT 10.0; Win64; x64; Trident/7.0; .NET4.0C; .NET4.0E; Microsoft Outlook 16.0.4573; ms-office; MSOffice 16)"
62.68.141.42 - - [04/Feb/2019:13:25:40 +0700] "GET /tracking.gif?email=vka%40nikolas.ru&mailing=468 HTTP/1.0" 200 197 "-" "Mozilla/4.0 (compatible; MSIE 7.0; Windows NT 10.0; Win64; x64; Trident/7.0; .NET4.0C; .NET4.0E; Microsoft Outlook 16.0.4573; ms-office; MSOffice 16)"
62.68.141.42 - - [04/Feb/2019:13:25:41 +0700] "GET /tracking.gif?email=vka%40nikolas.ru&mailing=467 HTTP/1.0" 200 197 "-" "Mozilla/4.0 (compatible; MSIE 7.0; Windows NT 10.0; Win64; x64; Trident/7.0; .NET4.0C; .NET4.0E; Microsoft Outlook 16.0.4573; ms-office; MSOffice 16)"
62.68.141.42 - - [04/Feb/2019:13:25:42 +0700] "GET /tracking.gif?email=vka%40nikolas.ru&mailing=466 HTTP/1.0" 200 197 "-" "Mozilla/4.0 (compatible; MSIE 7.0; Windows NT 10.0; Win64; x64; Trident/7.0; .NET4.0C; .NET4.0E; Microsoft Outlook 16.0.4573; ms-office; MSOffice 16)"
176.59.137.145 - - [04/Feb/2019:13:28:19 +0700] "GET /tracking.gif?email=dlove7%40inbox.ru&mailing=384 HTTP/1.0" 200 197 "-" "Mozilla/5.0 (iPhone; CPU iPhone OS 12_1_2 like Mac OS X) AppleWebKit/605.1.15 (KHTML, like Gecko) Mobile/16C101"
188.93.56.122 - - [04/Feb/2019:13:28:43 +0700] "GET /tracking.gif?email=katerina9000090%40mail.ru&mailing=311 HTTP/1.0" 200 197 "-" "Mozilla/5.0 (X11; Linux x86_64) AppleWebKit/537.36 (KHTML, like Gecko)"
188.93.56.122 - - [04/Feb/2019:13:30:04 +0700] "GET /tracking.gif?email=fomova.el78%40mail.ru&mailing=384 HTTP/1.0" 200 197 "-" "Mozilla/5.0 (X11; Linux x86_64) AppleWebKit/537.36 (KHTML, like Gecko)"
62.68.141.42 - - [04/Feb/2019:13:30:26 +0700] "GET /tracking.gif?email=vka%40nikolas.ru&mailing=466 HTTP/1.0" 200 197 "-" "Mozilla/4.0 (compatible; MSIE 7.0; Windows NT 10.0; Win64; x64; Trident/7.0; .NET4.0C; .NET4.0E; Microsoft Outlook 16.0.4573; ms-office; MSOffice 16)"
188.93.56.121 - - [04/Feb/2019:13:31:34 +0700] "GET /tracking.gif?email=Kandinna%40mail.ru&mailing=384 HTTP/1.0" 200 197 "-" "Mozilla/5.0 (X11; Linux x86_64) AppleWebKit/537.36 (KHTML, like Gecko)"
188.93.56.128 - - [04/Feb/2019:13:32:26 +0700] "GET /tracking.gif?email=kuksin50%40mail.ru&mailing=435 HTTP/1.0" 200 197 "-" "Mozilla/5.0 (X11; Linux x86_64) AppleWebKit/537.36 (KHTML, like Gecko)"
188.93.56.125 - - [04/Feb/2019:13:34:46 +0700] "GET /tracking.gif?email=xlapyxa%40mail.ru&mailing=435 HTTP/1.0" 200 197 "-" "Mozilla/5.0 (X11; Linux x86_64) AppleWebKit/537.36 (KHTML, like Gecko)"
188.93.56.122 - - [04/Feb/2019:13:35:13 +0700] "GET /tracking.gif?email=Kandinna%40mail.ru&mailing=343 HTTP/1.0" 200 197 "-" "Mozilla/5.0 (X11; Linux x86_64) AppleWebKit/537.36 (KHTML, like Gecko)"
62.68.141.42 - - [04/Feb/2019:13:36:29 +0700] "GET /tracking.gif?email=vka%40nikolas.ru&mailing=469 HTTP/1.0" 200 197 "-" "Mozilla/4.0 (compatible; MSIE 7.0; Windows NT 10.0; Win64; x64; Trident/7.0; .NET4.0C; .NET4.0E; Microsoft Outlook 16.0.4573; ms-office; MSOffice 16)"
62.68.141.42 - - [04/Feb/2019:13:36:31 +0700] "GET /tracking.gif?email=vka%40nikolas.ru&mailing=468 HTTP/1.0" 200 197 "-" "Mozilla/4.0 (compatible; MSIE 7.0; Windows NT 10.0; Win64; x64; Trident/7.0; .NET4.0C; .NET4.0E; Microsoft Outlook 16.0.4573; ms-office; MSOffice 16)"
188.93.56.128 - - [04/Feb/2019:13:37:22 +0700] "GET /tracking.gif?email=kuksin50%40mail.ru&mailing=375 HTTP/1.0" 200 197 "-" "Mozilla/5.0 (X11; Linux x86_64) AppleWebKit/537.36 (KHTML, like Gecko)"
5.255.241.227 - - [04/Feb/2019:13:42:19 +0700] "GET /tracking.gif?email=lala.232014%40yandex.ru&mailing=463 HTTP/1.0" 200 197 "-" "Mozilla/5.0 (compatible; YandexImageResizer/2.0; +http://yandex.com/bots)"
66.102.9.17 - - [04/Feb/2019:13:43:58 +0700] "GET /tracking.gif?email=Ekaterinaviklan%40gmail.com&mailing=343 HTTP/1.0" 200 197 "-" "Mozilla/5.0 (Windows NT 5.1; rv:11.0) Gecko Firefox/11.0 (via ggpht.com GoogleImageProxy)"
176.59.197.183 - - [04/Feb/2019:13:44:05 +0700] "GET /tracking.gif?email=maxshiryaev%40hotmail.com&mailing=463 HTTP/1.0" 200 197 "-" "Mozilla/5.0 (iPhone; CPU iPhone OS 12_2 like Mac OS X) AppleWebKit/605.1.15 (KHTML, like Gecko) Mobile/15E148"
62.68.141.42 - - [04/Feb/2019:13:45:51 +0700] "GET /tracking.gif?email=vka%40nikolas.ru&mailing=470 HTTP/1.0" 200 197 "-" "Mozilla/4.0 (compatible; MSIE 7.0; Windows NT 10.0; Win64; x64; Trident/7.0; .NET4.0C; .NET4.0E; Microsoft Outlook 16.0.4573; ms-office; MSOffice 16)"
188.93.56.130 - - [04/Feb/2019:13:46:06 +0700] "GET /tracking.gif?email=wfdo%40bk.ru&mailing=435 HTTP/1.0" 200 197 "-" "Mozilla/5.0 (X11; Linux x86_64) AppleWebKit/537.36 (KHTML, like Gecko)"
62.68.141.42 - - [04/Feb/2019:13:47:06 +0700] "GET /tracking.gif?email=vka%40nikolas.ru&mailing=470 HTTP/1.0" 200 197 "-" "Mozilla/4.0 (compatible; MSIE 7.0; Windows NT 10.0; Win64; x64; Trident/7.0; .NET4.0C; .NET4.0E; Microsoft Outlook 16.0.4573; ms-office; MSOffice 16)"
62.68.141.42 - - [04/Feb/2019:13:47:10 +0700] "GET /tracking.gif?email=vka%40nikolas.ru&mailing=471 HTTP/1.0" 200 197 "-" "Mozilla/4.0 (compatible; MSIE 7.0; Windows NT 10.0; Win64; x64; Trident/7.0; .NET4.0C; .NET4.0E; Microsoft Outlook 16.0.4573; ms-office; MSOffice 16)"
62.68.141.42 - - [04/Feb/2019:13:47:28 +0700] "GET /tracking.gif?email=vka%40nikolas.ru&mailing=471 HTTP/1.0" 200 197 "-" "Mozilla/4.0 (compatible; MSIE 7.0; Windows NT 10.0; Win64; x64; Trident/7.0; .NET4.0C; .NET4.0E; Microsoft Outlook 16.0.4573; ms-office; MSOffice 16)"
188.93.56.121 - - [04/Feb/2019:13:47:35 +0700] "GET /tracking.gif?email=chevoserov%40mail.ru&mailing=384 HTTP/1.0" 200 197 "-" "Mozilla/5.0 (X11; Linux x86_64) AppleWebKit/537.36 (KHTML, like Gecko)"
188.93.56.130 - - [04/Feb/2019:13:47:37 +0700] "GET /tracking.gif?email=marketing%40smi55.com&mailing=435 HTTP/1.0" 200 197 "-" "Mozilla/5.0 (X11; Linux x86_64) AppleWebKit/537.36 (KHTML, like Gecko)"
188.93.56.122 - - [04/Feb/2019:13:49:13 +0700] "GET /tracking.gif?email=kuksin50%40mail.ru&mailing=330 HTTP/1.0" 200 197 "-" "Mozilla/5.0 (X11; Linux x86_64) AppleWebKit/537.36 (KHTML, like Gecko)"
37.9.65.65 - - [04/Feb/2019:13:51:06 +0700] "GET /tracking.gif?email=pa4ganovaolga%40yandex.ru&mailing=463 HTTP/1.0" 200 197 "-" "Mozilla/5.0 (compatible; YandexImageResizer/2.0; +http://yandex.com/bots)"
176.59.208.113 - - [04/Feb/2019:13:51:17 +0700] "GET /tracking.gif?email=bekhtyaeva1310%40icloud.com&mailing=430 HTTP/1.0" 200 197 "-" "Mozilla/5.0 (iPhone; CPU iPhone OS 12_1_2 like Mac OS X) AppleWebKit/605.1.15 (KHTML, like Gecko) Mobile/16C101"
85.140.78.228 - - [04/Feb/2019:13:54:44 +0700] "GET /tracking.gif?email=eastar67%40icloud.com&mailing=316 HTTP/1.0" 200 197 "-" "Mozilla/5.0 (iPad; CPU OS 10_3_3 like Mac OS X) AppleWebKit/603.3.8 (KHTML, like Gecko) Mobile/14G60"
188.93.56.126 - - [04/Feb/2019:13:58:19 +0700] "GET /tracking.gif?email=ramigo1994%40bk.ru&mailing=409 HTTP/1.0" 200 197 "-" "Mozilla/5.0 (X11; Linux x86_64) AppleWebKit/537.36 (KHTML, like Gecko)"
62.68.141.42 - - [04/Feb/2019:13:59:16 +0700] "GET /tracking.gif?email=vka%40nikolas.ru&mailing=470 HTTP/1.0" 200 197 "-" "Mozilla/4.0 (compatible; MSIE 7.0; Windows NT 10.0; Win64; x64; Trident/7.0; .NET4.0C; .NET4.0E; Microsoft Outlook 16.0.4573; ms-office; MSOffice 16)"
93.158.130.164 - - [04/Feb/2019:14:00:23 +0700] "GET /tracking.gif?email=l1961a%40yandex.ru&mailing=463 HTTP/1.0" 200 197 "-" "Mozilla/5.0 (compatible; YandexImageResizer/2.0; +http://yandex.com/bots)"
188.93.56.121 - - [04/Feb/2019:14:00:48 +0700] "GET /tracking.gif?email=eazy_mf_g%40mail.ru&mailing=343 HTTP/1.0" 200 197 "-" "Mozilla/5.0 (X11; Linux x86_64) AppleWebKit/537.36 (KHTML, like Gecko)"
78.139.231.71 - - [04/Feb/2019:14:00:54 +0700] "GET /unsubscribe/?email=eazy_mf_g%40mail.ru&mailing=343 HTTP/1.0" 200 952 "-" "Mozilla/5.0 (Windows NT 6.1; WOW64) AppleWebKit/537.36 (KHTML, like Gecko) Chrome/70.0.3538.102 Safari/537.36 OPR/57.0.3098.116"
78.139.231.71 - - [04/Feb/2019:14:00:54 +0700] "GET /img/popcorn.svg HTTP/1.0" 200 1187 "http://mailing.etobilet.ru/css/main.css" "Mozilla/5.0 (Windows NT 6.1; WOW64) AppleWebKit/537.36 (KHTML, like Gecko) Chrome/70.0.3538.102 Safari/537.36 OPR/57.0.3098.116"
78.139.231.71 - - [04/Feb/2019:14:01:00 +0700] "GET /unsubscribe/?email=eazy_mf_g%40mail.ru&mailing=343&confirmed=1 HTTP/1.0" 200 721 "http://mailing.etobilet.ru/unsubscribe/?email=eazy_mf_g%40mail.ru&mailing=343" "Mozilla/5.0 (Windows NT 6.1; WOW64) AppleWebKit/537.36 (KHTML, like Gecko) Chrome/70.0.3538.102 Safari/537.36 OPR/57.0.3098.116"
188.93.56.121 - - [04/Feb/2019:14:01:17 +0700] "GET /tracking.gif?email=medgenolch%40mail.ru&mailing=435 HTTP/1.0" 200 197 "-" "Mozilla/5.0 (X11; Linux x86_64) AppleWebKit/537.36 (KHTML, like Gecko)"
