127.0.0.1 - - [28/Oct/2018:06:25:48 +0700] "OPTIONS * HTTP/1.0" 200 126 "-" "Apache/2.2.22 (Debian) (internal dummy connection)"
62.68.141.59 - - [29/Oct/2018:14:09:22 +0700] "GET /browse/?email=danchenko_ann%40mail.ru&mailing=72 HTTP/1.0" 200 143209 "-" "Mozilla/5.0 (Windows NT 10.0; Win64; x64; rv:63.0) Gecko/20100101 Firefox/63.0"
62.68.141.57 - - [31/Oct/2018:10:55:02 +0700] "GET /robots.txt HTTP/1.0" 200 165 "-" "Mozilla/5.0 (Macintosh; Intel Mac OS X 10_14_0) AppleWebKit/537.36 (KHTML, like Gecko) Chrome/70.0.3538.77 Safari/537.36"
31.211.71.211 - - [31/Oct/2018:11:43:41 +0700] "GET /browse/?email=rpv%40nikolas.ru&mailing=72 HTTP/1.0" 200 145690 "-" "Mozilla/5.0 (Windows NT 6.1; WOW64; rv:52.0) Gecko/20100101 Firefox/52.0"
31.211.71.211 - - [31/Oct/2018:11:44:40 +0700] "GET /browse/?email=rpv%40nikolas.ru&mailing=72 HTTP/1.0" 200 145690 "-" "Mozilla/5.0 (Windows NT 6.1; WOW64; rv:52.0) Gecko/20100101 Firefox/52.0"
31.211.71.211 - - [31/Oct/2018:11:47:06 +0700] "GET /browse/?email=rpv%40nikolas.ru&mailing=72 HTTP/1.0" 500 3920 "-" "Mozilla/5.0 (Windows NT 6.1; WOW64; rv:52.0) Gecko/20100101 Firefox/52.0"
31.211.71.211 - - [31/Oct/2018:11:47:21 +0700] "GET /browse/?email=rpv%40nikolas.ru&mailing=72 HTTP/1.0" 500 3920 "-" "Mozilla/5.0 (Windows NT 6.1; WOW64; rv:52.0) Gecko/20100101 Firefox/52.0"
31.211.71.211 - - [31/Oct/2018:11:47:40 +0700] "GET /browse/?email=rpv%40nikolas.ru&mailing=72 HTTP/1.0" 500 3920 "-" "Mozilla/5.0 (Windows NT 6.1; WOW64; rv:52.0) Gecko/20100101 Firefox/52.0"
31.211.71.211 - - [31/Oct/2018:11:47:52 +0700] "GET /browse/?email=rpv%40nikolas.ru&mailing=72 HTTP/1.0" 200 146361 "-" "Mozilla/5.0 (Windows NT 6.1; WOW64; rv:52.0) Gecko/20100101 Firefox/52.0"
31.211.71.211 - - [31/Oct/2018:11:50:01 +0700] "GET /browse/?email=rpv%40nikolas.ru&mailing=72 HTTP/1.0" 200 146239 "-" "Mozilla/5.0 (Windows NT 6.1; WOW64; rv:52.0) Gecko/20100101 Firefox/52.0"
31.211.71.211 - - [31/Oct/2018:11:52:19 +0700] "GET /browse/?email=rpv%40nikolas.ru&mailing=72 HTTP/1.0" 200 146239 "-" "Mozilla/5.0 (Windows NT 6.1; WOW64; rv:52.0) Gecko/20100101 Firefox/52.0"
31.211.71.211 - - [31/Oct/2018:15:39:11 +0700] "GET /browse/?email=rpv%40nikolas.ru&mailing=72 HTTP/1.0" 200 146239 "-" "Mozilla/5.0 (Windows NT 6.1; WOW64; rv:52.0) Gecko/20100101 Firefox/52.0"
31.211.71.211 - - [31/Oct/2018:15:39:22 +0700] "GET /browse/?email=rpv%40nikolas.ru&mailing=71 HTTP/1.0" 200 80079 "-" "Mozilla/5.0 (Windows NT 6.1; WOW64; rv:52.0) Gecko/20100101 Firefox/52.0"
31.211.71.211 - - [31/Oct/2018:15:41:40 +0700] "GET /browse/?email=rpv%40nikolas.ru&mailing=71 HTTP/1.0" 200 80079 "-" "Mozilla/5.0 (Windows NT 6.1; WOW64; rv:52.0) Gecko/20100101 Firefox/52.0"
62.68.141.35 - - [31/Oct/2018:20:35:56 +0700] "GET /browse/?email=sda%40nikolas.ru&mailing=73 HTTP/1.0" 200 93181 "-" "Mozilla/5.0 (Windows NT 10.0; WOW64; Trident/7.0; rv:11.0) like Gecko"
62.68.141.35 - - [31/Oct/2018:20:37:59 +0700] "GET /browse/?email=sda%40nikolas.ru&mailing=73 HTTP/1.0" 200 93181 "-" "Mozilla/5.0 (Windows NT 10.0; Win64; x64) AppleWebKit/537.36 (KHTML, like Gecko) Chrome/70.0.3538.77 Safari/537.36"
31.211.71.211 - - [31/Oct/2018:22:27:28 +0700] "GET /browse/?email=rpv%40nikolas.ru&mailing=73 HTTP/1.0" 200 93172 "-" "Mozilla/5.0 (Windows NT 6.1; WOW64; rv:52.0) Gecko/20100101 Firefox/52.0"
31.211.71.211 - - [31/Oct/2018:22:27:40 +0700] "GET /browse/?email=rpv%40nikolas.ru&mailing=73 HTTP/1.0" 200 93181 "-" "Mozilla/5.0 (Windows NT 6.1; WOW64; rv:52.0) Gecko/20100101 Firefox/52.0"
31.211.71.211 - - [31/Oct/2018:22:27:46 +0700] "GET /browse/?email=rpv%40nikolas.ru&mailing=73 HTTP/1.0" 200 93172 "-" "Mozilla/5.0 (Windows NT 6.1; WOW64; rv:52.0) Gecko/20100101 Firefox/52.0"
46.166.198.200 - - [31/Oct/2018:23:52:23 +0700] "GET /robots.txt HTTP/1.0" 200 165 "-" "Mozilla/5.0 (Macintosh; Intel Mac OS X 10_14_0) AppleWebKit/537.36 (KHTML, like Gecko) Chrome/70.0.3538.77 Safari/537.36"
46.166.198.200 - - [31/Oct/2018:23:52:40 +0700] "GET /robots.txt HTTP/1.0" 200 165 "-" "Mozilla/5.0 (Macintosh; Intel Mac OS X 10_14_0) AppleWebKit/537.36 (KHTML, like Gecko) Chrome/70.0.3538.77 Safari/537.36"
62.68.141.35 - - [01/Nov/2018:17:53:52 +0700] "GET /browse/?email=sda%40nikolas.ru&mailing=73 HTTP/1.0" 200 93172 "-" "Mozilla/5.0 (Windows NT 10.0; WOW64; Trident/7.0; rv:11.0) like Gecko"
62.68.141.35 - - [01/Nov/2018:17:54:29 +0700] "GET /browse/?email=sda%40nikolas.ru&mailing=73 HTTP/1.0" 200 93172 "-" "Mozilla/5.0 (Windows NT 10.0; Win64; x64) AppleWebKit/537.36 (KHTML, like Gecko) Chrome/70.0.3538.77 Safari/537.36"
62.68.141.35 - - [01/Nov/2018:17:54:37 +0700] "GET /browse/?email=sda%40nikolas.ru&mailing=73 HTTP/1.0" 200 93172 "-" "Mozilla/5.0 (Windows NT 10.0; Win64; x64) AppleWebKit/537.36 (KHTML, like Gecko) Chrome/70.0.3538.77 Safari/537.36"
62.68.141.35 - - [01/Nov/2018:17:54:40 +0700] "GET /browse/?email=sda%40nikolas.ru&mailing=73 HTTP/1.0" 200 93172 "-" "Mozilla/5.0 (Windows NT 10.0; Win64; x64) AppleWebKit/537.36 (KHTML, like Gecko) Chrome/70.0.3538.77 Safari/537.36"
62.68.141.35 - - [01/Nov/2018:18:38:30 +0700] "GET /browse/?email=sda%40nikolas.ru&mailing=74 HTTP/1.0" 200 86281 "-" "Mozilla/5.0 (Windows NT 10.0; Win64; x64) AppleWebKit/537.36 (KHTML, like Gecko) Chrome/70.0.3538.77 Safari/537.36"
62.68.141.57 - - [01/Nov/2018:18:39:16 +0700] "GET /robots.txt HTTP/1.0" 200 165 "-" "Mozilla/5.0 (Macintosh; Intel Mac OS X 10_14_1) AppleWebKit/537.36 (KHTML, like Gecko) Chrome/69.0.3497.102 Safari/537.36 Vivaldi/2.0.1309.37"
62.68.141.35 - - [01/Nov/2018:18:48:16 +0700] "GET /unsubscribe/?email=sda%40nikolas.ru&mailing=74 HTTP/1.0" 200 1105 "-" "Mozilla/5.0 (Windows NT 10.0; Win64; x64) AppleWebKit/537.36 (KHTML, like Gecko) Chrome/70.0.3538.77 Safari/537.36"
62.68.141.35 - - [02/Nov/2018:14:36:46 +0700] "GET /browse/?email=sda%40nikolas.ru&mailing=75 HTTP/1.0" 200 82277 "-" "Mozilla/5.0 (Windows NT 10.0; Win64; x64) AppleWebKit/537.36 (KHTML, like Gecko) Chrome/70.0.3538.77 Safari/537.36"
62.68.141.35 - - [02/Nov/2018:18:01:12 +0700] "GET /browse/?email=sda%40nikolas.ru&mailing=75 HTTP/1.0" 200 82277 "-" "Mozilla/5.0 (Windows NT 10.0; Win64; x64) AppleWebKit/537.36 (KHTML, like Gecko) Chrome/64.0.3282.140 Safari/537.36 Edge/17.17134"
62.68.141.35 - - [02/Nov/2018:18:02:20 +0700] "GET /browse/?email=sda%40nikolas.ru&mailing=75 HTTP/1.0" 200 82277 "-" "WhatsApp/0.3.1409 N"
5.53.17.59 - - [02/Nov/2018:18:03:39 +0700] "GET /browse/?email=sda%40nikolas.ru&mailing=75 HTTP/1.0" 200 82277 "-" "Mozilla/5.0 (Windows NT 6.1; Win64; x64) AppleWebKit/537.36 (KHTML, like Gecko) Chrome/70.0.3538.77 Safari/537.36"
5.53.17.59 - - [02/Nov/2018:18:04:36 +0700] "GET /browse/?email=sda%40nikolas.ru&mailing=75 HTTP/1.0" 200 82277 "-" "Mozilla/5.0 (Windows NT 6.1; Win64; x64) AppleWebKit/537.36 (KHTML, like Gecko) Chrome/70.0.3538.77 Safari/537.36"
62.68.141.35 - - [02/Nov/2018:20:31:48 +0700] "GET /browse/?email=sda%40nikolas.ru&mailing=77 HTTP/1.0" 200 113783 "-" "Mozilla/5.0 (Windows NT 10.0; Win64; x64) AppleWebKit/537.36 (KHTML, like Gecko) Chrome/70.0.3538.77 Safari/537.36"
31.211.71.211 - - [02/Nov/2018:20:33:00 +0700] "GET /browse/?email=rpv%40nikolas.ru&mailing=77 HTTP/1.0" 200 113783 "-" "Mozilla/5.0 (Windows NT 6.1; WOW64; rv:52.0) Gecko/20100101 Firefox/52.0"
31.211.71.211 - - [02/Nov/2018:21:07:27 +0700] "GET /x/ HTTP/1.0" 200 157 "-" "Mozilla/5.0 (Windows NT 6.1; WOW64; rv:52.0) Gecko/20100101 Firefox/52.0"
31.211.71.211 - - [02/Nov/2018:21:07:41 +0700] "GET /x/ HTTP/1.0" 200 1767 "-" "Mozilla/5.0 (Windows NT 6.1; WOW64; rv:52.0) Gecko/20100101 Firefox/52.0"
31.211.71.211 - - [02/Nov/2018:21:07:44 +0700] "GET /x/index1.html HTTP/1.0" 200 1129 "http://mailing.etobilet.ru/x/" "Mozilla/5.0 (Windows NT 6.1; WOW64; rv:52.0) Gecko/20100101 Firefox/52.0"
31.211.71.211 - - [02/Nov/2018:21:07:44 +0700] "GET /x/img/popcorn.svg HTTP/1.0" 200 1187 "http://mailing.etobilet.ru/x/css/main.css" "Mozilla/5.0 (Windows NT 6.1; WOW64; rv:52.0) Gecko/20100101 Firefox/52.0"
31.211.71.211 - - [02/Nov/2018:21:07:47 +0700] "GET /x/index2.html HTTP/1.0" 200 936 "http://mailing.etobilet.ru/x/" "Mozilla/5.0 (Windows NT 6.1; WOW64; rv:52.0) Gecko/20100101 Firefox/52.0"
62.68.141.35 - - [02/Nov/2018:21:09:14 +0700] "GET /browse/?email=sda%40nikolas.ru&mailing=78 HTTP/1.0" 200 71113 "-" "Mozilla/5.0 (Windows NT 10.0; Win64; x64) AppleWebKit/537.36 (KHTML, like Gecko) Chrome/70.0.3538.77 Safari/537.36"
31.211.71.211 - - [02/Nov/2018:21:10:45 +0700] "GET /unsubscribe/?email=rpv%40nikolas.ru&mailing=77 HTTP/1.0" 200 955 "-" "Mozilla/5.0 (Windows NT 6.1; WOW64; rv:52.0) Gecko/20100101 Firefox/52.0"
31.211.71.211 - - [02/Nov/2018:21:10:59 +0700] "GET /unsubscribe/?email=rpv%40nikolas.ru&mailing=77 HTTP/1.0" 200 956 "-" "Mozilla/5.0 (Windows NT 6.1; WOW64; rv:52.0) Gecko/20100101 Firefox/52.0"
31.211.71.211 - - [02/Nov/2018:21:11:00 +0700] "GET /img/popcorn.svg HTTP/1.0" 200 170 "http://mailing.etobilet.ru/css/main.css" "Mozilla/5.0 (Windows NT 6.1; WOW64; rv:52.0) Gecko/20100101 Firefox/52.0"
31.211.71.211 - - [02/Nov/2018:21:11:30 +0700] "GET /unsubscribe/?email=rpv%40nikolas.ru&mailing=77 HTTP/1.0" 200 956 "-" "Mozilla/5.0 (Windows NT 6.1; WOW64; rv:52.0) Gecko/20100101 Firefox/52.0"
31.211.71.211 - - [02/Nov/2018:21:11:31 +0700] "GET /img/popcorn.svg HTTP/1.0" 200 170 "http://mailing.etobilet.ru/css/main.css" "Mozilla/5.0 (Windows NT 6.1; WOW64; rv:52.0) Gecko/20100101 Firefox/52.0"
31.211.71.211 - - [02/Nov/2018:21:11:48 +0700] "GET /unsubscribe/?email=rpv%40nikolas.ru&mailing=77 HTTP/1.0" 200 956 "-" "Mozilla/5.0 (Windows NT 6.1; WOW64; rv:52.0) Gecko/20100101 Firefox/52.0"
31.211.71.211 - - [02/Nov/2018:21:11:48 +0700] "GET /img/popcorn.svg HTTP/1.0" 200 1187 "http://mailing.etobilet.ru/css/main.css" "Mozilla/5.0 (Windows NT 6.1; WOW64; rv:52.0) Gecko/20100101 Firefox/52.0"
31.211.71.211 - - [02/Nov/2018:21:12:13 +0700] "GET / HTTP/1.0" 404 180 "-" "Mozilla/5.0 (Windows NT 6.1; WOW64; rv:52.0) Gecko/20100101 Firefox/52.0"
31.211.71.211 - - [02/Nov/2018:21:12:17 +0700] "GET /x/ HTTP/1.0" 200 994 "-" "Mozilla/5.0 (Windows NT 6.1; WOW64; rv:52.0) Gecko/20100101 Firefox/52.0"
31.211.71.211 - - [02/Nov/2018:21:12:25 +0700] "GET /x/ HTTP/1.0" 404 180 "-" "Mozilla/5.0 (Windows NT 6.1; WOW64; rv:52.0) Gecko/20100101 Firefox/52.0"
31.211.71.211 - - [02/Nov/2018:21:13:03 +0700] "GET /unsubscribe/?email=rpv@nikolas.ru&mailing=2 HTTP/1.0" 200 956 "-" "Mozilla/5.0 (Windows NT 6.1; WOW64; rv:52.0) Gecko/20100101 Firefox/52.0"
31.211.71.211 - - [02/Nov/2018:21:20:50 +0700] "GET /unsubscribe/?email=rpv@nikolas.ru&mailing=2 HTTP/1.0" 200 956 "-" "Mozilla/5.0 (Windows NT 6.1; WOW64; rv:52.0) Gecko/20100101 Firefox/52.0"
31.211.71.211 - - [02/Nov/2018:21:20:50 +0700] "GET /img/popcorn.svg HTTP/1.0" 200 1187 "http://mailing.etobilet.ru/css/main.css" "Mozilla/5.0 (Windows NT 6.1; WOW64; rv:52.0) Gecko/20100101 Firefox/52.0"
31.211.71.211 - - [02/Nov/2018:21:21:44 +0700] "GET /unsubscribe/?email=rpv@nikolas.ru&mailing=2 HTTP/1.0" 200 956 "-" "Mozilla/5.0 (Windows NT 6.1; WOW64; rv:52.0) Gecko/20100101 Firefox/52.0"
31.211.71.211 - - [02/Nov/2018:21:21:44 +0700] "GET /img/popcorn.svg HTTP/1.0" 200 1187 "http://mailing.etobilet.ru/css/main.css" "Mozilla/5.0 (Windows NT 6.1; WOW64; rv:52.0) Gecko/20100101 Firefox/52.0"
31.211.71.211 - - [02/Nov/2018:21:22:21 +0700] "GET /unsubscribe/?email=rpv@nikolas.ru&mailing=2 HTTP/1.0" 200 923 "-" "Mozilla/5.0 (Windows NT 6.1; WOW64; rv:52.0) Gecko/20100101 Firefox/52.0"
31.211.71.211 - - [02/Nov/2018:21:22:22 +0700] "GET /img/popcorn.svg HTTP/1.0" 200 1187 "http://mailing.etobilet.ru/css/main.css" "Mozilla/5.0 (Windows NT 6.1; WOW64; rv:52.0) Gecko/20100101 Firefox/52.0"
31.211.71.211 - - [02/Nov/2018:21:22:40 +0700] "GET /unsubscribe/?email=rpv@nikolas.ru&mailing=2 HTTP/1.0" 200 923 "-" "Mozilla/5.0 (Windows NT 6.1; WOW64; rv:52.0) Gecko/20100101 Firefox/52.0"
31.211.71.211 - - [02/Nov/2018:21:22:41 +0700] "GET /img/popcorn.svg HTTP/1.0" 200 1187 "http://mailing.etobilet.ru/css/main.css" "Mozilla/5.0 (Windows NT 6.1; WOW64; rv:52.0) Gecko/20100101 Firefox/52.0"
31.211.71.211 - - [02/Nov/2018:21:23:32 +0700] "GET /unsubscribe/?email=rpv@nikolas.ru&mailing=2 HTTP/1.0" 200 923 "-" "Mozilla/5.0 (Windows NT 6.1; WOW64; rv:52.0) Gecko/20100101 Firefox/52.0"
31.211.71.211 - - [02/Nov/2018:21:23:33 +0700] "GET /img/popcorn.svg HTTP/1.0" 200 1187 "http://mailing.etobilet.ru/css/main.css" "Mozilla/5.0 (Windows NT 6.1; WOW64; rv:52.0) Gecko/20100101 Firefox/52.0"
31.211.71.211 - - [02/Nov/2018:21:23:55 +0700] "GET /unsubscribe/?email=rpv@nikolas.ru&mailing=2 HTTP/1.0" 200 923 "-" "Mozilla/5.0 (Windows NT 6.1; WOW64; rv:52.0) Gecko/20100101 Firefox/52.0"
31.211.71.211 - - [02/Nov/2018:21:23:56 +0700] "GET /img/popcorn.svg HTTP/1.0" 200 1187 "http://mailing.etobilet.ru/css/main.css" "Mozilla/5.0 (Windows NT 6.1; WOW64; rv:52.0) Gecko/20100101 Firefox/52.0"
62.68.141.35 - - [02/Nov/2018:21:24:31 +0700] "GET /browse/?email=sda123%40yandex.ru&mailing=79 HTTP/1.0" 200 95989 "-" "Mozilla/5.0 (Windows NT 10.0; Win64; x64) AppleWebKit/537.36 (KHTML, like Gecko) Chrome/70.0.3538.77 Safari/537.36"
104.249.46.3 - - [02/Nov/2018:21:25:22 +0700] "GET /browse/?email=sda123%40yandex.ru&mailing=79 HTTP/1.0" 200 95989 "-" "Mozilla/5.0 (Windows NT 6.1; WOW64) AppleWebKit/537.36 (KHTML, like Gecko) Chrome/40.0.2214.115 Safari/537.36"
46.166.198.200 - - [02/Nov/2018:21:29:58 +0700] "GET /browse/?email=sda123%40yandex.ru&mailing=79 HTTP/1.0" 200 95989 "-" "Mozilla/5.0 (Linux; Android 7.1.1; MI MAX 2 Build/NMF26F) AppleWebKit/537.36 (KHTML, like Gecko) Chrome/69.0.3497.100 Mobile Safari/537.36"
31.211.71.211 - - [02/Nov/2018:21:32:14 +0700] "GET /unsubscribe/?email=rpv@nikolas.ru&mailing=2 HTTP/1.0" 200 923 "-" "Mozilla/5.0 (Windows NT 6.1; WOW64; rv:52.0) Gecko/20100101 Firefox/52.0"
31.211.71.211 - - [02/Nov/2018:21:32:14 +0700] "GET /img/popcorn.svg HTTP/1.0" 200 1187 "http://mailing.etobilet.ru/css/main.css" "Mozilla/5.0 (Windows NT 6.1; WOW64; rv:52.0) Gecko/20100101 Firefox/52.0"
31.211.71.211 - - [02/Nov/2018:21:32:43 +0700] "GET /unsubscribe/?email=rpv@nikolas.ru&mailing=2 HTTP/1.0" 200 923 "-" "Mozilla/5.0 (Windows NT 6.1; WOW64; rv:52.0) Gecko/20100101 Firefox/52.0"
31.211.71.211 - - [02/Nov/2018:21:32:43 +0700] "GET /img/popcorn.svg HTTP/1.0" 200 1187 "http://mailing.etobilet.ru/css/main.css" "Mozilla/5.0 (Windows NT 6.1; WOW64; rv:52.0) Gecko/20100101 Firefox/52.0"
31.211.71.211 - - [02/Nov/2018:21:32:50 +0700] "GET /unsubscribe/?email=rpv@nikolas.ru&mailing=2 HTTP/1.0" 200 923 "-" "Mozilla/5.0 (Windows NT 6.1; WOW64; rv:52.0) Gecko/20100101 Firefox/52.0"
31.211.71.211 - - [02/Nov/2018:21:32:50 +0700] "GET /img/popcorn.svg HTTP/1.0" 200 1187 "http://mailing.etobilet.ru/css/main.css" "Mozilla/5.0 (Windows NT 6.1; WOW64; rv:52.0) Gecko/20100101 Firefox/52.0"
31.211.71.211 - - [02/Nov/2018:21:32:57 +0700] "GET /unsubscribe/?email=rpv@nikolas.ru&mailing=2 HTTP/1.0" 200 923 "-" "Mozilla/5.0 (Windows NT 6.1; WOW64; rv:52.0) Gecko/20100101 Firefox/52.0"
31.211.71.211 - - [02/Nov/2018:21:32:57 +0700] "GET /img/popcorn.svg HTTP/1.0" 200 1187 "http://mailing.etobilet.ru/css/main.css" "Mozilla/5.0 (Windows NT 6.1; WOW64; rv:52.0) Gecko/20100101 Firefox/52.0"
127.0.0.1 - - [02/Nov/2018:21:33:12 +0700] "OPTIONS * HTTP/1.0" 200 126 "-" "Apache/2.2.22 (Debian) (internal dummy connection)"
127.0.0.1 - - [02/Nov/2018:21:33:12 +0700] "OPTIONS * HTTP/1.0" 200 126 "-" "Apache/2.2.22 (Debian) (internal dummy connection)"
127.0.0.1 - - [02/Nov/2018:21:33:12 +0700] "OPTIONS * HTTP/1.0" 200 126 "-" "Apache/2.2.22 (Debian) (internal dummy connection)"
127.0.0.1 - - [02/Nov/2018:21:33:12 +0700] "OPTIONS * HTTP/1.0" 200 126 "-" "Apache/2.2.22 (Debian) (internal dummy connection)"
127.0.0.1 - - [02/Nov/2018:21:33:12 +0700] "OPTIONS * HTTP/1.0" 200 126 "-" "Apache/2.2.22 (Debian) (internal dummy connection)"
127.0.0.1 - - [02/Nov/2018:21:33:12 +0700] "OPTIONS * HTTP/1.0" 200 126 "-" "Apache/2.2.22 (Debian) (internal dummy connection)"
127.0.0.1 - - [02/Nov/2018:21:33:12 +0700] "OPTIONS * HTTP/1.0" 200 126 "-" "Apache/2.2.22 (Debian) (internal dummy connection)"
127.0.0.1 - - [02/Nov/2018:21:33:12 +0700] "OPTIONS * HTTP/1.0" 200 126 "-" "Apache/2.2.22 (Debian) (internal dummy connection)"
31.211.71.211 - - [02/Nov/2018:21:33:13 +0700] "GET /unsubscribe/?email=rpv@nikolas.ru&mailing=2 HTTP/1.0" 200 923 "-" "Mozilla/5.0 (Windows NT 6.1; WOW64; rv:52.0) Gecko/20100101 Firefox/52.0"
31.211.71.211 - - [02/Nov/2018:21:33:13 +0700] "GET /img/popcorn.svg HTTP/1.0" 200 1187 "http://mailing.etobilet.ru/css/main.css" "Mozilla/5.0 (Windows NT 6.1; WOW64; rv:52.0) Gecko/20100101 Firefox/52.0"
31.211.71.211 - - [02/Nov/2018:21:34:55 +0700] "GET /unsubscribe/?email=rpv@nikolas.ru&mailing=2 HTTP/1.0" 500 1519 "-" "Mozilla/5.0 (Windows NT 6.1; WOW64; rv:52.0) Gecko/20100101 Firefox/52.0"
31.211.71.211 - - [02/Nov/2018:21:35:07 +0700] "GET /unsubscribe/?email=rpv@nikolas.ru&mailing=2 HTTP/1.0" 200 923 "-" "Mozilla/5.0 (Windows NT 6.1; WOW64; rv:52.0) Gecko/20100101 Firefox/52.0"
31.211.71.211 - - [02/Nov/2018:21:35:08 +0700] "GET /img/popcorn.svg HTTP/1.0" 200 1187 "http://mailing.etobilet.ru/css/main.css" "Mozilla/5.0 (Windows NT 6.1; WOW64; rv:52.0) Gecko/20100101 Firefox/52.0"
62.68.141.35 - - [02/Nov/2018:21:35:09 +0700] "GET /browse/?email=sda123%40yandex.ru&mailing=79 HTTP/1.0" 200 95989 "-" "Mozilla/5.0 (Windows NT 10.0; Win64; x64) AppleWebKit/537.36 (KHTML, like Gecko) Chrome/70.0.3538.77 Safari/537.36"
31.211.71.211 - - [02/Nov/2018:21:35:57 +0700] "GET /unsubscribe/?email=rpv@nikolas.ru&mailing=2 HTTP/1.0" 200 923 "-" "Mozilla/5.0 (Windows NT 6.1; WOW64; rv:52.0) Gecko/20100101 Firefox/52.0"
31.211.71.211 - - [02/Nov/2018:21:35:58 +0700] "GET /img/popcorn.svg HTTP/1.0" 200 1187 "http://mailing.etobilet.ru/css/main.css" "Mozilla/5.0 (Windows NT 6.1; WOW64; rv:52.0) Gecko/20100101 Firefox/52.0"
127.0.0.1 - - [02/Nov/2018:21:36:07 +0700] "OPTIONS * HTTP/1.0" 200 126 "-" "Apache/2.2.22 (Debian) (internal dummy connection)"
127.0.0.1 - - [02/Nov/2018:21:36:07 +0700] "OPTIONS * HTTP/1.0" 200 126 "-" "Apache/2.2.22 (Debian) (internal dummy connection)"
127.0.0.1 - - [02/Nov/2018:21:36:07 +0700] "OPTIONS * HTTP/1.0" 200 126 "-" "Apache/2.2.22 (Debian) (internal dummy connection)"
127.0.0.1 - - [02/Nov/2018:21:36:07 +0700] "OPTIONS * HTTP/1.0" 200 126 "-" "Apache/2.2.22 (Debian) (internal dummy connection)"
127.0.0.1 - - [02/Nov/2018:21:36:08 +0700] "OPTIONS * HTTP/1.0" 200 126 "-" "Apache/2.2.22 (Debian) (internal dummy connection)"
127.0.0.1 - - [02/Nov/2018:21:36:08 +0700] "OPTIONS * HTTP/1.0" 200 126 "-" "Apache/2.2.22 (Debian) (internal dummy connection)"
31.211.71.211 - - [02/Nov/2018:21:36:08 +0700] "GET /unsubscribe/?email=rpv@nikolas.ru&mailing=2 HTTP/1.0" 200 923 "-" "Mozilla/5.0 (Windows NT 6.1; WOW64; rv:52.0) Gecko/20100101 Firefox/52.0"
31.211.71.211 - - [02/Nov/2018:21:36:09 +0700] "GET /img/popcorn.svg HTTP/1.0" 200 1187 "http://mailing.etobilet.ru/css/main.css" "Mozilla/5.0 (Windows NT 6.1; WOW64; rv:52.0) Gecko/20100101 Firefox/52.0"
31.211.71.211 - - [02/Nov/2018:21:36:28 +0700] "GET /unsubscribe/?email=rpv@nikolas.ru&mailing=2 HTTP/1.0" 200 923 "-" "Mozilla/5.0 (Windows NT 6.1; WOW64; rv:52.0) Gecko/20100101 Firefox/52.0"
31.211.71.211 - - [02/Nov/2018:21:36:28 +0700] "GET /img/popcorn.svg HTTP/1.0" 200 1187 "http://mailing.etobilet.ru/css/main.css" "Mozilla/5.0 (Windows NT 6.1; WOW64; rv:52.0) Gecko/20100101 Firefox/52.0"
31.211.71.211 - - [02/Nov/2018:21:36:29 +0700] "GET /unsubscribe/?email=rpv@nikolas.ru&mailing=2 HTTP/1.0" 200 923 "-" "Mozilla/5.0 (Windows NT 6.1; WOW64; rv:52.0) Gecko/20100101 Firefox/52.0"
31.211.71.211 - - [02/Nov/2018:21:36:29 +0700] "GET /img/popcorn.svg HTTP/1.0" 200 1187 "http://mailing.etobilet.ru/css/main.css" "Mozilla/5.0 (Windows NT 6.1; WOW64; rv:52.0) Gecko/20100101 Firefox/52.0"
31.211.71.211 - - [02/Nov/2018:21:36:36 +0700] "GET /unsubscribe/?email=rpv@nikolas.ru&mailing=2 HTTP/1.0" 500 454 "-" "Mozilla/5.0 (Windows NT 6.1; WOW64; rv:52.0) Gecko/20100101 Firefox/52.0"
31.211.71.211 - - [02/Nov/2018:21:36:46 +0700] "GET /unsubscribe/?email=rpv@nikolas.ru&mailing=2 HTTP/1.0" 500 450 "-" "Mozilla/5.0 (Windows NT 6.1; WOW64; rv:52.0) Gecko/20100101 Firefox/52.0"
31.211.71.211 - - [02/Nov/2018:21:37:08 +0700] "GET /unsubscribe/?email=rpv%40nikolas.ru&mailing=77 HTTP/1.0" 500 451 "-" "Mozilla/5.0 (Windows NT 6.1; WOW64; rv:52.0) Gecko/20100101 Firefox/52.0"
31.211.71.211 - - [02/Nov/2018:21:37:17 +0700] "GET /unsubscribe/?email=rpv%40nikolas.ru&mailing=77 HTTP/1.0" 200 956 "-" "Mozilla/5.0 (Windows NT 6.1; WOW64; rv:52.0) Gecko/20100101 Firefox/52.0"
31.211.71.211 - - [02/Nov/2018:21:37:18 +0700] "GET /img/popcorn.svg HTTP/1.0" 200 1187 "http://mailing.etobilet.ru/css/main.css" "Mozilla/5.0 (Windows NT 6.1; WOW64; rv:52.0) Gecko/20100101 Firefox/52.0"
31.211.71.211 - - [02/Nov/2018:21:38:39 +0700] "GET /unsubscribe/?email=rpv%40nikolas.ru&mailing=77 HTTP/1.0" 200 1002 "-" "Mozilla/5.0 (Windows NT 6.1; WOW64; rv:52.0) Gecko/20100101 Firefox/52.0"
31.211.71.211 - - [02/Nov/2018:21:38:40 +0700] "GET /img/popcorn.svg HTTP/1.0" 200 1187 "http://mailing.etobilet.ru/css/main.css" "Mozilla/5.0 (Windows NT 6.1; WOW64; rv:52.0) Gecko/20100101 Firefox/52.0"
31.211.71.211 - - [02/Nov/2018:21:39:06 +0700] "GET /unsubscribe/?email=rpv%40nikolas.ru&mailing=77 HTTP/1.0" 200 1051 "-" "Mozilla/5.0 (Windows NT 6.1; WOW64; rv:52.0) Gecko/20100101 Firefox/52.0"
31.211.71.211 - - [02/Nov/2018:21:39:07 +0700] "GET /img/popcorn.svg HTTP/1.0" 200 1187 "http://mailing.etobilet.ru/css/main.css" "Mozilla/5.0 (Windows NT 6.1; WOW64; rv:52.0) Gecko/20100101 Firefox/52.0"
31.211.71.211 - - [02/Nov/2018:21:39:38 +0700] "GET /unsubscribe/?email=rpv%40nikolas.ru&mailing=77 HTTP/1.0" 200 1050 "-" "Mozilla/5.0 (Windows NT 6.1; WOW64; rv:52.0) Gecko/20100101 Firefox/52.0"
31.211.71.211 - - [02/Nov/2018:21:39:39 +0700] "GET /img/popcorn.svg HTTP/1.0" 200 1187 "http://mailing.etobilet.ru/css/main.css" "Mozilla/5.0 (Windows NT 6.1; WOW64; rv:52.0) Gecko/20100101 Firefox/52.0"
31.211.71.211 - - [02/Nov/2018:21:40:41 +0700] "GET /unsubscribe/?email=rpv%40nikolas.ru&mailing=77 HTTP/1.0" 200 1067 "-" "Mozilla/5.0 (Windows NT 6.1; WOW64; rv:52.0) Gecko/20100101 Firefox/52.0"
31.211.71.211 - - [02/Nov/2018:21:40:42 +0700] "GET /img/popcorn.svg HTTP/1.0" 200 1187 "http://mailing.etobilet.ru/css/main.css" "Mozilla/5.0 (Windows NT 6.1; WOW64; rv:52.0) Gecko/20100101 Firefox/52.0"
31.211.71.211 - - [02/Nov/2018:21:41:44 +0700] "GET /unsubscribe/?email=rpv%40nikolas.ru&mailing=77 HTTP/1.0" 200 1075 "-" "Mozilla/5.0 (Windows NT 6.1; WOW64; rv:52.0) Gecko/20100101 Firefox/52.0"
31.211.71.211 - - [02/Nov/2018:21:41:45 +0700] "GET /img/popcorn.svg HTTP/1.0" 200 1187 "http://mailing.etobilet.ru/css/main.css" "Mozilla/5.0 (Windows NT 6.1; WOW64; rv:52.0) Gecko/20100101 Firefox/52.0"
31.211.71.211 - - [02/Nov/2018:21:41:47 +0700] "GET /unsubscribe/?email=rpv%40nikolas.ru&mailing=77&confirmed=1 HTTP/1.0" 200 748 "http://mailing.etobilet.ru/unsubscribe/?email=rpv%40nikolas.ru&mailing=77" "Mozilla/5.0 (Windows NT 6.1; WOW64; rv:52.0) Gecko/20100101 Firefox/52.0"
31.211.71.211 - - [02/Nov/2018:21:41:53 +0700] "GET /unsubscribe/?email=rpv%40nikolas.ru&mailing=77&confirmed=1 HTTP/1.0" 200 748 "http://mailing.etobilet.ru/unsubscribe/?email=rpv%40nikolas.ru&mailing=77" "Mozilla/5.0 (Windows NT 6.1; WOW64; rv:52.0) Gecko/20100101 Firefox/52.0"
31.211.71.211 - - [02/Nov/2018:21:41:54 +0700] "GET /img/popcorn.svg HTTP/1.0" 200 1187 "http://mailing.etobilet.ru/css/main.css" "Mozilla/5.0 (Windows NT 6.1; WOW64; rv:52.0) Gecko/20100101 Firefox/52.0"
31.211.71.211 - - [02/Nov/2018:21:41:59 +0700] "GET /unsubscribe/?email=rpv%40nikolas.ru&mailing=77 HTTP/1.0" 200 1075 "-" "Mozilla/5.0 (Windows NT 6.1; WOW64; rv:52.0) Gecko/20100101 Firefox/52.0"
31.211.71.211 - - [02/Nov/2018:21:42:35 +0700] "GET /unsubscribe/?email=rpv%40nikolas.ru&mailing=77 HTTP/1.0" 200 748 "-" "Mozilla/5.0 (Windows NT 6.1; WOW64; rv:52.0) Gecko/20100101 Firefox/52.0"
31.211.71.211 - - [02/Nov/2018:21:42:35 +0700] "GET /img/popcorn.svg HTTP/1.0" 200 1187 "http://mailing.etobilet.ru/css/main.css" "Mozilla/5.0 (Windows NT 6.1; WOW64; rv:52.0) Gecko/20100101 Firefox/52.0"
31.211.71.211 - - [02/Nov/2018:21:42:36 +0700] "GET /unsubscribe/?email=rpv%40nikolas.ru&mailing=77 HTTP/1.0" 200 748 "-" "Mozilla/5.0 (Windows NT 6.1; WOW64; rv:52.0) Gecko/20100101 Firefox/52.0"
31.211.71.211 - - [02/Nov/2018:21:42:37 +0700] "GET /img/popcorn.svg HTTP/1.0" 200 1187 "http://mailing.etobilet.ru/css/main.css" "Mozilla/5.0 (Windows NT 6.1; WOW64; rv:52.0) Gecko/20100101 Firefox/52.0"
31.211.71.211 - - [02/Nov/2018:21:48:49 +0700] "GET /unsubscribe/?email=rpv%40nikolas.ru&mailing=77 HTTP/1.0" 200 748 "-" "Mozilla/5.0 (Windows NT 6.1; WOW64; rv:52.0) Gecko/20100101 Firefox/52.0"
31.211.71.211 - - [02/Nov/2018:21:48:49 +0700] "GET /img/popcorn.svg HTTP/1.0" 200 1187 "http://mailing.etobilet.ru/css/main.css" "Mozilla/5.0 (Windows NT 6.1; WOW64; rv:52.0) Gecko/20100101 Firefox/52.0"
31.211.71.211 - - [02/Nov/2018:21:49:32 +0700] "GET /unsubscribe/?email=rpv%40nikolas.ru&mailing=77 HTTP/1.0" 200 748 "-" "Mozilla/5.0 (Windows NT 6.1; WOW64; rv:52.0) Gecko/20100101 Firefox/52.0"
31.211.71.211 - - [02/Nov/2018:21:49:32 +0700] "GET /img/popcorn.svg HTTP/1.0" 200 1187 "http://mailing.etobilet.ru/css/main.css" "Mozilla/5.0 (Windows NT 6.1; WOW64; rv:52.0) Gecko/20100101 Firefox/52.0"
31.211.71.211 - - [02/Nov/2018:21:49:33 +0700] "GET /unsubscribe/?email=rpv%40nikolas.ru&mailing=77 HTTP/1.0" 200 748 "-" "Mozilla/5.0 (Windows NT 6.1; WOW64; rv:52.0) Gecko/20100101 Firefox/52.0"
31.211.71.211 - - [02/Nov/2018:21:49:34 +0700] "GET /img/popcorn.svg HTTP/1.0" 200 1187 "http://mailing.etobilet.ru/css/main.css" "Mozilla/5.0 (Windows NT 6.1; WOW64; rv:52.0) Gecko/20100101 Firefox/52.0"
31.211.71.211 - - [02/Nov/2018:21:50:01 +0700] "GET /unsubscribe/?email=rpv%40nikolas.ru&mailing=77 HTTP/1.0" 200 1075 "-" "Mozilla/5.0 (Windows NT 6.1; WOW64; rv:52.0) Gecko/20100101 Firefox/52.0"
31.211.71.211 - - [02/Nov/2018:21:50:03 +0700] "GET /img/popcorn.svg HTTP/1.0" 200 1187 "http://mailing.etobilet.ru/css/main.css" "Mozilla/5.0 (Windows NT 6.1; WOW64; rv:52.0) Gecko/20100101 Firefox/52.0"
31.211.71.211 - - [02/Nov/2018:21:50:06 +0700] "GET /unsubscribe/?email=rpv%40nikolas.ru&mailing=77&confirmed=1 HTTP/1.0" 200 748 "http://mailing.etobilet.ru/unsubscribe/?email=rpv%40nikolas.ru&mailing=77" "Mozilla/5.0 (Windows NT 6.1; WOW64; rv:52.0) Gecko/20100101 Firefox/52.0"
31.211.71.211 - - [02/Nov/2018:21:50:08 +0700] "GET /unsubscribe/?email=rpv%40nikolas.ru&mailing=77&confirmed=1 HTTP/1.0" 200 748 "http://mailing.etobilet.ru/unsubscribe/?email=rpv%40nikolas.ru&mailing=77" "Mozilla/5.0 (Windows NT 6.1; WOW64; rv:52.0) Gecko/20100101 Firefox/52.0"
31.211.71.211 - - [02/Nov/2018:21:50:09 +0700] "GET /img/popcorn.svg HTTP/1.0" 200 1187 "http://mailing.etobilet.ru/css/main.css" "Mozilla/5.0 (Windows NT 6.1; WOW64; rv:52.0) Gecko/20100101 Firefox/52.0"
62.68.141.35 - - [02/Nov/2018:22:08:44 +0700] "GET /browse/?email=sda%40nikolas.ru&mailing=80 HTTP/1.0" 200 95911 "-" "Mozilla/5.0 (Windows NT 10.0; Win64; x64) AppleWebKit/537.36 (KHTML, like Gecko) Chrome/70.0.3538.77 Safari/537.36"
46.166.198.200 - - [02/Nov/2018:22:14:26 +0700] "GET /browse/?email=sda123%40yandex.ru&mailing=79 HTTP/1.0" 200 95989 "-" "Mozilla/5.0 (Macintosh; Intel Mac OS X 10_14_1) AppleWebKit/537.36 (KHTML, like Gecko) Chrome/70.0.3538.77 Safari/537.36"
46.166.198.200 - - [02/Nov/2018:22:14:26 +0700] "GET /robots.txt HTTP/1.0" 404 180 "-" "Mozilla/5.0 (Macintosh; Intel Mac OS X 10_14_1) AppleWebKit/537.36 (KHTML, like Gecko) Chrome/70.0.3538.77 Safari/537.36"
46.166.198.200 - - [02/Nov/2018:22:14:33 +0700] "GET /browse/?email=sda123%40yandex.ru&mailing=79 HTTP/1.0" 200 95989 "-" "Mozilla/5.0 (Macintosh; Intel Mac OS X 10_14_1) AppleWebKit/537.36 (KHTML, like Gecko) Chrome/70.0.3538.77 Safari/537.36"
46.166.198.200 - - [02/Nov/2018:22:14:54 +0700] "GET /browse/?email=sda123%40yandex.ru&mailing=79 HTTP/1.0" 200 95989 "-" "Mozilla/5.0 (Macintosh; Intel Mac OS X 10_14_1) AppleWebKit/537.36 (KHTML, like Gecko) Chrome/70.0.3538.77 Safari/537.36"
62.68.141.35 - - [02/Nov/2018:22:14:55 +0700] "GET /unsubscribe/?email=sda%40nikolas.ru&mailing=80 HTTP/1.0" 200 1075 "http://mailing.etobilet.ru/browse/?email=sda%40nikolas.ru&mailing=80" "Mozilla/5.0 (Windows NT 10.0; Win64; x64) AppleWebKit/537.36 (KHTML, like Gecko) Chrome/70.0.3538.77 Safari/537.36"
62.68.141.35 - - [02/Nov/2018:22:14:56 +0700] "GET /img/popcorn.svg HTTP/1.0" 200 1187 "http://mailing.etobilet.ru/css/main.css" "Mozilla/5.0 (Windows NT 10.0; Win64; x64) AppleWebKit/537.36 (KHTML, like Gecko) Chrome/70.0.3538.77 Safari/537.36"
62.68.141.35 - - [02/Nov/2018:22:15:47 +0700] "GET /unsubscribe/?email=sda%40nikolas.ru&mailing=80 HTTP/1.0" 200 748 "http://mailing.etobilet.ru/browse/?email=sda%40nikolas.ru&mailing=80" "Mozilla/5.0 (Windows NT 10.0; Win64; x64) AppleWebKit/537.36 (KHTML, like Gecko) Chrome/70.0.3538.77 Safari/537.36"
62.68.141.35 - - [02/Nov/2018:22:15:57 +0700] "GET /unsubscribe/?email=sda123%40yandex.ru&mailing=79 HTTP/1.0" 200 976 "http://mailing.etobilet.ru/browse/?email=sda123%40yandex.ru&mailing=79" "Mozilla/5.0 (Windows NT 10.0; Win64; x64) AppleWebKit/537.36 (KHTML, like Gecko) Chrome/70.0.3538.77 Safari/537.36"
62.68.141.35 - - [02/Nov/2018:22:16:00 +0700] "GET /unsubscribe/?email=sda123%40yandex.ru&mailing=79&confirmed=1 HTTP/1.0" 200 748 "http://mailing.etobilet.ru/unsubscribe/?email=sda123%40yandex.ru&mailing=79" "Mozilla/5.0 (Windows NT 10.0; Win64; x64) AppleWebKit/537.36 (KHTML, like Gecko) Chrome/70.0.3538.77 Safari/537.36"
31.211.71.211 - - [02/Nov/2018:22:19:45 +0700] "GET /tracking.gif?email=rpv%40nikolas.ru&mailing=80 HTTP/1.0" 200 197 "-" "Mozilla/5.0 (Windows NT 6.1; WOW64; rv:52.0) Gecko/20100101 Thunderbird/52.9.1"
62.68.141.35 - - [02/Nov/2018:22:37:18 +0700] "GET /tracking.gif?email=sda%40nikolas.ru&mailing=80 HTTP/1.0" 200 197 "-" "Mozilla/5.0 (compatible; MSIE 10.0; Windows NT 10.0; WOW64; Trident/7.0; Microsoft Outlook 16.0.10827; ms-office; MSOffice 16)"
62.68.141.35 - - [02/Nov/2018:22:37:18 +0700] "GET /tracking.gif?email=sda%40nikolas.ru&mailing=80 HTTP/1.0" 200 197 "-" "Mozilla/5.0 (compatible; MSIE 10.0; Windows NT 10.0; WOW64; Trident/7.0; Microsoft Outlook 16.0.10827; ms-office; MSOffice 16)"
62.68.141.35 - - [02/Nov/2018:22:37:38 +0700] "GET /browse/?email=sda%40nikolas.ru&mailing=80 HTTP/1.0" 200 85053 "-" "Mozilla/5.0 (Windows NT 10.0; Win64; x64) AppleWebKit/537.36 (KHTML, like Gecko) Chrome/70.0.3538.77 Safari/537.36"
62.68.141.35 - - [02/Nov/2018:22:37:51 +0700] "GET /browse/?email=sda%40nikolas.ru&mailing=80 HTTP/1.0" 200 85053 "-" "WhatsApp/0.3.1409 N"
5.53.17.59 - - [02/Nov/2018:22:38:01 +0700] "GET /browse/?email=sda%40nikolas.ru&mailing=80 HTTP/1.0" 200 85053 "-" "Mozilla/5.0 (Windows NT 6.1; Win64; x64) AppleWebKit/537.36 (KHTML, like Gecko) Chrome/70.0.3538.77 Safari/537.36"
5.53.17.59 - - [02/Nov/2018:22:47:01 +0700] "GET /tracking.gif?email=musin2011%40gmail.com&mailing=80 HTTP/1.0" 200 197 "-" "Mozilla/5.0 (compatible; MSIE 10.0; Windows NT 6.1; WOW64; Trident/7.0; Microsoft Outlook 15.0.5049; ms-office; MSOffice 15)"
5.53.17.59 - - [02/Nov/2018:22:47:01 +0700] "GET /tracking.gif?email=musin2011%40gmail.com&mailing=80 HTTP/1.0" 200 197 "-" "Mozilla/5.0 (compatible; MSIE 10.0; Windows NT 6.1; WOW64; Trident/7.0; Microsoft Outlook 15.0.5049; ms-office; MSOffice 15)"
5.53.17.59 - - [02/Nov/2018:22:47:02 +0700] "GET /tracking.gif?email=musin2011%40gmail.com&mailing=80 HTTP/1.0" 200 197 "-" "Mozilla/5.0 (compatible; MSIE 10.0; Windows NT 6.1; WOW64; Trident/7.0; Microsoft Outlook 15.0.5049; ms-office; MSOffice 15)"
5.255.241.227 - - [02/Nov/2018:22:48:19 +0700] "GET /tracking.gif?email=sda123%40yandex.ru&mailing=80 HTTP/1.0" 200 197 "-" "Mozilla/5.0 (compatible; YandexImageResizer/2.0; +http://yandex.com/bots)"
62.68.141.35 - - [02/Nov/2018:22:49:41 +0700] "GET /browse/?email=sda123%40yandex.ru&mailing=80 HTTP/1.0" 200 85129 "-" "Mozilla/5.0 (Windows NT 10.0; Win64; x64) AppleWebKit/537.36 (KHTML, like Gecko) Chrome/70.0.3538.77 Safari/537.36"
66.102.9.17 - - [02/Nov/2018:22:50:58 +0700] "GET /tracking.gif?email=sda1237%40gmail.com&mailing=80 HTTP/1.0" 200 197 "-" "Mozilla/5.0 (Windows NT 5.1; rv:11.0) Gecko Firefox/11.0 (via ggpht.com GoogleImageProxy)"
62.68.141.35 - - [02/Nov/2018:22:54:25 +0700] "GET /tracking.gif?email=sda%40nikolas.ru&mailing=80 HTTP/1.0" 200 197 "-" "Mozilla/5.0 (compatible; MSIE 10.0; Windows NT 10.0; WOW64; Trident/7.0; Microsoft Outlook 16.0.10827; ms-office; MSOffice 16)"
62.68.141.35 - - [02/Nov/2018:22:54:25 +0700] "GET /tracking.gif?email=sda%40nikolas.ru&mailing=80 HTTP/1.0" 200 197 "-" "Mozilla/5.0 (compatible; MSIE 10.0; Windows NT 10.0; WOW64; Trident/7.0; Microsoft Outlook 16.0.10827; ms-office; MSOffice 16)"
31.211.71.211 - - [02/Nov/2018:23:08:53 +0700] "GET /tracking.gif?email=rpv%40nikolas.ru&mailing=80 HTTP/1.0" 200 197 "-" "Mozilla/5.0 (Windows NT 6.1; WOW64; rv:52.0) Gecko/20100101 Thunderbird/52.9.1"
62.68.141.35 - - [02/Nov/2018:23:14:25 +0700] "GET /browse/?email=sda123%40yandex.ru&mailing=80 HTTP/1.0" 200 85129 "-" "Mozilla/5.0 (Windows NT 10.0; Win64; x64) AppleWebKit/537.36 (KHTML, like Gecko) Chrome/70.0.3538.77 Safari/537.36"
77.88.11.250 - - [02/Nov/2018:23:22:00 +0700] "GET /tracking.gif?email=sda123%40yandex.ru&mailing=81 HTTP/1.0" 200 197 "-" "Mozilla/5.0 (compatible; YandexImageResizer/2.0; +http://yandex.com/bots)"
213.180.215.161 - - [02/Nov/2018:23:24:29 +0700] "GET /tracking.gif?email=sda123%40yandex.ru&mailing=82 HTTP/1.0" 200 197 "-" "Mozilla/5.0 (compatible; YandexImageResizer/2.0; +http://yandex.com/bots)"
62.68.141.35 - - [02/Nov/2018:23:26:19 +0700] "GET /tracking.gif?email=sda%40nikolas.ru&mailing=82 HTTP/1.0" 200 197 "-" "Mozilla/5.0 (compatible; MSIE 10.0; Windows NT 10.0; WOW64; Trident/7.0; Microsoft Outlook 16.0.10827; ms-office; MSOffice 16)"
62.68.141.35 - - [02/Nov/2018:23:26:19 +0700] "GET /tracking.gif?email=sda%40nikolas.ru&mailing=82 HTTP/1.0" 200 197 "-" "Mozilla/5.0 (compatible; MSIE 10.0; Windows NT 10.0; WOW64; Trident/7.0; Microsoft Outlook 16.0.10827; ms-office; MSOffice 16)"
62.68.141.35 - - [02/Nov/2018:23:26:29 +0700] "GET /tracking.gif?email=sda%40nikolas.ru&mailing=82 HTTP/1.0" 200 197 "-" "Mozilla/5.0 (compatible; MSIE 10.0; Windows NT 10.0; WOW64; Trident/7.0; Microsoft Outlook 16.0.10827; ms-office; MSOffice 16)"
62.68.141.35 - - [02/Nov/2018:23:26:30 +0700] "GET /tracking.gif?email=sda%40nikolas.ru&mailing=82 HTTP/1.0" 200 197 "-" "Mozilla/5.0 (compatible; MSIE 10.0; Windows NT 10.0; WOW64; Trident/7.0; Microsoft Outlook 16.0.10827; ms-office; MSOffice 16)"
62.68.141.35 - - [02/Nov/2018:23:26:40 +0700] "GET /tracking.gif?email=sda%40nikolas.ru&mailing=82 HTTP/1.0" 200 197 "-" "Mozilla/5.0 (compatible; MSIE 10.0; Windows NT 10.0; WOW64; Trident/7.0; Microsoft Outlook 16.0.10827; ms-office; MSOffice 16)"
62.68.141.35 - - [02/Nov/2018:23:26:40 +0700] "GET /tracking.gif?email=sda%40nikolas.ru&mailing=82 HTTP/1.0" 200 197 "-" "Mozilla/5.0 (compatible; MSIE 10.0; Windows NT 10.0; WOW64; Trident/7.0; Microsoft Outlook 16.0.10827; ms-office; MSOffice 16)"
66.102.9.156 - - [02/Nov/2018:23:27:02 +0700] "GET /tracking.gif?email=sda1237%40gmail.com&mailing=82 HTTP/1.0" 200 197 "-" "Mozilla/5.0 (Windows NT 5.1; rv:11.0) Gecko Firefox/11.0 (via ggpht.com GoogleImageProxy)"
5.255.241.242 - - [02/Nov/2018:23:34:27 +0700] "GET /tracking.gif?email=cattaro%40yandex.ru&mailing=82 HTTP/1.0" 200 197 "-" "Mozilla/5.0 (compatible; YandexImageResizer/2.0; +http://yandex.com/bots)"
85.140.22.211 - - [02/Nov/2018:23:35:17 +0700] "GET /tracking.gif?email=babushkin.de%40icloud.com&mailing=82 HTTP/1.0" 200 197 "-" "Mozilla/5.0 (iPhone; CPU iPhone OS 12_0_1 like Mac OS X) AppleWebKit/605.1.15 (KHTML, like Gecko) Mobile/16A404"
188.93.56.121 - - [02/Nov/2018:23:36:11 +0700] "GET /tracking.gif?email=ania.2015%40mail.ru&mailing=82 HTTP/1.0" 200 197 "-" "Mozilla/5.0 (X11; Linux x86_64) AppleWebKit/537.36 (KHTML, like Gecko)"
213.180.215.166 - - [02/Nov/2018:23:36:18 +0700] "GET /tracking.gif?email=i10101%40yandex.ru&mailing=82 HTTP/1.0" 200 197 "-" "Mozilla/5.0 (compatible; YandexImageResizer/2.0; +http://yandex.com/bots)"
5.53.17.59 - - [02/Nov/2018:23:36:41 +0700] "GET /tracking.gif?email=musin2011%40gmail.com&mailing=80 HTTP/1.0" 200 197 "-" "Mozilla/5.0 (compatible; MSIE 10.0; Windows NT 6.1; WOW64; Trident/7.0; Microsoft Outlook 15.0.5049; ms-office; MSOffice 15)"
5.53.17.59 - - [02/Nov/2018:23:36:41 +0700] "GET /tracking.gif?email=musin2011%40gmail.com&mailing=80 HTTP/1.0" 200 197 "-" "Mozilla/5.0 (compatible; MSIE 10.0; Windows NT 6.1; WOW64; Trident/7.0; Microsoft Outlook 15.0.5049; ms-office; MSOffice 15)"
5.53.17.59 - - [02/Nov/2018:23:36:50 +0700] "GET /tracking.gif?email=musin2011%40gmail.com&mailing=82 HTTP/1.0" 200 197 "-" "Mozilla/5.0 (compatible; MSIE 10.0; Windows NT 6.1; WOW64; Trident/7.0; Microsoft Outlook 15.0.5049; ms-office; MSOffice 15)"
5.53.17.59 - - [02/Nov/2018:23:36:50 +0700] "GET /tracking.gif?email=musin2011%40gmail.com&mailing=82 HTTP/1.0" 200 197 "-" "Mozilla/5.0 (compatible; MSIE 10.0; Windows NT 6.1; WOW64; Trident/7.0; Microsoft Outlook 15.0.5049; ms-office; MSOffice 15)"
5.53.17.59 - - [02/Nov/2018:23:36:50 +0700] "GET /tracking.gif?email=musin2011%40gmail.com&mailing=82 HTTP/1.0" 200 197 "-" "Mozilla/5.0 (compatible; MSIE 10.0; Windows NT 6.1; WOW64; Trident/7.0; Microsoft Outlook 15.0.5049; ms-office; MSOffice 15)"
5.53.17.59 - - [02/Nov/2018:23:36:51 +0700] "GET /tracking.gif?email=musin2011%40gmail.com&mailing=82 HTTP/1.0" 200 197 "-" "Mozilla/5.0 (compatible; MSIE 10.0; Windows NT 6.1; WOW64; Trident/7.0; Microsoft Outlook 15.0.5049; ms-office; MSOffice 15)"
5.53.17.59 - - [02/Nov/2018:23:36:51 +0700] "GET /tracking.gif?email=musin2011%40gmail.com&mailing=82 HTTP/1.0" 200 197 "-" "Mozilla/5.0 (compatible; MSIE 10.0; Windows NT 6.1; WOW64; Trident/7.0; Microsoft Outlook 15.0.5049; ms-office; MSOffice 15)"
5.53.17.59 - - [02/Nov/2018:23:36:51 +0700] "GET /tracking.gif?email=musin2011%40gmail.com&mailing=82 HTTP/1.0" 200 197 "-" "Mozilla/5.0 (compatible; MSIE 10.0; Windows NT 6.1; WOW64; Trident/7.0; Microsoft Outlook 15.0.5049; ms-office; MSOffice 15)"
188.93.56.121 - - [02/Nov/2018:23:37:34 +0700] "GET /tracking.gif?email=albion_surgut%40mail.ru&mailing=82 HTTP/1.0" 200 197 "-" "Mozilla/5.0 (X11; Linux x86_64) AppleWebKit/537.36 (KHTML, like Gecko)"
5.255.241.228 - - [02/Nov/2018:23:38:27 +0700] "GET /tracking.gif?email=luchs77%40yandex.ru&mailing=82 HTTP/1.0" 200 197 "-" "Mozilla/5.0 (compatible; YandexImageResizer/2.0; +http://yandex.com/bots)"
81.19.78.161 - - [02/Nov/2018:23:38:42 +0700] "GET /tracking.gif?email=nadsolo%40rambler.ru&mailing=82 HTTP/1.0" 200 197 "https://mail-pda.rambler.ru/" "RamblerMail/6.0 (incompatible; ImageProxy/6.0)"
77.66.163.69 - - [02/Nov/2018:23:38:43 +0700] "GET /tracking.gif?email=missis.marina-khomenko%40yandex.ru&mailing=82 HTTP/1.0" 200 197 "-" "Mozilla/5.0 (iPhone; CPU iPhone OS 12_1 like Mac OS X) AppleWebKit/605.1.15 (KHTML, like Gecko) Mobile/16B92"
77.66.163.69 - - [02/Nov/2018:23:38:55 +0700] "GET /unsubscribe/?email=missis.marina-khomenko%40yandex.ru&mailing=82 HTTP/1.0" 200 1008 "-" "Mozilla/5.0 (iPhone; CPU iPhone OS 12_1 like Mac OS X) AppleWebKit/605.1.15 (KHTML, like Gecko) Version/12.0 Mobile/15E148 Safari/604.1"
77.66.163.69 - - [02/Nov/2018:23:38:56 +0700] "GET /img/popcorn.svg HTTP/1.0" 200 1187 "http://mailing.etobilet.ru/unsubscribe/?email=missis.marina-khomenko%40yandex.ru&mailing=82" "Mozilla/5.0 (iPhone; CPU iPhone OS 12_1 like Mac OS X) AppleWebKit/605.1.15 (KHTML, like Gecko) Version/12.0 Mobile/15E148 Safari/604.1"
77.66.163.69 - - [02/Nov/2018:23:38:59 +0700] "GET /unsubscribe/?email=missis.marina-khomenko%40yandex.ru&mailing=82&confirmed=1 HTTP/1.0" 200 748 "http://mailing.etobilet.ru/unsubscribe/?email=missis.marina-khomenko%40yandex.ru&mailing=82" "Mozilla/5.0 (iPhone; CPU iPhone OS 12_1 like Mac OS X) AppleWebKit/605.1.15 (KHTML, like Gecko) Version/12.0 Mobile/15E148 Safari/604.1"
77.88.11.242 - - [02/Nov/2018:23:40:16 +0700] "GET /tracking.gif?email=natashasevryukova%40yandex.ru&mailing=82 HTTP/1.0" 200 197 "-" "Mozilla/5.0 (compatible; YandexImageResizer/2.0; +http://yandex.com/bots)"
46.188.44.89 - - [02/Nov/2018:23:40:55 +0700] "GET /tracking.gif?email=me%40supporteam.ru&mailing=82 HTTP/1.0" 200 197 "-" "Mozilla/5.0 (Macintosh; Intel Mac OS X 10_14_1) AppleWebKit/605.1.15 (KHTML, like Gecko)"
5.255.241.239 - - [02/Nov/2018:23:41:27 +0700] "GET /tracking.gif?email=teatr-svetovik%40yandex.ru&mailing=82 HTTP/1.0" 200 197 "-" "Mozilla/5.0 (compatible; YandexImageResizer/2.0; +http://yandex.com/bots)"
5.255.241.232 - - [02/Nov/2018:23:43:34 +0700] "GET /tracking.gif?email=sinkewich%40ya.ru&mailing=82 HTTP/1.0" 200 197 "-" "Mozilla/5.0 (compatible; YandexImageResizer/2.0; +http://yandex.com/bots)"
5.255.241.244 - - [02/Nov/2018:23:44:10 +0700] "GET /tracking.gif?email=kaplenki%40yandex.ru&mailing=82 HTTP/1.0" 200 197 "-" "Mozilla/5.0 (compatible; YandexImageResizer/2.0; +http://yandex.com/bots)"
94.25.178.71 - - [02/Nov/2018:23:44:18 +0700] "GET /tracking.gif?email=89227966277%40mail.ru&mailing=82 HTTP/1.0" 200 197 "-" "Mozilla/5.0 (iPhone; CPU iPhone OS 12_0_1 like Mac OS X) AppleWebKit/605.1.15 (KHTML, like Gecko) Mobile/16A404"
146.158.103.29 - - [02/Nov/2018:23:44:51 +0700] "GET /tracking.gif?email=ekaterina86rus%40icloud.com&mailing=82 HTTP/1.0" 200 197 "-" "Mozilla/5.0 (iPhone; CPU iPhone OS 12_0_1 like Mac OS X) AppleWebKit/605.1.15 (KHTML, like Gecko) Mobile/16A404"
213.180.215.167 - - [02/Nov/2018:23:44:54 +0700] "GET /tracking.gif?email=alexkrav27%40ya.ru&mailing=82 HTTP/1.0" 200 197 "-" "Mozilla/5.0 (compatible; YandexImageResizer/2.0; +http://yandex.com/bots)"
5.24.177.99 - - [02/Nov/2018:23:45:15 +0700] "GET /tracking.gif?email=turanderya%40yandex.ru&mailing=82 HTTP/1.0" 200 197 "-" "Mozilla/5.0 (iPhone; CPU iPhone OS 5_0_1 like Mac OS X) AppleWebKit/605.1.15 (KHTML, like Gecko) Mobile/16R382"
188.93.56.126 - - [02/Nov/2018:23:45:16 +0700] "GET /tracking.gif?email=anna_verb%40list.ru&mailing=82 HTTP/1.0" 200 197 "-" "Mozilla/5.0 (X11; Linux x86_64) AppleWebKit/537.36 (KHTML, like Gecko)"
5.24.177.99 - - [02/Nov/2018:23:45:20 +0700] "GET /tracking.gif?email=turanderya%40yandex.ru&mailing=82 HTTP/1.0" 200 197 "-" "Mozilla/5.0 (iPhone; CPU iPhone OS 12_0_1 like Mac OS X) AppleWebKit/605.1.15 (KHTML, like Gecko) Mobile/16A404"
62.68.141.35 - - [02/Nov/2018:23:46:41 +0700] "GET /tracking.gif?email=sda%40nikolas.ru&mailing=82 HTTP/1.0" 200 197 "-" "Mozilla/5.0 (compatible; MSIE 10.0; Windows NT 10.0; WOW64; Trident/7.0; Microsoft Outlook 16.0.10827; ms-office; MSOffice 16)"
62.68.141.35 - - [02/Nov/2018:23:46:41 +0700] "GET /tracking.gif?email=sda%40nikolas.ru&mailing=82 HTTP/1.0" 200 197 "-" "Mozilla/5.0 (compatible; MSIE 10.0; Windows NT 10.0; WOW64; Trident/7.0; Microsoft Outlook 16.0.10827; ms-office; MSOffice 16)"
62.68.141.35 - - [02/Nov/2018:23:46:43 +0700] "GET /tracking.gif?email=sda%40nikolas.ru&mailing=82 HTTP/1.0" 200 197 "-" "Mozilla/5.0 (compatible; MSIE 10.0; Windows NT 10.0; WOW64; Trident/7.0; Microsoft Outlook 16.0.10827; ms-office; MSOffice 16)"
62.68.141.35 - - [02/Nov/2018:23:46:43 +0700] "GET /tracking.gif?email=sda%40nikolas.ru&mailing=82 HTTP/1.0" 200 197 "-" "Mozilla/5.0 (compatible; MSIE 10.0; Windows NT 10.0; WOW64; Trident/7.0; Microsoft Outlook 16.0.10827; ms-office; MSOffice 16)"
31.211.71.211 - - [02/Nov/2018:23:49:39 +0700] "GET /unsubscribe/?email=missis.marina-khomenko%40yandex.ru&mailing=82 HTTP/1.0" 200 748 "-" "Mozilla/5.0 (Windows NT 6.1; WOW64; rv:52.0) Gecko/20100101 Firefox/52.0"
31.211.71.211 - - [02/Nov/2018:23:49:39 +0700] "GET /img/popcorn.svg HTTP/1.0" 200 1187 "http://mailing.etobilet.ru/css/main.css" "Mozilla/5.0 (Windows NT 6.1; WOW64; rv:52.0) Gecko/20100101 Firefox/52.0"
81.19.78.160 - - [02/Nov/2018:23:50:34 +0700] "GET /tracking.gif?email=shvetsovey%40rambler.ru&mailing=82 HTTP/1.0" 200 197 "https://mail.rambler.ru/?utm_source=head&utm_campaign=self_promo&utm_medium=widget&utm_content=mail&utm_term=inbox" "RamblerMail/6.0 (incompatible; ImageProxy/6.0)"
5.53.17.59 - - [02/Nov/2018:23:51:47 +0700] "GET /tracking.gif?email=musin2011%40gmail.com&mailing=82 HTTP/1.0" 200 197 "-" "Mozilla/5.0 (compatible; MSIE 10.0; Windows NT 6.1; WOW64; Trident/7.0; Microsoft Outlook 15.0.5049; ms-office; MSOffice 15)"
5.53.17.59 - - [02/Nov/2018:23:51:47 +0700] "GET /tracking.gif?email=musin2011%40gmail.com&mailing=82 HTTP/1.0" 200 197 "-" "Mozilla/5.0 (compatible; MSIE 10.0; Windows NT 6.1; WOW64; Trident/7.0; Microsoft Outlook 15.0.5049; ms-office; MSOffice 15)"
66.249.75.13 - - [02/Nov/2018:23:51:59 +0700] "GET /robots.txt HTTP/1.0" 404 180 "-" "Mozilla/5.0 (compatible; Googlebot/2.1; +http://www.google.com/bot.html)"
66.249.91.140 - - [02/Nov/2018:23:52:00 +0700] "GET /tracking.gif?email=musin2011%40gmail.com&mailing=82 HTTP/1.0" 200 197 "http://mail.google.com/" "Mozilla/5.0 (Windows NT 10.0; Win64; x64) AppleWebKit/537.36 (KHTML, like Gecko) Chrome/42.0.2311.135 Safari/537.36 Edge/12.246 Mozilla/5.0"
66.102.9.158 - - [02/Nov/2018:23:52:29 +0700] "GET /tracking.gif?email=musin2011%40gmail.com&mailing=82 HTTP/1.0" 200 197 "-" "Mozilla/5.0 (Windows NT 5.1; rv:11.0) Gecko Firefox/11.0 (via ggpht.com GoogleImageProxy)"
93.158.130.180 - - [02/Nov/2018:23:53:04 +0700] "GET /tracking.gif?email=loleren%40yandex.ru&mailing=82 HTTP/1.0" 200 197 "-" "Mozilla/5.0 (compatible; YandexImageResizer/2.0; +http://yandex.com/bots)"
31.211.71.211 - - [02/Nov/2018:23:53:17 +0700] "GET /unsubscribe/?email=missis.marina-khomenko%40yandex.ru&mailing=82 HTTP/1.0" 200 1008 "-" "Mozilla/5.0 (Windows NT 6.1; WOW64; rv:52.0) Gecko/20100101 Firefox/52.0"
31.211.71.211 - - [02/Nov/2018:23:53:18 +0700] "GET /img/popcorn.svg HTTP/1.0" 200 1187 "http://mailing.etobilet.ru/css/main.css" "Mozilla/5.0 (Windows NT 6.1; WOW64; rv:52.0) Gecko/20100101 Firefox/52.0"
31.211.71.211 - - [02/Nov/2018:23:53:21 +0700] "GET /unsubscribe/?email=missis.marina-khomenko%40yandex.ru&mailing=82 HTTP/1.0" 200 1008 "-" "Mozilla/5.0 (Windows NT 6.1; WOW64; rv:52.0) Gecko/20100101 Firefox/52.0"
31.211.71.211 - - [02/Nov/2018:23:53:21 +0700] "GET /img/popcorn.svg HTTP/1.0" 200 1187 "http://mailing.etobilet.ru/css/main.css" "Mozilla/5.0 (Windows NT 6.1; WOW64; rv:52.0) Gecko/20100101 Firefox/52.0"
31.211.71.211 - - [02/Nov/2018:23:53:22 +0700] "GET /unsubscribe/?email=missis.marina-khomenko%40yandex.ru&mailing=82 HTTP/1.0" 200 1008 "-" "Mozilla/5.0 (Windows NT 6.1; WOW64; rv:52.0) Gecko/20100101 Firefox/52.0"
31.211.71.211 - - [02/Nov/2018:23:53:22 +0700] "GET /img/popcorn.svg HTTP/1.0" 200 1187 "http://mailing.etobilet.ru/css/main.css" "Mozilla/5.0 (Windows NT 6.1; WOW64; rv:52.0) Gecko/20100101 Firefox/52.0"
31.211.71.211 - - [02/Nov/2018:23:53:23 +0700] "GET /unsubscribe/?email=missis.marina-khomenko%40yandex.ru&mailing=82&confirmed=1 HTTP/1.0" 200 748 "http://mailing.etobilet.ru/unsubscribe/?email=missis.marina-khomenko%40yandex.ru&mailing=82" "Mozilla/5.0 (Windows NT 6.1; WOW64; rv:52.0) Gecko/20100101 Firefox/52.0"
31.211.71.211 - - [02/Nov/2018:23:53:27 +0700] "GET /unsubscribe/?email=missis.marina-khomenko%40yandex.ru&mailing=82&confirmed=1 HTTP/1.0" 200 748 "http://mailing.etobilet.ru/unsubscribe/?email=missis.marina-khomenko%40yandex.ru&mailing=82" "Mozilla/5.0 (Windows NT 6.1; WOW64; rv:52.0) Gecko/20100101 Firefox/52.0"
31.211.71.211 - - [02/Nov/2018:23:53:27 +0700] "GET /img/popcorn.svg HTTP/1.0" 200 1187 "http://mailing.etobilet.ru/css/main.css" "Mozilla/5.0 (Windows NT 6.1; WOW64; rv:52.0) Gecko/20100101 Firefox/52.0"
31.211.71.211 - - [02/Nov/2018:23:53:30 +0700] "GET /unsubscribe/?email=missis.marina-khomenko%40yandex.ru&mailing=82 HTTP/1.0" 200 748 "-" "Mozilla/5.0 (Windows NT 6.1; WOW64; rv:52.0) Gecko/20100101 Firefox/52.0"
31.211.71.211 - - [02/Nov/2018:23:53:30 +0700] "GET /unsubscribe/?email=missis.marina-khomenko%40yandex.ru&mailing=82 HTTP/1.0" 200 748 "-" "Mozilla/5.0 (Windows NT 6.1; WOW64; rv:52.0) Gecko/20100101 Firefox/52.0"
31.211.71.211 - - [02/Nov/2018:23:53:31 +0700] "GET /img/popcorn.svg HTTP/1.0" 200 1187 "http://mailing.etobilet.ru/css/main.css" "Mozilla/5.0 (Windows NT 6.1; WOW64; rv:52.0) Gecko/20100101 Firefox/52.0"
31.173.100.246 - - [02/Nov/2018:23:54:36 +0700] "GET /tracking.gif?email=vauhall%40icloud.com&mailing=82 HTTP/1.0" 200 197 "-" "Mozilla/5.0 (iPhone; CPU iPhone OS 12_0_1 like Mac OS X) AppleWebKit/605.1.15 (KHTML, like Gecko) Mobile/16A404"
188.93.56.128 - - [02/Nov/2018:23:56:14 +0700] "GET /tracking.gif?email=i.konareva%40bk.ru&mailing=82 HTTP/1.0" 200 197 "-" "Mozilla/5.0 (X11; Linux x86_64) AppleWebKit/537.36 (KHTML, like Gecko)"
93.158.130.179 - - [02/Nov/2018:23:56:49 +0700] "GET /tracking.gif?email=gandi0603%40yandex.ru&mailing=82 HTTP/1.0" 200 197 "-" "Mozilla/5.0 (compatible; YandexImageResizer/2.0; +http://yandex.com/bots)"
66.102.9.20 - - [02/Nov/2018:23:57:06 +0700] "GET /unsubscribe/?email=gandi0603%40yandex.ru&mailing=82 HTTP/1.0" 200 982 "-" "Mozilla/5.0 (Linux; Android 8.1.0; TA-1053) AppleWebKit/537.36 (KHTML, like Gecko) Chrome/70.0.3538.80 Mobile Safari/537.36"
66.102.9.156 - - [02/Nov/2018:23:57:07 +0700] "GET /img/popcorn.svg HTTP/1.0" 200 1187 "http://mailing.etobilet.ru/css/main.css" "Mozilla/5.0 (Linux; Android 8.1.0; TA-1053) AppleWebKit/537.36 (KHTML, like Gecko) Chrome/70.0.3538.80 Mobile Safari/537.36"
66.102.9.158 - - [02/Nov/2018:23:57:11 +0700] "GET /unsubscribe/?email=gandi0603%40yandex.ru&mailing=82&confirmed=1 HTTP/1.0" 200 748 "http://mailing.etobilet.ru/unsubscribe/?email=gandi0603%40yandex.ru&mailing=82" "Mozilla/5.0 (Linux; Android 8.1.0; TA-1053) AppleWebKit/537.36 (KHTML, like Gecko) Chrome/70.0.3538.80 Mobile Safari/537.36"
188.93.56.128 - - [02/Nov/2018:23:59:48 +0700] "GET /tracking.gif?email=9178038003%40mail.ru&mailing=82 HTTP/1.0" 200 197 "-" "Mozilla/5.0 (X11; Linux x86_64) AppleWebKit/537.36 (KHTML, like Gecko)"
