62.68.141.42 - - [10/Dec/2018:13:20:56 +0700] "GET /tracking.gif?email=vka%40nikolas.ru&mailing=210 HTTP/1.0" 200 197 "-" "Mozilla/4.0 (compatible; MSIE 7.0; Windows NT 10.0; Win64; x64; Trident/7.0; .NET4.0C; .NET4.0E; Microsoft Outlook 16.0.4573; ms-office; MSOffice 16)"
82.200.17.23 - - [10/Dec/2018:13:21:08 +0700] "GET /tracking.gif?email=89833488898%40mail.ru&mailing=132 HTTP/1.0" 200 197 "-" "thebat32.exedwnloadmnger"
188.93.56.124 - - [10/Dec/2018:13:21:38 +0700] "GET /tracking.gif?email=hna1971%40mail.ru&mailing=191 HTTP/1.0" 200 197 "-" "Mozilla/5.0 (X11; Linux x86_64) AppleWebKit/537.36 (KHTML, like Gecko)"
5.255.241.239 - - [10/Dec/2018:13:25:58 +0700] "GET /tracking.gif?email=viky.sibko%40yandex.ru&mailing=206 HTTP/1.0" 200 197 "-" "Mozilla/5.0 (compatible; YandexImageResizer/2.0; +http://yandex.com/bots)"
188.93.56.125 - - [10/Dec/2018:13:26:27 +0700] "GET /tracking.gif?email=rena-ta%40mail.ru&mailing=206 HTTP/1.0" 200 197 "-" "Mozilla/5.0 (X11; Linux x86_64) AppleWebKit/537.36 (KHTML, like Gecko)"
188.93.56.130 - - [10/Dec/2018:13:34:28 +0700] "GET /tracking.gif?email=Ivan.ivan.ivan.popov99%40mail.ru&mailing=191 HTTP/1.0" 200 197 "-" "Mozilla/5.0 (X11; Linux x86_64) AppleWebKit/537.36 (KHTML, like Gecko)"
81.19.78.161 - - [10/Dec/2018:13:35:16 +0700] "GET /tracking.gif?email=yarguninaolga1%40rambler.ru&mailing=168 HTTP/1.0" 200 197 "https://mail.rambler.ru/" "RamblerMail/6.0 (incompatible; ImageProxy/6.0)"
81.19.78.161 - - [10/Dec/2018:13:35:39 +0700] "GET /tracking.gif?email=yarguninaolga1%40rambler.ru&mailing=146 HTTP/1.0" 200 197 "https://mail.rambler.ru/" "RamblerMail/6.0 (incompatible; ImageProxy/6.0)"
217.118.79.39 - - [10/Dec/2018:13:38:05 +0700] "GET /tracking.gif?email=molokova_helena%40mail.ru&mailing=206 HTTP/1.0" 200 197 "-" "Mozilla/5.0 (Linux; Android 8.0.0; SM-G930F Build/R16NW; wv) AppleWebKit/537.36 (KHTML, like Gecko) Version/4.0 Chrome/69.0.3497.100 Mobile Safari/537.36"
188.93.56.123 - - [10/Dec/2018:13:38:31 +0700] "GET /tracking.gif?email=m.k.v.7%40mail.ru&mailing=191 HTTP/1.0" 200 197 "-" "Mozilla/5.0 (X11; Linux x86_64) AppleWebKit/537.36 (KHTML, like Gecko)"
188.93.56.130 - - [10/Dec/2018:13:38:44 +0700] "GET /tracking.gif?email=lenberg88%40mail.ru&mailing=191 HTTP/1.0" 200 197 "-" "Mozilla/5.0 (X11; Linux x86_64) AppleWebKit/537.36 (KHTML, like Gecko)"
93.158.130.178 - - [10/Dec/2018:13:38:51 +0700] "GET /tracking.gif?email=uglya%40yandex.ru&mailing=206 HTTP/1.0" 200 197 "-" "Mozilla/5.0 (compatible; YandexImageResizer/2.0; +http://yandex.com/bots)"
188.93.56.124 - - [10/Dec/2018:13:38:59 +0700] "GET /tracking.gif?email=Jared89%40mail.ru&mailing=206 HTTP/1.0" 200 197 "-" "Mozilla/5.0 (X11; Linux x86_64) AppleWebKit/537.36 (KHTML, like Gecko)"
108.171.129.170 - - [10/Dec/2018:13:38:59 +0700] "GET /unsubscribe/?email=uglya%40yandex.ru&mailing=206 HTTP/1.0" 200 974 "-" "Mozilla/5.0 (Windows NT 10.0; Win64; x64) AppleWebKit/537.36 (KHTML, like Gecko) Chrome/71.0.3578.80 Safari/537.36"
108.171.129.170 - - [10/Dec/2018:13:39:00 +0700] "GET /img/popcorn.svg HTTP/1.0" 200 1187 "http://mailing.etobilet.ru/css/main.css" "Mozilla/5.0 (Windows NT 10.0; Win64; x64) AppleWebKit/537.36 (KHTML, like Gecko) Chrome/71.0.3578.80 Safari/537.36"
108.171.129.170 - - [10/Dec/2018:13:39:04 +0700] "GET /unsubscribe/?email=uglya%40yandex.ru&mailing=206&confirmed=1 HTTP/1.0" 200 747 "http://mailing.etobilet.ru/unsubscribe/?email=uglya%40yandex.ru&mailing=206" "Mozilla/5.0 (Windows NT 10.0; Win64; x64) AppleWebKit/537.36 (KHTML, like Gecko) Chrome/71.0.3578.80 Safari/537.36"
188.93.56.130 - - [10/Dec/2018:13:39:09 +0700] "GET /tracking.gif?email=923671%40mail.ru&mailing=191 HTTP/1.0" 200 197 "-" "Mozilla/5.0 (X11; Linux x86_64) AppleWebKit/537.36 (KHTML, like Gecko)"
5.255.241.231 - - [10/Dec/2018:13:39:56 +0700] "GET /tracking.gif?email=korev73%40yandex.ru&mailing=191 HTTP/1.0" 200 197 "-" "Mozilla/5.0 (compatible; YandexImageResizer/2.0; +http://yandex.com/bots)"
5.255.241.228 - - [10/Dec/2018:13:40:26 +0700] "GET /tracking.gif?email=d-yakovleva%40ya.ru&mailing=206 HTTP/1.0" 200 197 "-" "Mozilla/5.0 (compatible; YandexImageResizer/2.0; +http://yandex.com/bots)"
188.93.56.130 - - [10/Dec/2018:13:40:53 +0700] "GET /tracking.gif?email=jonnyomsk%40mail.ru&mailing=206 HTTP/1.0" 200 197 "-" "Mozilla/5.0 (X11; Linux x86_64) AppleWebKit/537.36 (KHTML, like Gecko)"
188.93.56.129 - - [10/Dec/2018:13:41:45 +0700] "GET /tracking.gif?email=peterfis%40mail.ru&mailing=206 HTTP/1.0" 200 197 "-" "Mozilla/5.0 (X11; Linux x86_64) AppleWebKit/537.36 (KHTML, like Gecko)"
195.62.34.16 - - [10/Dec/2018:13:41:59 +0700] "GET /tracking.gif?email=fedorchenko.irishk%40mail.ru&mailing=206 HTTP/1.0" 200 197 "-" "Mozilla/5.0 (iPhone; CPU iPhone OS 12_1 like Mac OS X) AppleWebKit/605.1.15 (KHTML, like Gecko) Mobile/16B92"
188.93.56.129 - - [10/Dec/2018:13:43:57 +0700] "GET /tracking.gif?email=alina_arxipova%40mail.ru&mailing=191 HTTP/1.0" 200 197 "-" "Mozilla/5.0 (X11; Linux x86_64) AppleWebKit/537.36 (KHTML, like Gecko)"
188.93.56.125 - - [10/Dec/2018:13:44:04 +0700] "GET /tracking.gif?email=ignatchik80%40mail.ru&mailing=206 HTTP/1.0" 200 197 "-" "Mozilla/5.0 (X11; Linux x86_64) AppleWebKit/537.36 (KHTML, like Gecko)"
188.93.56.123 - - [10/Dec/2018:13:45:57 +0700] "GET /tracking.gif?email=kapak17%40mail.ru&mailing=206 HTTP/1.0" 200 197 "-" "Mozilla/5.0 (X11; Linux x86_64) AppleWebKit/537.36 (KHTML, like Gecko)"
188.93.56.125 - - [10/Dec/2018:13:52:41 +0700] "GET /tracking.gif?email=melty87%40mail.ru&mailing=206 HTTP/1.0" 200 197 "-" "Mozilla/5.0 (X11; Linux x86_64) AppleWebKit/537.36 (KHTML, like Gecko)"
93.158.130.182 - - [10/Dec/2018:13:57:49 +0700] "GET /tracking.gif?email=valery3011%40yandex.ru&mailing=193 HTTP/1.0" 200 197 "-" "Mozilla/5.0 (compatible; YandexImageResizer/2.0; +http://yandex.com/bots)"
188.93.56.122 - - [10/Dec/2018:13:57:51 +0700] "GET /tracking.gif?email=rezanova1001%40mail.ru&mailing=206 HTTP/1.0" 200 197 "-" "Mozilla/5.0 (X11; Linux x86_64) AppleWebKit/537.36 (KHTML, like Gecko)"
93.158.130.178 - - [10/Dec/2018:13:57:57 +0700] "GET /tracking.gif?email=aiahmedshin%40ya.ru&mailing=206 HTTP/1.0" 200 197 "-" "Mozilla/5.0 (compatible; YandexImageResizer/2.0; +http://yandex.com/bots)"
188.93.56.121 - - [10/Dec/2018:13:59:17 +0700] "GET /tracking.gif?email=kutyshev74%40mail.ru&mailing=191 HTTP/1.0" 200 197 "-" "Mozilla/5.0 (X11; Linux x86_64) AppleWebKit/537.36 (KHTML, like Gecko)"
188.93.56.130 - - [10/Dec/2018:14:00:19 +0700] "GET /tracking.gif?email=kirill-ka%40mail.ru&mailing=206 HTTP/1.0" 200 197 "-" "Mozilla/5.0 (X11; Linux x86_64) AppleWebKit/537.36 (KHTML, like Gecko)"
188.232.115.44 - - [10/Dec/2018:14:00:37 +0700] "GET /tracking.gif?email=yulayula%40mail.ru&mailing=206 HTTP/1.0" 200 197 "-" "Mozilla/5.0 (iPhone; CPU iPhone OS 12_1 like Mac OS X) AppleWebKit/605.1.15 (KHTML, like Gecko) Mobile/16B92"
188.93.56.126 - - [10/Dec/2018:14:02:51 +0700] "GET /tracking.gif?email=oksanaoxy%40mail.ru&mailing=170 HTTP/1.0" 200 197 "-" "Mozilla/5.0 (X11; Linux x86_64) AppleWebKit/537.36 (KHTML, like Gecko)"
188.93.56.128 - - [10/Dec/2018:14:05:54 +0700] "GET /tracking.gif?email=cat_lusca%40mail.ru&mailing=191 HTTP/1.0" 200 197 "-" "Mozilla/5.0 (X11; Linux x86_64) AppleWebKit/537.36 (KHTML, like Gecko)"
188.93.56.129 - - [10/Dec/2018:14:06:04 +0700] "GET /tracking.gif?email=timkodj%40mail.ru&mailing=170 HTTP/1.0" 200 197 "-" "Mozilla/5.0 (X11; Linux x86_64) AppleWebKit/537.36 (KHTML, like Gecko)"
66.102.9.14 - - [10/Dec/2018:14:07:13 +0700] "GET /tracking.gif?email=slaqwa%40gmail.com&mailing=191 HTTP/1.0" 200 197 "-" "Mozilla/5.0 (Windows NT 5.1; rv:11.0) Gecko Firefox/11.0 (via ggpht.com GoogleImageProxy)"
188.93.56.124 - - [10/Dec/2018:14:09:46 +0700] "GET /tracking.gif?email=mouseymv%40mail.ru&mailing=206 HTTP/1.0" 200 197 "-" "Mozilla/5.0 (X11; Linux x86_64) AppleWebKit/537.36 (KHTML, like Gecko)"
213.180.215.161 - - [10/Dec/2018:14:09:53 +0700] "GET /tracking.gif?email=a.shenina%40yandex.ru&mailing=193 HTTP/1.0" 200 197 "-" "Mozilla/5.0 (compatible; YandexImageResizer/2.0; +http://yandex.com/bots)"
188.93.56.129 - - [10/Dec/2018:14:17:32 +0700] "GET /tracking.gif?email=slashev%40mail.ru&mailing=191 HTTP/1.0" 200 197 "-" "Mozilla/5.0 (X11; Linux x86_64) AppleWebKit/537.36 (KHTML, like Gecko)"
81.19.78.160 - - [10/Dec/2018:14:18:21 +0700] "GET /tracking.gif?email=vaneev1%40rambler.ru&mailing=193 HTTP/1.0" 200 197 "http://mail.rambler.ru/" "RamblerMail/6.0 (incompatible; ImageProxy/6.0)"
188.93.56.130 - - [10/Dec/2018:14:18:22 +0700] "GET /tracking.gif?email=install1969%40bk.ru&mailing=191 HTTP/1.0" 200 197 "-" "Mozilla/5.0 (X11; Linux x86_64) AppleWebKit/537.36 (KHTML, like Gecko)"
81.19.78.160 - - [10/Dec/2018:14:18:25 +0700] "GET /tracking.gif?email=vaneev1%40rambler.ru&mailing=193 HTTP/1.0" 200 197 "http://mail.rambler.ru/" "RamblerMail/6.0 (incompatible; ImageProxy/6.0)"
81.19.78.160 - - [10/Dec/2018:14:19:02 +0700] "GET /tracking.gif?email=vaneev1%40rambler.ru&mailing=193 HTTP/1.0" 200 197 "http://mail.rambler.ru/" "RamblerMail/6.0 (incompatible; ImageProxy/6.0)"
188.162.84.168 - - [10/Dec/2018:14:21:34 +0700] "GET /tracking.gif?email=evgenysamoilov94%40mail.ru&mailing=170 HTTP/1.0" 200 197 "-" "Mozilla/5.0 (Linux; Android 8.0.0; FIG-LX1 Build/HUAWEIFIG-LX1; wv) AppleWebKit/537.36 (KHTML, like Gecko) Version/4.0 Chrome/69.0.3497.100 Mobile Safari/537.36"
188.232.184.47 - - [10/Dec/2018:14:21:35 +0700] "GET /tracking.gif?email=juk_ru13%40mail.ru&mailing=206 HTTP/1.0" 200 197 "-" "Mozilla/5.0 (Linux; Android 6.0; LG-K430 Build/MRA58K; wv) AppleWebKit/537.36 (KHTML, like Gecko) Version/4.0 Chrome/70.0.3538.110 Mobile Safari/537.36"
188.93.56.121 - - [10/Dec/2018:14:25:30 +0700] "GET /tracking.gif?email=serbolina_olesya%40mail.ru&mailing=206 HTTP/1.0" 200 197 "-" "Mozilla/5.0 (X11; Linux x86_64) AppleWebKit/537.36 (KHTML, like Gecko)"
188.93.56.121 - - [10/Dec/2018:14:28:12 +0700] "GET /tracking.gif?email=gda999%40mail.ru&mailing=191 HTTP/1.0" 200 197 "-" "Mozilla/5.0 (X11; Linux x86_64) AppleWebKit/537.36 (KHTML, like Gecko)"
128.69.199.118 - - [10/Dec/2018:14:32:14 +0700] "GET /unsubscribe/?email=pii-63215593cc214e3f3ea7329d9e3fb312627ee6062bb0c14951372f354e37f5ce&mailing=170&confirmed=1 HTTP/1.0" 200 715 "https://yandex.ru/clck/jsredir?from=yandex.ru%3Bsearch%3Bweb%3B%3B&text=&etext=1998.5yF3RDmSRGJUzDXeKFGZXUcC2jc4xAD3zPKhhwG-v_MHNObu8J3wXa9L2ZzjTp19.2edf5cd93414427474a28dfec36fa1b30916e4d2&uuid=&state=_BLhILn4SxNIvvL0W45KSic66uCIg23qh8iRG98qeIXmeppkgUc0YMkOSpatjLUqgxH-XWLwn-g&data=UlNrNmk5WktYejR0eWJFYk1LdmtxcGhEbW92NTQ0Ym91R0hUbjc2b2ItNEEtUGFHWHcxekhlMVBidUZwdUswS0FRdHdEaHk3M1dnNDg0d2NRcHNsWFN2MVFGVDg2VVFERjRqUU9idU8yTlk0RUk0VDcwUmhhS3BYNllzLXN2WTNNTW1ETlFrblpGbll5OXFmU20zdDM1bE9RU0tMVDVwTFRDdlJtOUlFRENjUTZCTWZEQ3BiNDJTNzExWXJuMHBBSWd4ZDVHTmVZOHg0UF9NSlRNci1ROXVtTzd3dkJTX0NTWUgyNGJ4a2l1VkVXUDdwNDJTLXo1bGpRblYyRjlZLUtPR052LVF5Y3d4dC00MlFCQmk2dkE&b64e=2&sign=7b56668a6b1d64db0f5ddcec01ae8297&keyno=0&cst=AiuY0DBWFJ7IXge4WdYJQa9gkHE_3kbibObF5LZtSgVDRILui1EWyCQtto0MjLKfa1l6_syxoiMak60aGhgG-wOJShKUpYD6vFu3CThaO0kdm8vmUjhdd1PAfGftNOXQclYp9257gYKZw17ziNV3afWH0S--GRBo&ref=orjY4mGPRjk5boDnW0uvlrrd71vZw9kp5uQozpMtKCUPlG4bHKQJvBHzo_iSQK2tsUd0ZByTfB1WkcxgAX-IFvsdZxbYSPpBXFK_sS3vDWqDPEngCdJxOvJ777zKsPZU&l10n=ru&cts=1544426237749&mc=6.82617498269" "Mozilla/5.0 (compatible; MSIE 10.0; Windows NT 6.2; Trident/6.0; MATMJS)"
188.93.56.127 - - [10/Dec/2018:14:32:34 +0700] "GET /tracking.gif?email=m.milka1024853%40mail.ru&mailing=206 HTTP/1.0" 200 197 "-" "Mozilla/5.0 (X11; Linux x86_64) AppleWebKit/537.36 (KHTML, like Gecko)"
81.19.78.160 - - [10/Dec/2018:14:37:03 +0700] "GET /tracking.gif?email=evgentarusin%40rambler.ru&mailing=191 HTTP/1.0" 200 197 "http://mail.rambler.ru/" "RamblerMail/6.0 (incompatible; ImageProxy/6.0)"
81.19.78.160 - - [10/Dec/2018:14:37:25 +0700] "GET /tracking.gif?email=evgentarusin%40rambler.ru&mailing=191 HTTP/1.0" 200 197 "http://mail.rambler.ru/" "RamblerMail/6.0 (incompatible; ImageProxy/6.0)"
188.93.56.125 - - [10/Dec/2018:14:37:46 +0700] "GET /tracking.gif?email=ivan_svirin%40mail.ru&mailing=206 HTTP/1.0" 200 197 "-" "Mozilla/5.0 (X11; Linux x86_64) AppleWebKit/537.36 (KHTML, like Gecko)"
188.93.56.129 - - [10/Dec/2018:14:39:00 +0700] "GET /tracking.gif?email=oksana_kacai%40mail.ru&mailing=191 HTTP/1.0" 200 197 "-" "Mozilla/5.0 (X11; Linux x86_64) AppleWebKit/537.36 (KHTML, like Gecko)"
188.93.56.125 - - [10/Dec/2018:14:39:19 +0700] "GET /tracking.gif?email=zvezda4020%40mail.ru&mailing=191 HTTP/1.0" 200 197 "-" "Mozilla/5.0 (X11; Linux x86_64) AppleWebKit/537.36 (KHTML, like Gecko)"
188.93.56.128 - - [10/Dec/2018:14:39:25 +0700] "GET /tracking.gif?email=Reva_Den%40mail.ru&mailing=206 HTTP/1.0" 200 197 "-" "Mozilla/5.0 (X11; Linux x86_64) AppleWebKit/537.36 (KHTML, like Gecko)"
188.93.56.127 - - [10/Dec/2018:14:39:26 +0700] "GET /tracking.gif?email=natazang%40mail.ru&mailing=206 HTTP/1.0" 200 197 "-" "Mozilla/5.0 (X11; Linux x86_64) AppleWebKit/537.36 (KHTML, like Gecko)"
5.255.241.236 - - [10/Dec/2018:14:40:47 +0700] "GET /tracking.gif?email=rsy%40irsy.ru&mailing=191 HTTP/1.0" 200 197 "-" "Mozilla/5.0 (compatible; YandexImageResizer/2.0; +http://yandex.com/bots)"
81.19.78.161 - - [10/Dec/2018:14:48:45 +0700] "GET /tracking.gif?email=Matsvet752008%40rambler.ru&mailing=192 HTTP/1.0" 200 197 "https://mail.rambler.ru/?utm_content=mail&utm_medium=topline&utm_source=mail" "RamblerMail/6.0 (incompatible; ImageProxy/6.0)"
188.93.56.121 - - [10/Dec/2018:14:50:37 +0700] "GET /tracking.gif?email=rkc_omsk%40mail.ru&mailing=191 HTTP/1.0" 200 197 "-" "Mozilla/5.0 (X11; Linux x86_64) AppleWebKit/537.36 (KHTML, like Gecko)"
188.93.56.121 - - [10/Dec/2018:14:52:12 +0700] "GET /tracking.gif?email=beetlejuicesonya%40mail.ru&mailing=191 HTTP/1.0" 200 197 "-" "Mozilla/5.0 (X11; Linux x86_64) AppleWebKit/537.36 (KHTML, like Gecko)"
176.59.143.65 - - [10/Dec/2018:14:53:50 +0700] "GET /tracking.gif?email=sveta.esmurzaeva%40icloud.com&mailing=206 HTTP/1.0" 200 197 "-" "Mozilla/5.0 (iPhone; CPU iPhone OS 12_1 like Mac OS X) AppleWebKit/605.1.15 (KHTML, like Gecko) Mobile/16B92"
188.93.56.127 - - [10/Dec/2018:14:55:32 +0700] "GET /tracking.gif?email=rasa17%40mail.ru&mailing=206 HTTP/1.0" 200 197 "-" "Mozilla/5.0 (X11; Linux x86_64) AppleWebKit/537.36 (KHTML, like Gecko)"
188.93.56.127 - - [10/Dec/2018:14:55:55 +0700] "GET /tracking.gif?email=d_g_e_i_n%40inbox.ru&mailing=206 HTTP/1.0" 200 197 "-" "Mozilla/5.0 (X11; Linux x86_64) AppleWebKit/537.36 (KHTML, like Gecko)"
188.93.56.121 - - [10/Dec/2018:14:56:25 +0700] "GET /tracking.gif?email=vadim.kagaykin%40mail.ru&mailing=206 HTTP/1.0" 200 197 "-" "Mozilla/5.0 (X11; Linux x86_64) AppleWebKit/537.36 (KHTML, like Gecko)"
188.93.56.121 - - [10/Dec/2018:14:56:31 +0700] "GET /tracking.gif?email=irina79in%40mail.ru&mailing=206 HTTP/1.0" 200 197 "-" "Mozilla/5.0 (X11; Linux x86_64) AppleWebKit/537.36 (KHTML, like Gecko)"
188.93.56.126 - - [10/Dec/2018:14:56:41 +0700] "GET /tracking.gif?email=yasnitskaya17%40mail.ru&mailing=206 HTTP/1.0" 200 197 "-" "Mozilla/5.0 (X11; Linux x86_64) AppleWebKit/537.36 (KHTML, like Gecko)"
188.93.56.121 - - [10/Dec/2018:14:57:07 +0700] "GET /tracking.gif?email=tanyavostok%40bk.ru&mailing=191 HTTP/1.0" 200 197 "-" "Mozilla/5.0 (X11; Linux x86_64) AppleWebKit/537.36 (KHTML, like Gecko)"
79.133.166.38 - - [10/Dec/2018:14:57:34 +0700] "GET /tracking.gif?email=alipin%40mail.ru&mailing=206 HTTP/1.0" 200 197 "-" "Mozilla/4.0 (compatible; MSIE 7.0; Windows NT 10.0; Win64; x64; Trident/7.0; .NET4.0C; .NET4.0E; .NET CLR 2.0.50727; .NET CLR 3.0.30729; .NET CLR 3.5.30729)"
188.93.56.128 - - [10/Dec/2018:14:58:51 +0700] "GET /tracking.gif?email=tdv-yakut%40mail.ru&mailing=206 HTTP/1.0" 200 197 "-" "Mozilla/5.0 (X11; Linux x86_64) AppleWebKit/537.36 (KHTML, like Gecko)"
188.93.56.130 - - [10/Dec/2018:15:01:47 +0700] "GET /tracking.gif?email=imrock90%40mail.ru&mailing=206 HTTP/1.0" 200 197 "-" "Mozilla/5.0 (X11; Linux x86_64) AppleWebKit/537.36 (KHTML, like Gecko)"
188.93.56.123 - - [10/Dec/2018:15:08:29 +0700] "GET /tracking.gif?email=olesya_zamarueva%40mail.ru&mailing=206 HTTP/1.0" 200 197 "-" "Mozilla/5.0 (X11; Linux x86_64) AppleWebKit/537.36 (KHTML, like Gecko)"
213.87.157.251 - - [10/Dec/2018:15:10:37 +0700] "GET /tracking.gif?email=fedulovd_95%40mail.ru&mailing=206 HTTP/1.0" 200 197 "-" "Mozilla/5.0 (iPhone; CPU iPhone OS 12_0 like Mac OS X) AppleWebKit/605.1.15 (KHTML, like Gecko) Mobile/16A366"
91.144.171.234 - - [10/Dec/2018:15:13:21 +0700] "GET /unsubscribe/?email=k0mar0v_aa%40mail.ru&mailing=206 HTTP/1.0" 200 980 "-" "Mozilla/5.0 (Windows NT 10.0; Win64; x64) AppleWebKit/537.36 (KHTML, like Gecko) Chrome/70.0.3538.110 Safari/537.36"
91.144.171.234 - - [10/Dec/2018:15:13:22 +0700] "GET /img/popcorn.svg HTTP/1.0" 200 1187 "http://mailing.etobilet.ru/css/main.css" "Mozilla/5.0 (Windows NT 10.0; Win64; x64) AppleWebKit/537.36 (KHTML, like Gecko) Chrome/70.0.3538.110 Safari/537.36"
91.144.171.234 - - [10/Dec/2018:15:13:26 +0700] "GET /unsubscribe/?email=k0mar0v_aa%40mail.ru&mailing=206&confirmed=1 HTTP/1.0" 200 747 "http://mailing.etobilet.ru/unsubscribe/?email=k0mar0v_aa%40mail.ru&mailing=206" "Mozilla/5.0 (Windows NT 10.0; Win64; x64) AppleWebKit/537.36 (KHTML, like Gecko) Chrome/70.0.3538.110 Safari/537.36"
188.93.56.129 - - [10/Dec/2018:15:14:40 +0700] "GET /tracking.gif?email=nastasja-13%40mail.ru&mailing=206 HTTP/1.0" 200 197 "-" "Mozilla/5.0 (X11; Linux x86_64) AppleWebKit/537.36 (KHTML, like Gecko)"
188.93.56.128 - - [10/Dec/2018:15:15:02 +0700] "GET /tracking.gif?email=lgolubnichienko%40mail.ru&mailing=206 HTTP/1.0" 200 197 "-" "Mozilla/5.0 (X11; Linux x86_64) AppleWebKit/537.36 (KHTML, like Gecko)"
188.93.56.127 - - [10/Dec/2018:15:15:21 +0700] "GET /tracking.gif?email=Zvonareva.86%40list.ru&mailing=192 HTTP/1.0" 200 197 "-" "Mozilla/5.0 (X11; Linux x86_64) AppleWebKit/537.36 (KHTML, like Gecko)"
2.60.99.21 - - [10/Dec/2018:15:15:22 +0700] "GET /tracking.gif?email=kspakhomova%40mail.ru&mailing=206 HTTP/1.0" 200 197 "-" "Mozilla/5.0 (Linux; Android 7.1.1; SM-T355 Build/NMF26X; wv) AppleWebKit/537.36 (KHTML, like Gecko) Version/4.0 Chrome/70.0.3538.110 Safari/537.36"
188.93.56.128 - - [10/Dec/2018:15:19:48 +0700] "GET /tracking.gif?email=om_shark%40mail.ru&mailing=206 HTTP/1.0" 200 197 "-" "Mozilla/5.0 (X11; Linux x86_64) AppleWebKit/537.36 (KHTML, like Gecko)"
66.102.9.17 - - [10/Dec/2018:15:20:59 +0700] "GET /tracking.gif?email=dinky375%40gmail.com&mailing=170 HTTP/1.0" 200 197 "-" "Mozilla/5.0 (Windows NT 5.1; rv:11.0) Gecko Firefox/11.0 (via ggpht.com GoogleImageProxy)"
188.93.56.130 - - [10/Dec/2018:15:21:09 +0700] "GET /tracking.gif?email=srsooo%40bk.ru&mailing=191 HTTP/1.0" 200 197 "-" "Mozilla/5.0 (X11; Linux x86_64) AppleWebKit/537.36 (KHTML, like Gecko)"
188.18.254.207 - - [10/Dec/2018:15:22:10 +0700] "GET /tracking.gif?email=kislyakov.dima%40gmail.com&mailing=193 HTTP/1.0" 200 197 "-" "Mozilla/5.0 (iPhone; CPU iPhone OS 12_1_1 like Mac OS X) AppleWebKit/605.1.15 (KHTML, like Gecko) Mobile/16C50"
188.93.56.121 - - [10/Dec/2018:15:24:13 +0700] "GET /tracking.gif?email=Osheva1989%40bk.ru&mailing=193 HTTP/1.0" 200 197 "-" "Mozilla/5.0 (X11; Linux x86_64) AppleWebKit/537.36 (KHTML, like Gecko)"
188.93.56.121 - - [10/Dec/2018:15:24:22 +0700] "GET /tracking.gif?email=vadpog%40mail.ru&mailing=191 HTTP/1.0" 200 197 "-" "Mozilla/5.0 (X11; Linux x86_64) AppleWebKit/537.36 (KHTML, like Gecko)"
188.93.56.121 - - [10/Dec/2018:15:28:21 +0700] "GET /tracking.gif?email=kovik55%40mail.ru&mailing=206 HTTP/1.0" 200 197 "-" "Mozilla/5.0 (X11; Linux x86_64) AppleWebKit/537.36 (KHTML, like Gecko)"
188.93.56.125 - - [10/Dec/2018:15:32:17 +0700] "GET /tracking.gif?email=qqaazz70%40bk.ru&mailing=206 HTTP/1.0" 200 197 "-" "Mozilla/5.0 (X11; Linux x86_64) AppleWebKit/537.36 (KHTML, like Gecko)"
188.93.56.124 - - [10/Dec/2018:15:32:29 +0700] "GET /tracking.gif?email=qqaazz70%40bk.ru&mailing=206 HTTP/1.0" 200 197 "-" "Mozilla/5.0 (X11; Linux x86_64) AppleWebKit/537.36 (KHTML, like Gecko)"
188.93.56.125 - - [10/Dec/2018:15:32:30 +0700] "GET /tracking.gif?email=liga.natka55%40mail.ru&mailing=191 HTTP/1.0" 200 197 "-" "Mozilla/5.0 (X11; Linux x86_64) AppleWebKit/537.36 (KHTML, like Gecko)"
188.93.56.121 - - [10/Dec/2018:15:32:57 +0700] "GET /tracking.gif?email=liga.natka55%40mail.ru&mailing=191 HTTP/1.0" 200 197 "-" "Mozilla/5.0 (X11; Linux x86_64) AppleWebKit/537.36 (KHTML, like Gecko)"
217.151.20.41 - - [10/Dec/2018:15:35:38 +0700] "GET /tracking.gif?email=su%40prokuratura.omsk.ru&mailing=206 HTTP/1.0" 200 197 "-" "Mozilla/4.0 (compatible; MSIE 7.0; Windows NT 6.1; WOW64; Trident/5.0; SLCC2; .NET CLR 2.0.50727; .NET CLR 3.5.30729; .NET CLR 3.0.30729; Media Center PC 6.0; .NET4.0C; .NET4.0E)"
188.93.56.127 - - [10/Dec/2018:15:37:13 +0700] "GET /tracking.gif?email=kasenoff0710%40mail.ru&mailing=206 HTTP/1.0" 200 197 "-" "Mozilla/5.0 (X11; Linux x86_64) AppleWebKit/537.36 (KHTML, like Gecko)"
188.93.56.125 - - [10/Dec/2018:15:38:09 +0700] "GET /tracking.gif?email=N2051%40mail.ru&mailing=206 HTTP/1.0" 200 197 "-" "Mozilla/5.0 (X11; Linux x86_64) AppleWebKit/537.36 (KHTML, like Gecko)"
178.74.70.194 - - [10/Dec/2018:15:45:12 +0700] "GET /tracking.gif?email=izautrin%40mail.ru&mailing=206 HTTP/1.0" 200 197 "-" "Mozilla/4.0 (compatible; MSIE 7.0; Windows NT 6.1; WOW64; Trident/4.0; SLCC2; .NET CLR 2.0.50727; .NET CLR 3.5.30729; .NET CLR 3.0.30729; Media Center PC 6.0; .NET4.0C; .NET4.0E; InfoPath.2)"
66.249.88.161 - - [10/Dec/2018:15:45:47 +0700] "GET /tracking.gif?email=rkobrinets%40gmail.com&mailing=192 HTTP/1.0" 200 197 "-" "Mozilla/5.0 (Windows NT 5.1; rv:11.0) Gecko Firefox/11.0 (via ggpht.com GoogleImageProxy)"
66.102.9.17 - - [10/Dec/2018:15:49:12 +0700] "GET /tracking.gif?email=kipish627%40gmail.com&mailing=191 HTTP/1.0" 200 197 "-" "Mozilla/5.0 (Windows NT 5.1; rv:11.0) Gecko Firefox/11.0 (via ggpht.com GoogleImageProxy)"
188.93.56.126 - - [10/Dec/2018:15:52:16 +0700] "GET /tracking.gif?email=bezpronix%40mail.ru&mailing=191 HTTP/1.0" 200 197 "-" "Mozilla/5.0 (X11; Linux x86_64) AppleWebKit/537.36 (KHTML, like Gecko)"
188.93.56.121 - - [10/Dec/2018:15:52:50 +0700] "GET /tracking.gif?email=egorovavl%40mail.ru&mailing=191 HTTP/1.0" 200 197 "-" "Mozilla/5.0 (X11; Linux x86_64) AppleWebKit/537.36 (KHTML, like Gecko)"
188.93.56.122 - - [10/Dec/2018:15:53:25 +0700] "GET /tracking.gif?email=Priju%40mail.ru&mailing=206 HTTP/1.0" 200 197 "-" "Mozilla/5.0 (X11; Linux x86_64) AppleWebKit/537.36 (KHTML, like Gecko)"
176.59.146.13 - - [10/Dec/2018:15:55:02 +0700] "GET /tracking.gif?email=sergio55%40yandex.ru&mailing=206 HTTP/1.0" 200 197 "-" "Mozilla/5.0 (iPhone; CPU iPhone OS 9_3_5 like Mac OS X) AppleWebKit/601.1.46 (KHTML, like Gecko) Mobile/13G36"
188.93.56.130 - - [10/Dec/2018:15:57:15 +0700] "GET /tracking.gif?email=naziya2607%40mail.ru&mailing=206 HTTP/1.0" 200 197 "-" "Mozilla/5.0 (X11; Linux x86_64) AppleWebKit/537.36 (KHTML, like Gecko)"
188.93.56.121 - - [10/Dec/2018:15:58:13 +0700] "GET /tracking.gif?email=le-rua%40mail.ru&mailing=191 HTTP/1.0" 200 197 "-" "Mozilla/5.0 (X11; Linux x86_64) AppleWebKit/537.36 (KHTML, like Gecko)"
188.93.56.128 - - [10/Dec/2018:15:59:54 +0700] "GET /tracking.gif?email=turovets2005%40mail.ru&mailing=191 HTTP/1.0" 200 197 "-" "Mozilla/5.0 (X11; Linux x86_64) AppleWebKit/537.36 (KHTML, like Gecko)"
188.93.56.130 - - [10/Dec/2018:16:02:34 +0700] "GET /tracking.gif?email=roshupkin7710%40mail.ru&mailing=206 HTTP/1.0" 200 197 "-" "Mozilla/5.0 (X11; Linux x86_64) AppleWebKit/537.36 (KHTML, like Gecko)"
213.180.215.161 - - [10/Dec/2018:16:07:43 +0700] "GET /tracking.gif?email=maria.paruna%40yandex.ru&mailing=106 HTTP/1.0" 200 197 "-" "Mozilla/5.0 (compatible; YandexImageResizer/2.0; +http://yandex.com/bots)"
81.23.197.215 - - [10/Dec/2018:16:09:21 +0700] "GET /tracking.gif?email=dbwork77%40gmail.com&mailing=206 HTTP/1.0" 200 197 "-" "Mozilla/5.0 (iPhone; CPU iPhone OS 12_1 like Mac OS X) AppleWebKit/605.1.15 (KHTML, like Gecko) Mobile/16B92"
188.93.56.124 - - [10/Dec/2018:16:10:35 +0700] "GET /tracking.gif?email=Kyzy2008%40mail.ru&mailing=206 HTTP/1.0" 200 197 "-" "Mozilla/5.0 (X11; Linux x86_64) AppleWebKit/537.36 (KHTML, like Gecko)"
188.93.56.122 - - [10/Dec/2018:16:10:48 +0700] "GET /tracking.gif?email=Zakazcheg%40mail.ru&mailing=206 HTTP/1.0" 200 197 "-" "Mozilla/5.0 (X11; Linux x86_64) AppleWebKit/537.36 (KHTML, like Gecko)"
188.93.56.122 - - [10/Dec/2018:16:17:11 +0700] "GET /tracking.gif?email=Volosenkov2000%40mail.ru&mailing=206 HTTP/1.0" 200 197 "-" "Mozilla/5.0 (X11; Linux x86_64) AppleWebKit/537.36 (KHTML, like Gecko)"
188.93.56.121 - - [10/Dec/2018:16:18:45 +0700] "GET /tracking.gif?email=Skosareva.tatyana%40mail.ru&mailing=206 HTTP/1.0" 200 197 "-" "Mozilla/5.0 (X11; Linux x86_64) AppleWebKit/537.36 (KHTML, like Gecko)"
188.93.56.128 - - [10/Dec/2018:16:21:05 +0700] "GET /tracking.gif?email=rabinka2005%40mail.ru&mailing=191 HTTP/1.0" 200 197 "-" "Mozilla/5.0 (X11; Linux x86_64) AppleWebKit/537.36 (KHTML, like Gecko)"
188.93.56.121 - - [10/Dec/2018:16:22:37 +0700] "GET /tracking.gif?email=Semerich911%40mail.ru&mailing=206 HTTP/1.0" 200 197 "-" "Mozilla/5.0 (X11; Linux x86_64) AppleWebKit/537.36 (KHTML, like Gecko)"
188.93.56.125 - - [10/Dec/2018:16:24:33 +0700] "GET /tracking.gif?email=mars74_74%40bk.ru&mailing=193 HTTP/1.0" 200 197 "-" "Mozilla/5.0 (X11; Linux x86_64) AppleWebKit/537.36 (KHTML, like Gecko)"
188.93.56.125 - - [10/Dec/2018:16:28:06 +0700] "GET /tracking.gif?email=mordvinoff.a.a%40gmail.com&mailing=170 HTTP/1.0" 200 197 "-" "Mozilla/5.0 (X11; Linux x86_64) AppleWebKit/537.36 (KHTML, like Gecko)"
188.93.56.128 - - [10/Dec/2018:16:28:11 +0700] "GET /tracking.gif?email=r55kremkova%40mail.ru&mailing=206 HTTP/1.0" 200 197 "-" "Mozilla/5.0 (X11; Linux x86_64) AppleWebKit/537.36 (KHTML, like Gecko)"
5.255.241.227 - - [10/Dec/2018:16:28:53 +0700] "GET /tracking.gif?email=Zerber611111%40ya.ru&mailing=206 HTTP/1.0" 200 197 "-" "Mozilla/5.0 (compatible; YandexImageResizer/2.0; +http://yandex.com/bots)"
188.93.56.130 - - [10/Dec/2018:16:32:07 +0700] "GET /tracking.gif?email=S.Qi%40mail.ru&mailing=206 HTTP/1.0" 200 197 "-" "Mozilla/5.0 (X11; Linux x86_64) AppleWebKit/537.36 (KHTML, like Gecko)"
93.92.198.110 - - [10/Dec/2018:16:33:25 +0700] "GET /tracking.gif?email=fredmuxa%40gmail.com&mailing=193 HTTP/1.0" 200 197 "-" "Mozilla/5.0 (iPhone; CPU iPhone OS 12_0_1 like Mac OS X) AppleWebKit/605.1.15 (KHTML, like Gecko) Mobile/16A404"
188.93.56.121 - - [10/Dec/2018:16:34:36 +0700] "GET /tracking.gif?email=admpzs%40mail.ru&mailing=170 HTTP/1.0" 200 197 "-" "Mozilla/5.0 (X11; Linux x86_64) AppleWebKit/537.36 (KHTML, like Gecko)"
176.59.130.175 - - [10/Dec/2018:16:34:51 +0700] "GET /tracking.gif?email=polyanskayauv%40mail.ru&mailing=206 HTTP/1.0" 200 197 "-" "Mozilla/5.0 (Linux; Android 7.1.1; SM-J510FN Build/NMF26X; wv) AppleWebKit/537.36 (KHTML, like Gecko) Version/4.0 Chrome/70.0.3538.110 Mobile Safari/537.36"
188.93.56.127 - - [10/Dec/2018:16:36:49 +0700] "GET /tracking.gif?email=nastja_7_7%40mail.ru&mailing=191 HTTP/1.0" 200 197 "-" "Mozilla/5.0 (X11; Linux x86_64) AppleWebKit/537.36 (KHTML, like Gecko)"
176.62.108.32 - - [10/Dec/2018:16:41:59 +0700] "GET /tracking.gif?email=e.vlasova.71@mail.ru&mailing=191 HTTP/1.0" 200 197 "-" "Mozilla/5.0 (Linux; Android 5.1; M3s Build/LMY47I; wv) AppleWebKit/537.36 (KHTML, like Gecko) Version/4.0 Chrome/44.0.2403.147 Mobile Safari/537.36"
176.62.108.32 - - [10/Dec/2018:16:42:13 +0700] "GET /tracking.gif?email=e.vlasova.71%40mail.ru&mailing=191 HTTP/1.0" 200 197 "-" "Mozilla/5.0 (Linux; Android 5.1; M3s Build/LMY47I; wv) AppleWebKit/537.36 (KHTML, like Gecko) Version/4.0 Chrome/44.0.2403.147 Mobile Safari/537.36"
188.93.56.121 - - [10/Dec/2018:16:42:14 +0700] "GET /tracking.gif?email=kryuchkova_1994%40list.ru&mailing=191 HTTP/1.0" 200 197 "-" "Mozilla/5.0 (X11; Linux x86_64) AppleWebKit/537.36 (KHTML, like Gecko)"
188.93.56.122 - - [10/Dec/2018:16:42:19 +0700] "GET /tracking.gif?email=maxisherb%40mail.ru&mailing=191 HTTP/1.0" 200 197 "-" "Mozilla/5.0 (X11; Linux x86_64) AppleWebKit/537.36 (KHTML, like Gecko)"
188.93.56.121 - - [10/Dec/2018:16:48:36 +0700] "GET /tracking.gif?email=pdp_96%40mail.ru&mailing=132 HTTP/1.0" 200 197 "-" "Mozilla/5.0 (X11; Linux x86_64) AppleWebKit/537.36 (KHTML, like Gecko)"
188.93.56.122 - - [10/Dec/2018:16:51:00 +0700] "GET /tracking.gif?email=safronov-sergey88%40yandex.ru&mailing=206 HTTP/1.0" 200 197 "-" "Mozilla/5.0 (X11; Linux x86_64) AppleWebKit/537.36 (KHTML, like Gecko)"
188.93.56.122 - - [10/Dec/2018:16:53:31 +0700] "GET /tracking.gif?email=evgesha83-08%40mail.ru&mailing=191 HTTP/1.0" 200 197 "-" "Mozilla/5.0 (X11; Linux x86_64) AppleWebKit/537.36 (KHTML, like Gecko)"
188.93.56.129 - - [10/Dec/2018:16:54:02 +0700] "GET /tracking.gif?email=anvik19%40mail.ru&mailing=191 HTTP/1.0" 200 197 "-" "Mozilla/5.0 (X11; Linux x86_64) AppleWebKit/537.36 (KHTML, like Gecko)"
188.93.56.124 - - [10/Dec/2018:16:56:16 +0700] "GET /tracking.gif?email=jliab%40mail.ru&mailing=191 HTTP/1.0" 200 197 "-" "Mozilla/5.0 (X11; Linux x86_64) AppleWebKit/537.36 (KHTML, like Gecko)"
188.93.56.121 - - [10/Dec/2018:17:01:46 +0700] "GET /tracking.gif?email=azuromsk%40mail.ru&mailing=191 HTTP/1.0" 200 197 "-" "Mozilla/5.0 (X11; Linux x86_64) AppleWebKit/537.36 (KHTML, like Gecko)"
188.93.56.124 - - [10/Dec/2018:17:03:27 +0700] "GET /tracking.gif?email=photografer98%40mail.ru&mailing=206 HTTP/1.0" 200 197 "-" "Mozilla/5.0 (X11; Linux x86_64) AppleWebKit/537.36 (KHTML, like Gecko)"
188.93.56.125 - - [10/Dec/2018:17:11:16 +0700] "GET /tracking.gif?email=artiem.biespalov%40mail.ru&mailing=170 HTTP/1.0" 200 197 "-" "Mozilla/5.0 (X11; Linux x86_64) AppleWebKit/537.36 (KHTML, like Gecko)"
146.120.56.36 - - [10/Dec/2018:17:15:40 +0700] "GET /tracking.gif?email=anya-vereshchak%40yandex.ru&mailing=193 HTTP/1.0" 200 197 "-" "Mozilla/5.0 (Macintosh; Intel Mac OS X 10_13_6) AppleWebKit/605.1.15 (KHTML, like Gecko)"
188.93.56.122 - - [10/Dec/2018:17:15:50 +0700] "GET /tracking.gif?email=lyubsa.88%40mail.ru&mailing=191 HTTP/1.0" 200 197 "-" "Mozilla/5.0 (X11; Linux x86_64) AppleWebKit/537.36 (KHTML, like Gecko)"
188.93.56.124 - - [10/Dec/2018:17:22:36 +0700] "GET /tracking.gif?email=Andy_test_email%40mail.ru&mailing=206 HTTP/1.0" 200 197 "-" "Mozilla/5.0 (X11; Linux x86_64) AppleWebKit/537.36 (KHTML, like Gecko)"
188.162.86.138 - - [10/Dec/2018:17:24:14 +0700] "GET /tracking.gif?email=ler95nov%40mail.ru&mailing=191 HTTP/1.0" 200 197 "-" "Mozilla/5.0 (iPhone; CPU iPhone OS 12_1 like Mac OS X) AppleWebKit/605.1.15 (KHTML, like Gecko) Mobile/16B92"
176.62.84.27 - - [10/Dec/2018:17:25:34 +0700] "GET /tracking.gif?email=katy18.03.86%40icloud.com&mailing=206 HTTP/1.0" 200 197 "-" "Mozilla/5.0 (iPhone; CPU iPhone OS 12_1 like Mac OS X) AppleWebKit/605.1.15 (KHTML, like Gecko) Mobile/16B92"
188.93.56.127 - - [10/Dec/2018:17:26:54 +0700] "GET /tracking.gif?email=maik86%40mail.ru&mailing=206 HTTP/1.0" 200 197 "-" "Mozilla/5.0 (X11; Linux x86_64) AppleWebKit/537.36 (KHTML, like Gecko)"
188.93.56.124 - - [10/Dec/2018:17:27:45 +0700] "GET /tracking.gif?email=Piton_7%40bk.ru&mailing=193 HTTP/1.0" 200 197 "-" "Mozilla/5.0 (X11; Linux x86_64) AppleWebKit/537.36 (KHTML, like Gecko)"
188.93.56.129 - - [10/Dec/2018:17:28:18 +0700] "GET /tracking.gif?email=Olga_kravchenco%40bk.ru&mailing=193 HTTP/1.0" 200 197 "-" "Mozilla/5.0 (X11; Linux x86_64) AppleWebKit/537.36 (KHTML, like Gecko)"
188.93.56.129 - - [10/Dec/2018:17:29:22 +0700] "GET /tracking.gif?email=olgamenvl%40mail.ru&mailing=206 HTTP/1.0" 200 197 "-" "Mozilla/5.0 (X11; Linux x86_64) AppleWebKit/537.36 (KHTML, like Gecko)"
188.93.56.123 - - [10/Dec/2018:17:30:03 +0700] "GET /tracking.gif?email=s_sysov%40mail.ru&mailing=206 HTTP/1.0" 200 197 "-" "Mozilla/5.0 (X11; Linux x86_64) AppleWebKit/537.36 (KHTML, like Gecko)"
188.93.56.128 - - [10/Dec/2018:17:35:56 +0700] "GET /tracking.gif?email=vitek_up%40mail.ru&mailing=206 HTTP/1.0" 200 197 "-" "Mozilla/5.0 (X11; Linux x86_64) AppleWebKit/537.36 (KHTML, like Gecko)"
188.93.56.124 - - [10/Dec/2018:17:40:09 +0700] "GET /tracking.gif?email=irina070.ru%40mail.ru&mailing=191 HTTP/1.0" 200 197 "-" "Mozilla/5.0 (X11; Linux x86_64) AppleWebKit/537.36 (KHTML, like Gecko)"
188.93.56.130 - - [10/Dec/2018:17:43:15 +0700] "GET /tracking.gif?email=leontyeva_alina%40mail.ru&mailing=191 HTTP/1.0" 200 197 "-" "Mozilla/5.0 (X11; Linux x86_64) AppleWebKit/537.36 (KHTML, like Gecko)"
188.93.56.125 - - [10/Dec/2018:17:47:49 +0700] "GET /tracking.gif?email=olegkudr%40bk.ru&mailing=191 HTTP/1.0" 200 197 "-" "Mozilla/5.0 (X11; Linux x86_64) AppleWebKit/537.36 (KHTML, like Gecko)"
188.93.56.122 - - [10/Dec/2018:17:48:22 +0700] "GET /tracking.gif?email=alekscergei13%40mail.ru&mailing=206 HTTP/1.0" 200 197 "-" "Mozilla/5.0 (X11; Linux x86_64) AppleWebKit/537.36 (KHTML, like Gecko)"
81.19.78.161 - - [10/Dec/2018:17:56:46 +0700] "GET /tracking.gif?email=cloud_t%40rambler.ru&mailing=191 HTTP/1.0" 200 197 "https://mail.rambler.ru/?utm_source=head&utm_campaign=self_promo&utm_medium=topline&utm_content=mail" "RamblerMail/6.0 (incompatible; ImageProxy/6.0)"
188.93.56.125 - - [10/Dec/2018:17:57:14 +0700] "GET /tracking.gif?email=lebedev.jenek%40mail.ru&mailing=206 HTTP/1.0" 200 197 "-" "Mozilla/5.0 (X11; Linux x86_64) AppleWebKit/537.36 (KHTML, like Gecko)"
188.93.56.125 - - [10/Dec/2018:18:01:32 +0700] "GET /tracking.gif?email=omskxanavi%40mail.ru&mailing=191 HTTP/1.0" 200 197 "-" "Mozilla/5.0 (X11; Linux x86_64) AppleWebKit/537.36 (KHTML, like Gecko)"
188.93.56.125 - - [10/Dec/2018:18:01:39 +0700] "GET /tracking.gif?email=omskxanavi%40mail.ru&mailing=191 HTTP/1.0" 200 197 "-" "Mozilla/5.0 (X11; Linux x86_64) AppleWebKit/537.36 (KHTML, like Gecko)"
213.180.215.164 - - [10/Dec/2018:18:04:26 +0700] "GET /tracking.gif?email=shyvakin3.1%40yandex.ru&mailing=206 HTTP/1.0" 200 197 "-" "Mozilla/5.0 (compatible; YandexImageResizer/2.0; +http://yandex.com/bots)"
188.93.56.130 - - [10/Dec/2018:18:06:04 +0700] "GET /tracking.gif?email=lfitymrf09%40mail.ru&mailing=206 HTTP/1.0" 200 197 "-" "Mozilla/5.0 (X11; Linux x86_64) AppleWebKit/537.36 (KHTML, like Gecko)"
37.9.102.239 - - [10/Dec/2018:18:06:10 +0700] "GET /tracking.gif?email=persh151%40yandex.ru&mailing=191 HTTP/1.0" 200 197 "-" "Mozilla/5.0 (compatible; YandexImageResizer/2.0; +http://yandex.com/bots)"
188.93.56.129 - - [10/Dec/2018:18:08:27 +0700] "GET /tracking.gif?email=yana21_06%40mail.ru&mailing=206 HTTP/1.0" 200 197 "-" "Mozilla/5.0 (X11; Linux x86_64) AppleWebKit/537.36 (KHTML, like Gecko)"
94.137.44.252 - - [10/Dec/2018:18:11:03 +0700] "GET /tracking.gif?email=Tublad92%40gmail.com&mailing=206 HTTP/1.0" 200 197 "-" "Mozilla/5.0 (iPhone; CPU iPhone OS 12_1 like Mac OS X) AppleWebKit/605.1.15 (KHTML, like Gecko) Mobile/16B92"
188.93.56.121 - - [10/Dec/2018:18:12:39 +0700] "GET /tracking.gif?email=oms_dest%40mail.ru&mailing=191 HTTP/1.0" 200 197 "-" "Mozilla/5.0 (X11; Linux x86_64) AppleWebKit/537.36 (KHTML, like Gecko)"
188.93.56.128 - - [10/Dec/2018:18:17:30 +0700] "GET /tracking.gif?email=treshenka%40mail.ru&mailing=206 HTTP/1.0" 200 197 "-" "Mozilla/5.0 (X11; Linux x86_64) AppleWebKit/537.36 (KHTML, like Gecko)"
188.93.56.127 - - [10/Dec/2018:18:21:17 +0700] "GET /tracking.gif?email=texxx.92%40mail.ru&mailing=206 HTTP/1.0" 200 197 "-" "Mozilla/5.0 (X11; Linux x86_64) AppleWebKit/537.36 (KHTML, like Gecko)"
93.158.130.178 - - [10/Dec/2018:18:21:53 +0700] "GET /tracking.gif?email=anas-kan%40yandex.ru&mailing=206 HTTP/1.0" 200 197 "-" "Mozilla/5.0 (compatible; YandexImageResizer/2.0; +http://yandex.com/bots)"
188.93.56.125 - - [10/Dec/2018:18:24:13 +0700] "GET /tracking.gif?email=A.n.o.n.i.m.xxx%40mail.ru&mailing=206 HTTP/1.0" 200 197 "-" "Mozilla/5.0 (X11; Linux x86_64) AppleWebKit/537.36 (KHTML, like Gecko)"
213.87.224.15 - - [10/Dec/2018:18:26:44 +0700] "GET /tracking.gif?email=sergei_roon%40mail.ru&mailing=206 HTTP/1.0" 200 197 "-" "Mozilla/5.0 (iPhone; CPU iPhone OS 12_1 like Mac OS X) AppleWebKit/605.1.15 (KHTML, like Gecko) Mobile/16B92"
213.87.123.158 - - [10/Dec/2018:18:32:16 +0700] "GET /tracking.gif?email=Polisha010%40mail.ru&mailing=206 HTTP/1.0" 200 197 "-" "Mozilla/5.0 (iPhone; CPU iPhone OS 10_2 like Mac OS X) AppleWebKit/602.3.12 (KHTML, like Gecko) Mobile/14C92"
217.118.79.37 - - [10/Dec/2018:18:36:56 +0700] "GET /tracking.gif?email=vlada-sviridova-92%40mail.ru&mailing=206 HTTP/1.0" 200 197 "-" "Mozilla/5.0 (iPhone; CPU iPhone OS 12_1 like Mac OS X) AppleWebKit/605.1.15 (KHTML, like Gecko) Mobile/16B92"
188.93.56.125 - - [10/Dec/2018:18:37:48 +0700] "GET /tracking.gif?email=naum_2004%40mail.ru&mailing=191 HTTP/1.0" 200 197 "-" "Mozilla/5.0 (X11; Linux x86_64) AppleWebKit/537.36 (KHTML, like Gecko)"
188.232.220.62 - - [10/Dec/2018:18:41:15 +0700] "GET /tracking.gif?email=um11%40mail.ru&mailing=206 HTTP/1.0" 200 197 "-" "Mozilla/5.0 (Linux; Android 7.1.2; Redmi 5A Build/N2G47H; wv) AppleWebKit/537.36 (KHTML, like Gecko) Version/4.0 Chrome/71.0.3578.83 Mobile Safari/537.36"
5.255.241.234 - - [10/Dec/2018:18:41:20 +0700] "GET /tracking.gif?email=lunnov.leonid2018%40yandex.ru&mailing=193 HTTP/1.0" 200 197 "-" "Mozilla/5.0 (compatible; YandexImageResizer/2.0; +http://yandex.com/bots)"
188.93.56.121 - - [10/Dec/2018:18:41:27 +0700] "GET /tracking.gif?email=zeka_devil%40mail.ru&mailing=191 HTTP/1.0" 200 197 "-" "Mozilla/5.0 (X11; Linux x86_64) AppleWebKit/537.36 (KHTML, like Gecko)"
188.93.56.130 - - [10/Dec/2018:18:42:16 +0700] "GET /tracking.gif?email=t.k.totskaya%40mail.ru&mailing=206 HTTP/1.0" 200 197 "-" "Mozilla/5.0 (X11; Linux x86_64) AppleWebKit/537.36 (KHTML, like Gecko)"
188.93.56.122 - - [10/Dec/2018:18:44:02 +0700] "GET /tracking.gif?email=nikolay-bashko%40bk.ru&mailing=191 HTTP/1.0" 200 197 "-" "Mozilla/5.0 (X11; Linux x86_64) AppleWebKit/537.36 (KHTML, like Gecko)"
66.102.9.17 - - [10/Dec/2018:18:51:58 +0700] "GET /tracking.gif?email=vova1997l%40gmail.com&mailing=193 HTTP/1.0" 200 197 "-" "Mozilla/5.0 (Windows NT 5.1; rv:11.0) Gecko Firefox/11.0 (via ggpht.com GoogleImageProxy)"
188.93.56.122 - - [10/Dec/2018:18:55:02 +0700] "GET /tracking.gif?email=maksim_yakovina%40mail.ru&mailing=206 HTTP/1.0" 200 197 "-" "Mozilla/5.0 (X11; Linux x86_64) AppleWebKit/537.36 (KHTML, like Gecko)"
188.93.56.126 - - [10/Dec/2018:18:56:45 +0700] "GET /tracking.gif?email=DIVON%40bk.ru&mailing=191 HTTP/1.0" 200 197 "-" "Mozilla/5.0 (X11; Linux x86_64) AppleWebKit/537.36 (KHTML, like Gecko)"
188.93.56.126 - - [10/Dec/2018:18:58:00 +0700] "GET /tracking.gif?email=oly3111%40mail.ru&mailing=206 HTTP/1.0" 200 197 "-" "Mozilla/5.0 (X11; Linux x86_64) AppleWebKit/537.36 (KHTML, like Gecko)"
188.93.56.122 - - [10/Dec/2018:18:58:04 +0700] "GET /tracking.gif?email=viktorfokin%40mail.ru&mailing=191 HTTP/1.0" 200 197 "-" "Mozilla/5.0 (X11; Linux x86_64) AppleWebKit/537.36 (KHTML, like Gecko)"
188.162.86.11 - - [10/Dec/2018:19:00:42 +0700] "GET /tracking.gif?email=aziza.anesheva%40mail.ru&mailing=191 HTTP/1.0" 200 197 "-" "Mozilla/5.0 (iPhone; CPU iPhone OS 12_0 like Mac OS X) AppleWebKit/605.1.15 (KHTML, like Gecko) Mobile/16A366"
188.93.56.130 - - [10/Dec/2018:19:02:56 +0700] "GET /tracking.gif?email=tatvamasi%40mail.ru&mailing=206 HTTP/1.0" 200 197 "-" "Mozilla/5.0 (X11; Linux x86_64) AppleWebKit/537.36 (KHTML, like Gecko)"
188.93.56.130 - - [10/Dec/2018:19:03:24 +0700] "GET /tracking.gif?email=yemonakova%40mail.ru&mailing=206 HTTP/1.0" 200 197 "-" "Mozilla/5.0 (X11; Linux x86_64) AppleWebKit/537.36 (KHTML, like Gecko)"
188.93.56.122 - - [10/Dec/2018:19:06:33 +0700] "GET /tracking.gif?email=ket2037%40mail.ru&mailing=191 HTTP/1.0" 200 197 "-" "Mozilla/5.0 (X11; Linux x86_64) AppleWebKit/537.36 (KHTML, like Gecko)"
188.93.56.129 - - [10/Dec/2018:19:11:05 +0700] "GET /tracking.gif?email=vadim_bva%40mail.ru&mailing=191 HTTP/1.0" 200 197 "-" "Mozilla/5.0 (X11; Linux x86_64) AppleWebKit/537.36 (KHTML, like Gecko)"
5.255.241.249 - - [10/Dec/2018:19:12:19 +0700] "GET /tracking.gif?email=alb.islamgaliev%40yandex.ru&mailing=193 HTTP/1.0" 200 197 "-" "Mozilla/5.0 (compatible; YandexImageResizer/2.0; +http://yandex.com/bots)"
188.93.56.121 - - [10/Dec/2018:19:24:13 +0700] "GET /tracking.gif?email=skinner001%40mail.ru&mailing=191 HTTP/1.0" 200 197 "-" "Mozilla/5.0 (X11; Linux x86_64) AppleWebKit/537.36 (KHTML, like Gecko)"
188.93.56.122 - - [10/Dec/2018:19:24:45 +0700] "GET /tracking.gif?email=opariy.a.v%40mail.ru&mailing=191 HTTP/1.0" 200 197 "-" "Mozilla/5.0 (X11; Linux x86_64) AppleWebKit/537.36 (KHTML, like Gecko)"
188.93.56.128 - - [10/Dec/2018:19:29:53 +0700] "GET /tracking.gif?email=lizka.sosiska2000%40mail.ru&mailing=132 HTTP/1.0" 200 197 "-" "Mozilla/5.0 (X11; Linux x86_64) AppleWebKit/537.36 (KHTML, like Gecko)"
188.93.56.124 - - [10/Dec/2018:19:37:19 +0700] "GET /tracking.gif?email=ksyu.maksimova.2013%40mail.ru&mailing=191 HTTP/1.0" 200 197 "-" "Mozilla/5.0 (X11; Linux x86_64) AppleWebKit/537.36 (KHTML, like Gecko)"
188.93.56.124 - - [10/Dec/2018:19:38:32 +0700] "GET /tracking.gif?email=Sarina97%40bk.ru&mailing=132 HTTP/1.0" 200 197 "-" "Mozilla/5.0 (X11; Linux x86_64) AppleWebKit/537.36 (KHTML, like Gecko)"
81.19.78.161 - - [10/Dec/2018:19:41:10 +0700] "GET /tracking.gif?email=83_5359zn001%40rambler.ru&mailing=206 HTTP/1.0" 200 197 "http://mail.rambler.ru/" "RamblerMail/6.0 (incompatible; ImageProxy/6.0)"
188.93.56.126 - - [10/Dec/2018:19:48:57 +0700] "GET /tracking.gif?email=Randovtseva94%40mail.ru&mailing=206 HTTP/1.0" 200 197 "-" "Mozilla/5.0 (X11; Linux x86_64) AppleWebKit/537.36 (KHTML, like Gecko)"
188.93.56.126 - - [10/Dec/2018:19:52:43 +0700] "GET /tracking.gif?email=Ugolek_surgut%40mail.ru&mailing=192 HTTP/1.0" 200 197 "-" "Mozilla/5.0 (X11; Linux x86_64) AppleWebKit/537.36 (KHTML, like Gecko)"
188.93.56.123 - - [10/Dec/2018:19:58:13 +0700] "GET /tracking.gif?email=masaynay-994%40mail.ru&mailing=206 HTTP/1.0" 200 197 "-" "Mozilla/5.0 (X11; Linux x86_64) AppleWebKit/537.36 (KHTML, like Gecko)"
188.93.56.121 - - [10/Dec/2018:19:59:09 +0700] "GET /tracking.gif?email=tsiklauriag%40mail.ru&mailing=170 HTTP/1.0" 200 197 "-" "Mozilla/5.0 (X11; Linux x86_64) AppleWebKit/537.36 (KHTML, like Gecko)"
188.93.56.121 - - [10/Dec/2018:19:59:41 +0700] "GET /tracking.gif?email=chupa.val%40mail.ru&mailing=170 HTTP/1.0" 200 197 "-" "Mozilla/5.0 (X11; Linux x86_64) AppleWebKit/537.36 (KHTML, like Gecko)"
188.93.56.122 - - [10/Dec/2018:20:03:02 +0700] "GET /tracking.gif?email=leto-ms%40mail.ru&mailing=191 HTTP/1.0" 200 197 "-" "Mozilla/5.0 (X11; Linux x86_64) AppleWebKit/537.36 (KHTML, like Gecko)"
188.93.56.121 - - [10/Dec/2018:20:03:14 +0700] "GET /tracking.gif?email=taxo_98%40mail.ru&mailing=206 HTTP/1.0" 200 197 "-" "Mozilla/5.0 (X11; Linux x86_64) AppleWebKit/537.36 (KHTML, like Gecko)"
188.93.56.122 - - [10/Dec/2018:20:06:13 +0700] "GET /tracking.gif?email=tanya.kirgintseva%40mail.ru&mailing=206 HTTP/1.0" 200 197 "-" "Mozilla/5.0 (X11; Linux x86_64) AppleWebKit/537.36 (KHTML, like Gecko)"
77.88.11.244 - - [10/Dec/2018:20:07:41 +0700] "GET /tracking.gif?email=pks.tomsk%40yandex.ru&mailing=102 HTTP/1.0" 200 197 "-" "Mozilla/5.0 (compatible; YandexImageResizer/2.0; +http://yandex.com/bots)"
77.88.11.244 - - [10/Dec/2018:20:07:45 +0700] "GET /tracking.gif?email=pks.tomsk%40yandex.ru&mailing=132 HTTP/1.0" 200 197 "-" "Mozilla/5.0 (compatible; YandexImageResizer/2.0; +http://yandex.com/bots)"
77.88.11.244 - - [10/Dec/2018:20:07:48 +0700] "GET /tracking.gif?email=pks.tomsk%40yandex.ru&mailing=170 HTTP/1.0" 200 197 "-" "Mozilla/5.0 (compatible; YandexImageResizer/2.0; +http://yandex.com/bots)"
188.162.86.11 - - [10/Dec/2018:20:08:04 +0700] "GET /tracking.gif?email=aziza.anesheva%40mail.ru&mailing=191 HTTP/1.0" 200 197 "-" "Mozilla/5.0 (iPhone; CPU iPhone OS 12_0 like Mac OS X) AppleWebKit/605.1.15 (KHTML, like Gecko) Mobile/16A366"
188.93.56.126 - - [10/Dec/2018:20:09:37 +0700] "GET /tracking.gif?email=tutsi_n%40mail.ru&mailing=206 HTTP/1.0" 200 197 "-" "Mozilla/5.0 (X11; Linux x86_64) AppleWebKit/537.36 (KHTML, like Gecko)"
188.93.56.123 - - [10/Dec/2018:20:16:08 +0700] "GET /tracking.gif?email=pelevink8908%40mail.ru&mailing=191 HTTP/1.0" 200 197 "-" "Mozilla/5.0 (X11; Linux x86_64) AppleWebKit/537.36 (KHTML, like Gecko)"
188.93.56.125 - - [10/Dec/2018:20:16:36 +0700] "GET /tracking.gif?email=masterofbullet%40mail.ru&mailing=206 HTTP/1.0" 200 197 "-" "Mozilla/5.0 (X11; Linux x86_64) AppleWebKit/537.36 (KHTML, like Gecko)"
77.88.11.245 - - [10/Dec/2018:20:17:23 +0700] "GET /tracking.gif?email=garantyan%40yandex.ru&mailing=170 HTTP/1.0" 200 197 "-" "Mozilla/5.0 (compatible; YandexImageResizer/2.0; +http://yandex.com/bots)"
188.93.56.125 - - [10/Dec/2018:20:18:27 +0700] "GET /tracking.gif?email=Seljun%40mail.ru&mailing=206 HTTP/1.0" 200 197 "-" "Mozilla/5.0 (X11; Linux x86_64) AppleWebKit/537.36 (KHTML, like Gecko)"
188.93.56.125 - - [10/Dec/2018:20:18:41 +0700] "GET /tracking.gif?email=Seljun%40mail.ru&mailing=206 HTTP/1.0" 200 197 "-" "Mozilla/5.0 (X11; Linux x86_64) AppleWebKit/537.36 (KHTML, like Gecko)"
176.59.45.212 - - [10/Dec/2018:20:20:34 +0700] "GET /tracking.gif?email=mariya_afanaseva%40mail.ru&mailing=191 HTTP/1.0" 200 197 "-" "Mozilla/5.0 (iPhone; CPU iPhone OS 12_1 like Mac OS X) AppleWebKit/605.1.15 (KHTML, like Gecko) Mobile/16B92"
188.93.56.128 - - [10/Dec/2018:20:22:57 +0700] "GET /tracking.gif?email=tonycandle%40mail.ru&mailing=206 HTTP/1.0" 200 197 "-" "Mozilla/5.0 (X11; Linux x86_64) AppleWebKit/537.36 (KHTML, like Gecko)"
188.93.56.122 - - [10/Dec/2018:20:25:09 +0700] "GET /tracking.gif?email=mamalida72%40mail.ru&mailing=206 HTTP/1.0" 200 197 "-" "Mozilla/5.0 (X11; Linux x86_64) AppleWebKit/537.36 (KHTML, like Gecko)"
5.255.241.231 - - [10/Dec/2018:20:26:12 +0700] "GET /tracking.gif?email=romelegioner%40yandex.ru&mailing=191 HTTP/1.0" 200 197 "-" "Mozilla/5.0 (compatible; YandexImageResizer/2.0; +http://yandex.com/bots)"
188.232.112.48 - - [10/Dec/2018:20:26:22 +0700] "GET /unsubscribe/?email=romelegioner%40yandex.ru&mailing=191 HTTP/1.0" 200 985 "-" "Mozilla/5.0 (Windows NT 6.1) AppleWebKit/537.36 (KHTML, like Gecko) Chrome/70.0.3538.110 Safari/537.36"
188.232.112.48 - - [10/Dec/2018:20:26:23 +0700] "GET /img/popcorn.svg HTTP/1.0" 200 1187 "http://mailing.etobilet.ru/css/main.css" "Mozilla/5.0 (Windows NT 6.1) AppleWebKit/537.36 (KHTML, like Gecko) Chrome/70.0.3538.110 Safari/537.36"
188.232.112.48 - - [10/Dec/2018:20:26:24 +0700] "GET /unsubscribe/?email=romelegioner%40yandex.ru&mailing=191&confirmed=1 HTTP/1.0" 200 744 "http://mailing.etobilet.ru/unsubscribe/?email=romelegioner%40yandex.ru&mailing=191" "Mozilla/5.0 (Windows NT 6.1) AppleWebKit/537.36 (KHTML, like Gecko) Chrome/70.0.3538.110 Safari/537.36"
188.93.56.125 - - [10/Dec/2018:20:26:49 +0700] "GET /tracking.gif?email=kinsfatork%40mail.ru&mailing=206 HTTP/1.0" 200 197 "-" "Mozilla/5.0 (X11; Linux x86_64) AppleWebKit/537.36 (KHTML, like Gecko)"
5.255.241.233 - - [10/Dec/2018:20:26:55 +0700] "GET /tracking.gif?email=TROKUNOV1982%40yandex.ru&mailing=191 HTTP/1.0" 200 197 "-" "Mozilla/5.0 (compatible; YandexImageResizer/2.0; +http://yandex.com/bots)"
66.102.9.17 - - [10/Dec/2018:20:30:14 +0700] "GET /tracking.gif?email=konuskov92%40gmail.com&mailing=191 HTTP/1.0" 200 197 "-" "Mozilla/5.0 (Windows NT 5.1; rv:11.0) Gecko Firefox/11.0 (via ggpht.com GoogleImageProxy)"
95.189.239.153 - - [10/Dec/2018:20:32:46 +0700] "GET /tracking.gif?email=bumber70%40icloud.com&mailing=206 HTTP/1.0" 200 197 "-" "Mozilla/5.0 (iPad; CPU OS 12_1 like Mac OS X) AppleWebKit/605.1.15 (KHTML, like Gecko) Mobile/16B92"
188.93.56.125 - - [10/Dec/2018:20:33:23 +0700] "GET /tracking.gif?email=sova146%40mail.ru&mailing=206 HTTP/1.0" 200 197 "-" "Mozilla/5.0 (X11; Linux x86_64) AppleWebKit/537.36 (KHTML, like Gecko)"
188.93.56.124 - - [10/Dec/2018:20:35:41 +0700] "GET /tracking.gif?email=k-car.omsk%40mail.ru&mailing=206 HTTP/1.0" 200 197 "-" "Mozilla/5.0 (X11; Linux x86_64) AppleWebKit/537.36 (KHTML, like Gecko)"
188.93.56.129 - - [10/Dec/2018:20:42:54 +0700] "GET /tracking.gif?email=Uguklia%40mail.ru&mailing=206 HTTP/1.0" 200 197 "-" "Mozilla/5.0 (X11; Linux x86_64) AppleWebKit/537.36 (KHTML, like Gecko)"
188.93.56.128 - - [10/Dec/2018:20:46:07 +0700] "GET /tracking.gif?email=komp.80%40mail.ru&mailing=191 HTTP/1.0" 200 197 "-" "Mozilla/5.0 (X11; Linux x86_64) AppleWebKit/537.36 (KHTML, like Gecko)"
66.102.9.17 - - [10/Dec/2018:20:50:38 +0700] "GET /tracking.gif?email=Sneedjik%40gmail.com&mailing=206 HTTP/1.0" 200 197 "-" "Mozilla/5.0 (Windows NT 5.1; rv:11.0) Gecko Firefox/11.0 (via ggpht.com GoogleImageProxy)"
188.93.56.123 - - [10/Dec/2018:20:53:35 +0700] "GET /tracking.gif?email=flvn%40mail.ru&mailing=206 HTTP/1.0" 200 197 "-" "Mozilla/5.0 (X11; Linux x86_64) AppleWebKit/537.36 (KHTML, like Gecko)"
37.9.102.239 - - [10/Dec/2018:20:58:20 +0700] "GET /tracking.gif?email=shatun62%40yandex.ru&mailing=193 HTTP/1.0" 200 197 "-" "Mozilla/5.0 (compatible; YandexImageResizer/2.0; +http://yandex.com/bots)"
188.93.56.126 - - [10/Dec/2018:21:03:33 +0700] "GET /tracking.gif?email=kri1806%40mail.ru&mailing=206 HTTP/1.0" 200 197 "-" "Mozilla/5.0 (X11; Linux x86_64) AppleWebKit/537.36 (KHTML, like Gecko)"
188.93.56.128 - - [10/Dec/2018:21:06:37 +0700] "GET /tracking.gif?email=viktor.alek%40mail.ru&mailing=191 HTTP/1.0" 200 197 "-" "Mozilla/5.0 (X11; Linux x86_64) AppleWebKit/537.36 (KHTML, like Gecko)"
66.102.9.20 - - [10/Dec/2018:21:08:44 +0700] "GET /tracking.gif?email=Slaptevw%40gmail.com&mailing=191 HTTP/1.0" 200 197 "-" "Mozilla/5.0 (Windows NT 5.1; rv:11.0) Gecko Firefox/11.0 (via ggpht.com GoogleImageProxy)"
213.180.215.169 - - [10/Dec/2018:21:09:28 +0700] "GET /tracking.gif?email=a89139752066%40yandex.ru&mailing=206 HTTP/1.0" 200 197 "-" "Mozilla/5.0 (compatible; YandexImageResizer/2.0; +http://yandex.com/bots)"
188.93.56.127 - - [10/Dec/2018:21:15:56 +0700] "GET /tracking.gif?email=marinich.yulechka%40mail.ru&mailing=191 HTTP/1.0" 200 197 "-" "Mozilla/5.0 (X11; Linux x86_64) AppleWebKit/537.36 (KHTML, like Gecko)"
2.132.85.245 - - [10/Dec/2018:21:16:10 +0700] "GET /tracking.gif?email=valentina_nik08%40bk.ru&mailing=191 HTTP/1.0" 200 197 "-" "Mozilla/5.0 (Linux; Android 7.1.2; Redmi 4A Build/N2G47H; wv) AppleWebKit/537.36 (KHTML, like Gecko) Version/4.0 Chrome/71.0.3578.83 Mobile Safari/537.36"
