188.93.56.126 - - [25/Nov/2018:21:22:14 +0700] "GET /tracking.gif?email=vodservis72%40mail.ru&mailing=132 HTTP/1.0" 200 197 "-" "Mozilla/5.0 (X11; Linux x86_64) AppleWebKit/537.36 (KHTML, like Gecko)"
46.161.152.120 - - [25/Nov/2018:21:22:59 +0700] "GET /tracking.gif?email=fandeevain%40mail.ru&mailing=132 HTTP/1.0" 200 197 "-" "Mozilla/5.0 (Linux; Android 7.0; SM-A510F Build/NRD90M; wv) AppleWebKit/537.36 (KHTML, like Gecko) Version/4.0 Chrome/70.0.3538.80 Mobile Safari/537.36"
37.21.177.196 - - [25/Nov/2018:21:23:14 +0700] "GET /tracking.gif?email=remeev1992%40mail.ru&mailing=132 HTTP/1.0" 200 197 "-" "Mozilla/5.0 (Linux; Android 7.0; FRD-L09 Build/HUAWEIFRD-L09; wv) AppleWebKit/537.36 (KHTML, like Gecko) Version/4.0 Chrome/68.0.3440.91 Mobile Safari/537.36"
188.93.56.126 - - [25/Nov/2018:21:23:50 +0700] "GET /tracking.gif?email=Fnv191279%40mail.ru&mailing=132 HTTP/1.0" 200 197 "-" "Mozilla/5.0 (X11; Linux x86_64) AppleWebKit/537.36 (KHTML, like Gecko)"
5.136.104.246 - - [25/Nov/2018:21:24:16 +0700] "GET /tracking.gif?email=MIKhail.filimonenko%40mail.ru&mailing=132 HTTP/1.0" 200 197 "-" "Mozilla/5.0 (iPhone; CPU iPhone OS 11_2_6 like Mac OS X) AppleWebKit/604.5.6 (KHTML, like Gecko) Mobile/15D100"
31.173.240.176 - - [25/Nov/2018:21:24:48 +0700] "GET /tracking.gif?email=margaret164%40mail.ru&mailing=132 HTTP/1.0" 200 197 "-" "Mozilla/5.0 (iPhone; CPU iPhone OS 12_1 like Mac OS X) AppleWebKit/605.1.15 (KHTML, like Gecko) Mobile/16B92"
188.93.56.130 - - [25/Nov/2018:21:24:52 +0700] "GET /tracking.gif?email=mitrofanova-la%40mail.ru&mailing=132 HTTP/1.0" 200 197 "-" "Mozilla/5.0 (X11; Linux x86_64) AppleWebKit/537.36 (KHTML, like Gecko)"
188.93.56.127 - - [25/Nov/2018:21:26:25 +0700] "GET /tracking.gif?email=kabluchko.yuliya%40mail.ru&mailing=132 HTTP/1.0" 200 197 "-" "Mozilla/5.0 (X11; Linux x86_64) AppleWebKit/537.36 (KHTML, like Gecko)"
213.180.215.160 - - [25/Nov/2018:21:27:16 +0700] "GET /tracking.gif?email=ertman.lena%40yandex.ru&mailing=124 HTTP/1.0" 200 197 "-" "Mozilla/5.0 (compatible; YandexImageResizer/2.0; +http://yandex.com/bots)"
188.93.56.128 - - [25/Nov/2018:21:28:09 +0700] "GET /tracking.gif?email=borovik_l%40mail.ru&mailing=132 HTTP/1.0" 200 197 "-" "Mozilla/5.0 (X11; Linux x86_64) AppleWebKit/537.36 (KHTML, like Gecko)"
188.93.56.125 - - [25/Nov/2018:21:28:45 +0700] "GET /tracking.gif?email=Valesheva.yuliya%40mail.ru&mailing=132 HTTP/1.0" 200 197 "-" "Mozilla/5.0 (X11; Linux x86_64) AppleWebKit/537.36 (KHTML, like Gecko)"
188.93.56.122 - - [25/Nov/2018:21:28:49 +0700] "GET /tracking.gif?email=potyltsina75%40mail.ru&mailing=132 HTTP/1.0" 200 197 "-" "Mozilla/5.0 (X11; Linux x86_64) AppleWebKit/537.36 (KHTML, like Gecko)"
188.93.56.122 - - [25/Nov/2018:21:29:24 +0700] "GET /tracking.gif?email=slaymer89%40mail.ru&mailing=132 HTTP/1.0" 200 197 "-" "Mozilla/5.0 (X11; Linux x86_64) AppleWebKit/537.36 (KHTML, like Gecko)"
188.93.56.130 - - [25/Nov/2018:21:31:43 +0700] "GET /tracking.gif?email=onurap%40mail.ru&mailing=132 HTTP/1.0" 200 197 "-" "Mozilla/5.0 (X11; Linux x86_64) AppleWebKit/537.36 (KHTML, like Gecko)"
188.93.56.128 - - [25/Nov/2018:21:32:15 +0700] "GET /tracking.gif?email=vostrikova.m%40mail.ru&mailing=132 HTTP/1.0" 200 197 "-" "Mozilla/5.0 (X11; Linux x86_64) AppleWebKit/537.36 (KHTML, like Gecko)"
213.87.225.208 - - [25/Nov/2018:21:32:30 +0700] "GET /tracking.gif?email=malex.2012%40yandex.ru&mailing=132 HTTP/1.0" 200 197 "-" "Mozilla/5.0 (iPhone; CPU iPhone OS 11_4_1 like Mac OS X) AppleWebKit/605.1.15 (KHTML, like Gecko) Mobile/15G77"
188.93.56.126 - - [25/Nov/2018:21:32:32 +0700] "GET /tracking.gif?email=Tutarkov72%40mail.ru&mailing=132 HTTP/1.0" 200 197 "-" "Mozilla/5.0 (X11; Linux x86_64) AppleWebKit/537.36 (KHTML, like Gecko)"
78.139.199.78 - - [25/Nov/2018:21:33:45 +0700] "GET /tracking.gif?email=hormet77%40mail.ru&mailing=132 HTTP/1.0" 200 197 "-" "Mozilla/5.0 (iPad; CPU OS 12_1 like Mac OS X) AppleWebKit/605.1.15 (KHTML, like Gecko) Mobile/16B92"
188.93.56.130 - - [25/Nov/2018:21:33:47 +0700] "GET /tracking.gif?email=kbukreeva%40mail.ru&mailing=132 HTTP/1.0" 200 197 "-" "Mozilla/5.0 (X11; Linux x86_64) AppleWebKit/537.36 (KHTML, like Gecko)"
188.93.56.125 - - [25/Nov/2018:21:34:22 +0700] "GET /tracking.gif?email=july1990%40mail.ru&mailing=132 HTTP/1.0" 200 197 "-" "Mozilla/5.0 (X11; Linux x86_64) AppleWebKit/537.36 (KHTML, like Gecko)"
213.59.139.212 - - [25/Nov/2018:21:34:36 +0700] "GET /tracking.gif?email=tanyusha_silantyeva%40mail.ru&mailing=132 HTTP/1.0" 200 197 "-" "Mozilla/5.0 (iPhone; CPU iPhone OS 12_1 like Mac OS X) AppleWebKit/605.1.15 (KHTML, like Gecko) Mobile/16B92"
188.93.56.122 - - [25/Nov/2018:21:34:44 +0700] "GET /tracking.gif?email=v.rudenko_1994%40mail.ru&mailing=132 HTTP/1.0" 200 197 "-" "Mozilla/5.0 (X11; Linux x86_64) AppleWebKit/537.36 (KHTML, like Gecko)"
188.93.56.125 - - [25/Nov/2018:21:35:08 +0700] "GET /tracking.gif?email=margarita.mitaenko%40mail.ru&mailing=132 HTTP/1.0" 200 197 "-" "Mozilla/5.0 (X11; Linux x86_64) AppleWebKit/537.36 (KHTML, like Gecko)"
188.93.56.126 - - [25/Nov/2018:21:35:12 +0700] "GET /tracking.gif?email=mr.snowroad%40mail.ru&mailing=132 HTTP/1.0" 200 197 "-" "Mozilla/5.0 (X11; Linux x86_64) AppleWebKit/537.36 (KHTML, like Gecko)"
188.93.56.122 - - [25/Nov/2018:21:35:31 +0700] "GET /tracking.gif?email=mr.ivleev%40mail.ru&mailing=132 HTTP/1.0" 200 197 "-" "Mozilla/5.0 (X11; Linux x86_64) AppleWebKit/537.36 (KHTML, like Gecko)"
188.93.56.130 - - [25/Nov/2018:21:35:40 +0700] "GET /tracking.gif?email=vvpetrov74%40mail.ru&mailing=132 HTTP/1.0" 200 197 "-" "Mozilla/5.0 (X11; Linux x86_64) AppleWebKit/537.36 (KHTML, like Gecko)"
188.93.56.125 - - [25/Nov/2018:21:36:16 +0700] "GET /tracking.gif?email=kirol74%40mail.ru&mailing=132 HTTP/1.0" 200 197 "-" "Mozilla/5.0 (X11; Linux x86_64) AppleWebKit/537.36 (KHTML, like Gecko)"
188.93.56.123 - - [25/Nov/2018:21:36:45 +0700] "GET /tracking.gif?email=k_r_2_9_%40mail.ru&mailing=132 HTTP/1.0" 200 197 "-" "Mozilla/5.0 (X11; Linux x86_64) AppleWebKit/537.36 (KHTML, like Gecko)"
188.93.56.125 - - [25/Nov/2018:21:37:31 +0700] "GET /tracking.gif?email=mr.crazyk%40mail.ru&mailing=132 HTTP/1.0" 200 197 "-" "Mozilla/5.0 (X11; Linux x86_64) AppleWebKit/537.36 (KHTML, like Gecko)"
188.93.56.127 - - [25/Nov/2018:21:38:17 +0700] "GET /tracking.gif?email=tgocman%40mail.ru&mailing=132 HTTP/1.0" 200 197 "-" "Mozilla/5.0 (X11; Linux x86_64) AppleWebKit/537.36 (KHTML, like Gecko)"
213.180.215.160 - - [25/Nov/2018:21:38:37 +0700] "GET /tracking.gif?email=lesovaya.el%40yandex.ru&mailing=132 HTTP/1.0" 200 197 "-" "Mozilla/5.0 (compatible; YandexImageResizer/2.0; +http://yandex.com/bots)"
188.93.56.129 - - [25/Nov/2018:21:39:13 +0700] "GET /tracking.gif?email=tom.alex%40mail.ru&mailing=132 HTTP/1.0" 200 197 "-" "Mozilla/5.0 (X11; Linux x86_64) AppleWebKit/537.36 (KHTML, like Gecko)"
188.93.56.125 - - [25/Nov/2018:21:40:10 +0700] "GET /tracking.gif?email=prestige_m78%40mail.ru&mailing=132 HTTP/1.0" 200 197 "-" "Mozilla/5.0 (X11; Linux x86_64) AppleWebKit/537.36 (KHTML, like Gecko)"
91.211.236.184 - - [25/Nov/2018:21:40:38 +0700] "GET /tracking.gif?email=k_viktori%40mail.ru&mailing=132 HTTP/1.0" 200 197 "-" "Mozilla/5.0 (iPhone; CPU iPhone OS 12_0_1 like Mac OS X) AppleWebKit/605.1.15 (KHTML, like Gecko) Mobile/16A404"
92.243.120.244 - - [25/Nov/2018:21:40:41 +0700] "GET /tracking.gif?email=pchselnikov-dv%40mail.ru&mailing=132 HTTP/1.0" 200 197 "-" "Mozilla/5.0 (iPhone; CPU iPhone OS 11_0_2 like Mac OS X) AppleWebKit/604.1.38 (KHTML, like Gecko) Mobile/15A421"
188.93.56.121 - - [25/Nov/2018:21:41:01 +0700] "GET /tracking.gif?email=rybka92%40mail.ru&mailing=132 HTTP/1.0" 200 197 "-" "Mozilla/5.0 (X11; Linux x86_64) AppleWebKit/537.36 (KHTML, like Gecko)"
188.93.56.130 - - [25/Nov/2018:21:41:15 +0700] "GET /tracking.gif?email=samojlov76%40mail.ru&mailing=132 HTTP/1.0" 200 197 "-" "Mozilla/5.0 (X11; Linux x86_64) AppleWebKit/537.36 (KHTML, like Gecko)"
109.124.1.176 - - [25/Nov/2018:21:41:18 +0700] "GET /tracking.gif?email=chuprikova_88%40mail.ru&mailing=132 HTTP/1.0" 200 197 "-" "Mozilla/5.0 (iPhone; CPU iPhone OS 12_1 like Mac OS X) AppleWebKit/605.1.15 (KHTML, like Gecko) Mobile/16B92"
188.93.56.125 - - [25/Nov/2018:21:41:56 +0700] "GET /tracking.gif?email=chistyk90%40mail.ru&mailing=132 HTTP/1.0" 200 197 "-" "Mozilla/5.0 (X11; Linux x86_64) AppleWebKit/537.36 (KHTML, like Gecko)"
188.93.56.127 - - [25/Nov/2018:21:42:12 +0700] "GET /tracking.gif?email=potyltsina75%40mail.ru&mailing=132 HTTP/1.0" 200 197 "-" "Mozilla/5.0 (X11; Linux x86_64) AppleWebKit/537.36 (KHTML, like Gecko)"
188.93.56.128 - - [25/Nov/2018:21:42:18 +0700] "GET /tracking.gif?email=zubrin%40inbox.ru&mailing=132 HTTP/1.0" 200 197 "-" "Mozilla/5.0 (X11; Linux x86_64) AppleWebKit/537.36 (KHTML, like Gecko)"
188.93.56.125 - - [25/Nov/2018:21:42:46 +0700] "GET /tracking.gif?email=iceeyes2007%40mail.ru&mailing=132 HTTP/1.0" 200 197 "-" "Mozilla/5.0 (X11; Linux x86_64) AppleWebKit/537.36 (KHTML, like Gecko)"
188.93.56.121 - - [25/Nov/2018:21:42:48 +0700] "GET /tracking.gif?email=ta_nik%40mail.ru&mailing=132 HTTP/1.0" 200 197 "-" "Mozilla/5.0 (X11; Linux x86_64) AppleWebKit/537.36 (KHTML, like Gecko)"
188.93.56.121 - - [25/Nov/2018:21:43:17 +0700] "GET /tracking.gif?email=soboslaimg%40mail.ru&mailing=132 HTTP/1.0" 200 197 "-" "Mozilla/5.0 (X11; Linux x86_64) AppleWebKit/537.36 (KHTML, like Gecko)"
188.93.56.122 - - [25/Nov/2018:21:43:56 +0700] "GET /tracking.gif?email=2002nastia%40mail.ru&mailing=132 HTTP/1.0" 200 197 "-" "Mozilla/5.0 (X11; Linux x86_64) AppleWebKit/537.36 (KHTML, like Gecko)"
188.93.56.123 - - [25/Nov/2018:21:44:08 +0700] "GET /tracking.gif?email=viryasov.k%40mail.ru&mailing=132 HTTP/1.0" 200 197 "-" "Mozilla/5.0 (X11; Linux x86_64) AppleWebKit/537.36 (KHTML, like Gecko)"
188.93.56.130 - - [25/Nov/2018:21:44:22 +0700] "GET /tracking.gif?email=Sinkina_l%40mail.ru&mailing=132 HTTP/1.0" 200 197 "-" "Mozilla/5.0 (X11; Linux x86_64) AppleWebKit/537.36 (KHTML, like Gecko)"
188.93.56.129 - - [25/Nov/2018:21:44:59 +0700] "GET /tracking.gif?email=boirgen%40mail.ru&mailing=132 HTTP/1.0" 200 197 "-" "Mozilla/5.0 (X11; Linux x86_64) AppleWebKit/537.36 (KHTML, like Gecko)"
188.93.56.128 - - [25/Nov/2018:21:45:16 +0700] "GET /tracking.gif?email=yuliya.ryapolova%40mail.ru&mailing=132 HTTP/1.0" 200 197 "-" "Mozilla/5.0 (X11; Linux x86_64) AppleWebKit/537.36 (KHTML, like Gecko)"
188.93.56.127 - - [25/Nov/2018:21:45:27 +0700] "GET /tracking.gif?email=natasha3275%40mail.ru&mailing=132 HTTP/1.0" 200 197 "-" "Mozilla/5.0 (X11; Linux x86_64) AppleWebKit/537.36 (KHTML, like Gecko)"
5.255.241.233 - - [25/Nov/2018:21:46:00 +0700] "GET /tracking.gif?email=breid%40yandex.ru&mailing=124 HTTP/1.0" 200 197 "-" "Mozilla/5.0 (compatible; YandexImageResizer/2.0; +http://yandex.com/bots)"
188.93.56.128 - - [25/Nov/2018:21:46:01 +0700] "GET /tracking.gif?email=psmorozov_tomsk%40mail.ru&mailing=132 HTTP/1.0" 200 197 "-" "Mozilla/5.0 (X11; Linux x86_64) AppleWebKit/537.36 (KHTML, like Gecko)"
188.93.56.128 - - [25/Nov/2018:21:46:13 +0700] "GET /tracking.gif?email=ssnitka%40mail.ru&mailing=132 HTTP/1.0" 200 197 "-" "Mozilla/5.0 (X11; Linux x86_64) AppleWebKit/537.36 (KHTML, like Gecko)"
188.162.84.122 - - [25/Nov/2018:21:46:39 +0700] "GET /tracking.gif?email=Vasya_Shashkov%40mail.ru&mailing=132 HTTP/1.0" 200 197 "-" "Mozilla/5.0 (Linux; Android 8.0.0; F8132 Build/41.3.A.2.149; wv) AppleWebKit/537.36 (KHTML, like Gecko) Version/4.0 Chrome/70.0.3538.80 Mobile Safari/537.36"
188.162.84.122 - - [25/Nov/2018:21:46:39 +0700] "GET /tracking.gif?email=Vasya_Shashkov%40mail.ru&mailing=132 HTTP/1.0" 200 197 "-" "Mozilla/5.0 (Linux; Android 8.0.0; F8132 Build/41.3.A.2.149; wv) AppleWebKit/537.36 (KHTML, like Gecko) Version/4.0 Chrome/70.0.3538.80 Mobile Safari/537.36"
188.162.84.122 - - [25/Nov/2018:21:46:41 +0700] "GET /tracking.gif?email=Vasya_Shashkov%40mail.ru&mailing=132 HTTP/1.0" 200 197 "-" "Mozilla/5.0 (Linux; Android 8.0.0; F8132 Build/41.3.A.2.149; wv) AppleWebKit/537.36 (KHTML, like Gecko) Version/4.0 Chrome/70.0.3538.80 Mobile Safari/537.36"
188.162.84.122 - - [25/Nov/2018:21:46:42 +0700] "GET /tracking.gif?email=Vasya_Shashkov%40mail.ru&mailing=132 HTTP/1.0" 200 197 "-" "Mozilla/5.0 (Linux; Android 8.0.0; F8132 Build/41.3.A.2.149; wv) AppleWebKit/537.36 (KHTML, like Gecko) Version/4.0 Chrome/70.0.3538.80 Mobile Safari/537.36"
188.162.84.122 - - [25/Nov/2018:21:46:42 +0700] "GET /tracking.gif?email=Vasya_Shashkov%40mail.ru&mailing=132 HTTP/1.0" 200 197 "-" "Mozilla/5.0 (Linux; Android 8.0.0; F8132 Build/41.3.A.2.149; wv) AppleWebKit/537.36 (KHTML, like Gecko) Version/4.0 Chrome/70.0.3538.80 Mobile Safari/537.36"
188.162.84.122 - - [25/Nov/2018:21:46:50 +0700] "GET /tracking.gif?email=Vasya_Shashkov%40mail.ru&mailing=132 HTTP/1.0" 200 197 "-" "Mozilla/5.0 (Linux; Android 8.0.0; F8132 Build/41.3.A.2.149; wv) AppleWebKit/537.36 (KHTML, like Gecko) Version/4.0 Chrome/70.0.3538.80 Mobile Safari/537.36"
188.93.56.130 - - [25/Nov/2018:21:48:09 +0700] "GET /tracking.gif?email=mozel_tomsk%40mail.ru&mailing=132 HTTP/1.0" 200 197 "-" "Mozilla/5.0 (X11; Linux x86_64) AppleWebKit/537.36 (KHTML, like Gecko)"
188.93.56.126 - - [25/Nov/2018:21:48:43 +0700] "GET /tracking.gif?email=gjkser%40mail.ru&mailing=132 HTTP/1.0" 200 197 "-" "Mozilla/5.0 (X11; Linux x86_64) AppleWebKit/537.36 (KHTML, like Gecko)"
188.93.56.125 - - [25/Nov/2018:21:49:10 +0700] "GET /tracking.gif?email=ta_nik%40mail.ru&mailing=132 HTTP/1.0" 200 197 "-" "Mozilla/5.0 (X11; Linux x86_64) AppleWebKit/537.36 (KHTML, like Gecko)"
188.93.56.130 - - [25/Nov/2018:21:49:27 +0700] "GET /tracking.gif?email=Maksshe%40mail.ru&mailing=132 HTTP/1.0" 200 197 "-" "Mozilla/5.0 (X11; Linux x86_64) AppleWebKit/537.36 (KHTML, like Gecko)"
188.93.56.126 - - [25/Nov/2018:21:49:50 +0700] "GET /tracking.gif?email=ankon_1982%40mail.ru&mailing=132 HTTP/1.0" 200 197 "-" "Mozilla/5.0 (X11; Linux x86_64) AppleWebKit/537.36 (KHTML, like Gecko)"
188.93.56.124 - - [25/Nov/2018:21:50:57 +0700] "GET /tracking.gif?email=kap_mymail%40mail.ru&mailing=132 HTTP/1.0" 200 197 "-" "Mozilla/5.0 (X11; Linux x86_64) AppleWebKit/537.36 (KHTML, like Gecko)"
188.93.56.126 - - [25/Nov/2018:21:51:19 +0700] "GET /tracking.gif?email=mr.aksenov.88%40mail.ru&mailing=132 HTTP/1.0" 200 197 "-" "Mozilla/5.0 (X11; Linux x86_64) AppleWebKit/537.36 (KHTML, like Gecko)"
66.102.9.14 - - [25/Nov/2018:21:51:31 +0700] "GET /tracking.gif?email=anastasia.07.1996%40gmail.com&mailing=102 HTTP/1.0" 200 197 "-" "Mozilla/5.0 (Windows NT 5.1; rv:11.0) Gecko Firefox/11.0 (via ggpht.com GoogleImageProxy)"
176.209.144.204 - - [25/Nov/2018:21:52:06 +0700] "GET /tracking.gif?email=Mln15%40mail.ru&mailing=132 HTTP/1.0" 200 197 "-" "Mozilla/5.0 (iPhone; CPU iPhone OS 12_1 like Mac OS X) AppleWebKit/605.1.15 (KHTML, like Gecko) Mobile/16B92"
188.93.56.130 - - [25/Nov/2018:21:52:19 +0700] "GET /tracking.gif?email=pavel.p77%40mail.ru&mailing=132 HTTP/1.0" 200 197 "-" "Mozilla/5.0 (X11; Linux x86_64) AppleWebKit/537.36 (KHTML, like Gecko)"
188.93.56.129 - - [25/Nov/2018:21:52:56 +0700] "GET /tracking.gif?email=4086415%40mail.ru&mailing=132 HTTP/1.0" 200 197 "-" "Mozilla/5.0 (X11; Linux x86_64) AppleWebKit/537.36 (KHTML, like Gecko)"
188.93.56.126 - - [25/Nov/2018:21:53:03 +0700] "GET /tracking.gif?email=vergaskinamasha%40mail.ru&mailing=132 HTTP/1.0" 200 197 "-" "Mozilla/5.0 (X11; Linux x86_64) AppleWebKit/537.36 (KHTML, like Gecko)"
95.174.203.91 - - [25/Nov/2018:21:53:13 +0700] "GET /tracking.gif?email=zhenay2008%40yandex.ru&mailing=132 HTTP/1.0" 200 197 "-" "Mozilla/5.0 (iPhone; CPU iPhone OS 12_1 like Mac OS X) AppleWebKit/605.1.15 (KHTML, like Gecko) Mobile/16B92"
31.173.242.230 - - [25/Nov/2018:21:53:42 +0700] "GET /tracking.gif?email=liliya.halikova.77%40mail.ru&mailing=132 HTTP/1.0" 200 197 "-" "Mozilla/5.0 (Linux; Android 7.0; JMM-L22 Build/HUAWEIJMM-L22; wv) AppleWebKit/537.36 (KHTML, like Gecko) Version/4.0 Chrome/69.0.3497.100 Mobile Safari/537.36"
188.93.56.125 - - [25/Nov/2018:21:53:50 +0700] "GET /tracking.gif?email=mexa-tomsk%40mail.ru&mailing=132 HTTP/1.0" 200 197 "-" "Mozilla/5.0 (X11; Linux x86_64) AppleWebKit/537.36 (KHTML, like Gecko)"
188.93.56.126 - - [25/Nov/2018:21:53:54 +0700] "GET /tracking.gif?email=vl.aleksenko%40mail.ru&mailing=132 HTTP/1.0" 200 197 "-" "Mozilla/5.0 (X11; Linux x86_64) AppleWebKit/537.36 (KHTML, like Gecko)"
62.68.130.26 - - [25/Nov/2018:21:54:01 +0700] "GET /tracking.gif?email=mva1970%40mail.ru&mailing=132 HTTP/1.0" 200 197 "-" "Mozilla/5.0 (iPhone; CPU iPhone OS 12_1 like Mac OS X) AppleWebKit/605.1.15 (KHTML, like Gecko) Mobile/16B92"
188.93.56.126 - - [25/Nov/2018:21:54:40 +0700] "GET /tracking.gif?email=bel-2208%40mail.ru&mailing=132 HTTP/1.0" 200 197 "-" "Mozilla/5.0 (X11; Linux x86_64) AppleWebKit/537.36 (KHTML, like Gecko)"
95.191.46.121 - - [25/Nov/2018:21:55:32 +0700] "GET /tracking.gif?email=artembeyger%40mail.ru&mailing=132 HTTP/1.0" 200 197 "-" "Mozilla/5.0 (Linux; Android 5.0.2; SM-G850F Build/LRX22G; wv) AppleWebKit/537.36 (KHTML, like Gecko) Version/4.0 Chrome/70.0.3538.80 Mobile Safari/537.36"
188.93.56.129 - - [25/Nov/2018:21:55:39 +0700] "GET /tracking.gif?email=serebryansk81%40mail.ru&mailing=132 HTTP/1.0" 200 197 "-" "Mozilla/5.0 (X11; Linux x86_64) AppleWebKit/537.36 (KHTML, like Gecko)"
188.93.56.129 - - [25/Nov/2018:21:55:50 +0700] "GET /tracking.gif?email=89138119759%40mail.ru&mailing=132 HTTP/1.0" 200 197 "-" "Mozilla/5.0 (X11; Linux x86_64) AppleWebKit/537.36 (KHTML, like Gecko)"
188.93.56.126 - - [25/Nov/2018:21:56:02 +0700] "GET /tracking.gif?email=miss.lening%40mail.ru&mailing=132 HTTP/1.0" 200 197 "-" "Mozilla/5.0 (X11; Linux x86_64) AppleWebKit/537.36 (KHTML, like Gecko)"
77.88.11.254 - - [25/Nov/2018:21:57:33 +0700] "GET /tracking.gif?email=daria.nikitenko%40yandex.ru&mailing=132 HTTP/1.0" 200 197 "-" "Mozilla/5.0 (compatible; YandexImageResizer/2.0; +http://yandex.com/bots)"
188.93.56.126 - - [25/Nov/2018:21:58:15 +0700] "GET /tracking.gif?email=eastwoodband%40mail.ru&mailing=132 HTTP/1.0" 200 197 "-" "Mozilla/5.0 (X11; Linux x86_64) AppleWebKit/537.36 (KHTML, like Gecko)"
188.93.56.126 - - [25/Nov/2018:21:58:33 +0700] "GET /tracking.gif?email=yulya_1997%40mail.ru&mailing=132 HTTP/1.0" 200 197 "-" "Mozilla/5.0 (X11; Linux x86_64) AppleWebKit/537.36 (KHTML, like Gecko)"
188.93.56.121 - - [25/Nov/2018:21:58:59 +0700] "GET /tracking.gif?email=izezyulina.ggf%40mail.ru&mailing=132 HTTP/1.0" 200 197 "-" "Mozilla/5.0 (X11; Linux x86_64) AppleWebKit/537.36 (KHTML, like Gecko)"
213.87.126.181 - - [25/Nov/2018:21:59:19 +0700] "GET /tracking.gif?email=Kluevaksenia%40mail.ru&mailing=132 HTTP/1.0" 200 197 "-" "Mozilla/5.0 (iPhone; CPU iPhone OS 12_1 like Mac OS X) AppleWebKit/605.1.15 (KHTML, like Gecko) Mobile/16B92"
188.93.56.124 - - [25/Nov/2018:21:59:35 +0700] "GET /tracking.gif?email=seg71%40mail.ru&mailing=132 HTTP/1.0" 200 197 "-" "Mozilla/5.0 (X11; Linux x86_64) AppleWebKit/537.36 (KHTML, like Gecko)"
31.211.47.93 - - [25/Nov/2018:22:00:21 +0700] "GET /tracking.gif?email=borisova.teddybear.alina%40yandex.ru&mailing=132 HTTP/1.0" 200 197 "-" "Mozilla/5.0 (iPhone; CPU iPhone OS 10_2 like Mac OS X) AppleWebKit/602.3.12 (KHTML, like Gecko) Mobile/14C92"
188.93.56.127 - - [25/Nov/2018:22:00:34 +0700] "GET /tracking.gif?email=PanovDV%40mail.ru&mailing=132 HTTP/1.0" 200 197 "-" "Mozilla/5.0 (X11; Linux x86_64) AppleWebKit/537.36 (KHTML, like Gecko)"
188.93.56.125 - - [25/Nov/2018:22:00:40 +0700] "GET /tracking.gif?email=starina0995%40mail.ru&mailing=132 HTTP/1.0" 200 197 "-" "Mozilla/5.0 (X11; Linux x86_64) AppleWebKit/537.36 (KHTML, like Gecko)"
212.46.218.248 - - [25/Nov/2018:22:01:09 +0700] "GET /tracking.gif?email=Irina.komissarova.97%40mail.ru&mailing=132 HTTP/1.0" 200 197 "-" "Mozilla/5.0 (iPhone; CPU iPhone OS 10_2 like Mac OS X) AppleWebKit/602.3.12 (KHTML, like Gecko) Mobile/14C92"
90.151.202.166 - - [25/Nov/2018:22:01:41 +0700] "GET /tracking.gif?email=kmgss%40yandex.ru&mailing=123 HTTP/1.0" 200 197 "-" "Mozilla/5.0 (iPad; CPU OS 9_3_5 like Mac OS X) AppleWebKit/601.1.46 (KHTML, like Gecko) Mobile/13G36"
188.93.56.122 - - [25/Nov/2018:22:01:57 +0700] "GET /tracking.gif?email=vodka2612%40mail.ru&mailing=132 HTTP/1.0" 200 197 "-" "Mozilla/5.0 (X11; Linux x86_64) AppleWebKit/537.36 (KHTML, like Gecko)"
90.151.202.166 - - [25/Nov/2018:22:02:32 +0700] "GET /tracking.gif?email=kmgss%40yandex.ru&mailing=123 HTTP/1.0" 200 197 "-" "Mozilla/5.0 (iPad; CPU OS 9_3_5 like Mac OS X) AppleWebKit/601.1.46 (KHTML, like Gecko) Mobile/13G36"
31.211.47.93 - - [25/Nov/2018:22:03:20 +0700] "GET /tracking.gif?email=borisova.teddybear.alina%40yandex.ru&mailing=132 HTTP/1.0" 200 197 "-" "Mozilla/5.0 (iPhone; CPU iPhone OS 10_2 like Mac OS X) AppleWebKit/602.3.12 (KHTML, like Gecko) Mobile/14C92"
5.255.241.238 - - [25/Nov/2018:22:03:34 +0700] "GET /tracking.gif?email=baikas%40yandex.ru&mailing=132 HTTP/1.0" 200 197 "-" "Mozilla/5.0 (compatible; YandexImageResizer/2.0; +http://yandex.com/bots)"
188.93.56.128 - - [25/Nov/2018:22:04:06 +0700] "GET /tracking.gif?email=man4ester78%40mail.ru&mailing=132 HTTP/1.0" 200 197 "-" "Mozilla/5.0 (X11; Linux x86_64) AppleWebKit/537.36 (KHTML, like Gecko)"
31.211.47.93 - - [25/Nov/2018:22:04:25 +0700] "GET /tracking.gif?email=borisova.teddybear.alina%40yandex.ru&mailing=132 HTTP/1.0" 200 197 "-" "Mozilla/5.0 (iPhone; CPU iPhone OS 10_2 like Mac OS X) AppleWebKit/602.3.12 (KHTML, like Gecko) Mobile/14C92"
188.93.56.124 - - [25/Nov/2018:22:04:28 +0700] "GET /tracking.gif?email=omletti%40mail.ru&mailing=132 HTTP/1.0" 200 197 "-" "Mozilla/5.0 (X11; Linux x86_64) AppleWebKit/537.36 (KHTML, like Gecko)"
37.21.142.176 - - [25/Nov/2018:22:05:23 +0700] "GET /tracking.gif?email=teplotanskaya%40mail.ru&mailing=132 HTTP/1.0" 200 197 "-" "Mozilla/5.0 (Linux; Android 5.1.1; SM-J320F Build/LMY47V; wv) AppleWebKit/537.36 (KHTML, like Gecko) Version/4.0 Chrome/60.0.3112.116 Mobile Safari/537.36"
188.93.56.129 - - [25/Nov/2018:22:06:12 +0700] "GET /tracking.gif?email=Vitor_20%40mail.ru&mailing=132 HTTP/1.0" 200 197 "-" "Mozilla/5.0 (X11; Linux x86_64) AppleWebKit/537.36 (KHTML, like Gecko)"
188.93.56.126 - - [25/Nov/2018:22:06:17 +0700] "GET /tracking.gif?email=tanyanikeeva%40mail.ru&mailing=132 HTTP/1.0" 200 197 "-" "Mozilla/5.0 (X11; Linux x86_64) AppleWebKit/537.36 (KHTML, like Gecko)"
5.255.241.227 - - [25/Nov/2018:22:06:32 +0700] "GET /tracking.gif?email=uligir%40yandex.ru&mailing=124 HTTP/1.0" 200 197 "-" "Mozilla/5.0 (compatible; YandexImageResizer/2.0; +http://yandex.com/bots)"
188.93.56.122 - - [25/Nov/2018:22:07:47 +0700] "GET /tracking.gif?email=pvv7807%40mail.ru&mailing=132 HTTP/1.0" 200 197 "-" "Mozilla/5.0 (X11; Linux x86_64) AppleWebKit/537.36 (KHTML, like Gecko)"
188.162.84.166 - - [25/Nov/2018:22:07:56 +0700] "GET /tracking.gif?email=rita.oblozhkova.98%40mail.ru&mailing=132 HTTP/1.0" 200 197 "-" "Mozilla/5.0 (iPhone; CPU iPhone OS 12_0 like Mac OS X) AppleWebKit/605.1.15 (KHTML, like Gecko) Mobile/16A366"
188.93.56.124 - - [25/Nov/2018:22:08:00 +0700] "GET /tracking.gif?email=apo_nomad%40mail.ru&mailing=132 HTTP/1.0" 200 197 "-" "Mozilla/5.0 (X11; Linux x86_64) AppleWebKit/537.36 (KHTML, like Gecko)"
188.93.56.129 - - [25/Nov/2018:22:08:11 +0700] "GET /tracking.gif?email=mix.orobtcov1988.ru%40mail.ru&mailing=132 HTTP/1.0" 200 197 "-" "Mozilla/5.0 (X11; Linux x86_64) AppleWebKit/537.36 (KHTML, like Gecko)"
79.136.129.72 - - [25/Nov/2018:22:08:11 +0700] "GET /tracking.gif?email=larchenko-yulya%40mail.ru&mailing=132 HTTP/1.0" 200 197 "-" "Mozilla/5.0 (iPhone; CPU iPhone OS 12_1 like Mac OS X) AppleWebKit/605.1.15 (KHTML, like Gecko) Mobile/16B92"
188.93.56.128 - - [25/Nov/2018:22:08:24 +0700] "GET /tracking.gif?email=olgaastafurovablond%40mail.ru&mailing=132 HTTP/1.0" 200 197 "-" "Mozilla/5.0 (X11; Linux x86_64) AppleWebKit/537.36 (KHTML, like Gecko)"
188.93.56.129 - - [25/Nov/2018:22:08:36 +0700] "GET /tracking.gif?email=Olga693%40mail.ru&mailing=132 HTTP/1.0" 200 197 "-" "Mozilla/5.0 (X11; Linux x86_64) AppleWebKit/537.36 (KHTML, like Gecko)"
188.93.56.129 - - [25/Nov/2018:22:09:44 +0700] "GET /tracking.gif?email=shkarina-ekaterina%40mail.ru&mailing=132 HTTP/1.0" 200 197 "-" "Mozilla/5.0 (X11; Linux x86_64) AppleWebKit/537.36 (KHTML, like Gecko)"
188.93.56.122 - - [25/Nov/2018:22:10:07 +0700] "GET /tracking.gif?email=mpp%40tom-ltd.ru&mailing=132 HTTP/1.0" 200 197 "-" "Mozilla/5.0 (X11; Linux x86_64) AppleWebKit/537.36 (KHTML, like Gecko)"
188.93.56.126 - - [25/Nov/2018:22:10:17 +0700] "GET /tracking.gif?email=elena.malyshka%40mail.ru&mailing=132 HTTP/1.0" 200 197 "-" "Mozilla/5.0 (X11; Linux x86_64) AppleWebKit/537.36 (KHTML, like Gecko)"
188.93.56.121 - - [25/Nov/2018:22:10:17 +0700] "GET /tracking.gif?email=mpp%40tom-ltd.ru&mailing=132 HTTP/1.0" 200 197 "-" "Mozilla/5.0 (X11; Linux x86_64) AppleWebKit/537.36 (KHTML, like Gecko)"
188.93.56.123 - - [25/Nov/2018:22:10:49 +0700] "GET /tracking.gif?email=skrimsany%40mail.ru&mailing=132 HTTP/1.0" 200 197 "-" "Mozilla/5.0 (X11; Linux x86_64) AppleWebKit/537.36 (KHTML, like Gecko)"
188.93.56.130 - - [25/Nov/2018:22:10:57 +0700] "GET /tracking.gif?email=alekseitomsk%40mail.ru&mailing=132 HTTP/1.0" 200 197 "-" "Mozilla/5.0 (X11; Linux x86_64) AppleWebKit/537.36 (KHTML, like Gecko)"
188.93.56.129 - - [25/Nov/2018:22:12:15 +0700] "GET /tracking.gif?email=tan_fed13%40mail.ru&mailing=132 HTTP/1.0" 200 197 "-" "Mozilla/5.0 (X11; Linux x86_64) AppleWebKit/537.36 (KHTML, like Gecko)"
46.161.152.201 - - [25/Nov/2018:22:12:21 +0700] "GET /tracking.gif?email=erlinekovavv%40mail.ru&mailing=132 HTTP/1.0" 200 197 "-" "Mozilla/5.0 (Linux; Android 8.0.0; WAS-LX1 Build/HUAWEIWAS-LX1; wv) AppleWebKit/537.36 (KHTML, like Gecko) Version/4.0 Chrome/70.0.3538.80 Mobile Safari/537.36"
91.211.236.184 - - [25/Nov/2018:22:12:41 +0700] "GET /tracking.gif?email=k_viktori%40mail.ru&mailing=132 HTTP/1.0" 200 197 "-" "Mozilla/5.0 (iPhone; CPU iPhone OS 12_0_1 like Mac OS X) AppleWebKit/605.1.15 (KHTML, like Gecko) Mobile/16A404"
188.93.56.121 - - [25/Nov/2018:22:13:02 +0700] "GET /tracking.gif?email=malashenko.82%40mail.ru&mailing=132 HTTP/1.0" 200 197 "-" "Mozilla/5.0 (X11; Linux x86_64) AppleWebKit/537.36 (KHTML, like Gecko)"
188.93.56.129 - - [25/Nov/2018:22:13:35 +0700] "GET /tracking.gif?email=safronova_a_m%40mail.ru&mailing=132 HTTP/1.0" 200 197 "-" "Mozilla/5.0 (X11; Linux x86_64) AppleWebKit/537.36 (KHTML, like Gecko)"
188.93.56.130 - - [25/Nov/2018:22:13:38 +0700] "GET /tracking.gif?email=tolstyirak%40mail.ru&mailing=132 HTTP/1.0" 200 197 "-" "Mozilla/5.0 (X11; Linux x86_64) AppleWebKit/537.36 (KHTML, like Gecko)"
188.93.56.130 - - [25/Nov/2018:22:13:40 +0700] "GET /tracking.gif?email=kseniamm%40mail.ru&mailing=132 HTTP/1.0" 200 197 "-" "Mozilla/5.0 (X11; Linux x86_64) AppleWebKit/537.36 (KHTML, like Gecko)"
188.93.56.123 - - [25/Nov/2018:22:14:13 +0700] "GET /tracking.gif?email=asmanova_nn79%40mail.ru&mailing=132 HTTP/1.0" 200 197 "-" "Mozilla/5.0 (X11; Linux x86_64) AppleWebKit/537.36 (KHTML, like Gecko)"
188.93.56.129 - - [25/Nov/2018:22:14:24 +0700] "GET /tracking.gif?email=Tnn181%40mail.ru&mailing=132 HTTP/1.0" 200 197 "-" "Mozilla/5.0 (X11; Linux x86_64) AppleWebKit/537.36 (KHTML, like Gecko)"
188.93.56.129 - - [25/Nov/2018:22:14:54 +0700] "GET /tracking.gif?email=4ylok_2705%40mail.ru&mailing=132 HTTP/1.0" 200 197 "-" "Mozilla/5.0 (X11; Linux x86_64) AppleWebKit/537.36 (KHTML, like Gecko)"
77.106.126.6 - - [25/Nov/2018:22:15:01 +0700] "GET /tracking.gif?email=Lysin2003%40mail.ru&mailing=132 HTTP/1.0" 200 197 "-" "Mozilla/5.0 (iPhone; CPU iPhone OS 12_1 like Mac OS X) AppleWebKit/605.1.15 (KHTML, like Gecko) Mobile/16B92"
188.93.56.127 - - [25/Nov/2018:22:15:04 +0700] "GET /tracking.gif?email=tatoshkin2004%40mail.ru&mailing=132 HTTP/1.0" 200 197 "-" "Mozilla/5.0 (X11; Linux x86_64) AppleWebKit/537.36 (KHTML, like Gecko)"
188.93.56.125 - - [25/Nov/2018:22:15:04 +0700] "GET /tracking.gif?email=kushakinder%40mail.ru&mailing=132 HTTP/1.0" 200 197 "-" "Mozilla/5.0 (X11; Linux x86_64) AppleWebKit/537.36 (KHTML, like Gecko)"
188.93.56.126 - - [25/Nov/2018:22:15:10 +0700] "GET /tracking.gif?email=panophobia16%40mail.ru&mailing=132 HTTP/1.0" 200 197 "-" "Mozilla/5.0 (X11; Linux x86_64) AppleWebKit/537.36 (KHTML, like Gecko)"
188.93.56.129 - - [25/Nov/2018:22:15:38 +0700] "GET /tracking.gif?email=piter1777%40mail.ru&mailing=132 HTTP/1.0" 200 197 "-" "Mozilla/5.0 (X11; Linux x86_64) AppleWebKit/537.36 (KHTML, like Gecko)"
188.93.56.125 - - [25/Nov/2018:22:15:41 +0700] "GET /tracking.gif?email=kurlovich_nn%40mail.ru&mailing=132 HTTP/1.0" 200 197 "-" "Mozilla/5.0 (X11; Linux x86_64) AppleWebKit/537.36 (KHTML, like Gecko)"
176.59.135.239 - - [25/Nov/2018:22:15:53 +0700] "GET /tracking.gif?email=medannbor%40mail.ru&mailing=132 HTTP/1.0" 200 197 "-" "Mozilla/5.0 (Linux; Android 8.0.0; FLA-LX1 Build/HUAWEIFLA-LX1; wv) AppleWebKit/537.36 (KHTML, like Gecko) Version/4.0 Chrome/70.0.3538.80 Mobile Safari/537.36"
109.227.202.2 - - [25/Nov/2018:22:16:09 +0700] "GET /tracking.gif?email=89138880728%40mail.ru&mailing=132 HTTP/1.0" 200 197 "-" "Mozilla/5.0 (iPhone; CPU iPhone OS 11_2_6 like Mac OS X) AppleWebKit/604.5.6 (KHTML, like Gecko) Mobile/15D100"
188.93.56.123 - - [25/Nov/2018:22:16:30 +0700] "GET /tracking.gif?email=faryshevan%40mail.ru&mailing=132 HTTP/1.0" 200 197 "-" "Mozilla/5.0 (X11; Linux x86_64) AppleWebKit/537.36 (KHTML, like Gecko)"
188.93.56.128 - - [25/Nov/2018:22:17:16 +0700] "GET /tracking.gif?email=Roman.m89%40mail.ru&mailing=132 HTTP/1.0" 200 197 "-" "Mozilla/5.0 (X11; Linux x86_64) AppleWebKit/537.36 (KHTML, like Gecko)"
188.93.56.126 - - [25/Nov/2018:22:17:18 +0700] "GET /tracking.gif?email=pyatnichuk76%40mail.ru&mailing=132 HTTP/1.0" 200 197 "-" "Mozilla/5.0 (X11; Linux x86_64) AppleWebKit/537.36 (KHTML, like Gecko)"
188.93.56.128 - - [25/Nov/2018:22:17:26 +0700] "GET /tracking.gif?email=kalgin_anton%40mail.ru&mailing=132 HTTP/1.0" 200 197 "-" "Mozilla/5.0 (X11; Linux x86_64) AppleWebKit/537.36 (KHTML, like Gecko)"
188.93.56.129 - - [25/Nov/2018:22:17:28 +0700] "GET /tracking.gif?email=Roman.m89%40mail.ru&mailing=132 HTTP/1.0" 200 197 "-" "Mozilla/5.0 (X11; Linux x86_64) AppleWebKit/537.36 (KHTML, like Gecko)"
188.93.56.122 - - [25/Nov/2018:22:17:29 +0700] "GET /tracking.gif?email=gomzyakova_elena%40mail.ru&mailing=132 HTTP/1.0" 200 197 "-" "Mozilla/5.0 (X11; Linux x86_64) AppleWebKit/537.36 (KHTML, like Gecko)"
188.93.56.124 - - [25/Nov/2018:22:18:14 +0700] "GET /tracking.gif?email=buta.82%40mail.ru&mailing=132 HTTP/1.0" 200 197 "-" "Mozilla/5.0 (X11; Linux x86_64) AppleWebKit/537.36 (KHTML, like Gecko)"
213.87.126.99 - - [25/Nov/2018:22:18:49 +0700] "GET /tracking.gif?email=tata-artem%40mail.ru&mailing=132 HTTP/1.0" 200 197 "-" "Mozilla/5.0 (Linux; Android 6.0.1; SM-J510FN Build/MMB29M; wv) AppleWebKit/537.36 (KHTML, like Gecko) Version/4.0 Chrome/70.0.3538.80 Mobile Safari/537.36"
176.59.199.96 - - [25/Nov/2018:22:18:58 +0700] "GET /tracking.gif?email=manzurova1979%40icloud.com&mailing=123 HTTP/1.0" 200 197 "-" "Mozilla/5.0 (iPhone; CPU iPhone OS 12_1 like Mac OS X) AppleWebKit/605.1.15 (KHTML, like Gecko) Mobile/16B92"
5.255.241.248 - - [25/Nov/2018:22:19:09 +0700] "GET /tracking.gif?email=natashasevryukova%40yandex.ru&mailing=119 HTTP/1.0" 200 197 "-" "Mozilla/5.0 (compatible; YandexImageResizer/2.0; +http://yandex.com/bots)"
176.59.199.96 - - [25/Nov/2018:22:19:11 +0700] "GET /tracking.gif?email=manzurova1979%40icloud.com&mailing=106 HTTP/1.0" 200 197 "-" "Mozilla/5.0 (iPhone; CPU iPhone OS 12_1 like Mac OS X) AppleWebKit/605.1.15 (KHTML, like Gecko) Mobile/16B92"
188.93.56.124 - - [25/Nov/2018:22:20:18 +0700] "GET /tracking.gif?email=val-leri%40mail.ru&mailing=132 HTTP/1.0" 200 197 "-" "Mozilla/5.0 (X11; Linux x86_64) AppleWebKit/537.36 (KHTML, like Gecko)"
5.136.65.120 - - [25/Nov/2018:22:20:43 +0700] "GET /tracking.gif?email=gri_di%40mail.ru&mailing=132 HTTP/1.0" 200 197 "-" "Mozilla/5.0 (Linux; Android 8.1.0; PAR-LX1 Build/HUAWEIPAR-LX1; wv) AppleWebKit/537.36 (KHTML, like Gecko) Version/4.0 Chrome/70.0.3538.80 Mobile Safari/537.36"
188.93.56.121 - - [25/Nov/2018:22:21:04 +0700] "GET /tracking.gif?email=smert172000%40mail.ru&mailing=132 HTTP/1.0" 200 197 "-" "Mozilla/5.0 (X11; Linux x86_64) AppleWebKit/537.36 (KHTML, like Gecko)"
188.93.56.122 - - [25/Nov/2018:22:22:00 +0700] "GET /tracking.gif?email=reshetnikov_kn%40mail.ru&mailing=132 HTTP/1.0" 200 197 "-" "Mozilla/5.0 (X11; Linux x86_64) AppleWebKit/537.36 (KHTML, like Gecko)"
188.93.56.128 - - [25/Nov/2018:22:22:04 +0700] "GET /tracking.gif?email=shanin_s%40mail.ru&mailing=132 HTTP/1.0" 200 197 "-" "Mozilla/5.0 (X11; Linux x86_64) AppleWebKit/537.36 (KHTML, like Gecko)"
188.93.56.130 - - [25/Nov/2018:22:22:23 +0700] "GET /tracking.gif?email=kns.81%40mail.ru&mailing=132 HTTP/1.0" 200 197 "-" "Mozilla/5.0 (X11; Linux x86_64) AppleWebKit/537.36 (KHTML, like Gecko)"
213.87.126.247 - - [25/Nov/2018:22:22:31 +0700] "GET /tracking.gif?email=S_fateeva%40mail.ru&mailing=132 HTTP/1.0" 200 197 "-" "Mozilla/5.0 (Linux; Android 7.0; DLI-TL20 Build/HONORDLI-TL20; wv) AppleWebKit/537.36 (KHTML, like Gecko) Version/4.0 Chrome/69.0.3497.100 Mobile Safari/537.36"
217.118.91.73 - - [25/Nov/2018:22:22:31 +0700] "GET /tracking.gif?email=natikmart%40mail.ru&mailing=132 HTTP/1.0" 200 197 "-" "Mozilla/5.0 (iPhone; CPU iPhone OS 11_2_6 like Mac OS X) AppleWebKit/604.5.6 (KHTML, like Gecko) Mobile/15D100"
188.93.56.124 - - [25/Nov/2018:22:23:19 +0700] "GET /tracking.gif?email=stroyservis_07%40mail.ru&mailing=132 HTTP/1.0" 200 197 "-" "Mozilla/5.0 (X11; Linux x86_64) AppleWebKit/537.36 (KHTML, like Gecko)"
188.93.56.128 - - [25/Nov/2018:22:23:31 +0700] "GET /tracking.gif?email=Ruppel_Mariya%40mail.ru&mailing=132 HTTP/1.0" 200 197 "-" "Mozilla/5.0 (X11; Linux x86_64) AppleWebKit/537.36 (KHTML, like Gecko)"
188.93.56.128 - - [25/Nov/2018:22:23:42 +0700] "GET /tracking.gif?email=Kochnev.sema%40mail.ru&mailing=132 HTTP/1.0" 200 197 "-" "Mozilla/5.0 (X11; Linux x86_64) AppleWebKit/537.36 (KHTML, like Gecko)"
188.93.56.122 - - [25/Nov/2018:22:23:56 +0700] "GET /tracking.gif?email=tatylan%40mail.ru&mailing=132 HTTP/1.0" 200 197 "-" "Mozilla/5.0 (X11; Linux x86_64) AppleWebKit/537.36 (KHTML, like Gecko)"
188.93.56.127 - - [25/Nov/2018:22:24:09 +0700] "GET /tracking.gif?email=kristina_dorokhova%40mail.ru&mailing=132 HTTP/1.0" 200 197 "-" "Mozilla/5.0 (X11; Linux x86_64) AppleWebKit/537.36 (KHTML, like Gecko)"
188.93.56.127 - - [25/Nov/2018:22:24:35 +0700] "GET /tracking.gif?email=kir7115%40mail.ru&mailing=132 HTTP/1.0" 200 197 "-" "Mozilla/5.0 (X11; Linux x86_64) AppleWebKit/537.36 (KHTML, like Gecko)"
188.162.84.207 - - [25/Nov/2018:22:24:52 +0700] "GET /tracking.gif?email=t_taurus%40mail.ru&mailing=132 HTTP/1.0" 200 197 "-" "Mozilla/5.0 (iPhone; CPU iPhone OS 12_0 like Mac OS X) AppleWebKit/605.1.15 (KHTML, like Gecko) Mobile/16A366"
31.211.64.169 - - [25/Nov/2018:22:25:25 +0700] "GET /tracking.gif?email=mamuska333%40mail.ru&mailing=132 HTTP/1.0" 200 197 "-" "Mozilla/5.0 (iPhone; CPU iPhone OS 12_0 like Mac OS X) AppleWebKit/605.1.15 (KHTML, like Gecko) Mobile/16A366"
188.93.56.130 - - [25/Nov/2018:22:26:07 +0700] "GET /tracking.gif?email=catghost666%40mail.ru&mailing=132 HTTP/1.0" 200 197 "-" "Mozilla/5.0 (X11; Linux x86_64) AppleWebKit/537.36 (KHTML, like Gecko)"
188.93.56.124 - - [25/Nov/2018:22:26:22 +0700] "GET /tracking.gif?email=brykova-irinka%40mail.ru&mailing=132 HTTP/1.0" 200 197 "-" "Mozilla/5.0 (X11; Linux x86_64) AppleWebKit/537.36 (KHTML, like Gecko)"
188.93.56.126 - - [25/Nov/2018:22:27:01 +0700] "GET /tracking.gif?email=national84%40mail.ru&mailing=132 HTTP/1.0" 200 197 "-" "Mozilla/5.0 (X11; Linux x86_64) AppleWebKit/537.36 (KHTML, like Gecko)"
79.136.255.237 - - [25/Nov/2018:22:27:27 +0700] "GET /tracking.gif?email=Tanibanani%40mail.ru&mailing=132 HTTP/1.0" 200 197 "-" "Mozilla/5.0 (iPhone; CPU iPhone OS 12_1 like Mac OS X) AppleWebKit/605.1.15 (KHTML, like Gecko) Mobile/16B92"
188.93.56.123 - - [25/Nov/2018:22:27:28 +0700] "GET /tracking.gif?email=butoshkaff95%40mail.ru&mailing=132 HTTP/1.0" 200 197 "-" "Mozilla/5.0 (X11; Linux x86_64) AppleWebKit/537.36 (KHTML, like Gecko)"
188.93.56.128 - - [25/Nov/2018:22:27:43 +0700] "GET /tracking.gif?email=gelixtomsk%40mail.ru&mailing=132 HTTP/1.0" 200 197 "-" "Mozilla/5.0 (X11; Linux x86_64) AppleWebKit/537.36 (KHTML, like Gecko)"
212.82.108.34 - - [25/Nov/2018:22:27:55 +0700] "GET /tracking.gif?email=bykovkv%40yahoo.com&mailing=132 HTTP/1.0" 200 197 "-" "YahooMailProxy; https://help.yahoo.com/kb/yahoo-mail-proxy-SLN28749.html"
213.87.225.130 - - [25/Nov/2018:22:28:49 +0700] "GET /tracking.gif?email=Darya-9808%40mail.ru&mailing=132 HTTP/1.0" 200 197 "-" "Mozilla/5.0 (iPhone; CPU iPhone OS 11_3 like Mac OS X) AppleWebKit/605.1.15 (KHTML, like Gecko) Mobile/15E216"
188.93.56.126 - - [25/Nov/2018:22:28:57 +0700] "GET /tracking.gif?email=zima_es%40mail.ru&mailing=132 HTTP/1.0" 200 197 "-" "Mozilla/5.0 (X11; Linux x86_64) AppleWebKit/537.36 (KHTML, like Gecko)"
188.93.56.124 - - [25/Nov/2018:22:29:52 +0700] "GET /tracking.gif?email=kul-nastya%40mail.ru&mailing=132 HTTP/1.0" 200 197 "-" "Mozilla/5.0 (X11; Linux x86_64) AppleWebKit/537.36 (KHTML, like Gecko)"
77.106.112.151 - - [25/Nov/2018:22:30:33 +0700] "GET /tracking.gif?email=Asperan%40sibmail.com&mailing=132 HTTP/1.0" 200 197 "-" "Mozilla/5.0 (Windows NT 6.1; WOW64; rv:52.0) Gecko/20100101 Thunderbird/52.5.0"
77.106.112.151 - - [25/Nov/2018:22:30:33 +0700] "GET /tracking.gif?email=asperan%40sibmail.com&mailing=132 HTTP/1.0" 200 197 "-" "Mozilla/5.0 (Windows NT 6.1; WOW64; rv:52.0) Gecko/20100101 Thunderbird/52.5.0"
188.93.56.126 - - [25/Nov/2018:22:31:30 +0700] "GET /tracking.gif?email=larionova.tomsk%40mail.ru&mailing=132 HTTP/1.0" 200 197 "-" "Mozilla/5.0 (X11; Linux x86_64) AppleWebKit/537.36 (KHTML, like Gecko)"
188.93.56.122 - - [25/Nov/2018:22:31:51 +0700] "GET /tracking.gif?email=nap70rus%40mail.ru&mailing=132 HTTP/1.0" 200 197 "-" "Mozilla/5.0 (X11; Linux x86_64) AppleWebKit/537.36 (KHTML, like Gecko)"
188.93.56.126 - - [25/Nov/2018:22:32:15 +0700] "GET /tracking.gif?email=Svoboda_5789%40mail.ru&mailing=132 HTTP/1.0" 200 197 "-" "Mozilla/5.0 (X11; Linux x86_64) AppleWebKit/537.36 (KHTML, like Gecko)"
188.93.56.121 - - [25/Nov/2018:22:32:38 +0700] "GET /tracking.gif?email=5492sem%40mail.ru&mailing=132 HTTP/1.0" 200 197 "-" "Mozilla/5.0 (X11; Linux x86_64) AppleWebKit/537.36 (KHTML, like Gecko)"
188.93.56.122 - - [25/Nov/2018:22:32:42 +0700] "GET /tracking.gif?email=clorita%40mail.ru&mailing=132 HTTP/1.0" 200 197 "-" "Mozilla/5.0 (X11; Linux x86_64) AppleWebKit/537.36 (KHTML, like Gecko)"
188.93.56.124 - - [25/Nov/2018:22:33:44 +0700] "GET /tracking.gif?email=lenaharmoni%40mail.ru&mailing=132 HTTP/1.0" 200 197 "-" "Mozilla/5.0 (X11; Linux x86_64) AppleWebKit/537.36 (KHTML, like Gecko)"
188.93.56.128 - - [25/Nov/2018:22:34:12 +0700] "GET /tracking.gif?email=Kuralenkoo%40mail.ru&mailing=132 HTTP/1.0" 200 197 "-" "Mozilla/5.0 (X11; Linux x86_64) AppleWebKit/537.36 (KHTML, like Gecko)"
188.93.56.121 - - [25/Nov/2018:22:34:18 +0700] "GET /tracking.gif?email=shevtsov912%40mail.ru&mailing=132 HTTP/1.0" 200 197 "-" "Mozilla/5.0 (X11; Linux x86_64) AppleWebKit/537.36 (KHTML, like Gecko)"
188.93.56.121 - - [25/Nov/2018:22:34:26 +0700] "GET /tracking.gif?email=vanon85%40mail.ru&mailing=132 HTTP/1.0" 200 197 "-" "Mozilla/5.0 (X11; Linux x86_64) AppleWebKit/537.36 (KHTML, like Gecko)"
188.93.56.122 - - [25/Nov/2018:22:34:45 +0700] "GET /tracking.gif?email=arefik%40mail.ru&mailing=132 HTTP/1.0" 200 197 "-" "Mozilla/5.0 (X11; Linux x86_64) AppleWebKit/537.36 (KHTML, like Gecko)"
188.93.56.126 - - [25/Nov/2018:22:35:25 +0700] "GET /tracking.gif?email=kombalin_a_v%40mail.ru&mailing=132 HTTP/1.0" 200 197 "-" "Mozilla/5.0 (X11; Linux x86_64) AppleWebKit/537.36 (KHTML, like Gecko)"
188.93.56.127 - - [25/Nov/2018:22:35:30 +0700] "GET /tracking.gif?email=nata.cherkashina.1996%40mail.ru&mailing=132 HTTP/1.0" 200 197 "-" "Mozilla/5.0 (X11; Linux x86_64) AppleWebKit/537.36 (KHTML, like Gecko)"
188.93.56.126 - - [25/Nov/2018:22:35:50 +0700] "GET /tracking.gif?email=tatyana.vilister%40mail.ru&mailing=132 HTTP/1.0" 200 197 "-" "Mozilla/5.0 (X11; Linux x86_64) AppleWebKit/537.36 (KHTML, like Gecko)"
176.59.132.29 - - [25/Nov/2018:22:35:58 +0700] "GET /tracking.gif?email=kristinka_nehay%40mail.ru&mailing=132 HTTP/1.0" 200 197 "-" "Mozilla/5.0 (Linux; Android 6.0.1; SM-G532F Build/MMB29T; wv) AppleWebKit/537.36 (KHTML, like Gecko) Version/4.0 Chrome/55.0.2883.91 Mobile Safari/537.36"
78.140.63.24 - - [25/Nov/2018:22:36:11 +0700] "GET /tracking.gif?email=venus56%40mail.ru&mailing=132 HTTP/1.0" 200 197 "-" "Mozilla/5.0 (iPad; CPU OS 12_0_1 like Mac OS X) AppleWebKit/605.1.15 (KHTML, like Gecko) Mobile/16A404"
188.93.56.121 - - [25/Nov/2018:22:36:34 +0700] "GET /tracking.gif?email=tvvvvvv%40mail.ru&mailing=132 HTTP/1.0" 200 197 "-" "Mozilla/5.0 (X11; Linux x86_64) AppleWebKit/537.36 (KHTML, like Gecko)"
188.93.56.127 - - [25/Nov/2018:22:37:21 +0700] "GET /tracking.gif?email=mavin10%40mail.ru&mailing=132 HTTP/1.0" 200 197 "-" "Mozilla/5.0 (X11; Linux x86_64) AppleWebKit/537.36 (KHTML, like Gecko)"
109.227.230.70 - - [25/Nov/2018:22:37:23 +0700] "GET /tracking.gif?email=voose%40icloud.com&mailing=132 HTTP/1.0" 200 197 "-" "Mozilla/5.0 (Macintosh; Intel Mac OS X 10_13_6) AppleWebKit/605.1.15 (KHTML, like Gecko)"
188.93.56.124 - - [25/Nov/2018:22:37:55 +0700] "GET /tracking.gif?email=mstazidinova%40mail.ru&mailing=132 HTTP/1.0" 200 197 "-" "Mozilla/5.0 (X11; Linux x86_64) AppleWebKit/537.36 (KHTML, like Gecko)"
188.93.56.129 - - [25/Nov/2018:22:37:57 +0700] "GET /tracking.gif?email=kos-log%40mail.ru&mailing=132 HTTP/1.0" 200 197 "-" "Mozilla/5.0 (X11; Linux x86_64) AppleWebKit/537.36 (KHTML, like Gecko)"
188.93.56.126 - - [25/Nov/2018:22:37:59 +0700] "GET /tracking.gif?email=tartynovva%40mail.ru&mailing=132 HTTP/1.0" 200 197 "-" "Mozilla/5.0 (X11; Linux x86_64) AppleWebKit/537.36 (KHTML, like Gecko)"
46.161.128.92 - - [25/Nov/2018:22:38:35 +0700] "GET /tracking.gif?email=virtual_insanity%40mail.ru&mailing=132 HTTP/1.0" 200 197 "-" "Mozilla/5.0 (Macintosh; Intel Mac OS X 10_11_6) AppleWebKit/601.7.7 (KHTML, like Gecko)"
159.192.219.151 - - [25/Nov/2018:22:38:38 +0700] "GET /unsubscribe/?email=savkunova%40yandex.ru&mailing=132&confirmed=1 HTTP/1.0" 200 747 "http://mailing.etobilet.ru/unsubscribe/?email=savkunova%40yandex.ru&mailing=132" "Mozilla/5.0 (iPhone; CPU iPhone OS 12_1 like Mac OS X) AppleWebKit/605.1.15 (KHTML, like Gecko) Version/12.0 Mobile/15E148 Safari/604.1"
159.192.219.151 - - [25/Nov/2018:22:38:39 +0700] "GET /img/popcorn.svg HTTP/1.0" 200 1187 "http://mailing.etobilet.ru/unsubscribe/?email=savkunova%40yandex.ru&mailing=132&confirmed=1" "Mozilla/5.0 (iPhone; CPU iPhone OS 12_1 like Mac OS X) AppleWebKit/605.1.15 (KHTML, like Gecko) Version/12.0 Mobile/15E148 Safari/604.1"
188.93.56.127 - - [25/Nov/2018:22:39:23 +0700] "GET /tracking.gif?email=natusy.tomsk%40mail.ru&mailing=132 HTTP/1.0" 200 197 "-" "Mozilla/5.0 (X11; Linux x86_64) AppleWebKit/537.36 (KHTML, like Gecko)"
188.93.56.130 - - [25/Nov/2018:22:39:44 +0700] "GET /tracking.gif?email=blintsovao%40mail.ru&mailing=132 HTTP/1.0" 200 197 "-" "Mozilla/5.0 (X11; Linux x86_64) AppleWebKit/537.36 (KHTML, like Gecko)"
188.93.56.128 - - [25/Nov/2018:22:39:53 +0700] "GET /tracking.gif?email=Lexakorolev27%40mail.ru&mailing=132 HTTP/1.0" 200 197 "-" "Mozilla/5.0 (X11; Linux x86_64) AppleWebKit/537.36 (KHTML, like Gecko)"
188.93.56.130 - - [25/Nov/2018:22:40:17 +0700] "GET /tracking.gif?email=midi69%40mail.ru&mailing=132 HTTP/1.0" 200 197 "-" "Mozilla/5.0 (X11; Linux x86_64) AppleWebKit/537.36 (KHTML, like Gecko)"
217.172.23.57 - - [25/Nov/2018:22:40:29 +0700] "GET /tracking.gif?email=matemsms%40mail.ru&mailing=132 HTTP/1.0" 200 197 "-" "Mozilla/5.0 (iPhone; CPU iPhone OS 12_1 like Mac OS X) AppleWebKit/605.1.15 (KHTML, like Gecko) Mobile/16B92"
188.93.56.128 - - [25/Nov/2018:22:40:40 +0700] "GET /tracking.gif?email=gakord%40mail.ru&mailing=132 HTTP/1.0" 200 197 "-" "Mozilla/5.0 (X11; Linux x86_64) AppleWebKit/537.36 (KHTML, like Gecko)"
188.93.56.129 - - [25/Nov/2018:22:41:20 +0700] "GET /tracking.gif?email=romadina.yana%40mail.ru&mailing=132 HTTP/1.0" 200 197 "-" "Mozilla/5.0 (X11; Linux x86_64) AppleWebKit/537.36 (KHTML, like Gecko)"
188.93.56.127 - - [25/Nov/2018:22:41:21 +0700] "GET /tracking.gif?email=vitaliysuturihin%40mail.ru&mailing=132 HTTP/1.0" 200 197 "-" "Mozilla/5.0 (X11; Linux x86_64) AppleWebKit/537.36 (KHTML, like Gecko)"
188.93.56.127 - - [25/Nov/2018:22:42:10 +0700] "GET /tracking.gif?email=harafidi%40mail.ru&mailing=132 HTTP/1.0" 200 197 "-" "Mozilla/5.0 (X11; Linux x86_64) AppleWebKit/537.36 (KHTML, like Gecko)"
37.192.38.52 - - [25/Nov/2018:22:42:47 +0700] "GET /tracking.gif?email=kivnsk%40mail.ru&mailing=132 HTTP/1.0" 200 197 "-" "Mozilla/5.0 (iPad; CPU OS 11_4_1 like Mac OS X) AppleWebKit/605.1.15 (KHTML, like Gecko) Mobile/15G77"
91.78.28.96 - - [25/Nov/2018:22:43:28 +0700] "GET /tracking.gif?email=anjatkach%40mail.ru&mailing=132 HTTP/1.0" 200 197 "-" "Mozilla/5.0 (iPhone; CPU iPhone OS 11_2_6 like Mac OS X) AppleWebKit/604.5.6 (KHTML, like Gecko) Mobile/15D100"
188.93.56.125 - - [25/Nov/2018:22:44:14 +0700] "GET /tracking.gif?email=k_sidka%40mail.ru&mailing=132 HTTP/1.0" 200 197 "-" "Mozilla/5.0 (X11; Linux x86_64) AppleWebKit/537.36 (KHTML, like Gecko)"
188.93.56.124 - - [25/Nov/2018:22:45:46 +0700] "GET /tracking.gif?email=Zavaziev96%40mail.ru&mailing=132 HTTP/1.0" 200 197 "-" "Mozilla/5.0 (X11; Linux x86_64) AppleWebKit/537.36 (KHTML, like Gecko)"
213.87.224.84 - - [25/Nov/2018:22:45:49 +0700] "GET /tracking.gif?email=karo.svetlana%40yandex.ru&mailing=132 HTTP/1.0" 200 197 "-" "Mozilla/5.0 (iPhone; CPU iPhone OS 10_3_3 like Mac OS X) AppleWebKit/603.3.8 (KHTML, like Gecko) Mobile/14G60"
83.220.237.77 - - [25/Nov/2018:22:45:59 +0700] "GET /tracking.gif?email=nevada_86%40mail.ru&mailing=132 HTTP/1.0" 200 197 "-" "Mozilla/5.0 (iPhone; CPU iPhone OS 12_1 like Mac OS X) AppleWebKit/605.1.15 (KHTML, like Gecko) Mobile/16B92"
109.227.245.89 - - [25/Nov/2018:22:46:05 +0700] "GET /tracking.gif?email=ramils06%40mail.ru&mailing=132 HTTP/1.0" 200 197 "-" "Mozilla/5.0 (iPhone; CPU iPhone OS 12_1 like Mac OS X) AppleWebKit/605.1.15 (KHTML, like Gecko) Mobile/16B92"
114.115.190.4 - - [25/Nov/2018:22:46:29 +0700] "GET /robots.txt HTTP/1.0" 404 180 "-" "nutch-1.4/Nutch-1.4"
114.115.190.4 - - [25/Nov/2018:22:46:30 +0700] "GET / HTTP/1.0" 404 180 "-" "nutch-1.4/Nutch-1.4"
188.93.56.123 - - [25/Nov/2018:22:46:38 +0700] "GET /tracking.gif?email=mop1011%40mail.ru&mailing=132 HTTP/1.0" 200 197 "-" "Mozilla/5.0 (X11; Linux x86_64) AppleWebKit/537.36 (KHTML, like Gecko)"
188.93.56.124 - - [25/Nov/2018:22:46:44 +0700] "GET /tracking.gif?email=savchina.irina72%40mail.ru&mailing=132 HTTP/1.0" 200 197 "-" "Mozilla/5.0 (X11; Linux x86_64) AppleWebKit/537.36 (KHTML, like Gecko)"
188.93.56.127 - - [25/Nov/2018:22:47:50 +0700] "GET /tracking.gif?email=Krolja07%40mail.ru&mailing=132 HTTP/1.0" 200 197 "-" "Mozilla/5.0 (X11; Linux x86_64) AppleWebKit/537.36 (KHTML, like Gecko)"
217.118.79.35 - - [25/Nov/2018:22:48:10 +0700] "GET /tracking.gif?email=Ebers.anna%40mail.ru&mailing=132 HTTP/1.0" 200 197 "-" "Mozilla/5.0 (iPhone; CPU iPhone OS 11_4_1 like Mac OS X) AppleWebKit/605.1.15 (KHTML, like Gecko) Mobile/15G77"
188.93.56.123 - - [25/Nov/2018:22:48:26 +0700] "GET /tracking.gif?email=rumit85%40mail.ru&mailing=132 HTTP/1.0" 200 197 "-" "Mozilla/5.0 (X11; Linux x86_64) AppleWebKit/537.36 (KHTML, like Gecko)"
79.136.172.17 - - [25/Nov/2018:22:48:51 +0700] "GET /tracking.gif?email=g.e.s%40list.ru&mailing=132 HTTP/1.0" 200 197 "-" "Mozilla/5.0 (Linux; Android 7.0; DLI-TL20 Build/HONORDLI-TL20; wv) AppleWebKit/537.36 (KHTML, like Gecko) Version/4.0 Chrome/70.0.3538.80 Mobile Safari/537.36"
188.93.56.129 - - [25/Nov/2018:22:49:47 +0700] "GET /tracking.gif?email=m_bur71%40mail.ru&mailing=132 HTTP/1.0" 200 197 "-" "Mozilla/5.0 (X11; Linux x86_64) AppleWebKit/537.36 (KHTML, like Gecko)"
176.59.194.96 - - [25/Nov/2018:22:50:16 +0700] "GET /tracking.gif?email=bekhtyaeva1310%40icloud.com&mailing=123 HTTP/1.0" 200 197 "-" "Mozilla/5.0 (iPhone; CPU iPhone OS 12_1 like Mac OS X) AppleWebKit/605.1.15 (KHTML, like Gecko) Mobile/16B92"
188.93.56.121 - - [25/Nov/2018:22:51:17 +0700] "GET /tracking.gif?email=nastya_sychihina%40mail.ru&mailing=132 HTTP/1.0" 200 197 "-" "Mozilla/5.0 (X11; Linux x86_64) AppleWebKit/537.36 (KHTML, like Gecko)"
188.93.56.122 - - [25/Nov/2018:22:51:24 +0700] "GET /tracking.gif?email=kristina_dorokhova%40mail.ru&mailing=132 HTTP/1.0" 200 197 "-" "Mozilla/5.0 (X11; Linux x86_64) AppleWebKit/537.36 (KHTML, like Gecko)"
188.93.56.121 - - [25/Nov/2018:22:51:33 +0700] "GET /tracking.gif?email=kristina_dorokhova%40mail.ru&mailing=132 HTTP/1.0" 200 197 "-" "Mozilla/5.0 (X11; Linux x86_64) AppleWebKit/537.36 (KHTML, like Gecko)"
213.87.123.48 - - [25/Nov/2018:22:52:14 +0700] "GET /tracking.gif?email=Podgy777%40mail.ru&mailing=132 HTTP/1.0" 200 197 "-" "Mozilla/5.0 (iPhone; CPU iPhone OS 12_1 like Mac OS X) AppleWebKit/605.1.15 (KHTML, like Gecko) Mobile/16B92"
188.93.56.130 - - [25/Nov/2018:22:52:14 +0700] "GET /tracking.gif?email=Natalya.terenteva2016%40mail.ru&mailing=132 HTTP/1.0" 200 197 "-" "Mozilla/5.0 (X11; Linux x86_64) AppleWebKit/537.36 (KHTML, like Gecko)"
188.93.56.124 - - [25/Nov/2018:22:53:01 +0700] "GET /tracking.gif?email=njusha-dart%40mail.ru&mailing=132 HTTP/1.0" 200 197 "-" "Mozilla/5.0 (X11; Linux x86_64) AppleWebKit/537.36 (KHTML, like Gecko)"
188.93.56.130 - - [25/Nov/2018:22:53:05 +0700] "GET /tracking.gif?email=nikeshina2012%40mail.ru&mailing=132 HTTP/1.0" 200 197 "-" "Mozilla/5.0 (X11; Linux x86_64) AppleWebKit/537.36 (KHTML, like Gecko)"
188.162.84.207 - - [25/Nov/2018:22:53:20 +0700] "GET /tracking.gif?email=finas775%40mail.ru&mailing=132 HTTP/1.0" 200 197 "-" "Mozilla/5.0 (iPhone; CPU iPhone OS 12_0_1 like Mac OS X) AppleWebKit/605.1.15 (KHTML, like Gecko) Mobile/16A404"
188.93.56.122 - - [25/Nov/2018:22:54:53 +0700] "GET /tracking.gif?email=elena_v_obuhova%40mail.ru&mailing=132 HTTP/1.0" 200 197 "-" "Mozilla/5.0 (X11; Linux x86_64) AppleWebKit/537.36 (KHTML, like Gecko)"
