78.109.36.21 - - [07/Jan/2019:02:00:37 +0700] "GET /tracking.gif?email=rinaautumn%40gmail.com&mailing=289 HTTP/1.0" 200 197 "-" "Mozilla/5.0 (iPhone; CPU iPhone OS 12_1_2 like Mac OS X) AppleWebKit/605.1.15 (KHTML, like Gecko) Mobile/16C101"
188.19.166.64 - - [07/Jan/2019:02:02:13 +0700] "GET /tracking.gif?email=Kaktusur%40gmail.com&mailing=307 HTTP/1.0" 200 197 "-" "Mozilla/5.0 (iPhone; CPU iPhone OS 12_1 like Mac OS X) AppleWebKit/605.1.15 (KHTML, like Gecko) Mobile/16B92"
31.173.243.30 - - [07/Jan/2019:02:03:16 +0700] "GET /tracking.gif?email=ekoles95%40gmail.com&mailing=287 HTTP/1.0" 200 197 "-" "Mozilla/5.0 (iPhone; CPU iPhone OS 11_1_2 like Mac OS X) AppleWebKit/604.3.5 (KHTML, like Gecko) Mobile/15B202"
31.173.243.30 - - [07/Jan/2019:02:03:27 +0700] "GET /tracking.gif?email=ekoles95%40gmail.com&mailing=287 HTTP/1.0" 200 197 "-" "Mozilla/5.0 (iPhone; CPU iPhone OS 11_1_2 like Mac OS X) AppleWebKit/604.3.5 (KHTML, like Gecko) Mobile/15B202"
188.93.56.121 - - [07/Jan/2019:02:05:42 +0700] "GET /tracking.gif?email=ny4me%40bk.ru&mailing=307 HTTP/1.0" 200 197 "-" "Mozilla/5.0 (X11; Linux x86_64) AppleWebKit/537.36 (KHTML, like Gecko)"
188.93.56.121 - - [07/Jan/2019:02:05:50 +0700] "GET /tracking.gif?email=ny4me%40bk.ru&mailing=307 HTTP/1.0" 200 197 "-" "Mozilla/5.0 (X11; Linux x86_64) AppleWebKit/537.36 (KHTML, like Gecko)"
188.93.56.123 - - [07/Jan/2019:02:11:21 +0700] "GET /tracking.gif?email=albu_o%40mail.ru&mailing=307 HTTP/1.0" 200 197 "-" "Mozilla/5.0 (X11; Linux x86_64) AppleWebKit/537.36 (KHTML, like Gecko)"
188.93.56.124 - - [07/Jan/2019:02:11:29 +0700] "GET /tracking.gif?email=onishchuk-yv%40mail.ru&mailing=270 HTTP/1.0" 200 197 "-" "Mozilla/5.0 (X11; Linux x86_64) AppleWebKit/537.36 (KHTML, like Gecko)"
31.148.202.232 - - [07/Jan/2019:02:11:36 +0700] "GET /unsubscribe/?email=onishchuk-yv%40mail.ru&mailing=270 HTTP/1.0" 200 991 "-" "Mozilla/5.0 (Windows NT 10.0; Win64; x64) AppleWebKit/537.36 (KHTML, like Gecko) Chrome/71.0.3578.98 Safari/537.36"
31.148.202.232 - - [07/Jan/2019:02:11:37 +0700] "GET /img/popcorn.svg HTTP/1.0" 200 1187 "http://mailing.etobilet.ru/css/main.css" "Mozilla/5.0 (Windows NT 10.0; Win64; x64) AppleWebKit/537.36 (KHTML, like Gecko) Chrome/71.0.3578.98 Safari/537.36"
31.148.202.232 - - [07/Jan/2019:02:11:39 +0700] "GET /unsubscribe/?email=onishchuk-yv%40mail.ru&mailing=270&confirmed=1 HTTP/1.0" 200 754 "http://mailing.etobilet.ru/unsubscribe/?email=onishchuk-yv%40mail.ru&mailing=270" "Mozilla/5.0 (Windows NT 10.0; Win64; x64) AppleWebKit/537.36 (KHTML, like Gecko) Chrome/71.0.3578.98 Safari/537.36"
83.149.37.135 - - [07/Jan/2019:02:13:04 +0700] "GET /tracking.gif?email=post-086%40mail.ru&mailing=307 HTTP/1.0" 200 197 "-" "Mozilla/5.0 (Linux; Android 9; BKL-L09 Build/HUAWEIBKL-L09S; wv) AppleWebKit/537.36 (KHTML, like Gecko) Version/4.0 Chrome/71.0.3578.99 Mobile Safari/537.36"
188.93.56.124 - - [07/Jan/2019:02:13:09 +0700] "GET /tracking.gif?email=jenia_klassina%40mail.ru&mailing=280 HTTP/1.0" 200 197 "-" "Mozilla/5.0 (X11; Linux x86_64) AppleWebKit/537.36 (KHTML, like Gecko)"
66.102.9.14 - - [07/Jan/2019:02:16:23 +0700] "GET /tracking.gif?email=tmn.zaslon%40gmail.com&mailing=270 HTTP/1.0" 200 197 "-" "Mozilla/5.0 (Windows NT 5.1; rv:11.0) Gecko Firefox/11.0 (via ggpht.com GoogleImageProxy)"
188.93.56.127 - - [07/Jan/2019:02:23:51 +0700] "GET /tracking.gif?email=Anuyta97_16%40mail.ru&mailing=274 HTTP/1.0" 200 197 "-" "Mozilla/5.0 (X11; Linux x86_64) AppleWebKit/537.36 (KHTML, like Gecko)"
93.158.130.180 - - [07/Jan/2019:02:32:06 +0700] "GET /tracking.gif?email=Vedlena%40yandex.ru&mailing=252 HTTP/1.0" 200 197 "-" "Mozilla/5.0 (compatible; YandexImageResizer/2.0; +http://yandex.com/bots)"
176.195.248.11 - - [07/Jan/2019:02:36:07 +0700] "GET /tracking.gif?email=wwwbaa%40yandex.ru&mailing=307 HTTP/1.0" 200 197 "-" "Mozilla/5.0 (iPhone; CPU iPhone OS 11_4_1 like Mac OS X) AppleWebKit/605.1.15 (KHTML, like Gecko) Mobile/15G77"
93.158.130.167 - - [07/Jan/2019:02:40:52 +0700] "GET /tracking.gif?email=Vedlena%40yandex.ru&mailing=193 HTTP/1.0" 200 197 "-" "Mozilla/5.0 (compatible; YandexImageResizer/2.0; +http://yandex.com/bots)"
188.93.56.126 - - [07/Jan/2019:02:42:49 +0700] "GET /tracking.gif?email=kdeniska.81%40mail.ru&mailing=293 HTTP/1.0" 200 197 "-" "Mozilla/5.0 (X11; Linux x86_64) AppleWebKit/537.36 (KHTML, like Gecko)"
95.47.86.147 - - [07/Jan/2019:02:43:08 +0700] "GET /unsubscribe/?email=kdeniska.81%40mail.ru&mailing=293 HTTP/1.0" 200 983 "-" "Mozilla/5.0 (Linux; Android 7.0; Power_2 Build/NRD90M) AppleWebKit/537.36 (KHTML, like Gecko) Chrome/66.0.3359.126 Mobile Safari/537.36"
95.47.86.147 - - [07/Jan/2019:02:43:09 +0700] "GET /img/popcorn.svg HTTP/1.0" 200 1187 "http://mailing.etobilet.ru/css/main.css" "Mozilla/5.0 (Linux; Android 7.0; Power_2 Build/NRD90M) AppleWebKit/537.36 (KHTML, like Gecko) Chrome/66.0.3359.126 Mobile Safari/537.36"
95.47.86.147 - - [07/Jan/2019:02:43:17 +0700] "GET /unsubscribe/?email=kdeniska.81%40mail.ru&mailing=293&confirmed=1 HTTP/1.0" 200 748 "http://mailing.etobilet.ru/unsubscribe/?email=kdeniska.81%40mail.ru&mailing=293" "Mozilla/5.0 (Linux; Android 7.0; Power_2 Build/NRD90M) AppleWebKit/537.36 (KHTML, like Gecko) Chrome/66.0.3359.126 Mobile Safari/537.36"
93.158.130.167 - - [07/Jan/2019:02:44:08 +0700] "GET /tracking.gif?email=Vedlena%40yandex.ru&mailing=235 HTTP/1.0" 200 197 "-" "Mozilla/5.0 (compatible; YandexImageResizer/2.0; +http://yandex.com/bots)"
188.93.56.122 - - [07/Jan/2019:02:45:15 +0700] "GET /tracking.gif?email=ladysia%40mail.ru&mailing=270 HTTP/1.0" 200 197 "-" "Mozilla/5.0 (X11; Linux x86_64) AppleWebKit/537.36 (KHTML, like Gecko)"
176.195.205.192 - - [07/Jan/2019:02:52:15 +0700] "GET /tracking.gif?email=tolstik55%40mail.ru&mailing=307 HTTP/1.0" 200 197 "-" "Mozilla/5.0 (iPhone; CPU iPhone OS 10_3_3 like Mac OS X) AppleWebKit/603.3.8 (KHTML, like Gecko) Mobile/14G60"
188.93.56.128 - - [07/Jan/2019:03:09:51 +0700] "GET /tracking.gif?email=w.murzin%40mail.ru&mailing=306 HTTP/1.0" 200 197 "-" "Mozilla/5.0 (X11; Linux x86_64) AppleWebKit/537.36 (KHTML, like Gecko)"
188.93.56.130 - - [07/Jan/2019:03:12:13 +0700] "GET /tracking.gif?email=nomad_force%40mail.ru&mailing=305 HTTP/1.0" 200 197 "-" "Mozilla/5.0 (X11; Linux x86_64) AppleWebKit/537.36 (KHTML, like Gecko)"
188.93.56.130 - - [07/Jan/2019:03:12:22 +0700] "GET /tracking.gif?email=nomad_force%40mail.ru&mailing=306 HTTP/1.0" 200 197 "-" "Mozilla/5.0 (X11; Linux x86_64) AppleWebKit/537.36 (KHTML, like Gecko)"
188.93.56.130 - - [07/Jan/2019:03:12:45 +0700] "GET /tracking.gif?email=nomad_force%40mail.ru&mailing=307 HTTP/1.0" 200 197 "-" "Mozilla/5.0 (X11; Linux x86_64) AppleWebKit/537.36 (KHTML, like Gecko)"
188.93.56.127 - - [07/Jan/2019:03:14:21 +0700] "GET /tracking.gif?email=yajevika1996%40mail.ru&mailing=307 HTTP/1.0" 200 197 "-" "Mozilla/5.0 (X11; Linux x86_64) AppleWebKit/537.36 (KHTML, like Gecko)"
91.143.54.254 - - [07/Jan/2019:03:14:57 +0700] "GET /unsubscribe/?email=w.murzin%40mail.ru&mailing=306 HTTP/1.0" 200 977 "-" "Mozilla/5.0 (iPad; CPU OS 11_4_1 like Mac OS X) AppleWebKit/605.1.15 (KHTML, like Gecko) Version/11.0 Mobile/15E148 Safari/604.1"
91.143.54.254 - - [07/Jan/2019:03:14:58 +0700] "GET /img/popcorn.svg HTTP/1.0" 200 1187 "http://mailing.etobilet.ru/unsubscribe/?email=w.murzin%40mail.ru&mailing=306" "Mozilla/5.0 (iPad; CPU OS 11_4_1 like Mac OS X) AppleWebKit/605.1.15 (KHTML, like Gecko) Version/11.0 Mobile/15E148 Safari/604.1"
91.143.54.254 - - [07/Jan/2019:03:15:00 +0700] "GET /unsubscribe/?email=w.murzin%40mail.ru&mailing=306&confirmed=1 HTTP/1.0" 200 748 "http://mailing.etobilet.ru/unsubscribe/?email=w.murzin%40mail.ru&mailing=306" "Mozilla/5.0 (iPad; CPU OS 11_4_1 like Mac OS X) AppleWebKit/605.1.15 (KHTML, like Gecko) Version/11.0 Mobile/15E148 Safari/604.1"
188.93.56.129 - - [07/Jan/2019:03:15:27 +0700] "GET /tracking.gif?email=wasia83%40mail.ru&mailing=306 HTTP/1.0" 200 197 "-" "Mozilla/5.0 (X11; Linux x86_64) AppleWebKit/537.36 (KHTML, like Gecko)"
188.93.56.124 - - [07/Jan/2019:03:20:30 +0700] "GET /tracking.gif?email=w.murzin%40mail.ru&mailing=305 HTTP/1.0" 200 197 "-" "Mozilla/5.0 (X11; Linux x86_64) AppleWebKit/537.36 (KHTML, like Gecko)"
93.158.130.179 - - [07/Jan/2019:03:25:41 +0700] "GET /tracking.gif?email=malloev.shahboz%40yandex.ru&mailing=307 HTTP/1.0" 200 197 "-" "Mozilla/5.0 (compatible; YandexImageResizer/2.0; +http://yandex.com/bots)"
212.82.108.33 - - [07/Jan/2019:03:40:24 +0700] "GET /tracking.gif?email=kuri_bambuk%40yahoo.com&mailing=307 HTTP/1.0" 200 197 "-" "YahooMailProxy; https://help.yahoo.com/kb/yahoo-mail-proxy-SLN28749.html"
188.93.56.126 - - [07/Jan/2019:03:48:05 +0700] "GET /tracking.gif?email=eagle_max%40bk.ru&mailing=291 HTTP/1.0" 200 197 "-" "Mozilla/5.0 (X11; Linux x86_64) AppleWebKit/537.36 (KHTML, like Gecko)"
188.93.56.126 - - [07/Jan/2019:03:52:29 +0700] "GET /tracking.gif?email=Anbiktov%40mail.ru&mailing=307 HTTP/1.0" 200 197 "-" "Mozilla/5.0 (X11; Linux x86_64) AppleWebKit/537.36 (KHTML, like Gecko)"
66.102.9.129 - - [07/Jan/2019:04:06:44 +0700] "GET /tracking.gif?email=Zelenin2512%40gmail.com&mailing=274 HTTP/1.0" 200 197 "-" "Mozilla/5.0 (Windows NT 5.1; rv:11.0) Gecko Firefox/11.0 (via ggpht.com GoogleImageProxy)"
5.141.3.2 - - [07/Jan/2019:04:26:54 +0700] "GET /tracking.gif?email=oxi_shapovalova%40mail.ru&mailing=307 HTTP/1.0" 200 197 "-" "Mozilla/5.0 (iPhone; CPU iPhone OS 12_1_2 like Mac OS X) AppleWebKit/605.1.15 (KHTML, like Gecko) Mobile/16C101"
66.102.9.20 - - [07/Jan/2019:04:39:57 +0700] "GET /tracking.gif?email=katarina.kremleva%40gmail.com&mailing=270 HTTP/1.0" 200 197 "-" "Mozilla/5.0 (Windows NT 5.1; rv:11.0) Gecko Firefox/11.0 (via ggpht.com GoogleImageProxy)"
188.93.56.129 - - [07/Jan/2019:04:49:09 +0700] "GET /tracking.gif?email=razina-sasha%40mail.ru&mailing=307 HTTP/1.0" 200 197 "-" "Mozilla/5.0 (X11; Linux x86_64) AppleWebKit/537.36 (KHTML, like Gecko)"
207.102.138.158 - - [07/Jan/2019:05:21:23 +0700] "GET / HTTP/1.0" 404 180 "-" "Mozilla/5.0 (X11; Linux x86_64) AppleWebKit/537.36 (KHTML, like Gecko) Chrome/38.0.2125.101 Safari/537.36"
66.102.9.17 - - [07/Jan/2019:05:38:12 +0700] "GET /tracking.gif?email=dolzhenko.christina%40gmail.com&mailing=280 HTTP/1.0" 200 197 "-" "Mozilla/5.0 (Windows NT 5.1; rv:11.0) Gecko Firefox/11.0 (via ggpht.com GoogleImageProxy)"
66.102.9.17 - - [07/Jan/2019:05:38:12 +0700] "GET /tracking.gif?email=dolzhenko.christina%40gmail.com&mailing=274 HTTP/1.0" 200 197 "-" "Mozilla/5.0 (Windows NT 5.1; rv:11.0) Gecko Firefox/11.0 (via ggpht.com GoogleImageProxy)"
66.102.9.20 - - [07/Jan/2019:05:39:24 +0700] "GET /tracking.gif?email=dolzhenko.christina%40gmail.com&mailing=254 HTTP/1.0" 200 197 "-" "Mozilla/5.0 (Windows NT 5.1; rv:11.0) Gecko Firefox/11.0 (via ggpht.com GoogleImageProxy)"
188.93.56.121 - - [07/Jan/2019:06:01:32 +0700] "GET /tracking.gif?email=massolde%40mail.ru&mailing=280 HTTP/1.0" 200 197 "-" "Mozilla/5.0 (X11; Linux x86_64) AppleWebKit/537.36 (KHTML, like Gecko)"
188.93.56.128 - - [07/Jan/2019:06:22:19 +0700] "GET /tracking.gif?email=serg_ws%40mail.ru&mailing=305 HTTP/1.0" 200 197 "-" "Mozilla/5.0 (X11; Linux x86_64) AppleWebKit/537.36 (KHTML, like Gecko)"
188.93.56.126 - - [07/Jan/2019:06:40:18 +0700] "GET /tracking.gif?email=ruslanhas1988%40mail.ru&mailing=307 HTTP/1.0" 200 197 "-" "Mozilla/5.0 (X11; Linux x86_64) AppleWebKit/537.36 (KHTML, like Gecko)"
188.93.56.122 - - [07/Jan/2019:06:51:06 +0700] "GET /tracking.gif?email=simpapusja%40mail.ru&mailing=307 HTTP/1.0" 200 197 "-" "Mozilla/5.0 (X11; Linux x86_64) AppleWebKit/537.36 (KHTML, like Gecko)"
178.140.166.61 - - [07/Jan/2019:06:54:45 +0700] "GET /unsubscribe/?email=pii-49ca011371772ec201b13d0d9f56cd08cdfa444f3251d5d9be01e95de1c547d0&mailing=222 HTTP/1.0" 200 910 "https://yandex.ru/clck/jsredir?from=yandex.ru%3Bsearch%3Bweb%3B%3B&text=&etext=2025.fAYC-EStmEaB0AKT6Olv0JI5hkBvwDFHv4vfnKG9_OXfSWFRvcSeJ0Y0ZZyYTEVe.be4dd54d76b9480b400ea5e8b83e92af758f61b1&uuid=&state=_BLhILn4SxNIvvL0W45KSic66uCIg23qh8iRG98qeIXmeppkgUc0YD4hgzqAYr5iuWBiLZQy-rY&data=UlNrNmk5WktYejR0eWJFYk1LdmtxcGhEbW92NTQ0Ym91R0hUbjc2b2ItNEEtUGFHWHcxekhlMVBidUZwdUswS0FRdHdEaHk3M1dnNDg0d2NRcHNsWFZaU3hpc2E2d2FTTkJlcTVHSXFfUzdLQk9zb3cwTjhGNUJqMl9rSXh2Rk5fYTRRWGdtOTAtMHdxcGNSczhXb0VxZ25kWWRScFBkT2lzYS0xb3ZVX0YzcjlvZXdaV1l5UGc4RXJLNlJ2dzA5SnlEV0RUSmNRN1VzWFhxZktGaUROTlRyTlNjT2Eyclo2QWM0YmZyTFRheHB1aHRqbTBRRXZLMXhrYVI2N2RycA&b64e=2&sign=72931fa2fc3a38b623112a8208b267cb&keyno=0&cst=AiuY0DBWFJ7IXge4WdYJQaYgAYq7JarrUMFljZXead9hEgwYSsC5bybbv5CPrVACnvQYDD0ONIVluqtJCu5ke8I_YTFUGjJh-dz63UvTNOSHVU5-hSxsnOIrloGcrUZ3tSL1p0qW_ueyItZpEfjCkQ&ref=orjY4mGPRjk5boDnW0uvlrrd71vZw9kp5uQozpMtKCW5ri5MzTNSEhJE_fHI3rS2-0ohICqK5M-FqKIOpyhCRBERPmgSO8jtZwtyaIH2Ci5bY-_1UyaZ2_hr4CbnlNPw&l10n=ru&cts=1546818780316&mc=5.40200657584" "Mozilla/5.0 (Windows NT 6.1; rv:63.0) Gecko/20100101 Firefox/63.0"
178.140.166.61 - - [07/Jan/2019:06:54:47 +0700] "GET /img/popcorn.svg HTTP/1.0" 200 1187 "http://mailing.etobilet.ru/unsubscribe/?email=pii-49ca011371772ec201b13d0d9f56cd08cdfa444f3251d5d9be01e95de1c547d0&mailing=222" "Mozilla/5.0 (Windows NT 6.1; rv:63.0) Gecko/20100101 Firefox/63.0"
176.59.215.229 - - [07/Jan/2019:07:07:13 +0700] "GET /tracking.gif?email=Zasmolinaip%40gmail.com&mailing=307 HTTP/1.0" 200 197 "-" "Mozilla/5.0 (iPhone; CPU iPhone OS 12_1_2 like Mac OS X) AppleWebKit/605.1.15 (KHTML, like Gecko) Mobile/16C101"
188.93.56.126 - - [07/Jan/2019:08:55:45 +0700] "GET /tracking.gif?email=vlasova_a81%40mail.ru&mailing=287 HTTP/1.0" 200 197 "-" "Mozilla/5.0 (X11; Linux x86_64) AppleWebKit/537.36 (KHTML, like Gecko)"
37.9.65.72 - - [07/Jan/2019:09:04:43 +0700] "GET /tracking.gif?email=ketrin-701%40yandex.ru&mailing=306 HTTP/1.0" 200 197 "-" "Mozilla/5.0 (compatible; YandexImageResizer/2.0; +http://yandex.com/bots)"
37.9.65.83 - - [07/Jan/2019:09:04:50 +0700] "GET /tracking.gif?email=ketrin-701%40yandex.ru&mailing=307 HTTP/1.0" 200 197 "-" "Mozilla/5.0 (compatible; YandexImageResizer/2.0; +http://yandex.com/bots)"
188.93.56.128 - - [07/Jan/2019:09:15:03 +0700] "GET /tracking.gif?email=dan_s_a%40mail.ru&mailing=307 HTTP/1.0" 200 197 "-" "Mozilla/5.0 (X11; Linux x86_64) AppleWebKit/537.36 (KHTML, like Gecko)"
188.93.56.130 - - [07/Jan/2019:09:15:26 +0700] "GET /tracking.gif?email=dan_s_a%40mail.ru&mailing=306 HTTP/1.0" 200 197 "-" "Mozilla/5.0 (X11; Linux x86_64) AppleWebKit/537.36 (KHTML, like Gecko)"
188.93.56.122 - - [07/Jan/2019:09:19:33 +0700] "GET /tracking.gif?email=leikom.maria%40mail.ru&mailing=280 HTTP/1.0" 200 197 "-" "Mozilla/5.0 (X11; Linux x86_64) AppleWebKit/537.36 (KHTML, like Gecko)"
188.93.56.122 - - [07/Jan/2019:09:24:54 +0700] "GET /tracking.gif?email=stoluba%40mail.ru&mailing=270 HTTP/1.0" 200 197 "-" "Mozilla/5.0 (X11; Linux x86_64) AppleWebKit/537.36 (KHTML, like Gecko)"
93.158.130.179 - - [07/Jan/2019:09:40:49 +0700] "GET /tracking.gif?email=glagol1998%40yandex.ru&mailing=260 HTTP/1.0" 200 197 "-" "Mozilla/5.0 (compatible; YandexImageResizer/2.0; +http://yandex.com/bots)"
31.41.98.32 - - [07/Jan/2019:10:04:03 +0700] "GET /tracking.gif?email=imagineksu%40icloud.com&mailing=289 HTTP/1.0" 200 197 "-" "Mozilla/5.0 (iPhone; CPU iPhone OS 12_1_2 like Mac OS X) AppleWebKit/605.1.15 (KHTML, like Gecko) Mobile/16C101"
31.41.98.32 - - [07/Jan/2019:10:04:51 +0700] "GET /tracking.gif?email=imagineksu%40icloud.com&mailing=255 HTTP/1.0" 200 197 "-" "Mozilla/5.0 (iPhone; CPU iPhone OS 12_1_2 like Mac OS X) AppleWebKit/605.1.15 (KHTML, like Gecko) Mobile/16C101"
66.102.9.14 - - [07/Jan/2019:10:10:36 +0700] "GET /tracking.gif?email=Bobmaa1911%40gmail.com&mailing=289 HTTP/1.0" 200 197 "-" "Mozilla/5.0 (Windows NT 5.1; rv:11.0) Gecko Firefox/11.0 (via ggpht.com GoogleImageProxy)"
66.102.9.14 - - [07/Jan/2019:10:10:38 +0700] "GET /tracking.gif?email=Bobmaa1911%40gmail.com&mailing=255 HTTP/1.0" 200 197 "-" "Mozilla/5.0 (Windows NT 5.1; rv:11.0) Gecko Firefox/11.0 (via ggpht.com GoogleImageProxy)"
66.102.9.14 - - [07/Jan/2019:10:10:56 +0700] "GET /tracking.gif?email=Bobmaa1911%40gmail.com&mailing=222 HTTP/1.0" 200 197 "-" "Mozilla/5.0 (Windows NT 5.1; rv:11.0) Gecko Firefox/11.0 (via ggpht.com GoogleImageProxy)"
89.234.68.91 - - [07/Jan/2019:10:13:34 +0700] "GET / HTTP/1.0" 404 180 "http://mailing.etobilet.ru/browse" "Mozilla/5.0 (Windows; U; Windows NT 5.1; en-US; rv:1.9.2.8) Gecko/20100721 Firefox/3.6.8"
93.158.130.162 - - [07/Jan/2019:10:15:55 +0700] "GET /tracking.gif?email=pascalreal%40yandex.ru&mailing=270 HTTP/1.0" 200 197 "-" "Mozilla/5.0 (compatible; YandexImageResizer/2.0; +http://yandex.com/bots)"
89.234.68.109 - - [07/Jan/2019:10:20:32 +0700] "GET / HTTP/1.0" 404 180 "http://mailing.etobilet.ru/browse" "Mozilla/5.0 (Windows; U; Windows NT 5.1; en-US; rv:1.9.2.8) Gecko/20100721 Firefox/3.6.8"
5.255.241.246 - - [07/Jan/2019:10:22:09 +0700] "GET /tracking.gif?email=olesykochubej%40yandex.ru&mailing=284 HTTP/1.0" 200 197 "-" "Mozilla/5.0 (compatible; YandexImageResizer/2.0; +http://yandex.com/bots)"
188.93.56.121 - - [07/Jan/2019:10:29:03 +0700] "GET /tracking.gif?email=buzina_ira%40mail.ru&mailing=307 HTTP/1.0" 200 197 "-" "Mozilla/5.0 (X11; Linux x86_64) AppleWebKit/537.36 (KHTML, like Gecko)"
188.93.56.121 - - [07/Jan/2019:10:29:55 +0700] "GET /tracking.gif?email=buzina_ira%40mail.ru&mailing=306 HTTP/1.0" 200 197 "-" "Mozilla/5.0 (X11; Linux x86_64) AppleWebKit/537.36 (KHTML, like Gecko)"
188.93.56.121 - - [07/Jan/2019:10:30:06 +0700] "GET /tracking.gif?email=buzina_ira%40mail.ru&mailing=305 HTTP/1.0" 200 197 "-" "Mozilla/5.0 (X11; Linux x86_64) AppleWebKit/537.36 (KHTML, like Gecko)"
188.93.56.121 - - [07/Jan/2019:10:30:36 +0700] "GET /tracking.gif?email=buzina_ira%40mail.ru&mailing=294 HTTP/1.0" 200 197 "-" "Mozilla/5.0 (X11; Linux x86_64) AppleWebKit/537.36 (KHTML, like Gecko)"
188.93.56.121 - - [07/Jan/2019:10:30:39 +0700] "GET /tracking.gif?email=buzina_ira%40mail.ru&mailing=293 HTTP/1.0" 200 197 "-" "Mozilla/5.0 (X11; Linux x86_64) AppleWebKit/537.36 (KHTML, like Gecko)"
188.93.56.121 - - [07/Jan/2019:10:30:55 +0700] "GET /tracking.gif?email=buzina_ira%40mail.ru&mailing=266 HTTP/1.0" 200 197 "-" "Mozilla/5.0 (X11; Linux x86_64) AppleWebKit/537.36 (KHTML, like Gecko)"
188.93.56.121 - - [07/Jan/2019:10:31:16 +0700] "GET /tracking.gif?email=buzina_ira%40mail.ru&mailing=240 HTTP/1.0" 200 197 "-" "Mozilla/5.0 (X11; Linux x86_64) AppleWebKit/537.36 (KHTML, like Gecko)"
188.93.56.125 - - [07/Jan/2019:10:47:52 +0700] "GET /tracking.gif?email=zarukina2004%40mail.ru&mailing=289 HTTP/1.0" 200 197 "-" "Mozilla/5.0 (X11; Linux x86_64) AppleWebKit/537.36 (KHTML, like Gecko)"
188.93.56.122 - - [07/Jan/2019:10:55:31 +0700] "GET /tracking.gif?email=cvla%40mail.ru&mailing=307 HTTP/1.0" 200 197 "-" "Mozilla/5.0 (X11; Linux x86_64) AppleWebKit/537.36 (KHTML, like Gecko)"
188.93.56.123 - - [07/Jan/2019:11:01:08 +0700] "GET /tracking.gif?email=taox%40mail.ru&mailing=287 HTTP/1.0" 200 197 "-" "Mozilla/5.0 (X11; Linux x86_64) AppleWebKit/537.36 (KHTML, like Gecko)"
188.93.56.123 - - [07/Jan/2019:11:01:27 +0700] "GET /tracking.gif?email=taox%40mail.ru&mailing=257 HTTP/1.0" 200 197 "-" "Mozilla/5.0 (X11; Linux x86_64) AppleWebKit/537.36 (KHTML, like Gecko)"
5.255.241.249 - - [07/Jan/2019:11:06:08 +0700] "GET /tracking.gif?email=RinaKulikovskaya%40ya.ru&mailing=257 HTTP/1.0" 200 197 "-" "Mozilla/5.0 (compatible; YandexImageResizer/2.0; +http://yandex.com/bots)"
66.102.9.20 - - [07/Jan/2019:11:08:27 +0700] "GET /tracking.gif?email=sergei55rus%40gmail.com&mailing=274 HTTP/1.0" 200 197 "-" "Mozilla/5.0 (Windows NT 5.1; rv:11.0) Gecko Firefox/11.0 (via ggpht.com GoogleImageProxy)"
66.102.9.20 - - [07/Jan/2019:11:09:37 +0700] "GET /tracking.gif?email=sergei55rus%40gmail.com&mailing=241 HTTP/1.0" 200 197 "-" "Mozilla/5.0 (Windows NT 5.1; rv:11.0) Gecko Firefox/11.0 (via ggpht.com GoogleImageProxy)"
37.9.65.83 - - [07/Jan/2019:11:10:16 +0700] "GET /tracking.gif?email=kgv2008%40yandex.ru&mailing=307 HTTP/1.0" 200 197 "-" "Mozilla/5.0 (compatible; YandexImageResizer/2.0; +http://yandex.com/bots)"
31.173.101.37 - - [07/Jan/2019:11:12:26 +0700] "GET /tracking.gif?email=ivanalekseenko86%40mail.ru&mailing=305 HTTP/1.0" 200 197 "-" "Mozilla/5.0 (Linux; Android 8.1.0; COL-L29 Build/HUAWEICOL-L29; wv) AppleWebKit/537.36 (KHTML, like Gecko) Version/4.0 Chrome/71.0.3578.99 Mobile Safari/537.36"
81.19.78.160 - - [07/Jan/2019:11:27:39 +0700] "GET /tracking.gif?email=83_5359zn001%40rambler.ru&mailing=254 HTTP/1.0" 200 197 "http://mail.rambler.ru/" "RamblerMail/6.0 (incompatible; ImageProxy/6.0)"
188.93.56.124 - - [07/Jan/2019:11:28:14 +0700] "GET /tracking.gif?email=olejan1000%40mail.ru&mailing=170 HTTP/1.0" 200 197 "-" "Mozilla/5.0 (X11; Linux x86_64) AppleWebKit/537.36 (KHTML, like Gecko)"
188.93.56.123 - - [07/Jan/2019:11:29:07 +0700] "GET /tracking.gif?email=severavtostroi%40bk.ru&mailing=307 HTTP/1.0" 200 197 "-" "Mozilla/5.0 (X11; Linux x86_64) AppleWebKit/537.36 (KHTML, like Gecko)"
188.93.56.126 - - [07/Jan/2019:11:41:02 +0700] "GET /tracking.gif?email=sherkin993%40mail.ru&mailing=304 HTTP/1.0" 200 197 "-" "Mozilla/5.0 (X11; Linux x86_64) AppleWebKit/537.36 (KHTML, like Gecko)"
188.93.56.126 - - [07/Jan/2019:11:41:03 +0700] "GET /tracking.gif?email=sherkin993%40mail.ru&mailing=294 HTTP/1.0" 200 197 "-" "Mozilla/5.0 (X11; Linux x86_64) AppleWebKit/537.36 (KHTML, like Gecko)"
188.93.56.121 - - [07/Jan/2019:11:41:10 +0700] "GET /tracking.gif?email=sherkin993%40mail.ru&mailing=293 HTTP/1.0" 200 197 "-" "Mozilla/5.0 (X11; Linux x86_64) AppleWebKit/537.36 (KHTML, like Gecko)"
66.102.9.20 - - [07/Jan/2019:11:45:21 +0700] "GET /tracking.gif?email=nazarov070%40gmail.com&mailing=287 HTTP/1.0" 200 197 "-" "Mozilla/5.0 (Windows NT 5.1; rv:11.0) Gecko Firefox/11.0 (via ggpht.com GoogleImageProxy)"
188.93.56.126 - - [07/Jan/2019:11:48:12 +0700] "GET /tracking.gif?email=alenash1995%40mail.ru&mailing=274 HTTP/1.0" 200 197 "-" "Mozilla/5.0 (X11; Linux x86_64) AppleWebKit/537.36 (KHTML, like Gecko)"
37.9.65.75 - - [07/Jan/2019:11:49:40 +0700] "GET /tracking.gif?email=innusamaluk%40yandex.ru&mailing=306 HTTP/1.0" 200 197 "-" "Mozilla/5.0 (compatible; YandexImageResizer/2.0; +http://yandex.com/bots)"
188.93.56.130 - - [07/Jan/2019:11:53:34 +0700] "GET /tracking.gif?email=lahtionovalena%40mail.ru&mailing=286 HTTP/1.0" 200 197 "-" "Mozilla/5.0 (X11; Linux x86_64) AppleWebKit/537.36 (KHTML, like Gecko)"
188.93.56.130 - - [07/Jan/2019:11:56:23 +0700] "GET /tracking.gif?email=yoa66%40mail.ru&mailing=307 HTTP/1.0" 200 197 "-" "Mozilla/5.0 (X11; Linux x86_64) AppleWebKit/537.36 (KHTML, like Gecko)"
94.137.0.131 - - [07/Jan/2019:12:00:27 +0700] "GET /tracking.gif?email=pas7680%40mail.ru&mailing=280 HTTP/1.0" 200 197 "-" "Mozilla/5.0 (iPhone; CPU iPhone OS 12_1 like Mac OS X) AppleWebKit/605.1.15 (KHTML, like Gecko) Mobile/16B92"
188.93.56.126 - - [07/Jan/2019:12:11:26 +0700] "GET /tracking.gif?email=sveta-letavina%40mail.ru&mailing=307 HTTP/1.0" 200 197 "-" "Mozilla/5.0 (X11; Linux x86_64) AppleWebKit/537.36 (KHTML, like Gecko)"
95.47.66.234 - - [07/Jan/2019:12:15:07 +0700] "GET /tracking.gif?email=oakiseleva%40rambler.ru&mailing=306 HTTP/1.0" 200 197 "-" "Mozilla/5.0 (iPhone; CPU iPhone OS 11_3 like Mac OS X) AppleWebKit/605.1.15 (KHTML, like Gecko) Mobile/15E216"
95.47.66.234 - - [07/Jan/2019:12:15:11 +0700] "GET /tracking.gif?email=oakiseleva%40rambler.ru&mailing=306 HTTP/1.0" 200 197 "-" "Mozilla/5.0 (iPhone; CPU iPhone OS 11_3 like Mac OS X) AppleWebKit/605.1.15 (KHTML, like Gecko) Mobile/15E216"
188.93.56.127 - - [07/Jan/2019:12:16:54 +0700] "GET /tracking.gif?email=dm-car%40mail.ru&mailing=306 HTTP/1.0" 200 197 "-" "Mozilla/5.0 (X11; Linux x86_64) AppleWebKit/537.36 (KHTML, like Gecko)"
188.93.56.125 - - [07/Jan/2019:12:21:27 +0700] "GET /tracking.gif?email=konopako68%40mail.ru&mailing=307 HTTP/1.0" 200 197 "-" "Mozilla/5.0 (X11; Linux x86_64) AppleWebKit/537.36 (KHTML, like Gecko)"
188.93.56.129 - - [07/Jan/2019:12:24:07 +0700] "GET /tracking.gif?email=mashka-gop%40mail.ru&mailing=294 HTTP/1.0" 200 197 "-" "Mozilla/5.0 (X11; Linux x86_64) AppleWebKit/537.36 (KHTML, like Gecko)"
188.93.56.122 - - [07/Jan/2019:12:24:55 +0700] "GET /tracking.gif?email=irakul2106%40mail.ru&mailing=274 HTTP/1.0" 200 197 "-" "Mozilla/5.0 (X11; Linux x86_64) AppleWebKit/537.36 (KHTML, like Gecko)"
188.93.56.121 - - [07/Jan/2019:12:26:58 +0700] "GET /tracking.gif?email=murtazina.nora%40mail.ru&mailing=307 HTTP/1.0" 200 197 "-" "Mozilla/5.0 (X11; Linux x86_64) AppleWebKit/537.36 (KHTML, like Gecko)"
213.87.126.241 - - [07/Jan/2019:12:30:58 +0700] "GET /tracking.gif?email=tgts-sveta%40mail.ru&mailing=286 HTTP/1.0" 200 197 "-" "Mozilla/5.0 (iPhone; CPU iPhone OS 12_1_2 like Mac OS X) AppleWebKit/605.1.15 (KHTML, like Gecko) Mobile/16C101"
176.59.129.9 - - [07/Jan/2019:12:31:35 +0700] "GET /tracking.gif?email=v700an%40icloud.com&mailing=284 HTTP/1.0" 200 197 "-" "Mozilla/5.0 (iPhone; CPU iPhone OS 12_0_1 like Mac OS X) AppleWebKit/605.1.15 (KHTML, like Gecko) Mobile/16A404"
188.93.56.128 - - [07/Jan/2019:12:35:40 +0700] "GET /tracking.gif?email=vaiv%40inbox.ru&mailing=306 HTTP/1.0" 200 197 "-" "Mozilla/5.0 (X11; Linux x86_64) AppleWebKit/537.36 (KHTML, like Gecko)"
188.93.56.130 - - [07/Jan/2019:12:47:04 +0700] "GET /tracking.gif?email=oksalala%40mail.ru&mailing=307 HTTP/1.0" 200 197 "-" "Mozilla/5.0 (X11; Linux x86_64) AppleWebKit/537.36 (KHTML, like Gecko)"
188.93.56.130 - - [07/Jan/2019:12:49:44 +0700] "GET /tracking.gif?email=oksalala%40mail.ru&mailing=306 HTTP/1.0" 200 197 "-" "Mozilla/5.0 (X11; Linux x86_64) AppleWebKit/537.36 (KHTML, like Gecko)"
188.93.56.130 - - [07/Jan/2019:12:49:57 +0700] "GET /tracking.gif?email=oksalala%40mail.ru&mailing=305 HTTP/1.0" 200 197 "-" "Mozilla/5.0 (X11; Linux x86_64) AppleWebKit/537.36 (KHTML, like Gecko)"
188.93.56.130 - - [07/Jan/2019:12:50:15 +0700] "GET /tracking.gif?email=oksalala%40mail.ru&mailing=304 HTTP/1.0" 200 197 "-" "Mozilla/5.0 (X11; Linux x86_64) AppleWebKit/537.36 (KHTML, like Gecko)"
188.93.56.130 - - [07/Jan/2019:12:50:21 +0700] "GET /tracking.gif?email=oksalala%40mail.ru&mailing=294 HTTP/1.0" 200 197 "-" "Mozilla/5.0 (X11; Linux x86_64) AppleWebKit/537.36 (KHTML, like Gecko)"
188.93.56.130 - - [07/Jan/2019:12:50:28 +0700] "GET /tracking.gif?email=oksalala%40mail.ru&mailing=293 HTTP/1.0" 200 197 "-" "Mozilla/5.0 (X11; Linux x86_64) AppleWebKit/537.36 (KHTML, like Gecko)"
5.255.241.244 - - [07/Jan/2019:12:54:00 +0700] "GET /tracking.gif?email=chernobaeva%40indorsoft.ru&mailing=286 HTTP/1.0" 200 197 "-" "Mozilla/5.0 (compatible; YandexImageResizer/2.0; +http://yandex.com/bots)"
188.93.56.121 - - [07/Jan/2019:12:59:24 +0700] "GET /tracking.gif?email=nk186%40mail.ru&mailing=305 HTTP/1.0" 200 197 "-" "Mozilla/5.0 (X11; Linux x86_64) AppleWebKit/537.36 (KHTML, like Gecko)"
188.93.56.121 - - [07/Jan/2019:12:59:28 +0700] "GET /tracking.gif?email=nk186%40mail.ru&mailing=306 HTTP/1.0" 200 197 "-" "Mozilla/5.0 (X11; Linux x86_64) AppleWebKit/537.36 (KHTML, like Gecko)"
188.93.56.121 - - [07/Jan/2019:12:59:32 +0700] "GET /tracking.gif?email=nk186%40mail.ru&mailing=307 HTTP/1.0" 200 197 "-" "Mozilla/5.0 (X11; Linux x86_64) AppleWebKit/537.36 (KHTML, like Gecko)"
188.93.56.126 - - [07/Jan/2019:13:00:17 +0700] "GET /tracking.gif?email=oksalala%40mail.ru&mailing=291 HTTP/1.0" 200 197 "-" "Mozilla/5.0 (X11; Linux x86_64) AppleWebKit/537.36 (KHTML, like Gecko)"
188.93.56.122 - - [07/Jan/2019:13:00:36 +0700] "GET /tracking.gif?email=oksalala%40mail.ru&mailing=266 HTTP/1.0" 200 197 "-" "Mozilla/5.0 (X11; Linux x86_64) AppleWebKit/537.36 (KHTML, like Gecko)"
188.93.56.122 - - [07/Jan/2019:13:02:11 +0700] "GET /tracking.gif?email=oksalala%40mail.ru&mailing=261 HTTP/1.0" 200 197 "-" "Mozilla/5.0 (X11; Linux x86_64) AppleWebKit/537.36 (KHTML, like Gecko)"
93.158.130.174 - - [07/Jan/2019:13:02:19 +0700] "GET /tracking.gif?email=ksu.vlasenko%40yandex.ru&mailing=299 HTTP/1.0" 200 197 "-" "Mozilla/5.0 (compatible; YandexImageResizer/2.0; +http://yandex.com/bots)"
188.93.56.130 - - [07/Jan/2019:13:02:40 +0700] "GET /tracking.gif?email=oksalala%40mail.ru&mailing=240 HTTP/1.0" 200 197 "-" "Mozilla/5.0 (X11; Linux x86_64) AppleWebKit/537.36 (KHTML, like Gecko)"
37.9.65.76 - - [07/Jan/2019:13:06:18 +0700] "GET /tracking.gif?email=ksu.vlasenko%40yandex.ru&mailing=308 HTTP/1.0" 200 197 "-" "Mozilla/5.0 (compatible; YandexImageResizer/2.0; +http://yandex.com/bots)"
5.255.241.231 - - [07/Jan/2019:13:09:34 +0700] "GET /tracking.gif?email=ksu.vlasenko%40yandex.ru&mailing=300 HTTP/1.0" 200 197 "-" "Mozilla/5.0 (compatible; YandexImageResizer/2.0; +http://yandex.com/bots)"
188.93.56.130 - - [07/Jan/2019:13:10:33 +0700] "GET /tracking.gif?email=agaflena%40mail.ru&mailing=308 HTTP/1.0" 200 197 "-" "Mozilla/5.0 (X11; Linux x86_64) AppleWebKit/537.36 (KHTML, like Gecko)"
87.103.193.27 - - [07/Jan/2019:13:11:08 +0700] "GET /tracking.gif?email=vka%40nikolas.ru&mailing=293 HTTP/1.0" 200 197 "-" "Mozilla/4.0 (compatible; MSIE 7.0; Windows NT 10.0; Win64; x64; Trident/7.0; .NET4.0C; .NET4.0E; Microsoft Outlook 16.0.4266; ms-office; MSOffice 16)"
87.103.193.27 - - [07/Jan/2019:13:11:08 +0700] "GET /tracking.gif?email=vka%40nikolas.ru&mailing=293 HTTP/1.0" 200 197 "-" "Mozilla/4.0 (compatible; MSIE 7.0; Windows NT 10.0; Win64; x64; Trident/7.0; .NET4.0C; .NET4.0E; Microsoft Outlook 16.0.4266; ms-office; MSOffice 16)"
188.93.56.130 - - [07/Jan/2019:13:11:15 +0700] "GET /tracking.gif?email=agaflena%40mail.ru&mailing=308 HTTP/1.0" 200 197 "-" "Mozilla/5.0 (X11; Linux x86_64) AppleWebKit/537.36 (KHTML, like Gecko)"
188.93.56.128 - - [07/Jan/2019:13:11:19 +0700] "GET /tracking.gif?email=Amina-amina170690%40mail.ru&mailing=308 HTTP/1.0" 200 197 "-" "Mozilla/5.0 (X11; Linux x86_64) AppleWebKit/537.36 (KHTML, like Gecko)"
188.93.56.129 - - [07/Jan/2019:13:12:17 +0700] "GET /tracking.gif?email=alart1%40mail.ru&mailing=308 HTTP/1.0" 200 197 "-" "Mozilla/5.0 (X11; Linux x86_64) AppleWebKit/537.36 (KHTML, like Gecko)"
188.93.56.124 - - [07/Jan/2019:13:12:30 +0700] "GET /tracking.gif?email=alieksandr.danilov.73%40bk.ru&mailing=308 HTTP/1.0" 200 197 "-" "Mozilla/5.0 (X11; Linux x86_64) AppleWebKit/537.36 (KHTML, like Gecko)"
66.102.9.17 - - [07/Jan/2019:13:12:53 +0700] "GET /tracking.gif?email=an.kv.2015.1996%40gmail.com&mailing=308 HTTP/1.0" 200 197 "-" "Mozilla/5.0 (Windows NT 5.1; rv:11.0) Gecko Firefox/11.0 (via ggpht.com GoogleImageProxy)"
188.93.56.130 - - [07/Jan/2019:13:14:37 +0700] "GET /tracking.gif?email=bolshoi567%40mail.ru&mailing=308 HTTP/1.0" 200 197 "-" "Mozilla/5.0 (X11; Linux x86_64) AppleWebKit/537.36 (KHTML, like Gecko)"
188.93.56.128 - - [07/Jan/2019:13:14:40 +0700] "GET /tracking.gif?email=and874%40mail.ru&mailing=308 HTTP/1.0" 200 197 "-" "Mozilla/5.0 (X11; Linux x86_64) AppleWebKit/537.36 (KHTML, like Gecko)"
188.93.56.129 - - [07/Jan/2019:13:15:31 +0700] "GET /tracking.gif?email=Anbiktov%40mail.ru&mailing=308 HTTP/1.0" 200 197 "-" "Mozilla/5.0 (X11; Linux x86_64) AppleWebKit/537.36 (KHTML, like Gecko)"
188.93.56.129 - - [07/Jan/2019:13:16:02 +0700] "GET /tracking.gif?email=heavy89%40list.ru&mailing=307 HTTP/1.0" 200 197 "-" "Mozilla/5.0 (X11; Linux x86_64) AppleWebKit/537.36 (KHTML, like Gecko)"
66.102.9.17 - - [07/Jan/2019:13:16:28 +0700] "GET /tracking.gif?email=baumanks1985%40gmail.com&mailing=286 HTTP/1.0" 200 197 "-" "Mozilla/5.0 (Windows NT 5.1; rv:11.0) Gecko Firefox/11.0 (via ggpht.com GoogleImageProxy)"
188.93.56.124 - - [07/Jan/2019:13:17:42 +0700] "GET /tracking.gif?email=jkaramelka%40mail.ru&mailing=274 HTTP/1.0" 200 197 "-" "Mozilla/5.0 (X11; Linux x86_64) AppleWebKit/537.36 (KHTML, like Gecko)"
188.93.56.128 - - [07/Jan/2019:13:17:55 +0700] "GET /tracking.gif?email=bronya-838%40mail.ru&mailing=308 HTTP/1.0" 200 197 "-" "Mozilla/5.0 (X11; Linux x86_64) AppleWebKit/537.36 (KHTML, like Gecko)"
5.255.241.234 - - [07/Jan/2019:13:17:59 +0700] "GET /tracking.gif?email=ksu.vlasenko%40yandex.ru&mailing=309 HTTP/1.0" 200 197 "-" "Mozilla/5.0 (compatible; YandexImageResizer/2.0; +http://yandex.com/bots)"
188.93.56.123 - - [07/Jan/2019:13:18:44 +0700] "GET /tracking.gif?email=agaflena%40mail.ru&mailing=308 HTTP/1.0" 200 197 "-" "Mozilla/5.0 (X11; Linux x86_64) AppleWebKit/537.36 (KHTML, like Gecko)"
188.93.56.130 - - [07/Jan/2019:13:19:26 +0700] "GET /tracking.gif?email=grammaii%40mail.ru&mailing=308 HTTP/1.0" 200 197 "-" "Mozilla/5.0 (X11; Linux x86_64) AppleWebKit/537.36 (KHTML, like Gecko)"
188.93.56.125 - - [07/Jan/2019:13:19:51 +0700] "GET /tracking.gif?email=garram%40inbox.ru&mailing=308 HTTP/1.0" 200 197 "-" "Mozilla/5.0 (X11; Linux x86_64) AppleWebKit/537.36 (KHTML, like Gecko)"
37.9.65.83 - - [07/Jan/2019:13:20:11 +0700] "GET /tracking.gif?email=a-u-s%40ya.ru&mailing=308 HTTP/1.0" 200 197 "-" "Mozilla/5.0 (compatible; YandexImageResizer/2.0; +http://yandex.com/bots)"
188.93.56.123 - - [07/Jan/2019:13:20:26 +0700] "GET /tracking.gif?email=heavy89%40list.ru&mailing=308 HTTP/1.0" 200 197 "-" "Mozilla/5.0 (X11; Linux x86_64) AppleWebKit/537.36 (KHTML, like Gecko)"
188.93.56.129 - - [07/Jan/2019:13:20:35 +0700] "GET /tracking.gif?email=elizabet020185%40mail.ru&mailing=308 HTTP/1.0" 200 197 "-" "Mozilla/5.0 (X11; Linux x86_64) AppleWebKit/537.36 (KHTML, like Gecko)"
188.93.56.128 - - [07/Jan/2019:13:21:06 +0700] "GET /tracking.gif?email=dekor-line.86%40mail.ru&mailing=308 HTTP/1.0" 200 197 "-" "Mozilla/5.0 (X11; Linux x86_64) AppleWebKit/537.36 (KHTML, like Gecko)"
188.93.56.122 - - [07/Jan/2019:13:21:23 +0700] "GET /tracking.gif?email=elena.korkunova%40mail.ru&mailing=308 HTTP/1.0" 200 197 "-" "Mozilla/5.0 (X11; Linux x86_64) AppleWebKit/537.36 (KHTML, like Gecko)"
37.9.65.66 - - [07/Jan/2019:13:22:34 +0700] "GET /tracking.gif?email=elena71rus86%40yandex.ru&mailing=308 HTTP/1.0" 200 197 "-" "Mozilla/5.0 (compatible; YandexImageResizer/2.0; +http://yandex.com/bots)"
188.93.56.130 - - [07/Jan/2019:13:22:34 +0700] "GET /tracking.gif?email=anklav-101%40mail.ru&mailing=308 HTTP/1.0" 200 197 "-" "Mozilla/5.0 (X11; Linux x86_64) AppleWebKit/537.36 (KHTML, like Gecko)"
5.255.241.249 - - [07/Jan/2019:13:23:02 +0700] "GET /tracking.gif?email=eleng1109%40yandex.ru&mailing=308 HTTP/1.0" 200 197 "-" "Mozilla/5.0 (compatible; YandexImageResizer/2.0; +http://yandex.com/bots)"
95.47.84.118 - - [07/Jan/2019:13:23:44 +0700] "GET /tracking.gif?email=andrtv86%40mail.ru&mailing=308 HTTP/1.0" 200 197 "-" "Mozilla/5.0 (Linux; Android 8.0.0; SM-A520F Build/R16NW; wv) AppleWebKit/537.36 (KHTML, like Gecko) Version/4.0 Chrome/71.0.3578.99 Mobile Safari/537.36"
37.9.65.68 - - [07/Jan/2019:13:24:26 +0700] "GET /tracking.gif?email=Kovalevadaria86%40yandex.ru&mailing=308 HTTP/1.0" 200 197 "-" "Mozilla/5.0 (compatible; YandexImageResizer/2.0; +http://yandex.com/bots)"
188.93.56.123 - - [07/Jan/2019:13:25:18 +0700] "GET /tracking.gif?email=liya_star%40mail.ru&mailing=308 HTTP/1.0" 200 197 "-" "Mozilla/5.0 (X11; Linux x86_64) AppleWebKit/537.36 (KHTML, like Gecko)"
188.93.56.123 - - [07/Jan/2019:13:25:21 +0700] "GET /tracking.gif?email=liya_star%40mail.ru&mailing=308 HTTP/1.0" 200 197 "-" "Mozilla/5.0 (X11; Linux x86_64) AppleWebKit/537.36 (KHTML, like Gecko)"
188.93.56.122 - - [07/Jan/2019:13:25:42 +0700] "GET /tracking.gif?email=larzap%40list.ru&mailing=308 HTTP/1.0" 200 197 "-" "Mozilla/5.0 (X11; Linux x86_64) AppleWebKit/537.36 (KHTML, like Gecko)"
188.19.53.81 - - [07/Jan/2019:13:25:53 +0700] "GET /tracking.gif?email=hapilin_dv%40mail.ru&mailing=308 HTTP/1.0" 200 197 "-" "Mozilla/5.0 (iPhone; CPU iPhone OS 12_1 like Mac OS X) AppleWebKit/605.1.15 (KHTML, like Gecko) Mobile/16B92"
188.93.56.128 - - [07/Jan/2019:13:25:56 +0700] "GET /tracking.gif?email=elvira_harisova%40mail.ru&mailing=308 HTTP/1.0" 200 197 "-" "Mozilla/5.0 (X11; Linux x86_64) AppleWebKit/537.36 (KHTML, like Gecko)"
188.93.56.121 - - [07/Jan/2019:13:26:28 +0700] "GET /tracking.gif?email=Alexandrova_okc%40mail.ru&mailing=308 HTTP/1.0" 200 197 "-" "Mozilla/5.0 (X11; Linux x86_64) AppleWebKit/537.36 (KHTML, like Gecko)"
188.93.56.129 - - [07/Jan/2019:13:26:40 +0700] "GET /tracking.gif?email=an313%40bk.ru&mailing=308 HTTP/1.0" 200 197 "-" "Mozilla/5.0 (X11; Linux x86_64) AppleWebKit/537.36 (KHTML, like Gecko)"
37.9.65.80 - - [07/Jan/2019:13:26:50 +0700] "GET /tracking.gif?email=Chi4agin.sergei%40yandex.ru&mailing=308 HTTP/1.0" 200 197 "-" "Mozilla/5.0 (compatible; YandexImageResizer/2.0; +http://yandex.com/bots)"
188.93.56.130 - - [07/Jan/2019:13:27:17 +0700] "GET /tracking.gif?email=masuyk%40inbox.ru&mailing=308 HTTP/1.0" 200 197 "-" "Mozilla/5.0 (X11; Linux x86_64) AppleWebKit/537.36 (KHTML, like Gecko)"
188.93.56.124 - - [07/Jan/2019:13:27:21 +0700] "GET /tracking.gif?email=mechalkina_1981%40mail.ru&mailing=308 HTTP/1.0" 200 197 "-" "Mozilla/5.0 (X11; Linux x86_64) AppleWebKit/537.36 (KHTML, like Gecko)"
5.255.241.236 - - [07/Jan/2019:13:27:40 +0700] "GET /tracking.gif?email=kozhevnikov.dani1%40yandex.ru&mailing=308 HTTP/1.0" 200 197 "-" "Mozilla/5.0 (compatible; YandexImageResizer/2.0; +http://yandex.com/bots)"
188.93.56.124 - - [07/Jan/2019:13:28:07 +0700] "GET /tracking.gif?email=alyonashul%40mail.ru&mailing=308 HTTP/1.0" 200 197 "-" "Mozilla/5.0 (X11; Linux x86_64) AppleWebKit/537.36 (KHTML, like Gecko)"
91.211.237.84 - - [07/Jan/2019:13:28:16 +0700] "GET /tracking.gif?email=yursann%40ngs.ru&mailing=287 HTTP/1.0" 200 197 "-" "Mozilla/5.0 (Windows NT 5.1) AppleWebKit/537.36 (KHTML, like Gecko) Chrome/45.0.2454.93 Safari/537.36 OPR/32.0.1948.69"
188.93.56.125 - - [07/Jan/2019:13:28:47 +0700] "GET /tracking.gif?email=albu-elena%40mail.ru&mailing=308 HTTP/1.0" 200 197 "-" "Mozilla/5.0 (X11; Linux x86_64) AppleWebKit/537.36 (KHTML, like Gecko)"
188.93.56.126 - - [07/Jan/2019:13:28:52 +0700] "GET /tracking.gif?email=dmitrii_fomin86%40mail.ru&mailing=308 HTTP/1.0" 200 197 "-" "Mozilla/5.0 (X11; Linux x86_64) AppleWebKit/537.36 (KHTML, like Gecko)"
37.9.65.77 - - [07/Jan/2019:13:29:00 +0700] "GET /tracking.gif?email=mihailovki%40yandex.ru&mailing=308 HTTP/1.0" 200 197 "-" "Mozilla/5.0 (compatible; YandexImageResizer/2.0; +http://yandex.com/bots)"
37.9.65.74 - - [07/Jan/2019:13:29:03 +0700] "GET /tracking.gif?email=h1t2%40yandex.ru&mailing=308 HTTP/1.0" 200 197 "-" "Mozilla/5.0 (compatible; YandexImageResizer/2.0; +http://yandex.com/bots)"
188.93.56.127 - - [07/Jan/2019:13:29:05 +0700] "GET /tracking.gif?email=mopo3ko_surgut%40mail.ru&mailing=308 HTTP/1.0" 200 197 "-" "Mozilla/5.0 (X11; Linux x86_64) AppleWebKit/537.36 (KHTML, like Gecko)"
188.93.56.127 - - [07/Jan/2019:13:29:18 +0700] "GET /tracking.gif?email=mopo3ko_surgut%40mail.ru&mailing=307 HTTP/1.0" 200 197 "-" "Mozilla/5.0 (X11; Linux x86_64) AppleWebKit/537.36 (KHTML, like Gecko)"
188.93.56.127 - - [07/Jan/2019:13:29:23 +0700] "GET /tracking.gif?email=mopo3ko_surgut%40mail.ru&mailing=306 HTTP/1.0" 200 197 "-" "Mozilla/5.0 (X11; Linux x86_64) AppleWebKit/537.36 (KHTML, like Gecko)"
213.87.121.155 - - [07/Jan/2019:13:29:28 +0700] "GET /tracking.gif?email=sergey-safronov-93%40mail.ru&mailing=287 HTTP/1.0" 200 197 "-" "Mozilla/5.0 (iPhone; CPU iPhone OS 12_1_2 like Mac OS X) AppleWebKit/605.1.15 (KHTML, like Gecko) Mobile/16C101"
91.211.237.84 - - [07/Jan/2019:13:29:38 +0700] "GET /tracking.gif?email=yursann%40ngs.ru&mailing=287 HTTP/1.0" 200 197 "-" "Mozilla/5.0 (Windows NT 5.1) AppleWebKit/537.36 (KHTML, like Gecko) Chrome/45.0.2454.93 Safari/537.36 OPR/32.0.1948.69"
188.93.56.121 - - [07/Jan/2019:13:29:51 +0700] "GET /tracking.gif?email=imekova_maria%40mail.ru&mailing=286 HTTP/1.0" 200 197 "-" "Mozilla/5.0 (X11; Linux x86_64) AppleWebKit/537.36 (KHTML, like Gecko)"
93.158.130.174 - - [07/Jan/2019:13:29:56 +0700] "GET /tracking.gif?email=svekolomiec%40yandex.ru&mailing=307 HTTP/1.0" 200 197 "-" "Mozilla/5.0 (compatible; YandexImageResizer/2.0; +http://yandex.com/bots)"
93.158.130.166 - - [07/Jan/2019:13:29:57 +0700] "GET /tracking.gif?email=ann-silaeva77%40yandex.ru&mailing=308 HTTP/1.0" 200 197 "-" "Mozilla/5.0 (compatible; YandexImageResizer/2.0; +http://yandex.com/bots)"
188.93.56.130 - - [07/Jan/2019:13:30:14 +0700] "GET /tracking.gif?email=nastenka631875%40mail.ru&mailing=308 HTTP/1.0" 200 197 "-" "Mozilla/5.0 (X11; Linux x86_64) AppleWebKit/537.36 (KHTML, like Gecko)"
188.93.56.130 - - [07/Jan/2019:13:30:19 +0700] "GET /tracking.gif?email=nvo%40list.ru&mailing=308 HTTP/1.0" 200 197 "-" "Mozilla/5.0 (X11; Linux x86_64) AppleWebKit/537.36 (KHTML, like Gecko)"
188.93.56.127 - - [07/Jan/2019:13:30:22 +0700] "GET /tracking.gif?email=ms.kozonkova%40mail.ru&mailing=308 HTTP/1.0" 200 197 "-" "Mozilla/5.0 (X11; Linux x86_64) AppleWebKit/537.36 (KHTML, like Gecko)"
188.93.56.129 - - [07/Jan/2019:13:30:23 +0700] "GET /tracking.gif?email=nova-ks35%40mail.ru&mailing=308 HTTP/1.0" 200 197 "-" "Mozilla/5.0 (X11; Linux x86_64) AppleWebKit/537.36 (KHTML, like Gecko)"
188.93.56.129 - - [07/Jan/2019:13:30:28 +0700] "GET /tracking.gif?email=borol25%40mail.ru&mailing=308 HTTP/1.0" 200 197 "-" "Mozilla/5.0 (X11; Linux x86_64) AppleWebKit/537.36 (KHTML, like Gecko)"
83.174.247.254 - - [07/Jan/2019:13:30:44 +0700] "GET /tracking.gif?email=eliavalieva%40icloud.com&mailing=308 HTTP/1.0" 200 197 "-" "Mozilla/5.0 (iPhone; CPU iPhone OS 12_1_2 like Mac OS X) AppleWebKit/605.1.15 (KHTML, like Gecko) Mobile/16C101"
188.19.59.188 - - [07/Jan/2019:13:30:58 +0700] "GET /tracking.gif?email=natalia_.90%40mail.ru&mailing=308 HTTP/1.0" 200 197 "-" "Mozilla/5.0 (iPhone; CPU iPhone OS 12_1_2 like Mac OS X) AppleWebKit/605.1.15 (KHTML, like Gecko) Mobile/16C101"
194.186.207.107 - - [07/Jan/2019:13:31:09 +0700] "GET /tracking.gif?email=ovpervykh%40sberbank.ru&mailing=308 HTTP/1.0" 200 197 "-" "Mozilla/5.0 (Windows NT 10.0; WOW64; rv:51.0) Gecko/20100101 Firefox/51.0"
194.186.207.107 - - [07/Jan/2019:13:31:09 +0700] "GET /tracking.gif?email=ovpervykh%40sberbank.ru&mailing=308 HTTP/1.0" 200 197 "-" "Mozilla/5.0 (Windows NT 10.0; WOW64; rv:51.0) Gecko/20100101 Firefox/51.0"
213.87.121.155 - - [07/Jan/2019:13:31:26 +0700] "GET /tracking.gif?email=sergey-safronov-93%40mail.ru&mailing=264 HTTP/1.0" 200 197 "-" "Mozilla/5.0 (iPhone; CPU iPhone OS 12_1_2 like Mac OS X) AppleWebKit/605.1.15 (KHTML, like Gecko) Mobile/16C101"
194.186.207.107 - - [07/Jan/2019:13:31:27 +0700] "GET /tracking.gif?email=ovpervykh%40sberbank.ru&mailing=308 HTTP/1.0" 200 197 "-" "Mozilla/4.0 (compatible; MSIE 8.0; Windows NT 6.1; Trident/4.0; SLCC2; .NET CLR 2.0.50727; .NET CLR 3.5.30729; .NET CLR 3.0.30729; Media Center PC 6.0; .NET4.0C; .NET4.0E; Tablet PC 2.0)"
93.158.130.174 - - [07/Jan/2019:13:31:33 +0700] "GET /tracking.gif?email=leny88%40yandex.ru&mailing=308 HTTP/1.0" 200 197 "-" "Mozilla/5.0 (compatible; YandexImageResizer/2.0; +http://yandex.com/bots)"
188.93.56.127 - - [07/Jan/2019:13:31:33 +0700] "GET /tracking.gif?email=olesya.leonova.83%40mail.ru&mailing=308 HTTP/1.0" 200 197 "-" "Mozilla/5.0 (X11; Linux x86_64) AppleWebKit/537.36 (KHTML, like Gecko)"
188.93.56.126 - - [07/Jan/2019:13:31:51 +0700] "GET /tracking.gif?email=ol2008_88%40mail.ru&mailing=308 HTTP/1.0" 200 197 "-" "Mozilla/5.0 (X11; Linux x86_64) AppleWebKit/537.36 (KHTML, like Gecko)"
188.93.56.121 - - [07/Jan/2019:13:32:08 +0700] "GET /tracking.gif?email=memorim%40mail.ru&mailing=308 HTTP/1.0" 200 197 "-" "Mozilla/5.0 (X11; Linux x86_64) AppleWebKit/537.36 (KHTML, like Gecko)"
188.93.56.122 - - [07/Jan/2019:13:32:15 +0700] "GET /tracking.gif?email=9090368829%40mail.ru&mailing=308 HTTP/1.0" 200 197 "-" "Mozilla/5.0 (X11; Linux x86_64) AppleWebKit/537.36 (KHTML, like Gecko)"
188.93.56.128 - - [07/Jan/2019:13:32:28 +0700] "GET /tracking.gif?email=natalie_g85%40mail.ru&mailing=308 HTTP/1.0" 200 197 "-" "Mozilla/5.0 (X11; Linux x86_64) AppleWebKit/537.36 (KHTML, like Gecko)"
188.93.56.122 - - [07/Jan/2019:13:32:41 +0700] "GET /tracking.gif?email=ket84el%40mail.ru&mailing=308 HTTP/1.0" 200 197 "-" "Mozilla/5.0 (X11; Linux x86_64) AppleWebKit/537.36 (KHTML, like Gecko)"
188.93.56.125 - - [07/Jan/2019:13:32:46 +0700] "GET /tracking.gif?email=ket84el%40mail.ru&mailing=308 HTTP/1.0" 200 197 "-" "Mozilla/5.0 (X11; Linux x86_64) AppleWebKit/537.36 (KHTML, like Gecko)"
188.19.53.95 - - [07/Jan/2019:13:33:08 +0700] "GET /tracking.gif?email=milkb%40rambler.ru&mailing=308 HTTP/1.0" 200 197 "-" "Mozilla/5.0 (Linux; Android 8.0.0; SM-G950F Build/R16NW; wv) AppleWebKit/537.36 (KHTML, like Gecko) Version/4.0 Chrome/71.0.3578.99 Mobile Safari/537.36"
188.93.56.130 - - [07/Jan/2019:13:33:20 +0700] "GET /tracking.gif?email=ninok27-85%40mail.ru&mailing=308 HTTP/1.0" 200 197 "-" "Mozilla/5.0 (X11; Linux x86_64) AppleWebKit/537.36 (KHTML, like Gecko)"
188.19.53.95 - - [07/Jan/2019:13:33:28 +0700] "GET /unsubscribe/?email=milkb%40rambler.ru&mailing=308 HTTP/1.0" 200 977 "-" "Mozilla/5.0 (Linux; Android 8.0.0; SAMSUNG SM-G950F Build/R16NW) AppleWebKit/537.36 (KHTML, like Gecko) SamsungBrowser/8.2 Chrome/63.0.3239.111 Mobile Safari/537.36"
188.19.53.95 - - [07/Jan/2019:13:33:28 +0700] "GET /img/popcorn.svg HTTP/1.0" 200 1187 "http://mailing.etobilet.ru/css/main.css" "Mozilla/5.0 (Linux; Android 8.0.0; SAMSUNG SM-G950F Build/R16NW) AppleWebKit/537.36 (KHTML, like Gecko) SamsungBrowser/8.2 Chrome/63.0.3239.111 Mobile Safari/537.36"
188.19.53.95 - - [07/Jan/2019:13:33:37 +0700] "GET /unsubscribe/?email=milkb%40rambler.ru&mailing=308&confirmed=1 HTTP/1.0" 200 748 "http://mailing.etobilet.ru/unsubscribe/?email=milkb%40rambler.ru&mailing=308" "Mozilla/5.0 (Linux; Android 8.0.0; SAMSUNG SM-G950F Build/R16NW) AppleWebKit/537.36 (KHTML, like Gecko) SamsungBrowser/8.2 Chrome/63.0.3239.111 Mobile Safari/537.36"
188.93.56.122 - - [07/Jan/2019:13:33:43 +0700] "GET /tracking.gif?email=Cimavita%40mail.ru&mailing=308 HTTP/1.0" 200 197 "-" "Mozilla/5.0 (X11; Linux x86_64) AppleWebKit/537.36 (KHTML, like Gecko)"
188.93.56.121 - - [07/Jan/2019:13:34:01 +0700] "GET /tracking.gif?email=dimmxx%40mail.ru&mailing=308 HTTP/1.0" 200 197 "-" "Mozilla/5.0 (X11; Linux x86_64) AppleWebKit/537.36 (KHTML, like Gecko)"
188.93.56.129 - - [07/Jan/2019:13:34:04 +0700] "GET /tracking.gif?email=dinara.vasilishina%40mail.ru&mailing=308 HTTP/1.0" 200 197 "-" "Mozilla/5.0 (X11; Linux x86_64) AppleWebKit/537.36 (KHTML, like Gecko)"
37.9.65.70 - - [07/Jan/2019:13:34:17 +0700] "GET /tracking.gif?email=chermikhail%40yandex.ru&mailing=308 HTTP/1.0" 200 197 "-" "Mozilla/5.0 (compatible; YandexImageResizer/2.0; +http://yandex.com/bots)"
188.93.56.129 - - [07/Jan/2019:13:34:29 +0700] "GET /tracking.gif?email=geos-1%40mail.ru&mailing=308 HTTP/1.0" 200 197 "-" "Mozilla/5.0 (X11; Linux x86_64) AppleWebKit/537.36 (KHTML, like Gecko)"
81.19.78.161 - - [07/Jan/2019:13:34:48 +0700] "GET /tracking.gif?email=Gaern%40rambler.ru&mailing=308 HTTP/1.0" 200 197 "https://mail.rambler.ru/?utm_source=head&utm_campaign=self_promo&utm_medium=topline&utm_content=mail" "RamblerMail/6.0 (incompatible; ImageProxy/6.0)"
188.93.56.128 - - [07/Jan/2019:13:35:11 +0700] "GET /tracking.gif?email=hellworker%40mail.ru&mailing=308 HTTP/1.0" 200 197 "-" "Mozilla/5.0 (X11; Linux x86_64) AppleWebKit/537.36 (KHTML, like Gecko)"
81.19.78.160 - - [07/Jan/2019:13:35:18 +0700] "GET /tracking.gif?email=pogodikk%40rambler.ru&mailing=308 HTTP/1.0" 200 197 "https://mail-pda.rambler.ru/" "RamblerMail/6.0 (incompatible; ImageProxy/6.0)"
5.255.241.244 - - [07/Jan/2019:13:35:25 +0700] "GET /tracking.gif?email=larisabekenova%40yandex.ru&mailing=308 HTTP/1.0" 200 197 "-" "Mozilla/5.0 (compatible; YandexImageResizer/2.0; +http://yandex.com/bots)"
188.93.56.126 - - [07/Jan/2019:13:35:25 +0700] "GET /tracking.gif?email=jarmarka86%40mail.ru&mailing=307 HTTP/1.0" 200 197 "-" "Mozilla/5.0 (X11; Linux x86_64) AppleWebKit/537.36 (KHTML, like Gecko)"
83.149.37.136 - - [07/Jan/2019:13:35:26 +0700] "GET /unsubscribe/?email=hellworker%40mail.ru&mailing=308 HTTP/1.0" 200 981 "-" "Mozilla/5.0 (Linux; Android 8.0.0; G8441) AppleWebKit/537.36 (KHTML, like Gecko) Chrome/71.0.3578.99 Mobile Safari/537.36"
83.149.37.136 - - [07/Jan/2019:13:35:27 +0700] "GET /img/popcorn.svg HTTP/1.0" 200 1187 "http://mailing.etobilet.ru/css/main.css" "Mozilla/5.0 (Linux; Android 8.0.0; G8441) AppleWebKit/537.36 (KHTML, like Gecko) Chrome/71.0.3578.99 Mobile Safari/537.36"
83.149.37.136 - - [07/Jan/2019:13:35:30 +0700] "GET /unsubscribe/?email=hellworker%40mail.ru&mailing=308&confirmed=1 HTTP/1.0" 200 748 "http://mailing.etobilet.ru/unsubscribe/?email=hellworker%40mail.ru&mailing=308" "Mozilla/5.0 (Linux; Android 8.0.0; G8441) AppleWebKit/537.36 (KHTML, like Gecko) Chrome/71.0.3578.99 Mobile Safari/537.36"
188.93.56.126 - - [07/Jan/2019:13:35:36 +0700] "GET /tracking.gif?email=jarmarka86%40mail.ru&mailing=308 HTTP/1.0" 200 197 "-" "Mozilla/5.0 (X11; Linux x86_64) AppleWebKit/537.36 (KHTML, like Gecko)"
176.212.20.121 - - [07/Jan/2019:13:35:47 +0700] "GET /tracking.gif?email=Skiteam_96%40mail.ru&mailing=225 HTTP/1.0" 200 197 "-" "Mozilla/5.0 (iPhone; CPU iPhone OS 12_0 like Mac OS X) AppleWebKit/605.1.15 (KHTML, like Gecko) Mobile/16A366"
188.93.56.121 - - [07/Jan/2019:13:35:49 +0700] "GET /tracking.gif?email=sema.guseyinova95%40mail.ru&mailing=308 HTTP/1.0" 200 197 "-" "Mozilla/5.0 (X11; Linux x86_64) AppleWebKit/537.36 (KHTML, like Gecko)"
188.93.56.127 - - [07/Jan/2019:13:36:09 +0700] "GET /tracking.gif?email=oxi_fuad%40mail.ru&mailing=270 HTTP/1.0" 200 197 "-" "Mozilla/5.0 (X11; Linux x86_64) AppleWebKit/537.36 (KHTML, like Gecko)"
188.93.56.129 - - [07/Jan/2019:13:36:56 +0700] "GET /tracking.gif?email=rsemeon%40mail.ru&mailing=308 HTTP/1.0" 200 197 "-" "Mozilla/5.0 (X11; Linux x86_64) AppleWebKit/537.36 (KHTML, like Gecko)"
188.93.56.122 - - [07/Jan/2019:13:37:00 +0700] "GET /tracking.gif?email=eminem-rim%40mail.ru&mailing=308 HTTP/1.0" 200 197 "-" "Mozilla/5.0 (X11; Linux x86_64) AppleWebKit/537.36 (KHTML, like Gecko)"
5.255.241.227 - - [07/Jan/2019:13:37:07 +0700] "GET /tracking.gif?email=kondil%40list.ru&mailing=287 HTTP/1.0" 200 197 "-" "Mozilla/5.0 (compatible; YandexImageResizer/2.0; +http://yandex.com/bots)"
5.129.234.97 - - [07/Jan/2019:13:38:03 +0700] "GET /tracking.gif?email=svetlana-sur%40rambler.ru&mailing=307 HTTP/1.0" 200 197 "-" "Mozilla/5.0 (Linux; Android 6.0.1; SM-G800H Build/MMB29M; wv) AppleWebKit/537.36 (KHTML, like Gecko) Version/4.0 Chrome/67.0.3396.81 Mobile Safari/537.36"
