66.102.9.129 - - [08/Jan/2019:01:54:36 +0700] "GET /tracking.gif?email=miss.filatova%40gmail.com&mailing=284 HTTP/1.0" 200 197 "-" "Mozilla/5.0 (Windows NT 5.1; rv:11.0) Gecko Firefox/11.0 (via ggpht.com GoogleImageProxy)"
5.53.27.105 - - [08/Jan/2019:01:55:11 +0700] "GET /tracking.gif?email=shevchik1976%40bk.ru&mailing=308 HTTP/1.0" 200 197 "-" "Mozilla/5.0 (iPhone; CPU iPhone OS 12_1_2 like Mac OS X) AppleWebKit/605.1.15 (KHTML, like Gecko) Mobile/16C101"
5.255.241.247 - - [08/Jan/2019:01:55:32 +0700] "GET /tracking.gif?email=tarasencko.tanya%40yandex.ru&mailing=241 HTTP/1.0" 200 197 "-" "Mozilla/5.0 (compatible; YandexImageResizer/2.0; +http://yandex.com/bots)"
188.93.56.127 - - [08/Jan/2019:01:55:56 +0700] "GET /tracking.gif?email=shodi_186%40mail.ru&mailing=306 HTTP/1.0" 200 197 "-" "Mozilla/5.0 (X11; Linux x86_64) AppleWebKit/537.36 (KHTML, like Gecko)"
5.129.209.74 - - [08/Jan/2019:01:56:48 +0700] "GET /tracking.gif?email=kalachev2006%40mail.ru&mailing=307 HTTP/1.0" 200 197 "-" "Mozilla/5.0 (iPhone; CPU iPhone OS 12_1_2 like Mac OS X) AppleWebKit/605.1.15 (KHTML, like Gecko) Mobile/16C101"
217.112.0.59 - - [08/Jan/2019:01:57:32 +0700] "GET /tracking.gif?email=zeleninasibcar%40yandex.ru&mailing=306 HTTP/1.0" 200 197 "-" "Mozilla/5.0 (iPhone; CPU iPhone OS 10_2 like Mac OS X) AppleWebKit/602.3.12 (KHTML, like Gecko) Mobile/14C92"
188.93.56.130 - - [08/Jan/2019:02:09:15 +0700] "GET /tracking.gif?email=ybel91%40mail.ru&mailing=287 HTTP/1.0" 200 197 "-" "Mozilla/5.0 (X11; Linux x86_64) AppleWebKit/537.36 (KHTML, like Gecko)"
31.163.201.171 - - [08/Jan/2019:02:30:02 +0700] "GET /tracking.gif?email=tata_matata%40mail.ru&mailing=308 HTTP/1.0" 200 197 "-" "Mozilla/5.0 (iPad; CPU OS 12_0_1 like Mac OS X) AppleWebKit/605.1.15 (KHTML, like Gecko) Mobile/16A404"
31.163.201.171 - - [08/Jan/2019:02:30:38 +0700] "GET /tracking.gif?email=tata_matata%40mail.ru&mailing=307 HTTP/1.0" 200 197 "-" "Mozilla/5.0 (iPad; CPU OS 12_0_1 like Mac OS X) AppleWebKit/605.1.15 (KHTML, like Gecko) Mobile/16A404"
31.163.201.171 - - [08/Jan/2019:02:30:46 +0700] "GET /tracking.gif?email=tata_matata%40mail.ru&mailing=306 HTTP/1.0" 200 197 "-" "Mozilla/5.0 (iPad; CPU OS 12_0_1 like Mac OS X) AppleWebKit/605.1.15 (KHTML, like Gecko) Mobile/16A404"
31.163.201.171 - - [08/Jan/2019:02:32:32 +0700] "GET /tracking.gif?email=tata_matata%40mail.ru&mailing=304 HTTP/1.0" 200 197 "-" "Mozilla/5.0 (iPad; CPU OS 12_0_1 like Mac OS X) AppleWebKit/605.1.15 (KHTML, like Gecko) Mobile/16A404"
31.163.201.171 - - [08/Jan/2019:02:32:33 +0700] "GET /tracking.gif?email=tata_matata%40mail.ru&mailing=294 HTTP/1.0" 200 197 "-" "Mozilla/5.0 (iPad; CPU OS 12_0_1 like Mac OS X) AppleWebKit/605.1.15 (KHTML, like Gecko) Mobile/16A404"
188.93.56.128 - - [08/Jan/2019:02:38:34 +0700] "GET /tracking.gif?email=ainura25-m%40mail.ru&mailing=308 HTTP/1.0" 200 197 "-" "Mozilla/5.0 (X11; Linux x86_64) AppleWebKit/537.36 (KHTML, like Gecko)"
188.93.56.124 - - [08/Jan/2019:02:38:43 +0700] "GET /tracking.gif?email=ainura25-m%40mail.ru&mailing=307 HTTP/1.0" 200 197 "-" "Mozilla/5.0 (X11; Linux x86_64) AppleWebKit/537.36 (KHTML, like Gecko)"
188.93.56.124 - - [08/Jan/2019:02:38:44 +0700] "GET /tracking.gif?email=ainura25-m%40mail.ru&mailing=306 HTTP/1.0" 200 197 "-" "Mozilla/5.0 (X11; Linux x86_64) AppleWebKit/537.36 (KHTML, like Gecko)"
188.93.56.129 - - [08/Jan/2019:02:38:59 +0700] "GET /tracking.gif?email=ainura25-m%40mail.ru&mailing=304 HTTP/1.0" 200 197 "-" "Mozilla/5.0 (X11; Linux x86_64) AppleWebKit/537.36 (KHTML, like Gecko)"
188.93.56.122 - - [08/Jan/2019:02:39:05 +0700] "GET /tracking.gif?email=matasova1990%40mail.ru&mailing=303 HTTP/1.0" 200 197 "-" "Mozilla/5.0 (X11; Linux x86_64) AppleWebKit/537.36 (KHTML, like Gecko)"
178.176.113.111 - - [08/Jan/2019:02:39:17 +0700] "GET /unsubscribe/?email=matasova1990%40mail.ru&mailing=303 HTTP/1.0" 200 990 "-" "Mozilla/5.0 (Linux; Android 5.0; Lenovo S1a40) AppleWebKit/537.36 (KHTML, like Gecko) Chrome/71.0.3578.98 Mobile Safari/537.36"
178.176.113.111 - - [08/Jan/2019:02:39:18 +0700] "GET /img/popcorn.svg HTTP/1.0" 200 1187 "http://mailing.etobilet.ru/css/main.css" "Mozilla/5.0 (Linux; Android 5.0; Lenovo S1a40) AppleWebKit/537.36 (KHTML, like Gecko) Chrome/71.0.3578.98 Mobile Safari/537.36"
188.93.56.125 - - [08/Jan/2019:02:39:19 +0700] "GET /tracking.gif?email=pisgv%40mail.ru&mailing=308 HTTP/1.0" 200 197 "-" "Mozilla/5.0 (X11; Linux x86_64) AppleWebKit/537.36 (KHTML, like Gecko)"
178.176.113.111 - - [08/Jan/2019:02:39:24 +0700] "GET /unsubscribe/?email=matasova1990%40mail.ru&mailing=303&confirmed=1 HTTP/1.0" 200 753 "http://mailing.etobilet.ru/unsubscribe/?email=matasova1990%40mail.ru&mailing=303" "Mozilla/5.0 (Linux; Android 5.0; Lenovo S1a40) AppleWebKit/537.36 (KHTML, like Gecko) Chrome/71.0.3578.98 Mobile Safari/537.36"
46.233.198.176 - - [08/Jan/2019:02:45:44 +0700] "GET /tracking.gif?email=Lukina1974%40mail.ru&mailing=274 HTTP/1.0" 200 197 "-" "Mozilla/5.0 (iPhone; CPU iPhone OS 12_1_2 like Mac OS X) AppleWebKit/605.1.15 (KHTML, like Gecko) Mobile/16C101"
66.102.9.62 - - [08/Jan/2019:03:03:13 +0700] "GET /tracking.gif?email=ek220281%40gmail.com&mailing=308 HTTP/1.0" 200 197 "-" "Mozilla/5.0 (Windows NT 5.1; rv:11.0) Gecko Firefox/11.0 (via ggpht.com GoogleImageProxy)"
188.93.56.129 - - [08/Jan/2019:03:08:11 +0700] "GET /tracking.gif?email=norkina-nik%40bk.ru&mailing=308 HTTP/1.0" 200 197 "-" "Mozilla/5.0 (X11; Linux x86_64) AppleWebKit/537.36 (KHTML, like Gecko)"
185.30.176.27 - - [08/Jan/2019:03:13:37 +0700] "GET /tracking.gif?email=moskalenko_kseni%40mail.ru&mailing=270 HTTP/1.0" 200 197 "-" "Mozilla/5.0 (X11; Linux x86_64) AppleWebKit/537.36 (KHTML, like Gecko)"
85.140.24.27 - - [08/Jan/2019:03:43:30 +0700] "GET /tracking.gif?email=christinalopvik%40icloud.com&mailing=280 HTTP/1.0" 200 197 "-" "Mozilla/5.0 (iPhone; CPU iPhone OS 12_1 like Mac OS X) AppleWebKit/605.1.15 (KHTML, like Gecko) Mobile/16B92"
188.93.56.121 - - [08/Jan/2019:03:52:43 +0700] "GET /tracking.gif?email=evgenia.78%40bk.ru&mailing=308 HTTP/1.0" 200 197 "-" "Mozilla/5.0 (X11; Linux x86_64) AppleWebKit/537.36 (KHTML, like Gecko)"
66.249.81.190 - - [08/Jan/2019:03:57:07 +0700] "GET /tracking.gif?email=stepangk88%40gmail.com&mailing=286 HTTP/1.0" 200 197 "-" "Mozilla/5.0 (Windows NT 5.1; rv:11.0) Gecko Firefox/11.0 (via ggpht.com GoogleImageProxy)"
66.102.9.14 - - [08/Jan/2019:04:04:27 +0700] "GET /tracking.gif?email=zea2109%40gmail.com&mailing=307 HTTP/1.0" 200 197 "-" "Mozilla/5.0 (Windows NT 5.1; rv:11.0) Gecko Firefox/11.0 (via ggpht.com GoogleImageProxy)"
188.93.56.129 - - [08/Jan/2019:04:36:31 +0700] "GET /tracking.gif?email=Marfey_92%40mail.ru&mailing=308 HTTP/1.0" 200 197 "-" "Mozilla/5.0 (X11; Linux x86_64) AppleWebKit/537.36 (KHTML, like Gecko)"
188.93.56.128 - - [08/Jan/2019:04:45:13 +0700] "GET /tracking.gif?email=lex16%40bk.ru&mailing=241 HTTP/1.0" 200 197 "-" "Mozilla/5.0 (X11; Linux x86_64) AppleWebKit/537.36 (KHTML, like Gecko)"
46.233.250.150 - - [08/Jan/2019:04:46:02 +0700] "GET /tracking.gif?email=evg_22%40icloud.com&mailing=280 HTTP/1.0" 200 197 "-" "Mozilla/5.0 (iPhone; CPU iPhone OS 12_1_2 like Mac OS X) AppleWebKit/605.1.15 (KHTML, like Gecko) Mobile/16C101"
178.176.112.118 - - [08/Jan/2019:04:54:03 +0700] "GET /tracking.gif?email=ms.stkhanskaya%40mail.ru&mailing=279 HTTP/1.0" 200 197 "-" "Mozilla/5.0 (Linux; Android 8.0.0; STF-L09 Build/HUAWEISTF-L09; wv) AppleWebKit/537.36 (KHTML, like Gecko) Version/4.0 Chrome/71.0.3578.99 Mobile Safari/537.36"
37.9.65.70 - - [08/Jan/2019:05:53:15 +0700] "GET /tracking.gif?email=Av_shevtcov%40mail.ru&mailing=308 HTTP/1.0" 200 197 "-" "Mozilla/5.0 (compatible; YandexImageResizer/2.0; +http://yandex.com/bots)"
66.102.9.17 - - [08/Jan/2019:05:55:37 +0700] "GET /tracking.gif?email=mg.procyon%40gmail.com&mailing=287 HTTP/1.0" 200 197 "-" "Mozilla/5.0 (Windows NT 5.1; rv:11.0) Gecko Firefox/11.0 (via ggpht.com GoogleImageProxy)"
66.102.9.17 - - [08/Jan/2019:06:05:39 +0700] "GET /tracking.gif?email=Evqechkakara%40gmail.com&mailing=308 HTTP/1.0" 200 197 "-" "Mozilla/5.0 (Windows NT 5.1; rv:11.0) Gecko Firefox/11.0 (via ggpht.com GoogleImageProxy)"
66.102.9.17 - - [08/Jan/2019:06:10:46 +0700] "GET /tracking.gif?email=Evqechkakara%40gmail.com&mailing=294 HTTP/1.0" 200 197 "-" "Mozilla/5.0 (Windows NT 5.1; rv:11.0) Gecko Firefox/11.0 (via ggpht.com GoogleImageProxy)"
207.102.138.158 - - [08/Jan/2019:06:15:03 +0700] "GET / HTTP/1.0" 404 180 "-" "Mozilla/5.0 (X11; Linux x86_64) AppleWebKit/537.36 (KHTML, like Gecko) Chrome/38.0.2125.101 Safari/537.36"
188.93.56.121 - - [08/Jan/2019:06:42:47 +0700] "GET /tracking.gif?email=zhnn66%40mail.ru&mailing=286 HTTP/1.0" 200 197 "-" "Mozilla/5.0 (X11; Linux x86_64) AppleWebKit/537.36 (KHTML, like Gecko)"
188.93.56.128 - - [08/Jan/2019:07:55:47 +0700] "GET /tracking.gif?email=molnia17%40mail.ru&mailing=279 HTTP/1.0" 200 197 "-" "Mozilla/5.0 (X11; Linux x86_64) AppleWebKit/537.36 (KHTML, like Gecko)"
188.93.56.124 - - [08/Jan/2019:09:03:07 +0700] "GET /tracking.gif?email=denis.gridchenko%40mail.ru&mailing=241 HTTP/1.0" 200 197 "-" "Mozilla/5.0 (X11; Linux x86_64) AppleWebKit/537.36 (KHTML, like Gecko)"
188.93.56.130 - - [08/Jan/2019:09:11:23 +0700] "GET /tracking.gif?email=johnvolf%40list.ru&mailing=306 HTTP/1.0" 200 197 "-" "Mozilla/5.0 (X11; Linux x86_64) AppleWebKit/537.36 (KHTML, like Gecko)"
84.244.11.68 - - [08/Jan/2019:09:18:59 +0700] "GET /tracking.gif?email=dem_d.a%40bk.ru&mailing=289 HTTP/1.0" 200 197 "-" "Mozilla/4.0 (compatible; MSIE 7.0; Windows NT 10.0; WOW64; Trident/7.0; .NET4.0C; .NET4.0E; .NET CLR 2.0.50727; .NET CLR 3.0.30729; .NET CLR 3.5.30729; Microsoft Outlook 15.0.5085; ms-office; MSOffice 15)"
66.102.9.14 - - [08/Jan/2019:09:20:50 +0700] "GET /tracking.gif?email=bussmail1096%40gmail.com&mailing=280 HTTP/1.0" 200 197 "-" "Mozilla/5.0 (Windows NT 5.1; rv:11.0) Gecko Firefox/11.0 (via ggpht.com GoogleImageProxy)"
66.102.9.17 - - [08/Jan/2019:09:21:26 +0700] "GET /tracking.gif?email=bussmail1096%40gmail.com&mailing=274 HTTP/1.0" 200 197 "-" "Mozilla/5.0 (Windows NT 5.1; rv:11.0) Gecko Firefox/11.0 (via ggpht.com GoogleImageProxy)"
66.102.9.20 - - [08/Jan/2019:09:23:17 +0700] "GET /tracking.gif?email=bussmail1096%40gmail.com&mailing=241 HTTP/1.0" 200 197 "-" "Mozilla/5.0 (Windows NT 5.1; rv:11.0) Gecko Firefox/11.0 (via ggpht.com GoogleImageProxy)"
188.93.56.128 - - [08/Jan/2019:09:26:50 +0700] "GET /tracking.gif?email=Kazbekoval%40mail.ru&mailing=268 HTTP/1.0" 200 197 "-" "Mozilla/5.0 (X11; Linux x86_64) AppleWebKit/537.36 (KHTML, like Gecko)"
93.158.130.180 - - [08/Jan/2019:09:35:18 +0700] "GET /tracking.gif?email=artem2809%40yandex.ru&mailing=270 HTTP/1.0" 200 197 "-" "Mozilla/5.0 (compatible; YandexImageResizer/2.0; +http://yandex.com/bots)"
188.19.55.101 - - [08/Jan/2019:09:52:28 +0700] "GET /tracking.gif?email=sstk5%40rambler.ru&mailing=307 HTTP/1.0" 200 197 "-" "Mozilla/5.0 (iPhone; CPU iPhone OS 12_1_2 like Mac OS X) AppleWebKit/605.1.15 (KHTML, like Gecko) Mobile/16C101"
188.19.55.101 - - [08/Jan/2019:09:52:29 +0700] "GET /tracking.gif?email=sstk5%40rambler.ru&mailing=307 HTTP/1.0" 200 197 "-" "Mozilla/5.0 (iPhone; CPU iPhone OS 12_1_2 like Mac OS X) AppleWebKit/605.1.15 (KHTML, like Gecko) Mobile/16C101"
188.19.55.101 - - [08/Jan/2019:09:52:47 +0700] "GET /unsubscribe/?email=sstk5%40rambler.ru&mailing=307 HTTP/1.0" 200 977 "-" "Mozilla/5.0 (iPhone; CPU iPhone OS 12_1_2 like Mac OS X) AppleWebKit/605.1.15 (KHTML, like Gecko) Version/12.0 Mobile/15E148 Safari/604.1"
188.19.55.101 - - [08/Jan/2019:09:52:48 +0700] "GET /img/popcorn.svg HTTP/1.0" 200 1187 "http://mailing.etobilet.ru/unsubscribe/?email=sstk5%40rambler.ru&mailing=307" "Mozilla/5.0 (iPhone; CPU iPhone OS 12_1_2 like Mac OS X) AppleWebKit/605.1.15 (KHTML, like Gecko) Version/12.0 Mobile/15E148 Safari/604.1"
188.19.55.101 - - [08/Jan/2019:09:52:55 +0700] "GET /unsubscribe/?email=sstk5%40rambler.ru&mailing=307&confirmed=1 HTTP/1.0" 200 748 "http://mailing.etobilet.ru/unsubscribe/?email=sstk5%40rambler.ru&mailing=307" "Mozilla/5.0 (iPhone; CPU iPhone OS 12_1_2 like Mac OS X) AppleWebKit/605.1.15 (KHTML, like Gecko) Version/12.0 Mobile/15E148 Safari/604.1"
188.19.55.101 - - [08/Jan/2019:09:53:00 +0700] "GET /tracking.gif?email=sstk5%40rambler.ru&mailing=308 HTTP/1.0" 200 197 "-" "Mozilla/5.0 (iPhone; CPU iPhone OS 12_1_2 like Mac OS X) AppleWebKit/605.1.15 (KHTML, like Gecko) Mobile/16C101"
188.19.55.101 - - [08/Jan/2019:09:53:00 +0700] "GET /tracking.gif?email=sstk5%40rambler.ru&mailing=308 HTTP/1.0" 200 197 "-" "Mozilla/5.0 (iPhone; CPU iPhone OS 12_1_2 like Mac OS X) AppleWebKit/605.1.15 (KHTML, like Gecko) Mobile/16C101"
188.19.55.101 - - [08/Jan/2019:09:53:07 +0700] "GET /unsubscribe/?email=sstk5%40rambler.ru&mailing=308 HTTP/1.0" 200 977 "-" "Mozilla/5.0 (iPhone; CPU iPhone OS 12_1_2 like Mac OS X) AppleWebKit/605.1.15 (KHTML, like Gecko) Version/12.0 Mobile/15E148 Safari/604.1"
188.19.55.101 - - [08/Jan/2019:09:53:12 +0700] "GET /unsubscribe/?email=sstk5%40rambler.ru&mailing=308&confirmed=1 HTTP/1.0" 200 748 "http://mailing.etobilet.ru/unsubscribe/?email=sstk5%40rambler.ru&mailing=308" "Mozilla/5.0 (iPhone; CPU iPhone OS 12_1_2 like Mac OS X) AppleWebKit/605.1.15 (KHTML, like Gecko) Version/12.0 Mobile/15E148 Safari/604.1"
188.93.56.122 - - [08/Jan/2019:09:57:00 +0700] "GET /tracking.gif?email=akirilyuk%40inbox.ru&mailing=308 HTTP/1.0" 200 197 "-" "Mozilla/5.0 (X11; Linux x86_64) AppleWebKit/537.36 (KHTML, like Gecko)"
188.93.56.128 - - [08/Jan/2019:09:57:16 +0700] "GET /tracking.gif?email=i_omsk%40mail.ru&mailing=280 HTTP/1.0" 200 197 "-" "Mozilla/5.0 (X11; Linux x86_64) AppleWebKit/537.36 (KHTML, like Gecko)"
5.255.241.228 - - [08/Jan/2019:09:57:41 +0700] "GET /tracking.gif?email=sevrus2007%40yandex.ru&mailing=308 HTTP/1.0" 200 197 "-" "Mozilla/5.0 (compatible; YandexImageResizer/2.0; +http://yandex.com/bots)"
188.162.84.13 - - [08/Jan/2019:10:04:18 +0700] "GET /tracking.gif?email=YunusovaArina%40gmail.com&mailing=286 HTTP/1.0" 200 197 "-" "Mozilla/5.0 (iPhone; CPU iPhone OS 12_1_2 like Mac OS X) AppleWebKit/605.1.15 (KHTML, like Gecko) Mobile/16C101"
188.93.56.123 - - [08/Jan/2019:10:21:17 +0700] "GET /tracking.gif?email=miss_ann86%40mail.ru&mailing=308 HTTP/1.0" 200 197 "-" "Mozilla/5.0 (X11; Linux x86_64) AppleWebKit/537.36 (KHTML, like Gecko)"
188.93.56.126 - - [08/Jan/2019:10:25:06 +0700] "GET /tracking.gif?email=lolina78%40mail.ru&mailing=308 HTTP/1.0" 200 197 "-" "Mozilla/5.0 (X11; Linux x86_64) AppleWebKit/537.36 (KHTML, like Gecko)"
188.93.56.129 - - [08/Jan/2019:10:25:30 +0700] "GET /tracking.gif?email=smm.72%40mail.ru&mailing=304 HTTP/1.0" 200 197 "-" "Mozilla/5.0 (X11; Linux x86_64) AppleWebKit/537.36 (KHTML, like Gecko)"
188.93.56.124 - - [08/Jan/2019:10:26:26 +0700] "GET /tracking.gif?email=lolina78%40mail.ru&mailing=306 HTTP/1.0" 200 197 "-" "Mozilla/5.0 (X11; Linux x86_64) AppleWebKit/537.36 (KHTML, like Gecko)"
188.93.56.121 - - [08/Jan/2019:10:30:54 +0700] "GET /tracking.gif?email=Kolominka%40mail.ru&mailing=286 HTTP/1.0" 200 197 "-" "Mozilla/5.0 (X11; Linux x86_64) AppleWebKit/537.36 (KHTML, like Gecko)"
188.93.56.124 - - [08/Jan/2019:10:32:50 +0700] "GET /tracking.gif?email=Marygulina25%40mail.ru&mailing=284 HTTP/1.0" 200 197 "-" "Mozilla/5.0 (X11; Linux x86_64) AppleWebKit/537.36 (KHTML, like Gecko)"
188.93.56.125 - - [08/Jan/2019:10:40:46 +0700] "GET /tracking.gif?email=620680artem%40mail.ru&mailing=286 HTTP/1.0" 200 197 "-" "Mozilla/5.0 (X11; Linux x86_64) AppleWebKit/537.36 (KHTML, like Gecko)"
188.93.56.124 - - [08/Jan/2019:10:50:02 +0700] "GET /tracking.gif?email=sasha_t_74%40mail.ru&mailing=274 HTTP/1.0" 200 197 "-" "Mozilla/5.0 (X11; Linux x86_64) AppleWebKit/537.36 (KHTML, like Gecko)"
188.93.56.125 - - [08/Jan/2019:10:52:39 +0700] "GET /tracking.gif?email=Poliprint%40mail.ru&mailing=308 HTTP/1.0" 200 197 "-" "Mozilla/5.0 (X11; Linux x86_64) AppleWebKit/537.36 (KHTML, like Gecko)"
176.59.201.0 - - [08/Jan/2019:10:56:30 +0700] "GET /tracking.gif?email=zev2000%40yandex.ru&mailing=308 HTTP/1.0" 200 197 "-" "Mozilla/5.0 (iPhone; CPU iPhone OS 10_3_3 like Mac OS X) AppleWebKit/603.3.8 (KHTML, like Gecko) Mobile/14G60"
188.93.56.122 - - [08/Jan/2019:10:57:34 +0700] "GET /tracking.gif?email=role-xx%40mail.ru&mailing=307 HTTP/1.0" 200 197 "-" "Mozilla/5.0 (X11; Linux x86_64) AppleWebKit/537.36 (KHTML, like Gecko)"
176.59.201.0 - - [08/Jan/2019:10:58:24 +0700] "GET /tracking.gif?email=zev2000%40yandex.ru&mailing=307 HTTP/1.0" 200 197 "-" "Mozilla/5.0 (iPhone; CPU iPhone OS 10_3_3 like Mac OS X) AppleWebKit/603.3.8 (KHTML, like Gecko) Mobile/14G60"
188.93.56.124 - - [08/Jan/2019:10:59:02 +0700] "GET /tracking.gif?email=kis_ka96%40mail.ru&mailing=274 HTTP/1.0" 200 197 "-" "Mozilla/5.0 (X11; Linux x86_64) AppleWebKit/537.36 (KHTML, like Gecko)"
188.93.56.127 - - [08/Jan/2019:10:59:13 +0700] "GET /tracking.gif?email=Filipp-2585%40mail.ru&mailing=308 HTTP/1.0" 200 197 "-" "Mozilla/5.0 (X11; Linux x86_64) AppleWebKit/537.36 (KHTML, like Gecko)"
188.93.56.127 - - [08/Jan/2019:10:59:17 +0700] "GET /tracking.gif?email=Filipp-2585%40mail.ru&mailing=307 HTTP/1.0" 200 197 "-" "Mozilla/5.0 (X11; Linux x86_64) AppleWebKit/537.36 (KHTML, like Gecko)"
176.59.201.0 - - [08/Jan/2019:10:59:37 +0700] "GET /tracking.gif?email=zev2000%40yandex.ru&mailing=306 HTTP/1.0" 200 197 "-" "Mozilla/5.0 (iPhone; CPU iPhone OS 10_3_3 like Mac OS X) AppleWebKit/603.3.8 (KHTML, like Gecko) Mobile/14G60"
176.59.201.0 - - [08/Jan/2019:11:00:23 +0700] "GET /tracking.gif?email=zev2000%40yandex.ru&mailing=305 HTTP/1.0" 200 197 "-" "Mozilla/5.0 (iPhone; CPU iPhone OS 10_3_3 like Mac OS X) AppleWebKit/603.3.8 (KHTML, like Gecko) Mobile/14G60"
66.102.9.20 - - [08/Jan/2019:11:01:55 +0700] "GET /tracking.gif?email=clofsj%40gmail.com&mailing=280 HTTP/1.0" 200 197 "-" "Mozilla/5.0 (Windows NT 5.1; rv:11.0) Gecko Firefox/11.0 (via ggpht.com GoogleImageProxy)"
176.59.201.0 - - [08/Jan/2019:11:03:24 +0700] "GET /tracking.gif?email=zev2000%40yandex.ru&mailing=304 HTTP/1.0" 200 197 "-" "Mozilla/5.0 (iPhone; CPU iPhone OS 10_3_3 like Mac OS X) AppleWebKit/603.3.8 (KHTML, like Gecko) Mobile/14G60"
176.59.201.0 - - [08/Jan/2019:11:03:43 +0700] "GET /tracking.gif?email=zev2000%40yandex.ru&mailing=294 HTTP/1.0" 200 197 "-" "Mozilla/5.0 (iPhone; CPU iPhone OS 10_3_3 like Mac OS X) AppleWebKit/603.3.8 (KHTML, like Gecko) Mobile/14G60"
176.59.201.0 - - [08/Jan/2019:11:04:16 +0700] "GET /tracking.gif?email=zev2000%40yandex.ru&mailing=293 HTTP/1.0" 200 197 "-" "Mozilla/5.0 (iPhone; CPU iPhone OS 10_3_3 like Mac OS X) AppleWebKit/603.3.8 (KHTML, like Gecko) Mobile/14G60"
188.93.56.126 - - [08/Jan/2019:11:13:07 +0700] "GET /tracking.gif?email=katarindmitrii%40mail.ru&mailing=286 HTTP/1.0" 200 197 "-" "Mozilla/5.0 (X11; Linux x86_64) AppleWebKit/537.36 (KHTML, like Gecko)"
188.93.56.130 - - [08/Jan/2019:11:13:38 +0700] "GET /tracking.gif?email=khasanshin82%40mail.ru&mailing=308 HTTP/1.0" 200 197 "-" "Mozilla/5.0 (X11; Linux x86_64) AppleWebKit/537.36 (KHTML, like Gecko)"
188.93.56.129 - - [08/Jan/2019:11:13:53 +0700] "GET /tracking.gif?email=khasanshin82%40mail.ru&mailing=307 HTTP/1.0" 200 197 "-" "Mozilla/5.0 (X11; Linux x86_64) AppleWebKit/537.36 (KHTML, like Gecko)"
5.255.241.226 - - [08/Jan/2019:11:17:56 +0700] "GET /tracking.gif?email=nevest-goda%40ya.ru&mailing=308 HTTP/1.0" 200 197 "-" "Mozilla/5.0 (compatible; YandexImageResizer/2.0; +http://yandex.com/bots)"
188.93.56.130 - - [08/Jan/2019:11:31:34 +0700] "GET /tracking.gif?email=oksalala%40mail.ru&mailing=308 HTTP/1.0" 200 197 "-" "Mozilla/5.0 (X11; Linux x86_64) AppleWebKit/537.36 (KHTML, like Gecko)"
46.101.98.104 - - [08/Jan/2019:11:32:09 +0700] "GET /tracking.gif?email=Sikaka1991%40icloud.com&mailing=226 HTTP/1.0" 200 197 "-" "Mozilla/5.0 (iPhone; CPU iPhone OS 12_1_2 like Mac OS X) AppleWebKit/605.1.15 (KHTML, like Gecko) Mobile/16C101"
188.93.56.128 - - [08/Jan/2019:11:37:28 +0700] "GET /tracking.gif?email=olka-88.19%40mail.ru&mailing=279 HTTP/1.0" 200 197 "-" "Mozilla/5.0 (X11; Linux x86_64) AppleWebKit/537.36 (KHTML, like Gecko)"
94.143.61.86 - - [08/Jan/2019:11:38:16 +0700] "GET /tracking.gif?email=vsidakova%40mail.ru&mailing=308 HTTP/1.0" 200 197 "-" "Mozilla/5.0 (Linux; Android 7.0; SM-A310F Build/NRD90M; wv) AppleWebKit/537.36 (KHTML, like Gecko) Version/4.0 Chrome/71.0.3578.99 Mobile Safari/537.36"
188.93.56.128 - - [08/Jan/2019:11:38:25 +0700] "GET /tracking.gif?email=olka-88.19%40mail.ru&mailing=252 HTTP/1.0" 200 197 "-" "Mozilla/5.0 (X11; Linux x86_64) AppleWebKit/537.36 (KHTML, like Gecko)"
90.188.119.221 - - [08/Jan/2019:11:40:39 +0700] "GET /tracking.gif?email=malahovavaleria96%40gmail.com&mailing=286 HTTP/1.0" 200 197 "-" "Mozilla/5.0 (iPhone; CPU iPhone OS 12_0 like Mac OS X) AppleWebKit/605.1.15 (KHTML, like Gecko) Mobile/16A366"
188.93.56.121 - - [08/Jan/2019:11:42:16 +0700] "GET /tracking.gif?email=kea1382%40mail.ru&mailing=308 HTTP/1.0" 200 197 "-" "Mozilla/5.0 (X11; Linux x86_64) AppleWebKit/537.36 (KHTML, like Gecko)"
109.194.45.232 - - [08/Jan/2019:11:44:13 +0700] "GET /tracking.gif?email=prokudina1994%40icloud.com&mailing=286 HTTP/1.0" 200 197 "-" "Mozilla/5.0 (iPhone; CPU iPhone OS 12_1_2 like Mac OS X) AppleWebKit/605.1.15 (KHTML, like Gecko) Mobile/16C101"
217.118.79.37 - - [08/Jan/2019:11:50:57 +0700] "GET /tracking.gif?email=IagodinaSveta%40icloud.com&mailing=286 HTTP/1.0" 200 197 "-" "Mozilla/5.0 (iPhone; CPU iPhone OS 12_1_2 like Mac OS X) AppleWebKit/605.1.15 (KHTML, like Gecko) Mobile/16C101"
217.118.79.37 - - [08/Jan/2019:11:51:02 +0700] "GET /tracking.gif?email=IagodinaSveta%40icloud.com&mailing=257 HTTP/1.0" 200 197 "-" "Mozilla/5.0 (iPhone; CPU iPhone OS 12_1_2 like Mac OS X) AppleWebKit/605.1.15 (KHTML, like Gecko) Mobile/16C101"
217.118.79.37 - - [08/Jan/2019:11:51:10 +0700] "GET /tracking.gif?email=IagodinaSveta%40icloud.com&mailing=226 HTTP/1.0" 200 197 "-" "Mozilla/5.0 (iPhone; CPU iPhone OS 12_1_2 like Mac OS X) AppleWebKit/605.1.15 (KHTML, like Gecko) Mobile/16C101"
5.129.205.129 - - [08/Jan/2019:12:02:04 +0700] "GET /tracking.gif?email=ivanushka199727%40gmail.com&mailing=286 HTTP/1.0" 200 197 "-" "Mozilla/5.0 (iPhone; CPU iPhone OS 12_1_2 like Mac OS X) AppleWebKit/605.1.15 (KHTML, like Gecko) Mobile/16C101"
188.93.56.124 - - [08/Jan/2019:12:03:04 +0700] "GET /tracking.gif?email=natalie_g85%40mail.ru&mailing=308 HTTP/1.0" 200 197 "-" "Mozilla/5.0 (X11; Linux x86_64) AppleWebKit/537.36 (KHTML, like Gecko)"
145.255.0.57 - - [08/Jan/2019:12:05:44 +0700] "GET /unsubscribe/?email=madina8673%40mail.ru&mailing=308 HTTP/1.0" 200 981 "-" "Mozilla/5.0 (Windows NT 6.1; Win64; x64) AppleWebKit/537.36 (KHTML, like Gecko) Chrome/71.0.3578.98 Safari/537.36"
145.255.0.57 - - [08/Jan/2019:12:05:44 +0700] "GET /img/popcorn.svg HTTP/1.0" 200 1187 "http://mailing.etobilet.ru/css/main.css" "Mozilla/5.0 (Windows NT 6.1; Win64; x64) AppleWebKit/537.36 (KHTML, like Gecko) Chrome/71.0.3578.98 Safari/537.36"
145.255.0.57 - - [08/Jan/2019:12:05:47 +0700] "GET /unsubscribe/?email=madina8673%40mail.ru&mailing=308&confirmed=1 HTTP/1.0" 200 748 "http://mailing.etobilet.ru/unsubscribe/?email=madina8673%40mail.ru&mailing=308" "Mozilla/5.0 (Windows NT 6.1; Win64; x64) AppleWebKit/537.36 (KHTML, like Gecko) Chrome/71.0.3578.98 Safari/537.36"
188.93.56.128 - - [08/Jan/2019:12:07:34 +0700] "GET /tracking.gif?email=nata101188%40mail.ru&mailing=308 HTTP/1.0" 200 197 "-" "Mozilla/5.0 (X11; Linux x86_64) AppleWebKit/537.36 (KHTML, like Gecko)"
37.9.65.85 - - [08/Jan/2019:12:07:47 +0700] "GET /tracking.gif?email=f.rashit%40yandex.ru&mailing=308 HTTP/1.0" 200 197 "-" "Mozilla/5.0 (compatible; YandexImageResizer/2.0; +http://yandex.com/bots)"
188.93.56.126 - - [08/Jan/2019:12:09:29 +0700] "GET /tracking.gif?email=stenlid%40mail.ru&mailing=308 HTTP/1.0" 200 197 "-" "Mozilla/5.0 (X11; Linux x86_64) AppleWebKit/537.36 (KHTML, like Gecko)"
176.59.211.21 - - [08/Jan/2019:12:09:35 +0700] "GET /tracking.gif?email=mypaper%40rambler.ru&mailing=308 HTTP/1.0" 200 197 "-" "Mozilla/5.0 (Macintosh; Intel Mac OS X 10_14_2) AppleWebKit/605.1.15 (KHTML, like Gecko)"
95.172.97.110 - - [08/Jan/2019:12:09:40 +0700] "GET /unsubscribe/?email=stenlid%40mail.ru&mailing=308 HTTP/1.0" 200 975 "-" "Mozilla/5.0 (Windows NT 10.0) AppleWebKit/537.36 (KHTML, like Gecko) Chrome/70.0.3538.102 Safari/537.36 OPR/57.0.3098.106"
95.172.97.110 - - [08/Jan/2019:12:09:41 +0700] "GET /img/popcorn.svg HTTP/1.0" 200 1187 "http://mailing.etobilet.ru/css/main.css" "Mozilla/5.0 (Windows NT 10.0) AppleWebKit/537.36 (KHTML, like Gecko) Chrome/70.0.3538.102 Safari/537.36 OPR/57.0.3098.106"
95.172.97.110 - - [08/Jan/2019:12:09:43 +0700] "GET /unsubscribe/?email=stenlid%40mail.ru&mailing=308&confirmed=1 HTTP/1.0" 200 748 "http://mailing.etobilet.ru/unsubscribe/?email=stenlid%40mail.ru&mailing=308" "Mozilla/5.0 (Windows NT 10.0) AppleWebKit/537.36 (KHTML, like Gecko) Chrome/70.0.3538.102 Safari/537.36 OPR/57.0.3098.106"
188.93.56.129 - - [08/Jan/2019:12:10:07 +0700] "GET /tracking.gif?email=dim1000%40list.ru&mailing=308 HTTP/1.0" 200 197 "-" "Mozilla/5.0 (X11; Linux x86_64) AppleWebKit/537.36 (KHTML, like Gecko)"
188.93.56.129 - - [08/Jan/2019:12:10:17 +0700] "GET /tracking.gif?email=dim1000%40list.ru&mailing=307 HTTP/1.0" 200 197 "-" "Mozilla/5.0 (X11; Linux x86_64) AppleWebKit/537.36 (KHTML, like Gecko)"
94.25.178.81 - - [08/Jan/2019:12:11:05 +0700] "GET /unsubscribe/?email=f.rashit%40yandex.ru&mailing=308 HTTP/1.0" 200 981 "-" "Mozilla/5.0 (Windows NT 6.1; WOW64) AppleWebKit/537.36 (KHTML, like Gecko) Chrome/70.0.3538.102 YaBrowser/18.11.1.805 Yowser/2.5 Safari/537.36"
188.93.56.126 - - [08/Jan/2019:12:11:06 +0700] "GET /tracking.gif?email=yoa66%40mail.ru&mailing=308 HTTP/1.0" 200 197 "-" "Mozilla/5.0 (X11; Linux x86_64) AppleWebKit/537.36 (KHTML, like Gecko)"
94.25.178.81 - - [08/Jan/2019:12:11:07 +0700] "GET /img/popcorn.svg HTTP/1.0" 200 1187 "http://mailing.etobilet.ru/css/main.css" "Mozilla/5.0 (Windows NT 6.1; WOW64) AppleWebKit/537.36 (KHTML, like Gecko) Chrome/70.0.3538.102 YaBrowser/18.11.1.805 Yowser/2.5 Safari/537.36"
94.25.178.81 - - [08/Jan/2019:12:11:09 +0700] "GET /unsubscribe/?email=f.rashit%40yandex.ru&mailing=308&confirmed=1 HTTP/1.0" 200 748 "http://mailing.etobilet.ru/unsubscribe/?email=f.rashit%40yandex.ru&mailing=308" "Mozilla/5.0 (Windows NT 6.1; WOW64) AppleWebKit/537.36 (KHTML, like Gecko) Chrome/70.0.3538.102 YaBrowser/18.11.1.805 Yowser/2.5 Safari/537.36"
188.93.56.123 - - [08/Jan/2019:12:12:29 +0700] "GET /tracking.gif?email=agaflena%40mail.ru&mailing=309 HTTP/1.0" 200 197 "-" "Mozilla/5.0 (X11; Linux x86_64) AppleWebKit/537.36 (KHTML, like Gecko)"
188.93.56.127 - - [08/Jan/2019:12:12:37 +0700] "GET /tracking.gif?email=alart1%40mail.ru&mailing=309 HTTP/1.0" 200 197 "-" "Mozilla/5.0 (X11; Linux x86_64) AppleWebKit/537.36 (KHTML, like Gecko)"
187.189.63.238 - - [08/Jan/2019:12:13:23 +0700] "GET /tracking.gif?email=ana-bachilova%40yandex.ru&mailing=309 HTTP/1.0" 200 197 "-" "Mozilla/5.0 (Linux; Android 8.0.0; SM-G930F Build/R16NW; wv) AppleWebKit/537.36 (KHTML, like Gecko) Version/4.0 Chrome/71.0.3578.99 Mobile Safari/537.36"
188.93.56.123 - - [08/Jan/2019:12:13:27 +0700] "GET /tracking.gif?email=alhesenova%40mail.ru&mailing=309 HTTP/1.0" 200 197 "-" "Mozilla/5.0 (X11; Linux x86_64) AppleWebKit/537.36 (KHTML, like Gecko)"
188.93.56.130 - - [08/Jan/2019:12:13:40 +0700] "GET /tracking.gif?email=Alexandrova_okc%40mail.ru&mailing=309 HTTP/1.0" 200 197 "-" "Mozilla/5.0 (X11; Linux x86_64) AppleWebKit/537.36 (KHTML, like Gecko)"
188.93.56.125 - - [08/Jan/2019:12:13:44 +0700] "GET /tracking.gif?email=Anbiktov%40mail.ru&mailing=309 HTTP/1.0" 200 197 "-" "Mozilla/5.0 (X11; Linux x86_64) AppleWebKit/537.36 (KHTML, like Gecko)"
188.93.56.126 - - [08/Jan/2019:12:14:06 +0700] "GET /tracking.gif?email=butuevae%40mail.ru&mailing=307 HTTP/1.0" 200 197 "-" "Mozilla/5.0 (X11; Linux x86_64) AppleWebKit/537.36 (KHTML, like Gecko)"
188.93.56.128 - - [08/Jan/2019:12:14:21 +0700] "GET /tracking.gif?email=Nashms%40mail.ru&mailing=308 HTTP/1.0" 200 197 "-" "Mozilla/5.0 (X11; Linux x86_64) AppleWebKit/537.36 (KHTML, like Gecko)"
5.255.241.244 - - [08/Jan/2019:12:14:23 +0700] "GET /tracking.gif?email=alex.prihod%40yandex.ru&mailing=309 HTTP/1.0" 200 197 "-" "Mozilla/5.0 (compatible; YandexImageResizer/2.0; +http://yandex.com/bots)"
5.255.241.230 - - [08/Jan/2019:12:14:35 +0700] "GET /tracking.gif?email=anrired%40yandex.ru&mailing=309 HTTP/1.0" 200 197 "-" "Mozilla/5.0 (compatible; YandexImageResizer/2.0; +http://yandex.com/bots)"
188.19.169.6 - - [08/Jan/2019:12:14:44 +0700] "GET /unsubscribe/?email=alex.prihod%40yandex.ru&mailing=309 HTTP/1.0" 200 987 "-" "Mozilla/5.0 (Windows NT 10.0; Win64; x64; rv:64.0) Gecko/20100101 Firefox/64.0"
188.19.169.6 - - [08/Jan/2019:12:14:44 +0700] "GET /img/popcorn.svg HTTP/1.0" 200 1187 "http://mailing.etobilet.ru/css/main.css" "Mozilla/5.0 (Windows NT 10.0; Win64; x64; rv:64.0) Gecko/20100101 Firefox/64.0"
188.19.169.6 - - [08/Jan/2019:12:14:46 +0700] "GET /unsubscribe/?email=alex.prihod%40yandex.ru&mailing=309&confirmed=1 HTTP/1.0" 200 748 "http://mailing.etobilet.ru/unsubscribe/?email=alex.prihod%40yandex.ru&mailing=309" "Mozilla/5.0 (Windows NT 10.0; Win64; x64; rv:64.0) Gecko/20100101 Firefox/64.0"
188.93.56.125 - - [08/Jan/2019:12:15:00 +0700] "GET /tracking.gif?email=223641%40bk.ru&mailing=309 HTTP/1.0" 200 197 "-" "Mozilla/5.0 (X11; Linux x86_64) AppleWebKit/537.36 (KHTML, like Gecko)"
66.102.9.14 - - [08/Jan/2019:12:15:14 +0700] "GET /tracking.gif?email=it.is.emptiness%40gmail.com&mailing=307 HTTP/1.0" 200 197 "-" "Mozilla/5.0 (Windows NT 5.1; rv:11.0) Gecko Firefox/11.0 (via ggpht.com GoogleImageProxy)"
66.102.9.17 - - [08/Jan/2019:12:15:14 +0700] "GET /tracking.gif?email=it.is.emptiness%40gmail.com&mailing=305 HTTP/1.0" 200 197 "-" "Mozilla/5.0 (Windows NT 5.1; rv:11.0) Gecko Firefox/11.0 (via ggpht.com GoogleImageProxy)"
66.102.9.14 - - [08/Jan/2019:12:15:14 +0700] "GET /tracking.gif?email=it.is.emptiness%40gmail.com&mailing=308 HTTP/1.0" 200 197 "-" "Mozilla/5.0 (Windows NT 5.1; rv:11.0) Gecko Firefox/11.0 (via ggpht.com GoogleImageProxy)"
188.93.56.124 - - [08/Jan/2019:12:15:34 +0700] "GET /tracking.gif?email=berk-irina07%40mail.ru&mailing=309 HTTP/1.0" 200 197 "-" "Mozilla/5.0 (X11; Linux x86_64) AppleWebKit/537.36 (KHTML, like Gecko)"
188.93.56.128 - - [08/Jan/2019:12:15:55 +0700] "GET /tracking.gif?email=butuevae%40mail.ru&mailing=266 HTTP/1.0" 200 197 "-" "Mozilla/5.0 (X11; Linux x86_64) AppleWebKit/537.36 (KHTML, like Gecko)"
188.93.56.124 - - [08/Jan/2019:12:16:29 +0700] "GET /tracking.gif?email=butuevae%40mail.ru&mailing=309 HTTP/1.0" 200 197 "-" "Mozilla/5.0 (X11; Linux x86_64) AppleWebKit/537.36 (KHTML, like Gecko)"
188.93.56.130 - - [08/Jan/2019:12:16:35 +0700] "GET /tracking.gif?email=chinchevich_si%40mail.ru&mailing=309 HTTP/1.0" 200 197 "-" "Mozilla/5.0 (X11; Linux x86_64) AppleWebKit/537.36 (KHTML, like Gecko)"
188.93.56.124 - - [08/Jan/2019:12:17:42 +0700] "GET /tracking.gif?email=d-rushana%40mail.ru&mailing=309 HTTP/1.0" 200 197 "-" "Mozilla/5.0 (X11; Linux x86_64) AppleWebKit/537.36 (KHTML, like Gecko)"
188.93.56.121 - - [08/Jan/2019:12:18:08 +0700] "GET /tracking.gif?email=shamray.a.a%40mail.ru&mailing=308 HTTP/1.0" 200 197 "-" "Mozilla/5.0 (X11; Linux x86_64) AppleWebKit/537.36 (KHTML, like Gecko)"
93.158.130.179 - - [08/Jan/2019:12:18:29 +0700] "GET /tracking.gif?email=alexey050909%40yandex.ru&mailing=309 HTTP/1.0" 200 197 "-" "Mozilla/5.0 (compatible; YandexImageResizer/2.0; +http://yandex.com/bots)"
188.93.56.121 - - [08/Jan/2019:12:19:33 +0700] "GET /tracking.gif?email=revyakina_elena91%40mail.ru&mailing=280 HTTP/1.0" 200 197 "-" "Mozilla/5.0 (X11; Linux x86_64) AppleWebKit/537.36 (KHTML, like Gecko)"
5.255.241.241 - - [08/Jan/2019:12:20:55 +0700] "GET /tracking.gif?email=fury15%40yandex.ru&mailing=309 HTTP/1.0" 200 197 "-" "Mozilla/5.0 (compatible; YandexImageResizer/2.0; +http://yandex.com/bots)"
188.93.56.122 - - [08/Jan/2019:12:21:26 +0700] "GET /tracking.gif?email=mixirina1965%40mail.ru&mailing=279 HTTP/1.0" 200 197 "-" "Mozilla/5.0 (X11; Linux x86_64) AppleWebKit/537.36 (KHTML, like Gecko)"
95.47.11.118 - - [08/Jan/2019:12:21:27 +0700] "GET /tracking.gif?email=bosinamama%40mail.ru&mailing=309 HTTP/1.0" 200 197 "-" "Mozilla/5.0 (iPhone; CPU iPhone OS 12_1 like Mac OS X) AppleWebKit/605.1.15 (KHTML, like Gecko) Mobile/16B92"
93.158.130.167 - - [08/Jan/2019:12:22:43 +0700] "GET /tracking.gif?email=evseeva-juli%40yandex.ru&mailing=309 HTTP/1.0" 200 197 "-" "Mozilla/5.0 (compatible; YandexImageResizer/2.0; +http://yandex.com/bots)"
188.93.56.122 - - [08/Jan/2019:12:23:11 +0700] "GET /tracking.gif?email=mixirina1965%40mail.ru&mailing=252 HTTP/1.0" 200 197 "-" "Mozilla/5.0 (X11; Linux x86_64) AppleWebKit/537.36 (KHTML, like Gecko)"
188.93.56.125 - - [08/Jan/2019:12:24:27 +0700] "GET /tracking.gif?email=heavy89%40list.ru&mailing=309 HTTP/1.0" 200 197 "-" "Mozilla/5.0 (X11; Linux x86_64) AppleWebKit/537.36 (KHTML, like Gecko)"
188.93.56.121 - - [08/Jan/2019:12:24:36 +0700] "GET /tracking.gif?email=borol25%40mail.ru&mailing=308 HTTP/1.0" 200 197 "-" "Mozilla/5.0 (X11; Linux x86_64) AppleWebKit/537.36 (KHTML, like Gecko)"
188.93.56.121 - - [08/Jan/2019:12:24:42 +0700] "GET /tracking.gif?email=borol25%40mail.ru&mailing=307 HTTP/1.0" 200 197 "-" "Mozilla/5.0 (X11; Linux x86_64) AppleWebKit/537.36 (KHTML, like Gecko)"
188.93.56.121 - - [08/Jan/2019:12:24:43 +0700] "GET /tracking.gif?email=borol25%40mail.ru&mailing=306 HTTP/1.0" 200 197 "-" "Mozilla/5.0 (X11; Linux x86_64) AppleWebKit/537.36 (KHTML, like Gecko)"
37.9.65.83 - - [08/Jan/2019:12:24:44 +0700] "GET /tracking.gif?email=inind%40yandex.ru&mailing=270 HTTP/1.0" 200 197 "-" "Mozilla/5.0 (compatible; YandexImageResizer/2.0; +http://yandex.com/bots)"
188.93.56.121 - - [08/Jan/2019:12:24:45 +0700] "GET /tracking.gif?email=borol25%40mail.ru&mailing=305 HTTP/1.0" 200 197 "-" "Mozilla/5.0 (X11; Linux x86_64) AppleWebKit/537.36 (KHTML, like Gecko)"
188.93.56.121 - - [08/Jan/2019:12:24:52 +0700] "GET /tracking.gif?email=borol25%40mail.ru&mailing=304 HTTP/1.0" 200 197 "-" "Mozilla/5.0 (X11; Linux x86_64) AppleWebKit/537.36 (KHTML, like Gecko)"
188.93.56.121 - - [08/Jan/2019:12:25:03 +0700] "GET /tracking.gif?email=borol25%40mail.ru&mailing=294 HTTP/1.0" 200 197 "-" "Mozilla/5.0 (X11; Linux x86_64) AppleWebKit/537.36 (KHTML, like Gecko)"
188.93.56.121 - - [08/Jan/2019:12:25:04 +0700] "GET /tracking.gif?email=borol25%40mail.ru&mailing=293 HTTP/1.0" 200 197 "-" "Mozilla/5.0 (X11; Linux x86_64) AppleWebKit/537.36 (KHTML, like Gecko)"
188.93.56.121 - - [08/Jan/2019:12:25:20 +0700] "GET /tracking.gif?email=borol25%40mail.ru&mailing=291 HTTP/1.0" 200 197 "-" "Mozilla/5.0 (X11; Linux x86_64) AppleWebKit/537.36 (KHTML, like Gecko)"
188.93.56.122 - - [08/Jan/2019:12:25:28 +0700] "GET /tracking.gif?email=kunava-1%40yandex.ru&mailing=308 HTTP/1.0" 200 197 "-" "Mozilla/5.0 (X11; Linux x86_64) AppleWebKit/537.36 (KHTML, like Gecko)"
188.93.56.130 - - [08/Jan/2019:12:25:29 +0700] "GET /tracking.gif?email=borol25%40mail.ru&mailing=266 HTTP/1.0" 200 197 "-" "Mozilla/5.0 (X11; Linux x86_64) AppleWebKit/537.36 (KHTML, like Gecko)"
188.93.56.124 - - [08/Jan/2019:12:25:32 +0700] "GET /tracking.gif?email=dasha_dasha2605%40mail.ru&mailing=309 HTTP/1.0" 200 197 "-" "Mozilla/5.0 (X11; Linux x86_64) AppleWebKit/537.36 (KHTML, like Gecko)"
188.93.56.130 - - [08/Jan/2019:12:25:43 +0700] "GET /tracking.gif?email=albertdem%40mail.ru&mailing=309 HTTP/1.0" 200 197 "-" "Mozilla/5.0 (X11; Linux x86_64) AppleWebKit/537.36 (KHTML, like Gecko)"
188.93.56.123 - - [08/Jan/2019:12:25:55 +0700] "GET /tracking.gif?email=borol25%40mail.ru&mailing=261 HTTP/1.0" 200 197 "-" "Mozilla/5.0 (X11; Linux x86_64) AppleWebKit/537.36 (KHTML, like Gecko)"
188.93.56.123 - - [08/Jan/2019:12:26:08 +0700] "GET /tracking.gif?email=borol25%40mail.ru&mailing=240 HTTP/1.0" 200 197 "-" "Mozilla/5.0 (X11; Linux x86_64) AppleWebKit/537.36 (KHTML, like Gecko)"
188.93.56.123 - - [08/Jan/2019:12:26:19 +0700] "GET /tracking.gif?email=borol25%40mail.ru&mailing=237 HTTP/1.0" 200 197 "-" "Mozilla/5.0 (X11; Linux x86_64) AppleWebKit/537.36 (KHTML, like Gecko)"
37.9.65.84 - - [08/Jan/2019:12:26:27 +0700] "GET /tracking.gif?email=k-sergei-62%40mail.ru&mailing=309 HTTP/1.0" 200 197 "-" "Mozilla/5.0 (compatible; YandexImageResizer/2.0; +http://yandex.com/bots)"
188.93.56.123 - - [08/Jan/2019:12:26:31 +0700] "GET /tracking.gif?email=borol25%40mail.ru&mailing=212 HTTP/1.0" 200 197 "-" "Mozilla/5.0 (X11; Linux x86_64) AppleWebKit/537.36 (KHTML, like Gecko)"
92.255.174.158 - - [08/Jan/2019:12:26:35 +0700] "GET /tracking.gif?email=kapshin%40list.ru&mailing=309 HTTP/1.0" 200 197 "-" "Mozilla/5.0 (Linux; Android 8.1.0; SM-J730FM Build/M1AJQ; wv) AppleWebKit/537.36 (KHTML, like Gecko) Version/4.0 Chrome/71.0.3578.99 Mobile Safari/537.36"
92.255.174.158 - - [08/Jan/2019:12:26:46 +0700] "GET /unsubscribe/?email=kapshin%40list.ru&mailing=309 HTTP/1.0" 200 975 "-" "Mozilla/5.0 (Linux; Android 8.1.0; SM-J730FM Build/M1AJQ) AppleWebKit/537.36 (KHTML, like Gecko) Chrome/70.0.3538.110 Mobile Safari/537.36 OPR/49.2.2361.134358"
92.255.174.158 - - [08/Jan/2019:12:26:47 +0700] "GET /img/popcorn.svg HTTP/1.0" 200 1187 "http://mailing.etobilet.ru/css/main.css" "Mozilla/5.0 (Linux; Android 8.1.0; SM-J730FM Build/M1AJQ) AppleWebKit/537.36 (KHTML, like Gecko) Chrome/70.0.3538.110 Mobile Safari/537.36 OPR/49.2.2361.134358"
92.255.174.158 - - [08/Jan/2019:12:26:51 +0700] "GET /unsubscribe/?email=kapshin%40list.ru&mailing=309&confirmed=1 HTTP/1.0" 200 748 "http://mailing.etobilet.ru/unsubscribe/?email=kapshin%40list.ru&mailing=309" "Mozilla/5.0 (Linux; Android 8.1.0; SM-J730FM Build/M1AJQ) AppleWebKit/537.36 (KHTML, like Gecko) Chrome/70.0.3538.110 Mobile Safari/537.36 OPR/49.2.2361.134358"
66.102.9.14 - - [08/Jan/2019:12:26:53 +0700] "GET /tracking.gif?email=bushetunmay%40yandex.ru&mailing=309 HTTP/1.0" 200 197 "-" "Mozilla/5.0 (Linux; Android 8.0.0; SM-G965F) AppleWebKit/537.36 (KHTML, like Gecko) Chrome/71.0.3578.99 Mobile Safari/537.36"
188.93.56.129 - - [08/Jan/2019:12:27:17 +0700] "GET /tracking.gif?email=Ksm8282%40list.ru&mailing=309 HTTP/1.0" 200 197 "-" "Mozilla/5.0 (X11; Linux x86_64) AppleWebKit/537.36 (KHTML, like Gecko)"
188.93.56.122 - - [08/Jan/2019:12:27:58 +0700] "GET /tracking.gif?email=artem.konev%40mail.ru&mailing=309 HTTP/1.0" 200 197 "-" "Mozilla/5.0 (X11; Linux x86_64) AppleWebKit/537.36 (KHTML, like Gecko)"
188.93.56.123 - - [08/Jan/2019:12:28:22 +0700] "GET /tracking.gif?email=m.koklyagina%40mail.ru&mailing=309 HTTP/1.0" 200 197 "-" "Mozilla/5.0 (X11; Linux x86_64) AppleWebKit/537.36 (KHTML, like Gecko)"
188.93.56.129 - - [08/Jan/2019:12:29:13 +0700] "GET /tracking.gif?email=mel223344%40mail.ru&mailing=309 HTTP/1.0" 200 197 "-" "Mozilla/5.0 (X11; Linux x86_64) AppleWebKit/537.36 (KHTML, like Gecko)"
188.93.56.121 - - [08/Jan/2019:12:29:18 +0700] "GET /tracking.gif?email=dmitrii_fomin86%40mail.ru&mailing=309 HTTP/1.0" 200 197 "-" "Mozilla/5.0 (X11; Linux x86_64) AppleWebKit/537.36 (KHTML, like Gecko)"
31.173.84.186 - - [08/Jan/2019:12:29:18 +0700] "GET /tracking.gif?email=me%40supporteam.ru&mailing=309 HTTP/1.0" 200 197 "-" "Mozilla/5.0 (Macintosh; Intel Mac OS X 10_14_2) AppleWebKit/605.1.15 (KHTML, like Gecko)"
95.47.13.213 - - [08/Jan/2019:12:29:26 +0700] "GET /tracking.gif?email=ldajtlova%40mail.ru&mailing=309 HTTP/1.0" 200 197 "-" "Mozilla/5.0 (Linux; Android 8.1.0; JSN-L21 Build/HONORJSN-L21; wv) AppleWebKit/537.36 (KHTML, like Gecko) Version/4.0 Chrome/71.0.3578.99 Mobile Safari/537.36"
213.87.225.210 - - [08/Jan/2019:12:29:32 +0700] "GET /tracking.gif?email=i10101%40yandex.ru&mailing=309 HTTP/1.0" 200 197 "-" "Mozilla/5.0 (Linux; Android 8.0.0; BKL-L09 Build/HUAWEIBKL-L09S; wv) AppleWebKit/537.36 (KHTML, like Gecko) Version/4.0 Chrome/71.0.3578.99 Mobile Safari/537.36"
188.93.56.130 - - [08/Jan/2019:12:29:34 +0700] "GET /tracking.gif?email=mavrik78%40inbox.ru&mailing=309 HTTP/1.0" 200 197 "-" "Mozilla/5.0 (X11; Linux x86_64) AppleWebKit/537.36 (KHTML, like Gecko)"
188.93.56.121 - - [08/Jan/2019:12:29:36 +0700] "GET /tracking.gif?email=k_svetic%40mail.ru&mailing=309 HTTP/1.0" 200 197 "-" "Mozilla/5.0 (X11; Linux x86_64) AppleWebKit/537.36 (KHTML, like Gecko)"
188.93.56.126 - - [08/Jan/2019:12:29:38 +0700] "GET /tracking.gif?email=bogdanov.a.s%40mail.ru&mailing=309 HTTP/1.0" 200 197 "-" "Mozilla/5.0 (X11; Linux x86_64) AppleWebKit/537.36 (KHTML, like Gecko)"
188.93.56.124 - - [08/Jan/2019:12:29:41 +0700] "GET /tracking.gif?email=stoyanov86%40mail.ru&mailing=289 HTTP/1.0" 200 197 "-" "Mozilla/5.0 (X11; Linux x86_64) AppleWebKit/537.36 (KHTML, like Gecko)"
188.93.56.121 - - [08/Jan/2019:12:29:46 +0700] "GET /tracking.gif?email=elena.matyusheva.92%40mail.ru&mailing=309 HTTP/1.0" 200 197 "-" "Mozilla/5.0 (X11; Linux x86_64) AppleWebKit/537.36 (KHTML, like Gecko)"
188.93.56.126 - - [08/Jan/2019:12:30:06 +0700] "GET /tracking.gif?email=mel223344%40mail.ru&mailing=309 HTTP/1.0" 200 197 "-" "Mozilla/5.0 (X11; Linux x86_64) AppleWebKit/537.36 (KHTML, like Gecko)"
188.93.56.126 - - [08/Jan/2019:12:30:09 +0700] "GET /tracking.gif?email=lakrista%40inbox.ru&mailing=309 HTTP/1.0" 200 197 "-" "Mozilla/5.0 (X11; Linux x86_64) AppleWebKit/537.36 (KHTML, like Gecko)"
93.158.130.175 - - [08/Jan/2019:12:30:13 +0700] "GET /tracking.gif?email=larisabekenova%40yandex.ru&mailing=309 HTTP/1.0" 200 197 "-" "Mozilla/5.0 (compatible; YandexImageResizer/2.0; +http://yandex.com/bots)"
188.93.56.122 - - [08/Jan/2019:12:30:23 +0700] "GET /tracking.gif?email=pegas.1976%40mail.ru&mailing=206 HTTP/1.0" 200 197 "-" "Mozilla/5.0 (X11; Linux x86_64) AppleWebKit/537.36 (KHTML, like Gecko)"
188.93.56.123 - - [08/Jan/2019:12:30:38 +0700] "GET /tracking.gif?email=miss_ann86%40mail.ru&mailing=309 HTTP/1.0" 200 197 "-" "Mozilla/5.0 (X11; Linux x86_64) AppleWebKit/537.36 (KHTML, like Gecko)"
188.93.56.122 - - [08/Jan/2019:12:30:47 +0700] "GET /tracking.gif?email=liya_star%40mail.ru&mailing=309 HTTP/1.0" 200 197 "-" "Mozilla/5.0 (X11; Linux x86_64) AppleWebKit/537.36 (KHTML, like Gecko)"
188.93.56.123 - - [08/Jan/2019:12:30:55 +0700] "GET /tracking.gif?email=lerochka550%40mail.ru&mailing=309 HTTP/1.0" 200 197 "-" "Mozilla/5.0 (X11; Linux x86_64) AppleWebKit/537.36 (KHTML, like Gecko)"
188.93.56.125 - - [08/Jan/2019:12:31:42 +0700] "GET /tracking.gif?email=geos-1%40mail.ru&mailing=309 HTTP/1.0" 200 197 "-" "Mozilla/5.0 (X11; Linux x86_64) AppleWebKit/537.36 (KHTML, like Gecko)"
188.93.56.129 - - [08/Jan/2019:12:31:47 +0700] "GET /tracking.gif?email=ne_zhayu%40mail.ru&mailing=309 HTTP/1.0" 200 197 "-" "Mozilla/5.0 (X11; Linux x86_64) AppleWebKit/537.36 (KHTML, like Gecko)"
188.93.56.121 - - [08/Jan/2019:12:32:09 +0700] "GET /tracking.gif?email=nastya_s83%40mail.ru&mailing=309 HTTP/1.0" 200 197 "-" "Mozilla/5.0 (X11; Linux x86_64) AppleWebKit/537.36 (KHTML, like Gecko)"
188.93.56.121 - - [08/Jan/2019:12:32:11 +0700] "GET /tracking.gif?email=nastiadm%40mail.ru&mailing=309 HTTP/1.0" 200 197 "-" "Mozilla/5.0 (X11; Linux x86_64) AppleWebKit/537.36 (KHTML, like Gecko)"
188.93.56.128 - - [08/Jan/2019:12:32:39 +0700] "GET /tracking.gif?email=Ksm8282%40list.ru&mailing=244 HTTP/1.0" 200 197 "-" "Mozilla/5.0 (X11; Linux x86_64) AppleWebKit/537.36 (KHTML, like Gecko)"
85.140.22.68 - - [08/Jan/2019:12:33:07 +0700] "GET /tracking.gif?email=hapilin_dv%40mail.ru&mailing=309 HTTP/1.0" 200 197 "-" "Mozilla/5.0 (iPhone; CPU iPhone OS 12_1 like Mac OS X) AppleWebKit/605.1.15 (KHTML, like Gecko) Mobile/16B92"
194.186.207.107 - - [08/Jan/2019:12:33:10 +0700] "GET /tracking.gif?email=ovpervykh%40sberbank.ru&mailing=309 HTTP/1.0" 200 197 "-" "Mozilla/5.0 (Windows NT 10.0; WOW64; rv:51.0) Gecko/20100101 Firefox/51.0"
194.186.207.107 - - [08/Jan/2019:12:33:10 +0700] "GET /tracking.gif?email=ovpervykh%40sberbank.ru&mailing=309 HTTP/1.0" 200 197 "-" "Mozilla/5.0 (Windows NT 10.0; WOW64; rv:51.0) Gecko/20100101 Firefox/51.0"
188.93.56.126 - - [08/Jan/2019:12:33:13 +0700] "GET /tracking.gif?email=nvo%40list.ru&mailing=309 HTTP/1.0" 200 197 "-" "Mozilla/5.0 (X11; Linux x86_64) AppleWebKit/537.36 (KHTML, like Gecko)"
194.186.207.107 - - [08/Jan/2019:12:33:27 +0700] "GET /tracking.gif?email=ovpervykh%40sberbank.ru&mailing=309 HTTP/1.0" 200 197 "-" "Mozilla/4.0 (compatible; MSIE 8.0; Windows NT 6.1; Trident/4.0; SLCC2; .NET CLR 2.0.50727; .NET CLR 3.5.30729; .NET CLR 3.0.30729; Media Center PC 6.0; .NET4.0C; .NET4.0E; Tablet PC 2.0)"
188.93.56.129 - - [08/Jan/2019:12:33:29 +0700] "GET /tracking.gif?email=mkasing%40mail.ru&mailing=309 HTTP/1.0" 200 197 "-" "Mozilla/5.0 (X11; Linux x86_64) AppleWebKit/537.36 (KHTML, like Gecko)"
188.93.56.122 - - [08/Jan/2019:12:33:44 +0700] "GET /tracking.gif?email=noris2003%40mail.ru&mailing=309 HTTP/1.0" 200 197 "-" "Mozilla/5.0 (X11; Linux x86_64) AppleWebKit/537.36 (KHTML, like Gecko)"
188.93.56.123 - - [08/Jan/2019:12:34:05 +0700] "GET /tracking.gif?email=9090368829%40mail.ru&mailing=309 HTTP/1.0" 200 197 "-" "Mozilla/5.0 (X11; Linux x86_64) AppleWebKit/537.36 (KHTML, like Gecko)"
213.151.5.254 - - [08/Jan/2019:12:34:08 +0700] "GET /unsubscribe/?email=chelyaba.86%40mail.ru&mailing=309 HTTP/1.0" 200 983 "-" "Mozilla/5.0 (Linux; Android 7.0; FRD-L09 Build/HUAWEIFRD-L09; wv) AppleWebKit/537.36 (KHTML, like Gecko) Version/4.0 Chrome/61.0.3163.98 Mobile Safari/537.36 YandexSearch/7.90 YandexSearchBrowser/7.90"
188.93.56.125 - - [08/Jan/2019:12:34:25 +0700] "GET /tracking.gif?email=Info%40solo-way.ru&mailing=308 HTTP/1.0" 200 197 "-" "Mozilla/5.0 (X11; Linux x86_64) AppleWebKit/537.36 (KHTML, like Gecko)"
188.93.56.129 - - [08/Jan/2019:12:34:42 +0700] "GET /tracking.gif?email=eew77%40mail.ru&mailing=308 HTTP/1.0" 200 197 "-" "Mozilla/5.0 (X11; Linux x86_64) AppleWebKit/537.36 (KHTML, like Gecko)"
213.151.5.254 - - [08/Jan/2019:12:34:46 +0700] "GET /unsubscribe/?email=chelyaba.86%40mail.ru&mailing=309 HTTP/1.0" 200 983 "-" "Mozilla/5.0 (Linux; Android 7.0; FRD-L09 Build/HUAWEIFRD-L09; wv) AppleWebKit/537.36 (KHTML, like Gecko) Version/4.0 Chrome/61.0.3163.98 Mobile Safari/537.36 YandexSearch/7.90 YandexSearchBrowser/7.90"
213.151.5.254 - - [08/Jan/2019:12:34:46 +0700] "GET /img/popcorn.svg HTTP/1.0" 200 1187 "http://mailing.etobilet.ru/css/main.css" "Mozilla/5.0 (Linux; Android 7.0; FRD-L09 Build/HUAWEIFRD-L09; wv) AppleWebKit/537.36 (KHTML, like Gecko) Version/4.0 Chrome/61.0.3163.98 Mobile Safari/537.36 YandexSearch/7.90 YandexSearchBrowser/7.90"
213.151.5.254 - - [08/Jan/2019:12:34:52 +0700] "GET /unsubscribe/?email=chelyaba.86%40mail.ru&mailing=309&confirmed=1 HTTP/1.0" 200 748 "http://mailing.etobilet.ru/unsubscribe/?email=chelyaba.86%40mail.ru&mailing=309" "Mozilla/5.0 (Linux; Android 7.0; FRD-L09 Build/HUAWEIFRD-L09; wv) AppleWebKit/537.36 (KHTML, like Gecko) Version/4.0 Chrome/61.0.3163.98 Mobile Safari/537.36 YandexSearch/7.90 YandexSearchBrowser/7.90"
188.93.56.130 - - [08/Jan/2019:12:34:58 +0700] "GET /tracking.gif?email=natali2171%40mail.ru&mailing=309 HTTP/1.0" 200 197 "-" "Mozilla/5.0 (X11; Linux x86_64) AppleWebKit/537.36 (KHTML, like Gecko)"
80.68.71.105 - - [08/Jan/2019:12:35:22 +0700] "GET /tracking.gif?email=djurik81%40mail.ru&mailing=309 HTTP/1.0" 200 197 "-" "Mozilla/5.0 (iPhone; CPU iPhone OS 12_1_2 like Mac OS X) AppleWebKit/605.1.15 (KHTML, like Gecko) Mobile/16C101"
188.93.56.126 - - [08/Jan/2019:12:35:24 +0700] "GET /tracking.gif?email=eew77%40mail.ru&mailing=309 HTTP/1.0" 200 197 "-" "Mozilla/5.0 (X11; Linux x86_64) AppleWebKit/537.36 (KHTML, like Gecko)"
188.93.56.125 - - [08/Jan/2019:12:35:25 +0700] "GET /tracking.gif?email=shyra-78-78%40mail.ru&mailing=308 HTTP/1.0" 200 197 "-" "Mozilla/5.0 (X11; Linux x86_64) AppleWebKit/537.36 (KHTML, like Gecko)"
188.93.56.130 - - [08/Jan/2019:12:35:25 +0700] "GET /tracking.gif?email=Rafa8692%40mail.ru&mailing=309 HTTP/1.0" 200 197 "-" "Mozilla/5.0 (X11; Linux x86_64) AppleWebKit/537.36 (KHTML, like Gecko)"
188.93.56.126 - - [08/Jan/2019:12:35:41 +0700] "GET /tracking.gif?email=olga6549%40mail.ru&mailing=309 HTTP/1.0" 200 197 "-" "Mozilla/5.0 (X11; Linux x86_64) AppleWebKit/537.36 (KHTML, like Gecko)"
188.93.56.125 - - [08/Jan/2019:12:35:44 +0700] "GET /tracking.gif?email=lydmila-kim-81%40mail.ru&mailing=309 HTTP/1.0" 200 197 "-" "Mozilla/5.0 (X11; Linux x86_64) AppleWebKit/537.36 (KHTML, like Gecko)"
188.93.56.130 - - [08/Jan/2019:12:37:36 +0700] "GET /tracking.gif?email=Anya_babenko_94%40mail.ru&mailing=309 HTTP/1.0" 200 197 "-" "Mozilla/5.0 (X11; Linux x86_64) AppleWebKit/537.36 (KHTML, like Gecko)"
188.19.59.188 - - [08/Jan/2019:12:37:39 +0700] "GET /tracking.gif?email=natalia_.90%40mail.ru&mailing=309 HTTP/1.0" 200 197 "-" "Mozilla/5.0 (iPhone; CPU iPhone OS 12_1_2 like Mac OS X) AppleWebKit/605.1.15 (KHTML, like Gecko) Mobile/16C101"
37.9.65.77 - - [08/Jan/2019:12:37:47 +0700] "GET /tracking.gif?email=l.kiselewa2014%40yandex.ru&mailing=309 HTTP/1.0" 200 197 "-" "Mozilla/5.0 (compatible; YandexImageResizer/2.0; +http://yandex.com/bots)"
188.93.56.123 - - [08/Jan/2019:12:38:20 +0700] "GET /tracking.gif?email=nyra05%40yandex.ru&mailing=309 HTTP/1.0" 200 197 "-" "Mozilla/5.0 (X11; Linux x86_64) AppleWebKit/537.36 (KHTML, like Gecko)"
188.93.56.127 - - [08/Jan/2019:12:38:25 +0700] "GET /tracking.gif?email=sdo_work%40mail.ru&mailing=309 HTTP/1.0" 200 197 "-" "Mozilla/5.0 (X11; Linux x86_64) AppleWebKit/537.36 (KHTML, like Gecko)"
188.93.56.124 - - [08/Jan/2019:12:38:41 +0700] "GET /tracking.gif?email=my87%40mail.ru&mailing=309 HTTP/1.0" 200 197 "-" "Mozilla/5.0 (X11; Linux x86_64) AppleWebKit/537.36 (KHTML, like Gecko)"
188.93.56.130 - - [08/Jan/2019:12:38:43 +0700] "GET /tracking.gif?email=miscam%40bk.ru&mailing=309 HTTP/1.0" 200 197 "-" "Mozilla/5.0 (X11; Linux x86_64) AppleWebKit/537.36 (KHTML, like Gecko)"
188.93.56.123 - - [08/Jan/2019:12:39:18 +0700] "GET /tracking.gif?email=sidorov8080%40mail.ru&mailing=274 HTTP/1.0" 200 197 "-" "Mozilla/5.0 (X11; Linux x86_64) AppleWebKit/537.36 (KHTML, like Gecko)"
188.93.56.126 - - [08/Jan/2019:12:39:48 +0700] "GET /tracking.gif?email=mordman%40mail.ru&mailing=309 HTTP/1.0" 200 197 "-" "Mozilla/5.0 (X11; Linux x86_64) AppleWebKit/537.36 (KHTML, like Gecko)"
